Component: Arm Compiler for Embedded 6.24 Tool: armlink [5f371500]

==============================================================================

Section Cross References

    main.o(.text.Delay_ms) refers to system_lpc17xx.o(.data.SystemCoreClock) for SystemCoreClock
    main.o(.ARM.exidx.text.Delay_ms) refers to main.o(.text.Delay_ms) for [Anonymous Symbol]
    main.o(.text.main) refers to system_lpc17xx.o(.text.SystemInit) for SystemInit
    main.o(.text.main) refers to fil.o(.text.Generator_Init) for Generator_Init
    main.o(.text.main) refers to main.o(.text.Delay_ms) for Delay_ms
    main.o(.text.main) refers to fil.o(.text.Generator_Cmd_Vitesse) for Generator_Cmd_Vitesse
    main.o(.ARM.exidx.text.main) refers to main.o(.text.main) for [Anonymous Symbol]
    recepir.o(.text.initTimerRecepIR) refers to recepir.o(.text.__NVIC_EnableIRQ) for __NVIC_EnableIRQ
    recepir.o(.ARM.exidx.text.initTimerRecepIR) refers to recepir.o(.text.initTimerRecepIR) for [Anonymous Symbol]
    recepir.o(.ARM.exidx.text.__NVIC_EnableIRQ) refers to recepir.o(.text.__NVIC_EnableIRQ) for [Anonymous Symbol]
    recepir.o(.ARM.exidx.text.initGPIOInteruptRecepIR) refers to recepir.o(.text.initGPIOInteruptRecepIR) for [Anonymous Symbol]
    recepir.o(.text.changeTimerTauRecepIR) refers to recepir.o(.bss.estValide) for estValide
    recepir.o(.text.changeTimerTauRecepIR) refers to recepir.o(.bss.state) for state
    recepir.o(.text.changeTimerTauRecepIR) refers to recepir.o(.bss.captures) for captures
    recepir.o(.ARM.exidx.text.changeTimerTauRecepIR) refers to recepir.o(.text.changeTimerTauRecepIR) for [Anonymous Symbol]
    recepir.o(.text.interuptGPIORecepIR) refers to recepir.o(.bss.captures) for captures
    recepir.o(.text.interuptGPIORecepIR) refers to recepir.o(.text.changeTimerTauRecepIR) for changeTimerTauRecepIR
    recepir.o(.ARM.exidx.text.interuptGPIORecepIR) refers to recepir.o(.text.interuptGPIORecepIR) for [Anonymous Symbol]
    recepir.o(.text.TIM0_IRQHandler) refers to recepir.o(.bss.bufferIndex) for bufferIndex
    recepir.o(.text.TIM0_IRQHandler) refers to recepir.o(.bss.buffer) for buffer
    recepir.o(.text.TIM0_IRQHandler) refers to recepir.o(.bss.state) for state
    recepir.o(.text.TIM0_IRQHandler) refers to recepir.o(.bss.estValide) for estValide
    recepir.o(.text.TIM0_IRQHandler) refers to recepir.o(.bss.bitNb) for bitNb
    recepir.o(.text.TIM0_IRQHandler) refers to recepir.o(.bss.bitObtenus) for bitObtenus
    recepir.o(.text.TIM0_IRQHandler) refers to recepir.o(.bss.numRobotTemp) for numRobotTemp
    recepir.o(.text.TIM0_IRQHandler) refers to recepir.o(.bss.vitesseTemp) for vitesseTemp
    recepir.o(.text.TIM0_IRQHandler) refers to recepir.o(.bss.statusTemp) for statusTemp
    recepir.o(.text.TIM0_IRQHandler) refers to recepir.o(.bss.checksumTemp) for checksumTemp
    recepir.o(.text.TIM0_IRQHandler) refers to recepir.o(.data.numeroRobot) for numeroRobot
    recepir.o(.text.TIM0_IRQHandler) refers to recepir.o(.data.vitesseRobot) for vitesseRobot
    recepir.o(.text.TIM0_IRQHandler) refers to recepir.o(.data.statusRobot) for statusRobot
    recepir.o(.ARM.exidx.text.TIM0_IRQHandler) refers to recepir.o(.text.TIM0_IRQHandler) for [Anonymous Symbol]
    recepir.o(.text.EXTINT3_IRQHandler) refers to recepir.o(.text.interuptGPIORecepIR) for interuptGPIORecepIR
    recepir.o(.ARM.exidx.text.EXTINT3_IRQHandler) refers to recepir.o(.text.EXTINT3_IRQHandler) for [Anonymous Symbol]
    fil.o(.ARM.exidx.text.Set_Nord_HiZ) refers to fil.o(.text.Set_Nord_HiZ) for [Anonymous Symbol]
    fil.o(.ARM.exidx.text.Set_Sud_HiZ) refers to fil.o(.text.Set_Sud_HiZ) for [Anonymous Symbol]
    fil.o(.ARM.exidx.text.Toggle_Nord_50kHz) refers to fil.o(.text.Toggle_Nord_50kHz) for [Anonymous Symbol]
    fil.o(.ARM.exidx.text.Toggle_Sud_50kHz) refers to fil.o(.text.Toggle_Sud_50kHz) for [Anonymous Symbol]
    fil.o(.text.Generator_Init) refers to fil.o(.text.Set_Nord_HiZ) for Set_Nord_HiZ
    fil.o(.text.Generator_Init) refers to fil.o(.text.Set_Sud_HiZ) for Set_Sud_HiZ
    fil.o(.text.Generator_Init) refers to system_lpc17xx.o(.data.SystemCoreClock) for SystemCoreClock
    fil.o(.text.Generator_Init) refers to fil.o(.text.__NVIC_SetPriority) for __NVIC_SetPriority
    fil.o(.text.Generator_Init) refers to fil.o(.text.__NVIC_EnableIRQ) for __NVIC_EnableIRQ
    fil.o(.ARM.exidx.text.Generator_Init) refers to fil.o(.text.Generator_Init) for [Anonymous Symbol]
    fil.o(.ARM.exidx.text.__NVIC_SetPriority) refers to fil.o(.text.__NVIC_SetPriority) for [Anonymous Symbol]
    fil.o(.ARM.exidx.text.__NVIC_EnableIRQ) refers to fil.o(.text.__NVIC_EnableIRQ) for [Anonymous Symbol]
    fil.o(.text.Push_Motif) refers to fil.o(.bss.buffer_head) for buffer_head
    fil.o(.text.Push_Motif) refers to fil.o(.bss.buffer_tail) for buffer_tail
    fil.o(.text.Push_Motif) refers to fil.o(.bss.motif_buffer) for motif_buffer
    fil.o(.ARM.exidx.text.Push_Motif) refers to fil.o(.text.Push_Motif) for [Anonymous Symbol]
    fil.o(.text.TIMER0_IRQHandler) refers to fil.o(.bss.tick_counter) for tick_counter
    fil.o(.text.TIMER0_IRQHandler) refers to fil.o(.data.current_state) for current_state
    fil.o(.text.TIMER0_IRQHandler) refers to fil.o(.bss.toggle_50khz) for toggle_50khz
    fil.o(.text.TIMER0_IRQHandler) refers to fil.o(.data.active_motif) for active_motif
    fil.o(.text.TIMER0_IRQHandler) refers to fil.o(.text.Toggle_Nord_50kHz) for Toggle_Nord_50kHz
    fil.o(.text.TIMER0_IRQHandler) refers to fil.o(.text.Set_Sud_HiZ) for Set_Sud_HiZ
    fil.o(.text.TIMER0_IRQHandler) refers to fil.o(.text.Toggle_Sud_50kHz) for Toggle_Sud_50kHz
    fil.o(.text.TIMER0_IRQHandler) refers to fil.o(.text.Set_Nord_HiZ) for Set_Nord_HiZ
    fil.o(.text.TIMER0_IRQHandler) refers to fil.o(.bss.buffer_tail) for buffer_tail
    fil.o(.text.TIMER0_IRQHandler) refers to fil.o(.bss.buffer_head) for buffer_head
    fil.o(.text.TIMER0_IRQHandler) refers to fil.o(.bss.msg_in_progress) for msg_in_progress
    fil.o(.text.TIMER0_IRQHandler) refers to fil.o(.bss.motif_buffer) for motif_buffer
    fil.o(.text.TIMER0_IRQHandler) refers to fil.o(.bss.TIMER0_IRQHandler.idle_flip) for TIMER0_IRQHandler.idle_flip
    fil.o(.text.TIMER0_IRQHandler) refers to fil.o(.rodata.MOTIF_DURATION_TICKS) for MOTIF_DURATION_TICKS
    fil.o(.ARM.exidx.text.TIMER0_IRQHandler) refers to fil.o(.text.TIMER0_IRQHandler) for [Anonymous Symbol]
    fil.o(.text.Encode_And_Push_Bit) refers to fil.o(.text.Push_Motif) for Push_Motif
    fil.o(.ARM.exidx.text.Encode_And_Push_Bit) refers to fil.o(.text.Encode_And_Push_Bit) for [Anonymous Symbol]
    fil.o(.text.Generator_Send_Frame) refers to fil.o(.text.Push_Motif) for Push_Motif
    fil.o(.text.Generator_Send_Frame) refers to fil.o(.text.Encode_And_Push_Bit) for Encode_And_Push_Bit
    fil.o(.ARM.exidx.text.Generator_Send_Frame) refers to fil.o(.text.Generator_Send_Frame) for [Anonymous Symbol]
    fil.o(.text.Generator_Cmd_Vitesse) refers to fil.o(.text.Generator_Send_Frame) for Generator_Send_Frame
    fil.o(.ARM.exidx.text.Generator_Cmd_Vitesse) refers to fil.o(.text.Generator_Cmd_Vitesse) for [Anonymous Symbol]
    fil.o(.text.Generator_Cmd_Station) refers to fil.o(.text.Generator_Send_Frame) for Generator_Send_Frame
    fil.o(.ARM.exidx.text.Generator_Cmd_Station) refers to fil.o(.text.Generator_Cmd_Station) for [Anonymous Symbol]
    startup_lpc17xx.o(STACK) refers (Special) to heapauxi.o(.text) for __use_two_region_memory
    startup_lpc17xx.o(HEAP) refers (Special) to heapauxi.o(.text) for __use_two_region_memory
    startup_lpc17xx.o(RESET) refers (Special) to heapauxi.o(.text) for __use_two_region_memory
    startup_lpc17xx.o(RESET) refers to startup_lpc17xx.o(STACK) for __initial_sp
    startup_lpc17xx.o(RESET) refers to startup_lpc17xx.o(.text) for Reset_Handler
    startup_lpc17xx.o(RESET) refers to fil.o(.text.TIMER0_IRQHandler) for TIMER0_IRQHandler
    startup_lpc17xx.o(.ARM.__at_0x02FC) refers (Special) to heapauxi.o(.text) for __use_two_region_memory
    startup_lpc17xx.o(.text) refers (Special) to heapauxi.o(.text) for __use_two_region_memory
    startup_lpc17xx.o(.text) refers to system_lpc17xx.o(.text.SystemInit) for SystemInit
    startup_lpc17xx.o(.text) refers to __main.o(!!!main) for __main
    startup_lpc17xx.o(.text) refers to startup_lpc17xx.o(HEAP) for Heap_Mem
    startup_lpc17xx.o(.text) refers to startup_lpc17xx.o(STACK) for Stack_Mem
    system_lpc17xx.o(.text.SystemCoreClockUpdate) refers to lludivv7m.o(.text) for __aeabi_uldivmod
    system_lpc17xx.o(.text.SystemCoreClockUpdate) refers to system_lpc17xx.o(.data.SystemCoreClock) for SystemCoreClock
    system_lpc17xx.o(.ARM.exidx.text.SystemCoreClockUpdate) refers to system_lpc17xx.o(.text.SystemCoreClockUpdate) for [Anonymous Symbol]
    system_lpc17xx.o(.ARM.exidx.text.SystemInit) refers to system_lpc17xx.o(.text.SystemInit) for [Anonymous Symbol]
    __main.o(!!!main) refers to __rtentry.o(.ARM.Collect$$rtentry$$00000000) for __rt_entry
    __rtentry.o(.ARM.Collect$$rtentry$$00000000) refers (Special) to __rtentry2.o(.ARM.Collect$$rtentry$$0000000A) for __rt_entry_li
    __rtentry.o(.ARM.Collect$$rtentry$$00000000) refers (Special) to __rtentry2.o(.ARM.Collect$$rtentry$$0000000D) for __rt_entry_main
    __rtentry.o(.ARM.Collect$$rtentry$$00000000) refers (Special) to __rtentry2.o(.ARM.Collect$$rtentry$$0000000C) for __rt_entry_postli_1
    __rtentry.o(.ARM.Collect$$rtentry$$00000000) refers (Special) to __rtentry2.o(.ARM.Collect$$rtentry$$00000009) for __rt_entry_postsh_1
    __rtentry.o(.ARM.Collect$$rtentry$$00000000) refers (Special) to __rtentry2.o(.ARM.Collect$$rtentry$$00000002) for __rt_entry_presh_1
    __rtentry.o(.ARM.Collect$$rtentry$$00000000) refers (Special) to __rtentry4.o(.ARM.Collect$$rtentry$$00000004) for __rt_entry_sh
    aeabi_ldiv0_sigfpe.o(.text) refers to rt_div0.o(.text) for __rt_div0
    __rtentry2.o(.ARM.Collect$$rtentry$$00000008) refers to boardinit2.o(.text) for _platform_post_stackheap_init
    __rtentry2.o(.ARM.Collect$$rtentry$$0000000A) refers to libinit.o(.ARM.Collect$$libinit$$00000000) for __rt_lib_init
    __rtentry2.o(.ARM.Collect$$rtentry$$0000000B) refers to boardinit3.o(.text) for _platform_post_lib_init
    __rtentry2.o(.ARM.Collect$$rtentry$$0000000D) refers to main.o(.text.main) for main
    __rtentry2.o(.ARM.Collect$$rtentry$$0000000D) refers to exit.o(.text) for exit
    __rtentry2.o(.ARM.exidx) refers to __rtentry2.o(.ARM.Collect$$rtentry$$00000001) for .ARM.Collect$$rtentry$$00000001
    __rtentry2.o(.ARM.exidx) refers to __rtentry2.o(.ARM.Collect$$rtentry$$00000008) for .ARM.Collect$$rtentry$$00000008
    __rtentry2.o(.ARM.exidx) refers to __rtentry2.o(.ARM.Collect$$rtentry$$0000000A) for .ARM.Collect$$rtentry$$0000000A
    __rtentry2.o(.ARM.exidx) refers to __rtentry2.o(.ARM.Collect$$rtentry$$0000000B) for .ARM.Collect$$rtentry$$0000000B
    __rtentry2.o(.ARM.exidx) refers to __rtentry2.o(.ARM.Collect$$rtentry$$0000000D) for .ARM.Collect$$rtentry$$0000000D
    __rtentry4.o(.ARM.Collect$$rtentry$$00000004) refers to sys_stackheap_outer.o(.text) for __user_setup_stackheap
    __rtentry4.o(.ARM.exidx) refers to __rtentry4.o(.ARM.Collect$$rtentry$$00000004) for .ARM.Collect$$rtentry$$00000004
    rt_div0.o(.text) refers to defsig_fpe_outer.o(.text) for __rt_SIGFPE
    sys_stackheap_outer.o(.text) refers to libspace.o(.text) for __user_perproc_libspace
    sys_stackheap_outer.o(.text) refers to startup_lpc17xx.o(.text) for __user_initial_stackheap
    exit.o(.text) refers to rtexit.o(.ARM.Collect$$rtexit$$00000000) for __rt_exit
    defsig_fpe_outer.o(.text) refers to defsig_fpe_inner.o(.text) for __rt_SIGFPE_inner
    defsig_fpe_outer.o(.text) refers to defsig_exit.o(.text) for __sig_exit
    defsig_fpe_formal.o(.text) refers to rt_raise.o(.text) for __rt_raise
    libinit.o(.ARM.Collect$$libinit$$00000000) refers (Special) to libinit2.o(.ARM.Collect$$libinit$$00000030) for __rt_lib_init_alloca_1
    libinit.o(.ARM.Collect$$libinit$$00000000) refers (Special) to libinit2.o(.ARM.Collect$$libinit$$0000002E) for __rt_lib_init_argv_1
    libinit.o(.ARM.Collect$$libinit$$00000000) refers (Special) to libinit2.o(.ARM.Collect$$libinit$$0000001D) for __rt_lib_init_atexit_1
    libinit.o(.ARM.Collect$$libinit$$00000000) refers (Special) to libinit2.o(.ARM.Collect$$libinit$$00000023) for __rt_lib_init_clock_1
    libinit.o(.ARM.Collect$$libinit$$00000000) refers (Special) to libinit2.o(.ARM.Collect$$libinit$$00000034) for __rt_lib_init_cpp_1
    libinit.o(.ARM.Collect$$libinit$$00000000) refers (Special) to libinit2.o(.ARM.Collect$$libinit$$00000032) for __rt_lib_init_exceptions_1
    libinit.o(.ARM.Collect$$libinit$$00000000) refers (Special) to libinit2.o(.ARM.Collect$$libinit$$00000002) for __rt_lib_init_fp_1
    libinit.o(.ARM.Collect$$libinit$$00000000) refers (Special) to libinit2.o(.ARM.Collect$$libinit$$00000021) for __rt_lib_init_fp_trap_1
    libinit.o(.ARM.Collect$$libinit$$00000000) refers (Special) to libinit2.o(.ARM.Collect$$libinit$$00000025) for __rt_lib_init_getenv_1
    libinit.o(.ARM.Collect$$libinit$$00000000) refers (Special) to libinit2.o(.ARM.Collect$$libinit$$0000000C) for __rt_lib_init_heap_1
    libinit.o(.ARM.Collect$$libinit$$00000000) refers (Special) to libinit2.o(.ARM.Collect$$libinit$$00000013) for __rt_lib_init_lc_collate_1
    libinit.o(.ARM.Collect$$libinit$$00000000) refers (Special) to libinit2.o(.ARM.Collect$$libinit$$00000015) for __rt_lib_init_lc_ctype_1
    libinit.o(.ARM.Collect$$libinit$$00000000) refers (Special) to libinit2.o(.ARM.Collect$$libinit$$00000017) for __rt_lib_init_lc_monetary_1
    libinit.o(.ARM.Collect$$libinit$$00000000) refers (Special) to libinit2.o(.ARM.Collect$$libinit$$00000019) for __rt_lib_init_lc_numeric_1
    libinit.o(.ARM.Collect$$libinit$$00000000) refers (Special) to libinit2.o(.ARM.Collect$$libinit$$0000001B) for __rt_lib_init_lc_time_1
    libinit.o(.ARM.Collect$$libinit$$00000000) refers (Special) to libinit2.o(.ARM.Collect$$libinit$$00000006) for __rt_lib_init_preinit_1
    libinit.o(.ARM.Collect$$libinit$$00000000) refers (Special) to libinit2.o(.ARM.Collect$$libinit$$00000010) for __rt_lib_init_rand_1
    libinit.o(.ARM.Collect$$libinit$$00000000) refers (Special) to libinit2.o(.ARM.Collect$$libinit$$00000004) for __rt_lib_init_relocate_pie_1
    libinit.o(.ARM.Collect$$libinit$$00000000) refers (Special) to libinit2.o(.ARM.Collect$$libinit$$00000035) for __rt_lib_init_return
    libinit.o(.ARM.Collect$$libinit$$00000000) refers (Special) to libinit2.o(.ARM.Collect$$libinit$$0000001F) for __rt_lib_init_signal_1
    libinit.o(.ARM.Collect$$libinit$$00000000) refers (Special) to libinit2.o(.ARM.Collect$$libinit$$00000027) for __rt_lib_init_stdio_1
    libinit.o(.ARM.Collect$$libinit$$00000000) refers (Special) to libinit2.o(.ARM.Collect$$libinit$$0000000E) for __rt_lib_init_user_alloc_1
    libspace.o(.text) refers to libspace.o(.bss) for __libspace_start
    rtexit.o(.ARM.Collect$$rtexit$$00000000) refers (Special) to rtexit2.o(.ARM.Collect$$rtexit$$00000004) for __rt_exit_exit
    rtexit.o(.ARM.Collect$$rtexit$$00000000) refers (Special) to rtexit2.o(.ARM.Collect$$rtexit$$00000003) for __rt_exit_ls
    rtexit.o(.ARM.Collect$$rtexit$$00000000) refers (Special) to rtexit2.o(.ARM.Collect$$rtexit$$00000002) for __rt_exit_prels_1
    rtexit.o(.ARM.exidx) refers (Special) to rtexit2.o(.ARM.Collect$$rtexit$$00000004) for __rt_exit_exit
    rtexit.o(.ARM.exidx) refers (Special) to rtexit2.o(.ARM.Collect$$rtexit$$00000003) for __rt_exit_ls
    rtexit.o(.ARM.exidx) refers (Special) to rtexit2.o(.ARM.Collect$$rtexit$$00000002) for __rt_exit_prels_1
    rtexit.o(.ARM.exidx) refers to rtexit.o(.ARM.Collect$$rtexit$$00000000) for .ARM.Collect$$rtexit$$00000000
    rt_raise.o(.text) refers to __raise.o(.text) for __raise
    rt_raise.o(.text) refers to sys_exit.o(.text) for _sys_exit
    defsig_exit.o(.text) refers to sys_exit.o(.text) for _sys_exit
    defsig_fpe_inner.o(.text) refers to defsig_general.o(.text) for __default_signal_display
    libinit2.o(.ARM.Collect$$libinit$$00000012) refers to libinit2.o(.ARM.Collect$$libinit$$00000011) for .ARM.Collect$$libinit$$00000011
    libinit2.o(.ARM.Collect$$libinit$$00000014) refers to libinit2.o(.ARM.Collect$$libinit$$00000011) for .ARM.Collect$$libinit$$00000011
    libinit2.o(.ARM.Collect$$libinit$$00000016) refers to libinit2.o(.ARM.Collect$$libinit$$00000011) for .ARM.Collect$$libinit$$00000011
    libinit2.o(.ARM.Collect$$libinit$$00000018) refers to libinit2.o(.ARM.Collect$$libinit$$00000011) for .ARM.Collect$$libinit$$00000011
    libinit2.o(.ARM.Collect$$libinit$$0000001A) refers to libinit2.o(.ARM.Collect$$libinit$$00000011) for .ARM.Collect$$libinit$$00000011
    libinit2.o(.ARM.Collect$$libinit$$00000028) refers to argv_veneer.o(.emb_text) for __ARM_argv_veneer
    libinit2.o(.ARM.Collect$$libinit$$00000029) refers to argv_veneer.o(.emb_text) for __ARM_argv_veneer
    sys_exit.o(.text) refers (Special) to use_no_semi.o(.text) for __I$use$semihosting
    sys_exit.o(.text) refers (Special) to indicate_semi.o(.text) for __semihosting_library_function
    sys_exit_hlt.o(.text) refers (Special) to use_no_semi.o(.text) for __I$use$semihosting
    sys_exit_hlt.o(.text) refers (Special) to indicate_semi.o(.text) for __semihosting_library_function
    rtexit2.o(.ARM.Collect$$rtexit$$00000003) refers to libshutdown.o(.ARM.Collect$$libshutdown$$00000000) for __rt_lib_shutdown
    rtexit2.o(.ARM.Collect$$rtexit$$00000004) refers to sys_exit.o(.text) for _sys_exit
    rtexit2.o(.ARM.exidx) refers to rtexit2.o(.ARM.Collect$$rtexit$$00000001) for .ARM.Collect$$rtexit$$00000001
    rtexit2.o(.ARM.exidx) refers to rtexit2.o(.ARM.Collect$$rtexit$$00000003) for .ARM.Collect$$rtexit$$00000003
    rtexit2.o(.ARM.exidx) refers to rtexit2.o(.ARM.Collect$$rtexit$$00000004) for .ARM.Collect$$rtexit$$00000004
    __raise.o(.text) refers to defsig.o(CL$$defsig) for __default_signal_handler
    defsig_general.o(.text) refers to sys_wrch.o(.text) for _ttywrch
    argv_veneer.o(.emb_text) refers to no_argv.o(.text) for __ARM_get_argv
    sys_wrch.o(.text) refers (Special) to use_no_semi.o(.text) for __I$use$semihosting
    sys_wrch.o(.text) refers (Special) to indicate_semi.o(.text) for __semihosting_library_function
    sys_wrch_hlt.o(.text) refers (Special) to use_no_semi.o(.text) for __I$use$semihosting
    sys_wrch_hlt.o(.text) refers (Special) to indicate_semi.o(.text) for __semihosting_library_function
    defsig.o(CL$$defsig) refers to defsig_fpe_inner.o(.text) for __rt_SIGFPE_inner
    defsig.o(CL$$defsig) refers to defsig_rtmem_inner.o(.text) for __rt_SIGRTMEM_inner
    _get_argv_nomalloc.o(.text) refers (Special) to hrguard.o(.text) for __heap_region$guard
    _get_argv_nomalloc.o(.text) refers to defsig_rtmem_outer.o(.text) for __rt_SIGRTMEM
    _get_argv_nomalloc.o(.text) refers to sys_command.o(.text) for _sys_command_string
    libshutdown.o(.ARM.Collect$$libshutdown$$00000000) refers (Special) to libshutdown2.o(.ARM.Collect$$libshutdown$$00000002) for __rt_lib_shutdown_cpp_1
    libshutdown.o(.ARM.Collect$$libshutdown$$00000000) refers (Special) to libshutdown2.o(.ARM.Collect$$libshutdown$$00000007) for __rt_lib_shutdown_fp_trap_1
    libshutdown.o(.ARM.Collect$$libshutdown$$00000000) refers (Special) to libshutdown2.o(.ARM.Collect$$libshutdown$$0000000F) for __rt_lib_shutdown_heap_1
    libshutdown.o(.ARM.Collect$$libshutdown$$00000000) refers (Special) to libshutdown2.o(.ARM.Collect$$libshutdown$$00000010) for __rt_lib_shutdown_return
    libshutdown.o(.ARM.Collect$$libshutdown$$00000000) refers (Special) to libshutdown2.o(.ARM.Collect$$libshutdown$$0000000A) for __rt_lib_shutdown_signal_1
    libshutdown.o(.ARM.Collect$$libshutdown$$00000000) refers (Special) to libshutdown2.o(.ARM.Collect$$libshutdown$$00000004) for __rt_lib_shutdown_stdio_1
    libshutdown.o(.ARM.Collect$$libshutdown$$00000000) refers (Special) to libshutdown2.o(.ARM.Collect$$libshutdown$$0000000C) for __rt_lib_shutdown_user_alloc_1
    sys_command.o(.text) refers (Special) to use_no_semi.o(.text) for __I$use$semihosting
    sys_command.o(.text) refers (Special) to indicate_semi.o(.text) for __semihosting_library_function
    sys_command_hlt.o(.text) refers (Special) to use_no_semi.o(.text) for __I$use$semihosting
    sys_command_hlt.o(.text) refers (Special) to indicate_semi.o(.text) for __semihosting_library_function
    defsig_abrt_inner.o(.text) refers to defsig_general.o(.text) for __default_signal_display
    defsig_rtred_inner.o(.text) refers to defsig_general.o(.text) for __default_signal_display
    defsig_rtmem_inner.o(.text) refers to defsig_general.o(.text) for __default_signal_display
    defsig_rtmem_outer.o(.text) refers to defsig_rtmem_inner.o(.text) for __rt_SIGRTMEM_inner
    defsig_rtmem_outer.o(.text) refers to defsig_exit.o(.text) for __sig_exit
    defsig_rtmem_formal.o(.text) refers to rt_raise.o(.text) for __rt_raise
    defsig_stak_inner.o(.text) refers to defsig_general.o(.text) for __default_signal_display
    defsig_pvfn_inner.o(.text) refers to defsig_general.o(.text) for __default_signal_display
    defsig_cppl_inner.o(.text) refers to defsig_general.o(.text) for __default_signal_display
    defsig_segv_inner.o(.text) refers to defsig_general.o(.text) for __default_signal_display
    defsig_other.o(.text) refers to defsig_general.o(.text) for __default_signal_display


==============================================================================

Removing Unused input sections from the image.

    Removing main.o(.text), (0 bytes).
    Removing main.o(.ARM.exidx.text.Delay_ms), (8 bytes).
    Removing main.o(.ARM.exidx.text.main), (8 bytes).
    Removing main.o(.ARM.use_no_argv), (4 bytes).
    Removing recepir.o(.text), (0 bytes).
    Removing recepir.o(.text.initTimerRecepIR), (76 bytes).
    Removing recepir.o(.ARM.exidx.text.initTimerRecepIR), (8 bytes).
    Removing recepir.o(.text.__NVIC_EnableIRQ), (48 bytes).
    Removing recepir.o(.ARM.exidx.text.__NVIC_EnableIRQ), (8 bytes).
    Removing recepir.o(.text.initGPIOInteruptRecepIR), (50 bytes).
    Removing recepir.o(.ARM.exidx.text.initGPIOInteruptRecepIR), (8 bytes).
    Removing recepir.o(.text.changeTimerTauRecepIR), (162 bytes).
    Removing recepir.o(.ARM.exidx.text.changeTimerTauRecepIR), (8 bytes).
    Removing recepir.o(.text.interuptGPIORecepIR), (116 bytes).
    Removing recepir.o(.ARM.exidx.text.interuptGPIORecepIR), (8 bytes).
    Removing recepir.o(.text.TIM0_IRQHandler), (826 bytes).
    Removing recepir.o(.ARM.exidx.text.TIM0_IRQHandler), (8 bytes).
    Removing recepir.o(.text.EXTINT3_IRQHandler), (8 bytes).
    Removing recepir.o(.ARM.exidx.text.EXTINT3_IRQHandler), (8 bytes).
    Removing recepir.o(.data.numeroRobot), (4 bytes).
    Removing recepir.o(.data.vitesseRobot), (4 bytes).
    Removing recepir.o(.data.statusRobot), (4 bytes).
    Removing recepir.o(.bss.estValide), (1 bytes).
    Removing recepir.o(.bss.state), (1 bytes).
    Removing recepir.o(.bss.bitNb), (1 bytes).
    Removing recepir.o(.bss.numRobotTemp), (4 bytes).
    Removing recepir.o(.bss.vitesseTemp), (4 bytes).
    Removing recepir.o(.bss.statusTemp), (4 bytes).
    Removing recepir.o(.bss.checksumTemp), (4 bytes).
    Removing recepir.o(.bss.bufferIndex), (1 bytes).
    Removing recepir.o(.bss.captures), (8 bytes).
    Removing recepir.o(.bss.buffer), (10 bytes).
    Removing recepir.o(.bss.bitObtenus), (4 bytes).
    Removing fil.o(.text), (0 bytes).
    Removing fil.o(.ARM.exidx.text.Set_Nord_HiZ), (8 bytes).
    Removing fil.o(.ARM.exidx.text.Set_Sud_HiZ), (8 bytes).
    Removing fil.o(.ARM.exidx.text.Toggle_Nord_50kHz), (8 bytes).
    Removing fil.o(.ARM.exidx.text.Toggle_Sud_50kHz), (8 bytes).
    Removing fil.o(.ARM.exidx.text.Generator_Init), (8 bytes).
    Removing fil.o(.ARM.exidx.text.__NVIC_SetPriority), (8 bytes).
    Removing fil.o(.ARM.exidx.text.__NVIC_EnableIRQ), (8 bytes).
    Removing fil.o(.ARM.exidx.text.Push_Motif), (8 bytes).
    Removing fil.o(.ARM.exidx.text.TIMER0_IRQHandler), (8 bytes).
    Removing fil.o(.ARM.exidx.text.Encode_And_Push_Bit), (8 bytes).
    Removing fil.o(.ARM.exidx.text.Generator_Send_Frame), (8 bytes).
    Removing fil.o(.ARM.exidx.text.Generator_Cmd_Vitesse), (8 bytes).
    Removing fil.o(.text.Generator_Cmd_Station), (64 bytes).
    Removing fil.o(.ARM.exidx.text.Generator_Cmd_Station), (8 bytes).
    Removing system_lpc17xx.o(.text), (0 bytes).
    Removing system_lpc17xx.o(.text.SystemCoreClockUpdate), (428 bytes).
    Removing system_lpc17xx.o(.ARM.exidx.text.SystemCoreClockUpdate), (8 bytes).
    Removing system_lpc17xx.o(.ARM.exidx.text.SystemInit), (8 bytes).

52 unused section(s) (total 2028 bytes) removed from the image.

==============================================================================

Image Symbol Table

    Local Symbols

    Symbol Name                              Value     Ov Type        Size  Object(Section)

    ../clib/angel/boardlib.s                 0x00000000   Number         0  boardinit1.o ABSOLUTE
    ../clib/angel/boardlib.s                 0x00000000   Number         0  boardinit2.o ABSOLUTE
    ../clib/angel/boardlib.s                 0x00000000   Number         0  boardinit3.o ABSOLUTE
    ../clib/angel/boardlib.s                 0x00000000   Number         0  boardshut.o ABSOLUTE
    ../clib/angel/handlers.s                 0x00000000   Number         0  __scatter_copy.o ABSOLUTE
    ../clib/angel/handlers.s                 0x00000000   Number         0  __scatter_zi.o ABSOLUTE
    ../clib/angel/kernel.s                   0x00000000   Number         0  __rtentry.o ABSOLUTE
    ../clib/angel/kernel.s                   0x00000000   Number         0  __rtentry2.o ABSOLUTE
    ../clib/angel/kernel.s                   0x00000000   Number         0  __rtentry4.o ABSOLUTE
    ../clib/angel/kernel.s                   0x00000000   Number         0  rtexit.o ABSOLUTE
    ../clib/angel/kernel.s                   0x00000000   Number         0  rtexit2.o ABSOLUTE
    ../clib/angel/rt.s                       0x00000000   Number         0  aeabi_ldiv0.o ABSOLUTE
    ../clib/angel/rt.s                       0x00000000   Number         0  aeabi_ldiv0_sigfpe.o ABSOLUTE
    ../clib/angel/rt.s                       0x00000000   Number         0  rt_div0.o ABSOLUTE
    ../clib/angel/rt.s                       0x00000000   Number         0  rt_raise.o ABSOLUTE
    ../clib/angel/scatter.s                  0x00000000   Number         0  __scatter.o ABSOLUTE
    ../clib/angel/startup.s                  0x00000000   Number         0  __main.o ABSOLUTE
    ../clib/angel/sys.s                      0x00000000   Number         0  sys_stackheap_outer.o ABSOLUTE
    ../clib/angel/sys.s                      0x00000000   Number         0  libspace.o ABSOLUTE
    ../clib/angel/sys.s                      0x00000000   Number         0  use_no_semi.o ABSOLUTE
    ../clib/angel/sys.s                      0x00000000   Number         0  indicate_semi.o ABSOLUTE
    ../clib/angel/sysapp.c                   0x00000000   Number         0  sys_exit.o ABSOLUTE
    ../clib/angel/sysapp.c                   0x00000000   Number         0  sys_exit_hlt.o ABSOLUTE
    ../clib/angel/sysapp.c                   0x00000000   Number         0  sys_wrch.o ABSOLUTE
    ../clib/angel/sysapp.c                   0x00000000   Number         0  sys_wrch_hlt.o ABSOLUTE
    ../clib/angel/sysapp.c                   0x00000000   Number         0  sys_command.o ABSOLUTE
    ../clib/angel/sysapp.c                   0x00000000   Number         0  sys_command_hlt.o ABSOLUTE
    ../clib/armsys.c                         0x00000000   Number         0  argv_veneer.o ABSOLUTE
    ../clib/armsys.c                         0x00000000   Number         0  argv_veneer.o ABSOLUTE
    ../clib/armsys.c                         0x00000000   Number         0  _get_argv_nomalloc.o ABSOLUTE
    ../clib/armsys.c                         0x00000000   Number         0  no_argv.o ABSOLUTE
    ../clib/heapalloc.c                      0x00000000   Number         0  hrguard.o ABSOLUTE
    ../clib/heapaux.c                        0x00000000   Number         0  heapauxi.o ABSOLUTE
    ../clib/libinit.s                        0x00000000   Number         0  libinit.o ABSOLUTE
    ../clib/libinit.s                        0x00000000   Number         0  libinit2.o ABSOLUTE
    ../clib/libinit.s                        0x00000000   Number         0  libshutdown.o ABSOLUTE
    ../clib/libinit.s                        0x00000000   Number         0  libshutdown2.o ABSOLUTE
    ../clib/longlong.s                       0x00000000   Number         0  lludivv7m.o ABSOLUTE
    ../clib/signal.c                         0x00000000   Number         0  defsig_fpe_outer.o ABSOLUTE
    ../clib/signal.c                         0x00000000   Number         0  defsig_fpe_formal.o ABSOLUTE
    ../clib/signal.c                         0x00000000   Number         0  defsig_exit.o ABSOLUTE
    ../clib/signal.c                         0x00000000   Number         0  defsig_fpe_inner.o ABSOLUTE
    ../clib/signal.c                         0x00000000   Number         0  __raise.o ABSOLUTE
    ../clib/signal.c                         0x00000000   Number         0  defsig_general.o ABSOLUTE
    ../clib/signal.c                         0x00000000   Number         0  defsig_abrt_inner.o ABSOLUTE
    ../clib/signal.c                         0x00000000   Number         0  defsig_rtred_inner.o ABSOLUTE
    ../clib/signal.c                         0x00000000   Number         0  defsig_rtmem_inner.o ABSOLUTE
    ../clib/signal.c                         0x00000000   Number         0  defsig_rtmem_outer.o ABSOLUTE
    ../clib/signal.c                         0x00000000   Number         0  defsig_rtmem_formal.o ABSOLUTE
    ../clib/signal.c                         0x00000000   Number         0  defsig_stak_inner.o ABSOLUTE
    ../clib/signal.c                         0x00000000   Number         0  defsig_pvfn_inner.o ABSOLUTE
    ../clib/signal.c                         0x00000000   Number         0  defsig_cppl_inner.o ABSOLUTE
    ../clib/signal.c                         0x00000000   Number         0  defsig_segv_inner.o ABSOLUTE
    ../clib/signal.c                         0x00000000   Number         0  defsig_other.o ABSOLUTE
    ../clib/signal.s                         0x00000000   Number         0  defsig.o ABSOLUTE
    ../clib/stdlib.c                         0x00000000   Number         0  exit.o ABSOLUTE
    ../fplib/fpinit.s                        0x00000000   Number         0  fpinit.o ABSOLUTE
    ../fplib/fpinit_empty.s                  0x00000000   Number         0  fpinit_empty.o ABSOLUTE
    RTE/Device/LPC1769/startup_LPC17xx.s     0x00000000   Number         0  startup_lpc17xx.o ABSOLUTE
    dc.s                                     0x00000000   Number         0  dc.o ABSOLUTE
    fil.c                                    0x00000000   Number         0  fil.o ABSOLUTE
    main.c                                   0x00000000   Number         0  main.o ABSOLUTE
    recepIR.c                                0x00000000   Number         0  recepir.o ABSOLUTE
    system_LPC17xx.c                         0x00000000   Number         0  system_lpc17xx.o ABSOLUTE
    RESET                                    0x00000000   Section      204  startup_lpc17xx.o(RESET)
    !!!main                                  0x000000cc   Section        8  __main.o(!!!main)
    !!!scatter                               0x000000d4   Section       92  __scatter.o(!!!scatter)
    !!handler_copy                           0x00000130   Section       26  __scatter_copy.o(!!handler_copy)
    !!handler_null                           0x0000014c   Section        2  __scatter.o(!!handler_null)
    !!handler_zi                             0x00000150   Section       28  __scatter_zi.o(!!handler_zi)
    .ARM.Collect$$libinit$$00000000          0x0000016c   Section        2  libinit.o(.ARM.Collect$$libinit$$00000000)
    .ARM.Collect$$libinit$$00000002          0x0000016e   Section        0  libinit2.o(.ARM.Collect$$libinit$$00000002)
    .ARM.Collect$$libinit$$00000004          0x0000016e   Section        0  libinit2.o(.ARM.Collect$$libinit$$00000004)
    .ARM.Collect$$libinit$$00000006          0x0000016e   Section        0  libinit2.o(.ARM.Collect$$libinit$$00000006)
    .ARM.Collect$$libinit$$0000000C          0x0000016e   Section        0  libinit2.o(.ARM.Collect$$libinit$$0000000C)
    .ARM.Collect$$libinit$$0000000E          0x0000016e   Section        0  libinit2.o(.ARM.Collect$$libinit$$0000000E)
    .ARM.Collect$$libinit$$00000010          0x0000016e   Section        0  libinit2.o(.ARM.Collect$$libinit$$00000010)
    .ARM.Collect$$libinit$$00000013          0x0000016e   Section        0  libinit2.o(.ARM.Collect$$libinit$$00000013)
    .ARM.Collect$$libinit$$00000015          0x0000016e   Section        0  libinit2.o(.ARM.Collect$$libinit$$00000015)
    .ARM.Collect$$libinit$$00000017          0x0000016e   Section        0  libinit2.o(.ARM.Collect$$libinit$$00000017)
    .ARM.Collect$$libinit$$00000019          0x0000016e   Section        0  libinit2.o(.ARM.Collect$$libinit$$00000019)
    .ARM.Collect$$libinit$$0000001B          0x0000016e   Section        0  libinit2.o(.ARM.Collect$$libinit$$0000001B)
    .ARM.Collect$$libinit$$0000001D          0x0000016e   Section        0  libinit2.o(.ARM.Collect$$libinit$$0000001D)
    .ARM.Collect$$libinit$$0000001F          0x0000016e   Section        0  libinit2.o(.ARM.Collect$$libinit$$0000001F)
    .ARM.Collect$$libinit$$00000021          0x0000016e   Section        0  libinit2.o(.ARM.Collect$$libinit$$00000021)
    .ARM.Collect$$libinit$$00000023          0x0000016e   Section        0  libinit2.o(.ARM.Collect$$libinit$$00000023)
    .ARM.Collect$$libinit$$00000025          0x0000016e   Section        0  libinit2.o(.ARM.Collect$$libinit$$00000025)
    .ARM.Collect$$libinit$$00000027          0x0000016e   Section        0  libinit2.o(.ARM.Collect$$libinit$$00000027)
    .ARM.Collect$$libinit$$0000002E          0x0000016e   Section        0  libinit2.o(.ARM.Collect$$libinit$$0000002E)
    .ARM.Collect$$libinit$$00000030          0x0000016e   Section        0  libinit2.o(.ARM.Collect$$libinit$$00000030)
    .ARM.Collect$$libinit$$00000032          0x0000016e   Section        0  libinit2.o(.ARM.Collect$$libinit$$00000032)
    .ARM.Collect$$libinit$$00000034          0x0000016e   Section        0  libinit2.o(.ARM.Collect$$libinit$$00000034)
    .ARM.Collect$$libinit$$00000035          0x0000016e   Section        2  libinit2.o(.ARM.Collect$$libinit$$00000035)
    .ARM.Collect$$libshutdown$$00000000      0x00000170   Section        2  libshutdown.o(.ARM.Collect$$libshutdown$$00000000)
    .ARM.Collect$$libshutdown$$00000002      0x00000172   Section        0  libshutdown2.o(.ARM.Collect$$libshutdown$$00000002)
    .ARM.Collect$$libshutdown$$00000004      0x00000172   Section        0  libshutdown2.o(.ARM.Collect$$libshutdown$$00000004)
    .ARM.Collect$$libshutdown$$00000007      0x00000172   Section        0  libshutdown2.o(.ARM.Collect$$libshutdown$$00000007)
    .ARM.Collect$$libshutdown$$0000000A      0x00000172   Section        0  libshutdown2.o(.ARM.Collect$$libshutdown$$0000000A)
    .ARM.Collect$$libshutdown$$0000000C      0x00000172   Section        0  libshutdown2.o(.ARM.Collect$$libshutdown$$0000000C)
    .ARM.Collect$$libshutdown$$0000000F      0x00000172   Section        0  libshutdown2.o(.ARM.Collect$$libshutdown$$0000000F)
    .ARM.Collect$$libshutdown$$00000010      0x00000172   Section        2  libshutdown2.o(.ARM.Collect$$libshutdown$$00000010)
    .ARM.Collect$$rtentry$$00000000          0x00000174   Section        0  __rtentry.o(.ARM.Collect$$rtentry$$00000000)
    .ARM.Collect$$rtentry$$00000002          0x00000174   Section        0  __rtentry2.o(.ARM.Collect$$rtentry$$00000002)
    .ARM.Collect$$rtentry$$00000004          0x00000174   Section        6  __rtentry4.o(.ARM.Collect$$rtentry$$00000004)
    .ARM.Collect$$rtentry$$00000009          0x0000017a   Section        0  __rtentry2.o(.ARM.Collect$$rtentry$$00000009)
    .ARM.Collect$$rtentry$$0000000A          0x0000017a   Section        4  __rtentry2.o(.ARM.Collect$$rtentry$$0000000A)
    .ARM.Collect$$rtentry$$0000000C          0x0000017e   Section        0  __rtentry2.o(.ARM.Collect$$rtentry$$0000000C)
    .ARM.Collect$$rtentry$$0000000D          0x0000017e   Section        8  __rtentry2.o(.ARM.Collect$$rtentry$$0000000D)
    .ARM.Collect$$rtexit$$00000000           0x00000186   Section        2  rtexit.o(.ARM.Collect$$rtexit$$00000000)
    .ARM.Collect$$rtexit$$00000002           0x00000188   Section        0  rtexit2.o(.ARM.Collect$$rtexit$$00000002)
    .ARM.Collect$$rtexit$$00000003           0x00000188   Section        4  rtexit2.o(.ARM.Collect$$rtexit$$00000003)
    .ARM.Collect$$rtexit$$00000004           0x0000018c   Section        6  rtexit2.o(.ARM.Collect$$rtexit$$00000004)
    .text                                    0x00000194   Section       60  startup_lpc17xx.o(.text)
    .text                                    0x000001d0   Section        0  heapauxi.o(.text)
    .text                                    0x000001d6   Section       74  sys_stackheap_outer.o(.text)
    .text                                    0x00000220   Section        0  exit.o(.text)
    .text                                    0x00000234   Section        8  libspace.o(.text)
    .text                                    0x0000023c   Section        0  sys_exit.o(.text)
    .text                                    0x00000248   Section        2  use_no_semi.o(.text)
    .text                                    0x0000024a   Section        0  indicate_semi.o(.text)
    [Anonymous Symbol]                       0x0000024c   Section        0  main.o(.text.Delay_ms)
    [Anonymous Symbol]                       0x00000284   Section        0  fil.o(.text.Encode_And_Push_Bit)
    [Anonymous Symbol]                       0x000002b8   Section        0  fil.o(.text.Generator_Cmd_Vitesse)
    [Anonymous Symbol]                       0x000002d8   Section        0  fil.o(.text.Set_Nord_HiZ)
    .ARM.__at_0x02FC                         0x000002fc   Section        4  startup_lpc17xx.o(.ARM.__at_0x02FC)
    [Anonymous Symbol]                       0x00000300   Section        0  fil.o(.text.Generator_Init)
    [Anonymous Symbol]                       0x00000390   Section        0  fil.o(.text.Generator_Send_Frame)
    [Anonymous Symbol]                       0x00000428   Section        0  fil.o(.text.Push_Motif)
    [Anonymous Symbol]                       0x0000047c   Section        0  fil.o(.text.Set_Sud_HiZ)
    [Anonymous Symbol]                       0x00000490   Section        0  system_lpc17xx.o(.text.SystemInit)
    [Anonymous Symbol]                       0x00000614   Section        0  fil.o(.text.TIMER0_IRQHandler)
    [Anonymous Symbol]                       0x000007ec   Section        0  fil.o(.text.Toggle_Nord_50kHz)
    [Anonymous Symbol]                       0x00000834   Section        0  fil.o(.text.Toggle_Sud_50kHz)
    __NVIC_EnableIRQ                         0x0000087d   Thumb Code    48  fil.o(.text.__NVIC_EnableIRQ)
    [Anonymous Symbol]                       0x0000087c   Section        0  fil.o(.text.__NVIC_EnableIRQ)
    __NVIC_SetPriority                       0x000008ad   Thumb Code    66  fil.o(.text.__NVIC_SetPriority)
    [Anonymous Symbol]                       0x000008ac   Section        0  fil.o(.text.__NVIC_SetPriority)
    [Anonymous Symbol]                       0x000008f0   Section        0  main.o(.text.main)
    .bss                                     0x10000008   Section       96  libspace.o(.bss)
    TIMER0_IRQHandler.idle_flip              0x10000068   Data           1  fil.o(.bss.TIMER0_IRQHandler.idle_flip)
    [Anonymous Symbol]                       0x10000068   Section        0  fil.o(.bss.TIMER0_IRQHandler.idle_flip)
    Heap_Mem                                 0x100000f8   Data           0  startup_lpc17xx.o(HEAP)
    Stack_Mem                                0x100000f8   Data         512  startup_lpc17xx.o(STACK)
    HEAP                                     0x100000f8   Section        0  startup_lpc17xx.o(HEAP)
    STACK                                    0x100000f8   Section      512  startup_lpc17xx.o(STACK)
    __initial_sp                             0x100002f8   Data           0  startup_lpc17xx.o(STACK)

    Global Symbols

    Symbol Name                              Value     Ov Type        Size  Object(Section)

    BuildAttributes$$THM_ISAv4$P$D$K$B$S$PE$A:L22UL41UL21$X:L11$S22US41US21$IEEE1$IW$~IW$USESV6$~STKCKD$USESV7$~SHL$OSPACE$ROPI$EBA8$UX$STANDARDLIB$REQ8$PRES8$EABIv2 0x00000000   Number         0  anon$$obj.o ABSOLUTE
    __Vectors                                0x00000000   Data           4  startup_lpc17xx.o(RESET)
    __fp_init_empty                          0x00000000   Number         0  fpinit_empty.o ABSOLUTE
    __ARM_exceptions_init                     - Undefined Weak Reference
    __alloca_initialize                       - Undefined Weak Reference
    __arm_preinit_                            - Undefined Weak Reference
    __arm_relocate_pie_                       - Undefined Weak Reference
    __cpp_initialize__aeabi_                  - Undefined Weak Reference
    __cxa_finalize                            - Undefined Weak Reference
    __rt_locale                               - Undefined Weak Reference
    __sigvec_lookup                           - Undefined Weak Reference
    _atexit_init                              - Undefined Weak Reference
    _call_atexit_fns                          - Undefined Weak Reference
    _clock_init                               - Undefined Weak Reference
    _fp_trap_init                             - Undefined Weak Reference
    _fp_trap_shutdown                         - Undefined Weak Reference
    _get_lc_collate                           - Undefined Weak Reference
    _get_lc_ctype                             - Undefined Weak Reference
    _get_lc_monetary                          - Undefined Weak Reference
    _get_lc_numeric                           - Undefined Weak Reference
    _get_lc_time                              - Undefined Weak Reference
    _getenv_init                              - Undefined Weak Reference
    _handle_redirection                       - Undefined Weak Reference
    _init_alloc                               - Undefined Weak Reference
    _init_user_alloc                          - Undefined Weak Reference
    _initio                                   - Undefined Weak Reference
    _rand_init                                - Undefined Weak Reference
    _signal_finish                            - Undefined Weak Reference
    _signal_init                              - Undefined Weak Reference
    _terminate_alloc                          - Undefined Weak Reference
    _terminate_user_alloc                     - Undefined Weak Reference
    _terminateio                              - Undefined Weak Reference
    __main                                   0x000000cd   Thumb Code     8  __main.o(!!!main)
    __scatterload                            0x000000d5   Thumb Code     0  __scatter.o(!!!scatter)
    __scatterload_rt2                        0x000000d5   Thumb Code    84  __scatter.o(!!!scatter)
    __scatterload_rt2_thumb_only             0x000000d5   Thumb Code     0  __scatter.o(!!!scatter)
    __scatterload_loop                       0x000000df   Thumb Code     0  __scatter.o(!!!scatter)
    __scatterload_copy                       0x00000131   Thumb Code    26  __scatter_copy.o(!!handler_copy)
    __scatterload_null                       0x0000014d   Thumb Code     2  __scatter.o(!!handler_null)
    __scatterload_zeroinit                   0x00000151   Thumb Code    28  __scatter_zi.o(!!handler_zi)
    __rt_lib_init                            0x0000016d   Thumb Code     0  libinit.o(.ARM.Collect$$libinit$$00000000)
    __rt_lib_init_alloca_1                   0x0000016f   Thumb Code     0  libinit2.o(.ARM.Collect$$libinit$$00000030)
    __rt_lib_init_argv_1                     0x0000016f   Thumb Code     0  libinit2.o(.ARM.Collect$$libinit$$0000002E)
    __rt_lib_init_atexit_1                   0x0000016f   Thumb Code     0  libinit2.o(.ARM.Collect$$libinit$$0000001D)
    __rt_lib_init_clock_1                    0x0000016f   Thumb Code     0  libinit2.o(.ARM.Collect$$libinit$$00000023)
    __rt_lib_init_cpp_1                      0x0000016f   Thumb Code     0  libinit2.o(.ARM.Collect$$libinit$$00000034)
    __rt_lib_init_exceptions_1               0x0000016f   Thumb Code     0  libinit2.o(.ARM.Collect$$libinit$$00000032)
    __rt_lib_init_fp_1                       0x0000016f   Thumb Code     0  libinit2.o(.ARM.Collect$$libinit$$00000002)
    __rt_lib_init_fp_trap_1                  0x0000016f   Thumb Code     0  libinit2.o(.ARM.Collect$$libinit$$00000021)
    __rt_lib_init_getenv_1                   0x0000016f   Thumb Code     0  libinit2.o(.ARM.Collect$$libinit$$00000025)
    __rt_lib_init_heap_1                     0x0000016f   Thumb Code     0  libinit2.o(.ARM.Collect$$libinit$$0000000C)
    __rt_lib_init_lc_collate_1               0x0000016f   Thumb Code     0  libinit2.o(.ARM.Collect$$libinit$$00000013)
    __rt_lib_init_lc_ctype_1                 0x0000016f   Thumb Code     0  libinit2.o(.ARM.Collect$$libinit$$00000015)
    __rt_lib_init_lc_monetary_1              0x0000016f   Thumb Code     0  libinit2.o(.ARM.Collect$$libinit$$00000017)
    __rt_lib_init_lc_numeric_1               0x0000016f   Thumb Code     0  libinit2.o(.ARM.Collect$$libinit$$00000019)
    __rt_lib_init_lc_time_1                  0x0000016f   Thumb Code     0  libinit2.o(.ARM.Collect$$libinit$$0000001B)
    __rt_lib_init_preinit_1                  0x0000016f   Thumb Code     0  libinit2.o(.ARM.Collect$$libinit$$00000006)
    __rt_lib_init_rand_1                     0x0000016f   Thumb Code     0  libinit2.o(.ARM.Collect$$libinit$$00000010)
    __rt_lib_init_relocate_pie_1             0x0000016f   Thumb Code     0  libinit2.o(.ARM.Collect$$libinit$$00000004)
    __rt_lib_init_return                     0x0000016f   Thumb Code     0  libinit2.o(.ARM.Collect$$libinit$$00000035)
    __rt_lib_init_signal_1                   0x0000016f   Thumb Code     0  libinit2.o(.ARM.Collect$$libinit$$0000001F)
    __rt_lib_init_stdio_1                    0x0000016f   Thumb Code     0  libinit2.o(.ARM.Collect$$libinit$$00000027)
    __rt_lib_init_user_alloc_1               0x0000016f   Thumb Code     0  libinit2.o(.ARM.Collect$$libinit$$0000000E)
    __rt_lib_shutdown                        0x00000171   Thumb Code     0  libshutdown.o(.ARM.Collect$$libshutdown$$00000000)
    __rt_lib_shutdown_cpp_1                  0x00000173   Thumb Code     0  libshutdown2.o(.ARM.Collect$$libshutdown$$00000002)
    __rt_lib_shutdown_fp_trap_1              0x00000173   Thumb Code     0  libshutdown2.o(.ARM.Collect$$libshutdown$$00000007)
    __rt_lib_shutdown_heap_1                 0x00000173   Thumb Code     0  libshutdown2.o(.ARM.Collect$$libshutdown$$0000000F)
    __rt_lib_shutdown_return                 0x00000173   Thumb Code     0  libshutdown2.o(.ARM.Collect$$libshutdown$$00000010)
    __rt_lib_shutdown_signal_1               0x00000173   Thumb Code     0  libshutdown2.o(.ARM.Collect$$libshutdown$$0000000A)
    __rt_lib_shutdown_stdio_1                0x00000173   Thumb Code     0  libshutdown2.o(.ARM.Collect$$libshutdown$$00000004)
    __rt_lib_shutdown_user_alloc_1           0x00000173   Thumb Code     0  libshutdown2.o(.ARM.Collect$$libshutdown$$0000000C)
    __rt_entry                               0x00000175   Thumb Code     0  __rtentry.o(.ARM.Collect$$rtentry$$00000000)
    __rt_entry_presh_1                       0x00000175   Thumb Code     0  __rtentry2.o(.ARM.Collect$$rtentry$$00000002)
    __rt_entry_sh                            0x00000175   Thumb Code     0  __rtentry4.o(.ARM.Collect$$rtentry$$00000004)
    __rt_entry_li                            0x0000017b   Thumb Code     0  __rtentry2.o(.ARM.Collect$$rtentry$$0000000A)
    __rt_entry_postsh_1                      0x0000017b   Thumb Code     0  __rtentry2.o(.ARM.Collect$$rtentry$$00000009)
    __rt_entry_main                          0x0000017f   Thumb Code     0  __rtentry2.o(.ARM.Collect$$rtentry$$0000000D)
    __rt_entry_postli_1                      0x0000017f   Thumb Code     0  __rtentry2.o(.ARM.Collect$$rtentry$$0000000C)
    __rt_exit                                0x00000187   Thumb Code     0  rtexit.o(.ARM.Collect$$rtexit$$00000000)
    __rt_exit_ls                             0x00000189   Thumb Code     0  rtexit2.o(.ARM.Collect$$rtexit$$00000003)
    __rt_exit_prels_1                        0x00000189   Thumb Code     0  rtexit2.o(.ARM.Collect$$rtexit$$00000002)
    __rt_exit_exit                           0x0000018d   Thumb Code     0  rtexit2.o(.ARM.Collect$$rtexit$$00000004)
    Reset_Handler                            0x00000195   Thumb Code     8  startup_lpc17xx.o(.text)
    NMI_Handler                              0x0000019d   Thumb Code     2  startup_lpc17xx.o(.text)
    HardFault_Handler                        0x0000019f   Thumb Code     2  startup_lpc17xx.o(.text)
    MemManage_Handler                        0x000001a1   Thumb Code     2  startup_lpc17xx.o(.text)
    BusFault_Handler                         0x000001a3   Thumb Code     2  startup_lpc17xx.o(.text)
    UsageFault_Handler                       0x000001a5   Thumb Code     2  startup_lpc17xx.o(.text)
    SVC_Handler                              0x000001a7   Thumb Code     2  startup_lpc17xx.o(.text)
    DebugMon_Handler                         0x000001a9   Thumb Code     2  startup_lpc17xx.o(.text)
    PendSV_Handler                           0x000001ab   Thumb Code     2  startup_lpc17xx.o(.text)
    SysTick_Handler                          0x000001ad   Thumb Code     2  startup_lpc17xx.o(.text)
    ADC_IRQHandler                           0x000001af   Thumb Code     0  startup_lpc17xx.o(.text)
    BOD_IRQHandler                           0x000001af   Thumb Code     0  startup_lpc17xx.o(.text)
    CANActivity_IRQHandler                   0x000001af   Thumb Code     0  startup_lpc17xx.o(.text)
    CAN_IRQHandler                           0x000001af   Thumb Code     0  startup_lpc17xx.o(.text)
    DMA_IRQHandler                           0x000001af   Thumb Code     0  startup_lpc17xx.o(.text)
    EINT0_IRQHandler                         0x000001af   Thumb Code     0  startup_lpc17xx.o(.text)
    EINT1_IRQHandler                         0x000001af   Thumb Code     0  startup_lpc17xx.o(.text)
    EINT2_IRQHandler                         0x000001af   Thumb Code     0  startup_lpc17xx.o(.text)
    EINT3_IRQHandler                         0x000001af   Thumb Code     0  startup_lpc17xx.o(.text)
    ENET_IRQHandler                          0x000001af   Thumb Code     0  startup_lpc17xx.o(.text)
    I2C0_IRQHandler                          0x000001af   Thumb Code     0  startup_lpc17xx.o(.text)
    I2C1_IRQHandler                          0x000001af   Thumb Code     0  startup_lpc17xx.o(.text)
    I2C2_IRQHandler                          0x000001af   Thumb Code     0  startup_lpc17xx.o(.text)
    I2S_IRQHandler                           0x000001af   Thumb Code     0  startup_lpc17xx.o(.text)
    MCPWM_IRQHandler                         0x000001af   Thumb Code     0  startup_lpc17xx.o(.text)
    PLL0_IRQHandler                          0x000001af   Thumb Code     0  startup_lpc17xx.o(.text)
    PLL1_IRQHandler                          0x000001af   Thumb Code     0  startup_lpc17xx.o(.text)
    PWM1_IRQHandler                          0x000001af   Thumb Code     0  startup_lpc17xx.o(.text)
    QEI_IRQHandler                           0x000001af   Thumb Code     0  startup_lpc17xx.o(.text)
    RIT_IRQHandler                           0x000001af   Thumb Code     0  startup_lpc17xx.o(.text)
    RTC_IRQHandler                           0x000001af   Thumb Code     0  startup_lpc17xx.o(.text)
    SPI_IRQHandler                           0x000001af   Thumb Code     0  startup_lpc17xx.o(.text)
    SSP0_IRQHandler                          0x000001af   Thumb Code     0  startup_lpc17xx.o(.text)
    SSP1_IRQHandler                          0x000001af   Thumb Code     0  startup_lpc17xx.o(.text)
    TIMER1_IRQHandler                        0x000001af   Thumb Code     0  startup_lpc17xx.o(.text)
    TIMER2_IRQHandler                        0x000001af   Thumb Code     0  startup_lpc17xx.o(.text)
    TIMER3_IRQHandler                        0x000001af   Thumb Code     0  startup_lpc17xx.o(.text)
    UART0_IRQHandler                         0x000001af   Thumb Code     0  startup_lpc17xx.o(.text)
    UART1_IRQHandler                         0x000001af   Thumb Code     0  startup_lpc17xx.o(.text)
    UART2_IRQHandler                         0x000001af   Thumb Code     0  startup_lpc17xx.o(.text)
    UART3_IRQHandler                         0x000001af   Thumb Code     0  startup_lpc17xx.o(.text)
    USBActivity_IRQHandler                   0x000001af   Thumb Code     0  startup_lpc17xx.o(.text)
    USB_IRQHandler                           0x000001af   Thumb Code     0  startup_lpc17xx.o(.text)
    WDT_IRQHandler                           0x000001af   Thumb Code     0  startup_lpc17xx.o(.text)
    __user_initial_stackheap                 0x000001b1   Thumb Code     0  startup_lpc17xx.o(.text)
    __use_two_region_memory                  0x000001d1   Thumb Code     2  heapauxi.o(.text)
    __rt_heap_escrow$2region                 0x000001d3   Thumb Code     2  heapauxi.o(.text)
    __rt_heap_expand$2region                 0x000001d5   Thumb Code     2  heapauxi.o(.text)
    __user_setup_stackheap                   0x000001d7   Thumb Code    74  sys_stackheap_outer.o(.text)
    exit                                     0x00000221   Thumb Code    18  exit.o(.text)
    __user_libspace                          0x00000235   Thumb Code     8  libspace.o(.text)
    __user_perproc_libspace                  0x00000235   Thumb Code     0  libspace.o(.text)
    __user_perthread_libspace                0x00000235   Thumb Code     0  libspace.o(.text)
    _sys_exit                                0x0000023d   Thumb Code     8  sys_exit.o(.text)
    __I$use$semihosting                      0x00000249   Thumb Code     0  use_no_semi.o(.text)
    __use_no_semihosting_swi                 0x00000249   Thumb Code     2  use_no_semi.o(.text)
    __semihosting_library_function           0x0000024b   Thumb Code     0  indicate_semi.o(.text)
    Delay_ms                                 0x0000024d   Thumb Code    54  main.o(.text.Delay_ms)
    Encode_And_Push_Bit                      0x00000285   Thumb Code    50  fil.o(.text.Encode_And_Push_Bit)
    Generator_Cmd_Vitesse                    0x000002b9   Thumb Code    30  fil.o(.text.Generator_Cmd_Vitesse)
    Set_Nord_HiZ                             0x000002d9   Thumb Code    18  fil.o(.text.Set_Nord_HiZ)
    Generator_Init                           0x00000301   Thumb Code   144  fil.o(.text.Generator_Init)
    Generator_Send_Frame                     0x00000391   Thumb Code   152  fil.o(.text.Generator_Send_Frame)
    Push_Motif                               0x00000429   Thumb Code    82  fil.o(.text.Push_Motif)
    Set_Sud_HiZ                              0x0000047d   Thumb Code    18  fil.o(.text.Set_Sud_HiZ)
    SystemInit                               0x00000491   Thumb Code   388  system_lpc17xx.o(.text.SystemInit)
    TIMER0_IRQHandler                        0x00000615   Thumb Code   472  fil.o(.text.TIMER0_IRQHandler)
    Toggle_Nord_50kHz                        0x000007ed   Thumb Code    72  fil.o(.text.Toggle_Nord_50kHz)
    Toggle_Sud_50kHz                         0x00000835   Thumb Code    72  fil.o(.text.Toggle_Sud_50kHz)
    main                                     0x000008f1   Thumb Code    36  main.o(.text.main)
    MOTIF_DURATION_TICKS                     0x00000914   Data          24  fil.o(.rodata.MOTIF_DURATION_TICKS)
    Region$$Table$$Base                      0x0000092c   Number         0  anon$$obj.o(Region$$Table)
    Region$$Table$$Limit                     0x0000094c   Number         0  anon$$obj.o(Region$$Table)
    SystemCoreClock                          0x10000000   Data           4  system_lpc17xx.o(.data.SystemCoreClock)
    active_motif                             0x10000004   Data           1  fil.o(.data.active_motif)
    current_state                            0x10000005   Data           1  fil.o(.data.current_state)
    __libspace_start                         0x10000008   Data          96  libspace.o(.bss)
    __temporary_stack_top$libspace           0x10000068   Data           0  libspace.o(.bss)
    buffer_head                              0x1000006a   Data           2  fil.o(.bss.buffer_head)
    buffer_tail                              0x1000006c   Data           2  fil.o(.bss.buffer_tail)
    motif_buffer                             0x1000006e   Data         128  fil.o(.bss.motif_buffer)
    msg_in_progress                          0x100000ee   Data           1  fil.o(.bss.msg_in_progress)
    tick_counter                             0x100000f0   Data           4  fil.o(.bss.tick_counter)
    toggle_50khz                             0x100000f4   Data           1  fil.o(.bss.toggle_50khz)



==============================================================================

Memory Map of the image

  Image Entry point : 0x00000195

  Load Region LR_1 (Base: 0x00000000, Size: 0x00000954, Max: 0xffffffff, ABSOLUTE)

    Execution Region ER_RO (Exec base: 0x00000000, Load base: 0x00000000, Size: 0x0000094c, Max: 0xffffffff, ABSOLUTE)

    Exec Addr    Load Addr    Size         Type   Attr      Idx    E Section Name        Object

    0x00000000   0x00000000   0x000000cc   Data   RO           93    RESET               startup_lpc17xx.o
    0x000000cc   0x000000cc   0x00000008   Code   RO          121  * !!!main             c_w.l(__main.o)
    0x000000d4   0x000000d4   0x0000005c   Code   RO          296    !!!scatter          c_w.l(__scatter.o)
    0x00000130   0x00000130   0x0000001a   Code   RO          300    !!handler_copy      c_w.l(__scatter_copy.o)
    0x0000014a   0x0000014a   0x00000002   PAD
    0x0000014c   0x0000014c   0x00000002   Code   RO          297    !!handler_null      c_w.l(__scatter.o)
    0x0000014e   0x0000014e   0x00000002   PAD
    0x00000150   0x00000150   0x0000001c   Code   RO          302    !!handler_zi        c_w.l(__scatter_zi.o)
    0x0000016c   0x0000016c   0x00000002   Code   RO          158    .ARM.Collect$$libinit$$00000000  c_w.l(libinit.o)
    0x0000016e   0x0000016e   0x00000000   Code   RO          171    .ARM.Collect$$libinit$$00000002  c_w.l(libinit2.o)
    0x0000016e   0x0000016e   0x00000000   Code   RO          173    .ARM.Collect$$libinit$$00000004  c_w.l(libinit2.o)
    0x0000016e   0x0000016e   0x00000000   Code   RO          175    .ARM.Collect$$libinit$$00000006  c_w.l(libinit2.o)
    0x0000016e   0x0000016e   0x00000000   Code   RO          178    .ARM.Collect$$libinit$$0000000C  c_w.l(libinit2.o)
    0x0000016e   0x0000016e   0x00000000   Code   RO          180    .ARM.Collect$$libinit$$0000000E  c_w.l(libinit2.o)
    0x0000016e   0x0000016e   0x00000000   Code   RO          182    .ARM.Collect$$libinit$$00000010  c_w.l(libinit2.o)
    0x0000016e   0x0000016e   0x00000000   Code   RO          185    .ARM.Collect$$libinit$$00000013  c_w.l(libinit2.o)
    0x0000016e   0x0000016e   0x00000000   Code   RO          187    .ARM.Collect$$libinit$$00000015  c_w.l(libinit2.o)
    0x0000016e   0x0000016e   0x00000000   Code   RO          189    .ARM.Collect$$libinit$$00000017  c_w.l(libinit2.o)
    0x0000016e   0x0000016e   0x00000000   Code   RO          191    .ARM.Collect$$libinit$$00000019  c_w.l(libinit2.o)
    0x0000016e   0x0000016e   0x00000000   Code   RO          193    .ARM.Collect$$libinit$$0000001B  c_w.l(libinit2.o)
    0x0000016e   0x0000016e   0x00000000   Code   RO          195    .ARM.Collect$$libinit$$0000001D  c_w.l(libinit2.o)
    0x0000016e   0x0000016e   0x00000000   Code   RO          197    .ARM.Collect$$libinit$$0000001F  c_w.l(libinit2.o)
    0x0000016e   0x0000016e   0x00000000   Code   RO          199    .ARM.Collect$$libinit$$00000021  c_w.l(libinit2.o)
    0x0000016e   0x0000016e   0x00000000   Code   RO          201    .ARM.Collect$$libinit$$00000023  c_w.l(libinit2.o)
    0x0000016e   0x0000016e   0x00000000   Code   RO          203    .ARM.Collect$$libinit$$00000025  c_w.l(libinit2.o)
    0x0000016e   0x0000016e   0x00000000   Code   RO          205    .ARM.Collect$$libinit$$00000027  c_w.l(libinit2.o)
    0x0000016e   0x0000016e   0x00000000   Code   RO          209    .ARM.Collect$$libinit$$0000002E  c_w.l(libinit2.o)
    0x0000016e   0x0000016e   0x00000000   Code   RO          211    .ARM.Collect$$libinit$$00000030  c_w.l(libinit2.o)
    0x0000016e   0x0000016e   0x00000000   Code   RO          213    .ARM.Collect$$libinit$$00000032  c_w.l(libinit2.o)
    0x0000016e   0x0000016e   0x00000000   Code   RO          215    .ARM.Collect$$libinit$$00000034  c_w.l(libinit2.o)
    0x0000016e   0x0000016e   0x00000002   Code   RO          216    .ARM.Collect$$libinit$$00000035  c_w.l(libinit2.o)
    0x00000170   0x00000170   0x00000002   Code   RO          251    .ARM.Collect$$libshutdown$$00000000  c_w.l(libshutdown.o)
    0x00000172   0x00000172   0x00000000   Code   RO          279    .ARM.Collect$$libshutdown$$00000002  c_w.l(libshutdown2.o)
    0x00000172   0x00000172   0x00000000   Code   RO          281    .ARM.Collect$$libshutdown$$00000004  c_w.l(libshutdown2.o)
    0x00000172   0x00000172   0x00000000   Code   RO          284    .ARM.Collect$$libshutdown$$00000007  c_w.l(libshutdown2.o)
    0x00000172   0x00000172   0x00000000   Code   RO          287    .ARM.Collect$$libshutdown$$0000000A  c_w.l(libshutdown2.o)
    0x00000172   0x00000172   0x00000000   Code   RO          289    .ARM.Collect$$libshutdown$$0000000C  c_w.l(libshutdown2.o)
    0x00000172   0x00000172   0x00000000   Code   RO          292    .ARM.Collect$$libshutdown$$0000000F  c_w.l(libshutdown2.o)
    0x00000172   0x00000172   0x00000002   Code   RO          293    .ARM.Collect$$libshutdown$$00000010  c_w.l(libshutdown2.o)
    0x00000174   0x00000174   0x00000000   Code   RO          123    .ARM.Collect$$rtentry$$00000000  c_w.l(__rtentry.o)
    0x00000174   0x00000174   0x00000000   Code   RO          129    .ARM.Collect$$rtentry$$00000002  c_w.l(__rtentry2.o)
    0x00000174   0x00000174   0x00000006   Code   RO          141    .ARM.Collect$$rtentry$$00000004  c_w.l(__rtentry4.o)
    0x0000017a   0x0000017a   0x00000000   Code   RO          131    .ARM.Collect$$rtentry$$00000009  c_w.l(__rtentry2.o)
    0x0000017a   0x0000017a   0x00000004   Code   RO          132    .ARM.Collect$$rtentry$$0000000A  c_w.l(__rtentry2.o)
    0x0000017e   0x0000017e   0x00000000   Code   RO          134    .ARM.Collect$$rtentry$$0000000C  c_w.l(__rtentry2.o)
    0x0000017e   0x0000017e   0x00000008   Code   RO          135    .ARM.Collect$$rtentry$$0000000D  c_w.l(__rtentry2.o)
    0x00000186   0x00000186   0x00000002   Code   RO          162    .ARM.Collect$$rtexit$$00000000  c_w.l(rtexit.o)
    0x00000188   0x00000188   0x00000000   Code   RO          222    .ARM.Collect$$rtexit$$00000002  c_w.l(rtexit2.o)
    0x00000188   0x00000188   0x00000004   Code   RO          223    .ARM.Collect$$rtexit$$00000003  c_w.l(rtexit2.o)
    0x0000018c   0x0000018c   0x00000006   Code   RO          224    .ARM.Collect$$rtexit$$00000004  c_w.l(rtexit2.o)
    0x00000192   0x00000192   0x00000002   PAD
    0x00000194   0x00000194   0x0000003c   Code   RO           95  * .text               startup_lpc17xx.o
    0x000001d0   0x000001d0   0x00000006   Code   RO          119    .text               c_w.l(heapauxi.o)
    0x000001d6   0x000001d6   0x0000004a   Code   RO          145    .text               c_w.l(sys_stackheap_outer.o)
    0x00000220   0x00000220   0x00000012   Code   RO          147    .text               c_w.l(exit.o)
    0x00000232   0x00000232   0x00000002   PAD
    0x00000234   0x00000234   0x00000008   Code   RO          159    .text               c_w.l(libspace.o)
    0x0000023c   0x0000023c   0x0000000c   Code   RO          217    .text               c_w.l(sys_exit.o)
    0x00000248   0x00000248   0x00000002   Code   RO          240    .text               c_w.l(use_no_semi.o)
    0x0000024a   0x0000024a   0x00000000   Code   RO          242    .text               c_w.l(indicate_semi.o)
    0x0000024a   0x0000024a   0x00000002   PAD
    0x0000024c   0x0000024c   0x00000036   Code   RO            2    .text.Delay_ms      main.o
    0x00000282   0x00000282   0x00000002   PAD
    0x00000284   0x00000284   0x00000032   Code   RO           67    .text.Encode_And_Push_Bit  fil.o
    0x000002b6   0x000002b6   0x00000002   PAD
    0x000002b8   0x000002b8   0x0000001e   Code   RO           71    .text.Generator_Cmd_Vitesse  fil.o
    0x000002d6   0x000002d6   0x00000002   PAD
    0x000002d8   0x000002d8   0x00000012   Code   RO           49    .text.Set_Nord_HiZ  fil.o
    0x000002ea   0x000002ea   0x00000012   PAD
    0x000002fc   0x000002fc   0x00000004   Code   RO           94    .ARM.__at_0x02FC    startup_lpc17xx.o
    0x00000300   0x00000300   0x00000090   Code   RO           57    .text.Generator_Init  fil.o
    0x00000390   0x00000390   0x00000098   Code   RO           69    .text.Generator_Send_Frame  fil.o
    0x00000428   0x00000428   0x00000052   Code   RO           63    .text.Push_Motif    fil.o
    0x0000047a   0x0000047a   0x00000002   PAD
    0x0000047c   0x0000047c   0x00000012   Code   RO           51    .text.Set_Sud_HiZ   fil.o
    0x0000048e   0x0000048e   0x00000002   PAD
    0x00000490   0x00000490   0x00000184   Code   RO          106    .text.SystemInit    system_lpc17xx.o
    0x00000614   0x00000614   0x000001d8   Code   RO           65    .text.TIMER0_IRQHandler  fil.o
    0x000007ec   0x000007ec   0x00000048   Code   RO           53    .text.Toggle_Nord_50kHz  fil.o
    0x00000834   0x00000834   0x00000048   Code   RO           55    .text.Toggle_Sud_50kHz  fil.o
    0x0000087c   0x0000087c   0x00000030   Code   RO           61    .text.__NVIC_EnableIRQ  fil.o
    0x000008ac   0x000008ac   0x00000042   Code   RO           59    .text.__NVIC_SetPriority  fil.o
    0x000008ee   0x000008ee   0x00000002   PAD
    0x000008f0   0x000008f0   0x00000024   Code   RO            4    .text.main          main.o
    0x00000914   0x00000914   0x00000018   Data   RO           75    .rodata.MOTIF_DURATION_TICKS  fil.o
    0x0000092c   0x0000092c   0x00000020   Data   RO          295    Region$$Table       anon$$obj.o


    Execution Region ER_RW (Exec base: 0x10000000, Load base: 0x0000094c, Size: 0x00000008, Max: 0xffffffff, ABSOLUTE)

    Exec Addr    Load Addr    Size         Type   Attr      Idx    E Section Name        Object

    0x10000000   0x0000094c   0x00000004   Data   RW          108    .data.SystemCoreClock  system_lpc17xx.o
    0x10000004   0x00000950   0x00000001   Data   RW           82    .data.active_motif  fil.o
    0x10000005   0x00000951   0x00000001   Data   RW           76    .data.current_state  fil.o


    Execution Region ER_ZI (Exec base: 0x10000008, Load base: 0x00000954, Size: 0x000002f0, Max: 0xffffffff, ABSOLUTE)

    Exec Addr    Load Addr    Size         Type   Attr      Idx    E Section Name        Object

    0x10000008        -       0x00000060   Zero   RW          160    .bss                c_w.l(libspace.o)
    0x10000068        -       0x00000001   Zero   RW           84    .bss.TIMER0_IRQHandler.idle_flip  fil.o
    0x10000069   0x00000954   0x00000001   PAD
    0x1000006a        -       0x00000002   Zero   RW           79    .bss.buffer_head    fil.o
    0x1000006c        -       0x00000002   Zero   RW           80    .bss.buffer_tail    fil.o
    0x1000006e        -       0x00000080   Zero   RW           83    .bss.motif_buffer   fil.o
    0x100000ee        -       0x00000001   Zero   RW           81    .bss.msg_in_progress  fil.o
    0x100000ef   0x00000954   0x00000001   PAD
    0x100000f0        -       0x00000004   Zero   RW           77    .bss.tick_counter   fil.o
    0x100000f4        -       0x00000001   Zero   RW           78    .bss.toggle_50khz   fil.o
    0x100000f5   0x00000954   0x00000003   PAD
    0x100000f8        -       0x00000000   Zero   RW           92    HEAP                startup_lpc17xx.o
    0x100000f8        -       0x00000200   Zero   RW           91    STACK               startup_lpc17xx.o


==============================================================================

Image component sizes


      Code (inc. data)   RO Data    RW Data    ZI Data      Debug   Object Name

      1224          0         24          2        139       7736   fil.o
        90          0          0          0          0        730   main.o
        64         26        204          0        512       1068   startup_lpc17xx.o
       388          0          0          4          0       2290   system_lpc17xx.o

    ----------------------------------------------------------------------
      1796         26        260          8        656      11824   Object Totals
         0          0         32          0          0          0   (incl. Generated)
        30          0          0          2          5          0   (incl. Padding)

    ----------------------------------------------------------------------

      Code (inc. data)   RO Data    RW Data    ZI Data      Debug   Library Member Name

         8          0          0          0          0         68   __main.o
         0          0          0          0          0          0   __rtentry.o
        12          0          0          0          0          0   __rtentry2.o
         6          0          0          0          0          0   __rtentry4.o
        94          8          0          0          0          0   __scatter.o
        26          0          0          0          0          0   __scatter_copy.o
        28          0          0          0          0          0   __scatter_zi.o
        18          0          0          0          0         80   exit.o
         6          0          0          0          0        152   heapauxi.o
         0          0          0          0          0          0   indicate_semi.o
         2          0          0          0          0          0   libinit.o
         2          0          0          0          0          0   libinit2.o
         2          0          0          0          0          0   libshutdown.o
         2          0          0          0          0          0   libshutdown2.o
         8          4          0          0         96         68   libspace.o
         2          0          0          0          0          0   rtexit.o
        10          0          0          0          0          0   rtexit2.o
        12          4          0          0          0         68   sys_exit.o
        74          0          0          0          0         80   sys_stackheap_outer.o
         2          0          0          0          0         68   use_no_semi.o

    ----------------------------------------------------------------------
       324         16          0          0         96        584   Library Totals
        10          0          0          0          0          0   (incl. Padding)

    ----------------------------------------------------------------------

      Code (inc. data)   RO Data    RW Data    ZI Data      Debug   Library Name

       314         16          0          0         96        584   c_w.l

    ----------------------------------------------------------------------
       324         16          0          0         96        584   Library Totals

    ----------------------------------------------------------------------

==============================================================================


      Code (inc. data)   RO Data    RW Data    ZI Data      Debug   

      2120         42        260          8        752      12328   Grand Totals
      2120         42        260          8        752      12328   ELF Image Totals
      2120         42        260          8          0          0   ROM Totals

==============================================================================

    Total RO  Size (Code + RO Data)                 2380 (   2.32kB)
    Total RW  Size (RW Data + ZI Data)               760 (   0.74kB)
    Total ROM Size (Code + RO Data + RW Data)       2388 (   2.33kB)

==============================================================================

