Component: Arm Compiler for Embedded 6.21 Tool: armlink [5ec1fa00]

==============================================================================

Section Cross References

    main.o(.text.init_systick_50us) refers to system_lpc17xx.o(.data.SystemCoreClock) for SystemCoreClock
    main.o(.ARM.exidx.text.init_systick_50us) refers to main.o(.text.init_systick_50us) for [Anonymous Symbol]
    main.o(.text.SysTick_Handler) refers to main.o(.bss.systick_ticks) for systick_ticks
    main.o(.text.SysTick_Handler) refers to main.o(.bss.tick_ms) for tick_ms
    main.o(.ARM.exidx.text.SysTick_Handler) refers to main.o(.text.SysTick_Handler) for [Anonymous Symbol]
    main.o(.text.main) refers to config_numeroposte.o(.text.init_switch) for init_switch
    main.o(.text.main) refers to config_numeroposte.o(.text.Centrale_Read_Configuration) for Centrale_Read_Configuration
    main.o(.text.main) refers to interfacepostecentraleconfig.o(.text.init_uart3_centrale) for init_uart3_centrale
    main.o(.text.main) refers to interfacepostecentraleconfig.o(.text.init_leds) for init_leds
    main.o(.text.main) refers to interfacecentralesupervision.o(.text.Init_Supervision_UART0) for Init_Supervision_UART0
    main.o(.text.main) refers to system_lpc17xx.o(.data.SystemCoreClock) for SystemCoreClock
    main.o(.text.main) refers to recepteurir_centrale.o(.text.init_recepteur_ir_centrale) for init_recepteur_ir_centrale
    main.o(.text.main) refers to emetteurdtmf.o(.text.init_timer) for init_timer
    main.o(.text.main) refers to fil.o(.text.Generator_Init) for Generator_Init
    main.o(.text.main) refers to sendmessageposte.o(.text.polling_system_non_blocking) for polling_system_non_blocking
    main.o(.text.main) refers to gestionaiguillage.o(.text.gestion_intersection_process) for gestion_intersection_process
    main.o(.text.main) refers to emetteurdtmf.o(.text.dtmf_sequence_process_non_blocking) for dtmf_sequence_process_non_blocking
    main.o(.text.main) refers to receivemessageposte.o(.text.handle_centrale_leds_non_blocking) for handle_centrale_leds_non_blocking
    main.o(.text.main) refers to interfacecentralesupervision.o(.text.Supervision_Process_Incoming_Non_Blocking) for Supervision_Process_Incoming_Non_Blocking
    main.o(.text.main) refers to interfacecentralesupervision.o(.text.Supervision_Process_TX_Non_Blocking) for Supervision_Process_TX_Non_Blocking
    main.o(.text.main) refers to interfacecentralesupervision.o(.text.Supervision_Manage_Wire_Transmission_Tick) for Supervision_Manage_Wire_Transmission_Tick
    main.o(.ARM.exidx.text.main) refers to main.o(.text.main) for [Anonymous Symbol]
    sendmessageposte.o(.ARM.exidx.text.UART3_SendChar) refers to sendmessageposte.o(.text.UART3_SendChar) for [Anonymous Symbol]
    sendmessageposte.o(.ARM.exidx.text.Centrale_SendSMS) refers to sendmessageposte.o(.text.Centrale_SendSMS) for [Anonymous Symbol]
    sendmessageposte.o(.ARM.exidx.text.Centrale_Indicator_Tx) refers to sendmessageposte.o(.text.Centrale_Indicator_Tx) for [Anonymous Symbol]
    sendmessageposte.o(.text.polling_system_non_blocking) refers to config_numeroposte.o(.bss.actual_total_posts) for actual_total_posts
    sendmessageposte.o(.text.polling_system_non_blocking) refers to sendmessageposte.o(.bss.poll_state) for poll_state
    sendmessageposte.o(.text.polling_system_non_blocking) refers to config_numeroposte.o(.bss.current_post_idx) for current_post_idx
    sendmessageposte.o(.text.polling_system_non_blocking) refers to config_numeroposte.o(.bss.posts_list) for posts_list
    sendmessageposte.o(.text.polling_system_non_blocking) refers to receivemessageposte.o(.bss.rx_index) for rx_index
    sendmessageposte.o(.text.polling_system_non_blocking) refers to receivemessageposte.o(.bss.packet_ready) for packet_ready
    sendmessageposte.o(.text.polling_system_non_blocking) refers to main.o(.bss.tick_ms) for tick_ms
    sendmessageposte.o(.text.polling_system_non_blocking) refers to sendmessageposte.o(.bss.timeout_timer) for timeout_timer
    sendmessageposte.o(.text.polling_system_non_blocking) refers to sendmessageposte.o(.bss.inter_slot_timer) for inter_slot_timer
    sendmessageposte.o(.text.polling_system_non_blocking) refers to receivemessageposte.o(.text.Traitement_Response_Post) for Traitement_Response_Post
    sendmessageposte.o(.text.polling_system_non_blocking) refers to receivemessageposte.o(.text.Traitement_Timeout_Error) for Traitement_Timeout_Error
    sendmessageposte.o(.ARM.exidx.text.polling_system_non_blocking) refers to sendmessageposte.o(.text.polling_system_non_blocking) for [Anonymous Symbol]
    interfacepostecentraleconfig.o(.ARM.exidx.text.init_uart3_centrale) refers to interfacepostecentraleconfig.o(.text.init_uart3_centrale) for [Anonymous Symbol]
    interfacepostecentraleconfig.o(.ARM.exidx.text.init_leds) refers to interfacepostecentraleconfig.o(.text.init_leds) for [Anonymous Symbol]
[...]
    ../clib/angel/sys.s                      0x00000000   Number         0  indicate_semi.o ABSOLUTE
    ../clib/angel/sysapp.c                   0x00000000   Number         0  sys_exit.o ABSOLUTE
    ../clib/angel/sysapp.c                   0x00000000   Number         0  sys_exit_hlt.o ABSOLUTE
    ../clib/angel/sysapp.c                   0x00000000   Number         0  sys_wrch.o ABSOLUTE
    ../clib/angel/sysapp.c                   0x00000000   Number         0  sys_wrch_hlt.o ABSOLUTE
    ../clib/angel/sysapp.c                   0x00000000   Number         0  sys_command.o ABSOLUTE
    ../clib/angel/sysapp.c                   0x00000000   Number         0  sys_command_hlt.o ABSOLUTE
    ../clib/armsys.c                         0x00000000   Number         0  argv_veneer.o ABSOLUTE
    ../clib/armsys.c                         0x00000000   Number         0  argv_veneer.o ABSOLUTE
    ../clib/armsys.c                         0x00000000   Number         0  _get_argv_nomalloc.o ABSOLUTE
    ../clib/armsys.c                         0x00000000   Number         0  no_argv.o ABSOLUTE
    ../clib/ctype.c                          0x00000000   Number         0  isspace.o ABSOLUTE
    ../clib/fenv.c                           0x00000000   Number         0  _rserrno.o ABSOLUTE
    ../clib/heapalloc.c                      0x00000000   Number         0  hrguard.o ABSOLUTE
    ../clib/heapaux.c                        0x00000000   Number         0  heapauxi.o ABSOLUTE
    ../clib/libinit.s                        0x00000000   Number         0  libinit.o ABSOLUTE
    ../clib/libinit.s                        0x00000000   Number         0  libinit2.o ABSOLUTE
    ../clib/libinit.s                        0x00000000   Number         0  libshutdown.o ABSOLUTE
    ../clib/libinit.s                        0x00000000   Number         0  libshutdown2.o ABSOLUTE
    ../clib/locale.s                         0x00000000   Number         0  lc_ctype_c.o ABSOLUTE
    ../clib/longlong.s                       0x00000000   Number         0  lludivv7m.o ABSOLUTE
    ../clib/memcpset.s                       0x00000000   Number         0  strcmpv7m.o ABSOLUTE
    ../clib/misc.s                           0x00000000   Number         0  printf_stubs.o ABSOLUTE
    ../clib/printf.c                         0x00000000   Number         0  __2sprintf.o ABSOLUTE
    ../clib/printf.c                         0x00000000   Number         0  noretval__2sprintf.o ABSOLUTE
    ../clib/printf.c                         0x00000000   Number         0  __printf.o ABSOLUTE
    ../clib/printf.c                         0x00000000   Number         0  _printf_pad.o ABSOLUTE
    ../clib/printf.c                         0x00000000   Number         0  _printf_str.o ABSOLUTE
    ../clib/printf.c                         0x00000000   Number         0  _printf_dec.o ABSOLUTE
    ../clib/printf.c                         0x00000000   Number         0  __printf_flags.o ABSOLUTE
    ../clib/printf.c                         0x00000000   Number         0  __printf_ss.o ABSOLUTE
    ../clib/printf.c                         0x00000000   Number         0  __printf_flags_ss.o ABSOLUTE
    ../clib/printf.c                         0x00000000   Number         0  __printf_wp.o ABSOLUTE
    ../clib/printf.c                         0x00000000   Number         0  __printf_flags_wp.o ABSOLUTE
    ../clib/printf.c                         0x00000000   Number         0  __printf_ss_wp.o ABSOLUTE
    ../clib/printf.c                         0x00000000   Number         0  __printf_flags_ss_wp.o ABSOLUTE
    ../clib/printf.c                         0x00000000   Number         0  _printf_intcommon.o ABSOLUTE
    ../clib/printf.c                         0x00000000   Number         0  _printf_char_common.o ABSOLUTE
    ../clib/printf.c                         0x00000000   Number         0  _sputc.o ABSOLUTE
    ../clib/printf.c                         0x00000000   Number         0  _printf_char.o ABSOLUTE
    ../clib/printf.c                         0x00000000   Number         0  __printf_nopercent.o ABSOLUTE
    ../clib/printf_percent.s                 0x00000000   Number         0  _printf_s.o ABSOLUTE
    ../clib/printf_percent.s                 0x00000000   Number         0  _printf_d.o ABSOLUTE
    ../clib/printf_percent.s                 0x00000000   Number         0  _printf_percent.o ABSOLUTE
    ../clib/printf_percent.s                 0x00000000   Number         0  _printf_percent_end.o ABSOLUTE
    ../clib/scanf.c                          0x00000000   Number         0  __0sscanf.o ABSOLUTE
    ../clib/scanf.c                          0x00000000   Number         0  _scanf_int.o ABSOLUTE
    ../clib/scanf.c                          0x00000000   Number         0  _scanf_str.o ABSOLUTE
    ../clib/scanf.c                          0x00000000   Number         0  _chval.o ABSOLUTE
    ../clib/scanf.c                          0x00000000   Number         0  scanf_char.o ABSOLUTE
    ../clib/scanf.c                          0x00000000   Number         0  _sgetc.o ABSOLUTE
    ../clib/scanf.c                          0x00000000   Number         0  _scanf.o ABSOLUTE
    ../clib/signal.c                         0x00000000   Number         0  defsig_fpe_outer.o ABSOLUTE
    ../clib/signal.c                         0x00000000   Number         0  defsig_fpe_formal.o ABSOLUTE
    ../clib/signal.c                         0x00000000   Number         0  defsig_exit.o ABSOLUTE
    ../clib/signal.c                         0x00000000   Number         0  defsig_fpe_inner.o ABSOLUTE
    ../clib/signal.c                         0x00000000   Number         0  __raise.o ABSOLUTE
    ../clib/signal.c                         0x00000000   Number         0  defsig_general.o ABSOLUTE
    ../clib/signal.c                         0x00000000   Number         0  defsig_abrt_inner.o ABSOLUTE
    ../clib/signal.c                         0x00000000   Number         0  defsig_rtred_inner.o ABSOLUTE
    ../clib/signal.c                         0x00000000   Number         0  defsig_rtmem_inner.o ABSOLUTE
    ../clib/signal.c                         0x00000000   Number         0  defsig_rtmem_outer.o ABSOLUTE
    ../clib/signal.c                         0x00000000   Number         0  defsig_rtmem_formal.o ABSOLUTE
    ../clib/signal.c                         0x00000000   Number         0  defsig_stak_inner.o ABSOLUTE
    ../clib/signal.c                         0x00000000   Number         0  defsig_pvfn_inner.o ABSOLUTE
    ../clib/signal.c                         0x00000000   Number         0  defsig_cppl_inner.o ABSOLUTE
    ../clib/signal.c                         0x00000000   Number         0  defsig_segv_inner.o ABSOLUTE
    ../clib/signal.c                         0x00000000   Number         0  defsig_other.o ABSOLUTE
    ../clib/signal.s                         0x00000000   Number         0  defsig.o ABSOLUTE
    ../clib/stdlib.c                         0x00000000   Number         0  exit.o ABSOLUTE
    ../clib/string.c                         0x00000000   Number         0  strchr.o ABSOLUTE
    ../fplib/daddsub.s                       0x00000000   Number         0  daddsub_clz.o ABSOLUTE
    ../fplib/dcheck1.s                       0x00000000   Number         0  dcheck1.o ABSOLUTE
    ../fplib/ddiv.s                          0x00000000   Number         0  ddiv.o ABSOLUTE
    ../fplib/dfix.s                          0x00000000   Number         0  dfix.o ABSOLUTE
    ../fplib/dflt.s                          0x00000000   Number         0  dflt_clz.o ABSOLUTE
    ../fplib/dmul.s                          0x00000000   Number         0  dmul.o ABSOLUTE
    ../fplib/dnaninf.s                       0x00000000   Number         0  dnaninf.o ABSOLUTE
    ../fplib/dretinf.s                       0x00000000   Number         0  dretinf.o ABSOLUTE
    ../fplib/fpinit.s                        0x00000000   Number         0  fpinit.o ABSOLUTE
    ../fplib/fpinit_empty.s                  0x00000000   Number         0  fpinit_empty.o ABSOLUTE
    ../fplib/retnan.s                        0x00000000   Number         0  retnan.o ABSOLUTE
    ../fplib/scalbn.s                        0x00000000   Number         0  scalbn.o ABSOLUTE
    ../fplib/trapv.s                         0x00000000   Number         0  trapv.o ABSOLUTE
    ../fplib/usenofp.s                       0x00000000   Number         0  usenofp.o ABSOLUTE
    ../mathlib/cos_i.c                       0x00000000   Number         0  cos_i.o ABSOLUTE
    ../mathlib/dunder.c                      0x00000000   Number         0  dunder.o ABSOLUTE
    ../mathlib/fpclassify.c                  0x00000000   Number         0  fpclassify.o ABSOLUTE
    ../mathlib/poly.c                        0x00000000   Number         0  poly.o ABSOLUTE
    ../mathlib/rred.c                        0x00000000   Number         0  rred.o ABSOLUTE
    ../mathlib/sin.c                         0x00000000   Number         0  sin.o ABSOLUTE
    ../mathlib/sin_i.c                       0x00000000   Number         0  sin_i.o ABSOLUTE
    Config_numeroPoste.c                     0x00000000   Number         0  config_numeroposte.o ABSOLUTE
    EmetteurDTMF.c                           0x00000000   Number         0  emetteurdtmf.o ABSOLUTE
    GestionAiguillage.c                      0x00000000   Number         0  gestionaiguillage.o ABSOLUTE
    InterfaceCentraleSupervision.c           0x00000000   Number         0  interfacecentralesupervision.o ABSOLUTE
    InterfacePostecentraleConfig.c           0x00000000   Number         0  interfacepostecentraleconfig.o ABSOLUTE
    RTE/Device/LPC1769/startup_LPC17xx.s     0x00000000   Number         0  startup_lpc17xx.o ABSOLUTE
    ReceiveMessagePoste.c                    0x00000000   Number         0  receivemessageposte.o ABSOLUTE
    RecepteurIR_Centrale.c                   0x00000000   Number         0  recepteurir_centrale.o ABSOLUTE
    SendMessagePoste.c                       0x00000000   Number         0  sendmessageposte.o ABSOLUTE
    dc.s                                     0x00000000   Number         0  dc.o ABSOLUTE
    fil.c                                    0x00000000   Number         0  fil.o ABSOLUTE
    main.c                                   0x00000000   Number         0  main.o ABSOLUTE
    system_LPC17xx.c                         0x00000000   Number         0  system_lpc17xx.o ABSOLUTE
    RESET                                    0x00000000   Section      204  startup_lpc17xx.o(RESET)
    !!!main                                  0x000000cc   Section        8  __main.o(!!!main)
    !!!scatter                               0x000000d4   Section       92  __scatter.o(!!!scatter)
    !!handler_copy                           0x00000130   Section       26  __scatter_copy.o(!!handler_copy)
    !!handler_null                           0x0000014c   Section        2  __scatter.o(!!handler_null)
    !!handler_zi                             0x00000150   Section       28  __scatter_zi.o(!!handler_zi)
    .ARM.Collect$$_printf_percent$$00000000  0x0000016c   Section        0  _printf_percent.o(.ARM.Collect$$_printf_percent$$00000000)
    .ARM.Collect$$_printf_percent$$00000009  0x0000016c   Section        6  _printf_d.o(.ARM.Collect$$_printf_percent$$00000009)
    .ARM.Collect$$_printf_percent$$00000014  0x00000172   Section        6  _printf_s.o(.ARM.Collect$$_printf_percent$$00000014)
    .ARM.Collect$$_printf_percent$$00000017  0x00000178   Section        4  _printf_percent_end.o(.ARM.Collect$$_printf_percent$$00000017)
    .ARM.Collect$$libinit$$00000000          0x0000017c   Section        2  libinit.o(.ARM.Collect$$libinit$$00000000)
    .ARM.Collect$$libinit$$00000002          0x0000017e   Section        0  libinit2.o(.ARM.Collect$$libinit$$00000002)
    .ARM.Collect$$libinit$$00000004          0x0000017e   Section        0  libinit2.o(.ARM.Collect$$libinit$$00000004)
    .ARM.Collect$$libinit$$00000006          0x0000017e   Section        0  libinit2.o(.ARM.Collect$$libinit$$00000006)
    .ARM.Collect$$libinit$$0000000C          0x0000017e   Section        0  libinit2.o(.ARM.Collect$$libinit$$0000000C)
    .ARM.Collect$$libinit$$0000000E          0x0000017e   Section        0  libinit2.o(.ARM.Collect$$libinit$$0000000E)
    .ARM.Collect$$libinit$$00000010          0x0000017e   Section        0  libinit2.o(.ARM.Collect$$libinit$$00000010)
    .ARM.Collect$$libinit$$00000011          0x0000017e   Section        6  libinit2.o(.ARM.Collect$$libinit$$00000011)
    .ARM.Collect$$libinit$$00000013          0x00000184   Section        0  libinit2.o(.ARM.Collect$$libinit$$00000013)
    .ARM.Collect$$libinit$$00000014          0x00000184   Section       12  libinit2.o(.ARM.Collect$$libinit$$00000014)
    .ARM.Collect$$libinit$$00000015          0x00000190   Section        0  libinit2.o(.ARM.Collect$$libinit$$00000015)
    .ARM.Collect$$libinit$$00000017          0x00000190   Section        0  libinit2.o(.ARM.Collect$$libinit$$00000017)
    .ARM.Collect$$libinit$$00000019          0x00000190   Section        0  libinit2.o(.ARM.Collect$$libinit$$00000019)
    .ARM.Collect$$libinit$$0000001B          0x00000190   Section        0  libinit2.o(.ARM.Collect$$libinit$$0000001B)
    .ARM.Collect$$libinit$$0000001D          0x00000190   Section        0  libinit2.o(.ARM.Collect$$libinit$$0000001D)
    .ARM.Collect$$libinit$$0000001F          0x00000190   Section        0  libinit2.o(.ARM.Collect$$libinit$$0000001F)
    .ARM.Collect$$libinit$$00000021          0x00000190   Section        0  libinit2.o(.ARM.Collect$$libinit$$00000021)
    .ARM.Collect$$libinit$$00000023          0x00000190   Section        0  libinit2.o(.ARM.Collect$$libinit$$00000023)
    .ARM.Collect$$libinit$$00000025          0x00000190   Section        0  libinit2.o(.ARM.Collect$$libinit$$00000025)
    .ARM.Collect$$libinit$$00000027          0x00000190   Section        0  libinit2.o(.ARM.Collect$$libinit$$00000027)
    .ARM.Collect$$libinit$$0000002E          0x00000190   Section        0  libinit2.o(.ARM.Collect$$libinit$$0000002E)
    .ARM.Collect$$libinit$$00000030          0x00000190   Section        0  libinit2.o(.ARM.Collect$$libinit$$00000030)
    .ARM.Collect$$libinit$$00000032          0x00000190   Section        0  libinit2.o(.ARM.Collect$$libinit$$00000032)
    .ARM.Collect$$libinit$$00000034          0x00000190   Section        0  libinit2.o(.ARM.Collect$$libinit$$00000034)
    .ARM.Collect$$libinit$$00000035          0x00000190   Section        2  libinit2.o(.ARM.Collect$$libinit$$00000035)
    .ARM.Collect$$libshutdown$$00000000      0x00000192   Section        2  libshutdown.o(.ARM.Collect$$libshutdown$$00000000)
    .ARM.Collect$$libshutdown$$00000002      0x00000194   Section        0  libshutdown2.o(.ARM.Collect$$libshutdown$$00000002)
    .ARM.Collect$$libshutdown$$00000004      0x00000194   Section        0  libshutdown2.o(.ARM.Collect$$libshutdown$$00000004)
    .ARM.Collect$$libshutdown$$00000007      0x00000194   Section        0  libshutdown2.o(.ARM.Collect$$libshutdown$$00000007)
    .ARM.Collect$$libshutdown$$0000000A      0x00000194   Section        0  libshutdown2.o(.ARM.Collect$$libshutdown$$0000000A)
    .ARM.Collect$$libshutdown$$0000000C      0x00000194   Section        0  libshutdown2.o(.ARM.Collect$$libshutdown$$0000000C)
    .ARM.Collect$$libshutdown$$0000000F      0x00000194   Section        0  libshutdown2.o(.ARM.Collect$$libshutdown$$0000000F)
    .ARM.Collect$$libshutdown$$00000010      0x00000194   Section        2  libshutdown2.o(.ARM.Collect$$libshutdown$$00000010)
    .ARM.Collect$$rtentry$$00000000          0x00000196   Section        0  __rtentry.o(.ARM.Collect$$rtentry$$00000000)
    .ARM.Collect$$rtentry$$00000002          0x00000196   Section        0  __rtentry2.o(.ARM.Collect$$rtentry$$00000002)
    .ARM.Collect$$rtentry$$00000004          0x00000196   Section        6  __rtentry4.o(.ARM.Collect$$rtentry$$00000004)
    .ARM.Collect$$rtentry$$00000009          0x0000019c   Section        0  __rtentry2.o(.ARM.Collect$$rtentry$$00000009)
    .ARM.Collect$$rtentry$$0000000A          0x0000019c   Section        4  __rtentry2.o(.ARM.Collect$$rtentry$$0000000A)
    .ARM.Collect$$rtentry$$0000000C          0x000001a0   Section        0  __rtentry2.o(.ARM.Collect$$rtentry$$0000000C)
    .ARM.Collect$$rtentry$$0000000D          0x000001a0   Section        8  __rtentry2.o(.ARM.Collect$$rtentry$$0000000D)
    .ARM.Collect$$rtexit$$00000000           0x000001a8   Section        2  rtexit.o(.ARM.Collect$$rtexit$$00000000)
    .ARM.Collect$$rtexit$$00000002           0x000001aa   Section        0  rtexit2.o(.ARM.Collect$$rtexit$$00000002)
    .ARM.Collect$$rtexit$$00000003           0x000001aa   Section        4  rtexit2.o(.ARM.Collect$$rtexit$$00000003)
    .ARM.Collect$$rtexit$$00000004           0x000001ae   Section        6  rtexit2.o(.ARM.Collect$$rtexit$$00000004)
    .text                                    0x000001b4   Section       60  startup_lpc17xx.o(.text)
    .text                                    0x000001f0   Section        0  _printf_pad.o(.text)
    .text                                    0x0000023e   Section        0  _printf_str.o(.text)
    .text                                    0x00000290   Section        0  __0sscanf.o(.text)
    .text                                    0x000002cc   Section        0  strchr.o(.text)
    .text                                    0x000002e0   Section        0  heapauxi.o(.text)
    .text                                    0x000002e6   Section        0  _rserrno.o(.text)
    .ARM.__at_0x02FC                         0x000002fc   Section        4  startup_lpc17xx.o(.ARM.__at_0x02FC)
    .text                                    0x00000300   Section        0  _printf_dec.o(.text)
    .text                                    0x00000378   Section        0  _scanf_int.o(.text)
    .text                                    0x000004c4   Section        0  _scanf_str.o(.text)
    .text                                    0x000005a4   Section        0  _printf_intcommon.o(.text)
    .text                                    0x00000656   Section        0  _printf_char.o(.text)
    .text                                    0x00000682   Section        0  _chval.o(.text)
    _scanf_char_input                        0x000006a1   Thumb Code    12  scanf_char.o(.text)
    .text                                    0x000006a0   Section        0  scanf_char.o(.text)
    .text                                    0x000006cc   Section        0  _sgetc.o(.text)
    .text                                    0x0000070c   Section        8  rt_errno_addr_intlibspace.o(.text)
    .text                                    0x00000714   Section        0  isspace.o(.text)
    .text                                    0x00000728   Section        0  _scanf.o(.text)
    .text                                    0x00000a9c   Section        8  libspace.o(.text)
    .text                                    0x00000aa4   Section       74  sys_stackheap_outer.o(.text)
    .text                                    0x00000af0   Section       16  rt_ctype_table.o(.text)
    .text                                    0x00000b00   Section        0  exit.o(.text)
    .text                                    0x00000b14   Section        8  rt_locale_intlibspace.o(.text)
    .text                                    0x00000b1c   Section        0  sys_exit.o(.text)
    .text                                    0x00000b28   Section      128  strcmpv7m.o(.text)
    .text                                    0x00000ba8   Section        2  use_no_semi.o(.text)
    .text                                    0x00000baa   Section        0  indicate_semi.o(.text)
    [Anonymous Symbol]                       0x00000bac   Section        0  config_numeroposte.o(.text.Centrale_Read_Configuration)
    [Anonymous Symbol]                       0x00000c28   Section        0  recepteurir_centrale.o(.text.EINT3_IRQHandler)
    [Anonymous Symbol]                       0x00000c78   Section        0  fil.o(.text.Generator_Cmd_Station)
    [Anonymous Symbol]                       0x00000c88   Section        0  fil.o(.text.Generator_Cmd_Vitesse)
    [Anonymous Symbol]                       0x00000c94   Section        0  fil.o(.text.Generator_Init)
    [Anonymous Symbol]                       0x00000d20   Section        0  fil.o(.text.Generator_Send_Frame)
    [Anonymous Symbol]                       0x00000ec0   Section        0  interfacecentralesupervision.o(.text.Init_Supervision_UART0)
    [Anonymous Symbol]                       0x00000f20   Section        0  interfacecentralesupervision.o(.text.Supervision_Manage_Wire_Transmission_Tick)
    [Anonymous Symbol]                       0x00000f9c   Section        0  interfacecentralesupervision.o(.text.Supervision_Process_Incoming_Non_Blocking)
    [Anonymous Symbol]                       0x000010e4   Section        0  interfacecentralesupervision.o(.text.Supervision_Process_TX_Non_Blocking)
    [Anonymous Symbol]                       0x00001128   Section        0  main.o(.text.SysTick_Handler)
    [Anonymous Symbol]                       0x00001164   Section        0  system_lpc17xx.o(.text.SystemInit)
    [Anonymous Symbol]                       0x00001230   Section        0  fil.o(.text.TIMER0_IRQHandler)
    [Anonymous Symbol]                       0x000013c8   Section        0  emetteurdtmf.o(.text.TIMER1_IRQHandler)
    [Anonymous Symbol]                       0x00001450   Section        0  receivemessageposte.o(.text.Traitement_Response_Post)
    [Anonymous Symbol]                       0x000015e8   Section        0  receivemessageposte.o(.text.Traitement_Timeout_Error)
    [Anonymous Symbol]                       0x00001600   Section        0  receivemessageposte.o(.text.UART3_IRQHandler)
    [Anonymous Symbol]                       0x00001680   Section        0  emetteurdtmf.o(.text.dtmf_send_command)
    [Anonymous Symbol]                       0x000016f4   Section        0  emetteurdtmf.o(.text.dtmf_sequence_process_non_blocking)
    [Anonymous Symbol]                       0x000017d8   Section        0  emetteurdtmf.o(.text.dtmf_set_char)
    DTMF_STEP_LOW                            0x000018e0   Number         0  emetteurdtmf.o(.text.dtmf_set_char)
    DTMF_STEP_HIGH                           0x000018f0   Number         0  emetteurdtmf.o(.text.dtmf_set_char)
    [Anonymous Symbol]                       0x00001900   Section        0  gestionaiguillage.o(.text.gestion_intersection_process)
    [Anonymous Symbol]                       0x00001a38   Section        0  receivemessageposte.o(.text.handle_centrale_leds_non_blocking)
    [Anonymous Symbol]                       0x00001aa0   Section        0  interfacepostecentraleconfig.o(.text.init_leds)
    [Anonymous Symbol]                       0x00001ac8   Section        0  recepteurir_centrale.o(.text.init_recepteur_ir_centrale)
    [Anonymous Symbol]                       0x00001b54   Section        0  config_numeroposte.o(.text.init_switch)
    [Anonymous Symbol]                       0x00001b80   Section        0  emetteurdtmf.o(.text.init_timer)
    [Anonymous Symbol]                       0x00001c68   Section        0  interfacepostecentraleconfig.o(.text.init_uart3_centrale)
    [Anonymous Symbol]                       0x00001ce0   Section        0  main.o(.text.main)
    [Anonymous Symbol]                       0x00001d88   Section        0  sendmessageposte.o(.text.polling_system_non_blocking)
    [Anonymous Symbol]                       0x00001f08   Section        0  recepteurir_centrale.o(.text.process_ir_edge)
    i.__ARM_fpclassify                       0x000020a2   Section        0  fpclassify.o(i.__ARM_fpclassify)
    i.__ieee754_rem_pio2                     0x000020cc   Section        0  rred.o(i.__ieee754_rem_pio2)
    i.__kernel_cos                           0x00002454   Section        0  cos_i.o(i.__kernel_cos)
    i.__kernel_poly                          0x00002550   Section        0  poly.o(i.__kernel_poly)
    i.__kernel_sin                           0x000025fc   Section        0  sin_i.o(i.__kernel_sin)
    i.__mathlib_dbl_infnan                   0x000026e8   Section        0  dunder.o(i.__mathlib_dbl_infnan)
    i.__mathlib_dbl_invalid                  0x000026ee   Section        0  dunder.o(i.__mathlib_dbl_invalid)
    i.__mathlib_dbl_underflow                0x000026fc   Section        0  dunder.o(i.__mathlib_dbl_underflow)
    i.sin                                    0x0000270c   Section        0  sin.o(i.sin)
    locale$$code                             0x000027ac   Section       44  lc_ctype_c.o(locale$$code)
    x$fpl$dadd                               0x000027d8   Section      336  daddsub_clz.o(x$fpl$dadd)
    _dadd1                                   0x000027e9   Thumb Code     0  daddsub_clz.o(x$fpl$dadd)
    x$fpl$dcheck1                            0x00002928   Section       16  dcheck1.o(x$fpl$dcheck1)
    x$fpl$ddiv                               0x00002938   Section      692  ddiv.o(x$fpl$ddiv)
    ddiv_entry                               0x0000293f   Thumb Code     0  ddiv.o(x$fpl$ddiv)
    x$fpl$dfix                               0x00002bec   Section       94  dfix.o(x$fpl$dfix)
    x$fpl$dflt                               0x00002c4a   Section       46  dflt_clz.o(x$fpl$dflt)
    x$fpl$dfltu                              0x00002c78   Section       38  dflt_clz.o(x$fpl$dfltu)
    x$fpl$dmul                               0x00002ca0   Section      340  dmul.o(x$fpl$dmul)
    x$fpl$dnaninf                            0x00002df4   Section      156  dnaninf.o(x$fpl$dnaninf)
    x$fpl$dretinf                            0x00002e90   Section       12  dretinf.o(x$fpl$dretinf)
    x$fpl$drsb                               0x00002e9c   Section       22  daddsub_clz.o(x$fpl$drsb)
    x$fpl$dsub                               0x00002eb4   Section      476  daddsub_clz.o(x$fpl$dsub)
    _dsub1                                   0x00002ec5   Thumb Code     0  daddsub_clz.o(x$fpl$dsub)
    x$fpl$retnan                             0x00003090   Section      100  retnan.o(x$fpl$retnan)
    x$fpl$scalbn                             0x000030f4   Section       92  scalbn.o(x$fpl$scalbn)
    x$fpl$trapveneer                         0x00003150   Section       48  trapv.o(x$fpl$trapveneer)
    C                                        0x00003180   Data          48  cos_i.o(.constdata)
    .constdata                               0x00003180   Section       48  cos_i.o(.constdata)
    x$fpl$usenofp                            0x00003180   Section        0  usenofp.o(x$fpl$usenofp)
    pio2s                                    0x000031b0   Data          48  rred.o(.constdata)
    .constdata                               0x000031b0   Section      204  rred.o(.constdata)
    twooverpi                                0x000031e0   Data         156  rred.o(.constdata)
    S                                        0x00003280   Data          40  sin_i.o(.constdata)
    .constdata                               0x00003280   Section       40  sin_i.o(.constdata)
    locale$$data                             0x000032e0   Section      272  lc_ctype_c.o(locale$$data)
    __lcctype_c_name                         0x000032e4   Data           2  lc_ctype_c.o(locale$$data)
    __lcctype_c_start                        0x000032ec   Data           0  lc_ctype_c.o(locale$$data)
    __lcctype_c_end                          0x000033f0   Data           0  lc_ctype_c.o(locale$$data)
    .bss                                     0x10000008   Section       96  libspace.o(.bss)
    SINE_TABLE                               0x10000068   Data        2048  emetteurdtmf.o(.bss.SINE_TABLE)
    [Anonymous Symbol]                       0x10000068   Section        0  emetteurdtmf.o(.bss.SINE_TABLE)
    TIMER0_IRQHandler.idle_flip              0x10000868   Data           1  fil.o(.bss.TIMER0_IRQHandler.idle_flip)
    [Anonymous Symbol]                       0x10000868   Section        0  fil.o(.bss.TIMER0_IRQHandler.idle_flip)
    TIMER1_IRQHandler.phase_acc_high         0x1000086c   Data           4  emetteurdtmf.o(.bss.TIMER1_IRQHandler.phase_acc_high)
    [Anonymous Symbol]                       0x1000086c   Section        0  emetteurdtmf.o(.bss.TIMER1_IRQHandler.phase_acc_high)
    TIMER1_IRQHandler.phase_acc_low          0x10000870   Data           4  emetteurdtmf.o(.bss.TIMER1_IRQHandler.phase_acc_low)
    [Anonymous Symbol]                       0x10000870   Section        0  emetteurdtmf.o(.bss.TIMER1_IRQHandler.phase_acc_low)
    cmd_buffer                               0x10000880   Data           8  emetteurdtmf.o(.bss.cmd_buffer)
    [Anonymous Symbol]                       0x10000880   Section        0  emetteurdtmf.o(.bss.cmd_buffer)
    cmd_index                                0x10000888   Data           1  emetteurdtmf.o(.bss.cmd_index)
    [Anonymous Symbol]                       0x10000888   Section        0  emetteurdtmf.o(.bss.cmd_index)
    dtmf_timer                               0x10000898   Data           4  emetteurdtmf.o(.bss.dtmf_timer)
    [Anonymous Symbol]                       0x10000898   Section        0  emetteurdtmf.o(.bss.dtmf_timer)
    intersection_timer                       0x100008a4   Data           4  gestionaiguillage.o(.bss.intersection_timer)
    [Anonymous Symbol]                       0x100008a4   Section        0  gestionaiguillage.o(.bss.intersection_timer)
    ir_north                                 0x100008a8   Data          24  recepteurir_centrale.o(.bss.ir_north)
    [Anonymous Symbol]                       0x100008a8   Section        0  recepteurir_centrale.o(.bss.ir_north)
    ir_south                                 0x100008c0   Data          24  recepteurir_centrale.o(.bss.ir_south)
    [Anonymous Symbol]                       0x100008c0   Section        0  recepteurir_centrale.o(.bss.ir_south)
    last_tx_tick                             0x100008d8   Data           4  interfacecentralesupervision.o(.bss.last_tx_tick)
    [Anonymous Symbol]                       0x100008d8   Section        0  interfacecentralesupervision.o(.bss.last_tx_tick)
    led_blink_cycles                         0x100008dc   Data           4  receivemessageposte.o(.bss.led_blink_cycles)
    [Anonymous Symbol]                       0x100008dc   Section        0  receivemessageposte.o(.bss.led_blink_cycles)
    led_state                                0x100008e0   Data           1  receivemessageposte.o(.bss.led_state)
    [Anonymous Symbol]                       0x100008e0   Section        0  receivemessageposte.o(.bss.led_state)
    led_timer                                0x100008e4   Data           4  receivemessageposte.o(.bss.led_timer)
    [Anonymous Symbol]                       0x100008e4   Section        0  receivemessageposte.o(.bss.led_timer)
    seq_state                                0x10000cc4   Data           1  emetteurdtmf.o(.bss.seq_state)
    [Anonymous Symbol]                       0x10000cc4   Section        0  emetteurdtmf.o(.bss.seq_state)
    sup_rx_buffer                            0x10000cc6   Data          64  interfacecentralesupervision.o(.bss.sup_rx_buffer)
    [Anonymous Symbol]                       0x10000cc6   Section        0  interfacecentralesupervision.o(.bss.sup_rx_buffer)
    sup_rx_index                             0x10000d06   Data           1  interfacecentralesupervision.o(.bss.sup_rx_index)
    [Anonymous Symbol]                       0x10000d06   Section        0  interfacecentralesupervision.o(.bss.sup_rx_index)
    tx_buffer                                0x10000d19   Data         128  interfacecentralesupervision.o(.bss.tx_buffer)
    [Anonymous Symbol]                       0x10000d19   Section        0  interfacecentralesupervision.o(.bss.tx_buffer)
    tx_head                                  0x10000d9a   Data           2  interfacecentralesupervision.o(.bss.tx_head)
    [Anonymous Symbol]                       0x10000d9a   Section        0  interfacecentralesupervision.o(.bss.tx_head)
    tx_tail                                  0x10000d9c   Data           2  interfacecentralesupervision.o(.bss.tx_tail)
    [Anonymous Symbol]                       0x10000d9c   Section        0  interfacecentralesupervision.o(.bss.tx_tail)
    Heap_Mem                                 0x10000da0   Data           0  startup_lpc17xx.o(HEAP)
    Stack_Mem                                0x10000da0   Data         512  startup_lpc17xx.o(STACK)
    HEAP                                     0x10000da0   Section        0  startup_lpc17xx.o(HEAP)
    STACK                                    0x10000da0   Section      512  startup_lpc17xx.o(STACK)
    __initial_sp                             0x10000fa0   Data           0  startup_lpc17xx.o(STACK)

    Global Symbols

    Symbol Name                              Value     Ov Type        Size  Object(Section)

    BuildAttributes$$THM_ISAv4$P$D$K$B$S$PE$A:L22UL41UL21$X:L11$S22US41US21$IEEE1$IW$~IW$USESV6$~STKCKD$USESV7$~SHL$OTIME$ROPI$IEEEX$EBA8$UX$STANDARDLIB$REQ8$PRES8$EABIv2 0x00000000   Number         0  anon$$obj.o ABSOLUTE
    __Vectors                                0x00000000   Data           4  startup_lpc17xx.o(RESET)
    __fp_init_empty                          0x00000000   Number         0  fpinit_empty.o ABSOLUTE
    _printf_flags                            0x00000000   Number         0  printf_stubs.o ABSOLUTE
    _printf_return_value                     0x00000000   Number         0  printf_stubs.o ABSOLUTE
    _printf_sizespec                         0x00000000   Number         0  printf_stubs.o ABSOLUTE
    _printf_widthprec                        0x00000000   Number         0  printf_stubs.o ABSOLUTE
    __ARM_exceptions_init                     - Undefined Weak Reference
    __alloca_initialize                       - Undefined Weak Reference
    __arm_preinit_                            - Undefined Weak Reference
    __arm_relocate_pie_                       - Undefined Weak Reference
    __cpp_initialize__aeabi_                  - Undefined Weak Reference
    __cxa_finalize                            - Undefined Weak Reference
    __sigvec_lookup                           - Undefined Weak Reference
    _atexit_init                              - Undefined Weak Reference
    _call_atexit_fns                          - Undefined Weak Reference
    _clock_init                               - Undefined Weak Reference
    _fp_trap_init                             - Undefined Weak Reference
    _fp_trap_shutdown                         - Undefined Weak Reference
    _get_lc_collate                           - Undefined Weak Reference
    _get_lc_monetary                          - Undefined Weak Reference
    _get_lc_numeric                           - Undefined Weak Reference
    _get_lc_time                              - Undefined Weak Reference
    _getenv_init                              - Undefined Weak Reference
    _handle_redirection                       - Undefined Weak Reference
    _init_alloc                               - Undefined Weak Reference
    _init_user_alloc                          - Undefined Weak Reference
    _initio                                   - Undefined Weak Reference
    _printf_mbtowc                            - Undefined Weak Reference
    _printf_truncate_signed                   - Undefined Weak Reference
    _printf_truncate_unsigned                 - Undefined Weak Reference
    _rand_init                                - Undefined Weak Reference
    _scanf_longlong                           - Undefined Weak Reference
    _scanf_mbtowc                             - Undefined Weak Reference
    _scanf_real                               - Undefined Weak Reference
    _scanf_wctomb                             - Undefined Weak Reference
    _scanf_wstring                            - Undefined Weak Reference
    _signal_finish                            - Undefined Weak Reference
    _signal_init                              - Undefined Weak Reference
    _terminate_alloc                          - Undefined Weak Reference
    _terminate_user_alloc                     - Undefined Weak Reference
    _terminateio                              - Undefined Weak Reference
    __main                                   0x000000cd   Thumb Code     8  __main.o(!!!main)
    __scatterload                            0x000000d5   Thumb Code     0  __scatter.o(!!!scatter)
    __scatterload_rt2                        0x000000d5   Thumb Code    84  __scatter.o(!!!scatter)
    __scatterload_rt2_thumb_only             0x000000d5   Thumb Code     0  __scatter.o(!!!scatter)
    __scatterload_loop                       0x000000df   Thumb Code     0  __scatter.o(!!!scatter)
    __scatterload_copy                       0x00000131   Thumb Code    26  __scatter_copy.o(!!handler_copy)
    __scatterload_null                       0x0000014d   Thumb Code     2  __scatter.o(!!handler_null)
    __scatterload_zeroinit                   0x00000151   Thumb Code    28  __scatter_zi.o(!!handler_zi)
    _printf_d                                0x0000016d   Thumb Code     0  _printf_d.o(.ARM.Collect$$_printf_percent$$00000009)
    _printf_percent                          0x0000016d   Thumb Code     0  _printf_percent.o(.ARM.Collect$$_printf_percent$$00000000)
    _printf_s                                0x00000173   Thumb Code     0  _printf_s.o(.ARM.Collect$$_printf_percent$$00000014)
    _printf_percent_end                      0x00000179   Thumb Code     0  _printf_percent_end.o(.ARM.Collect$$_printf_percent$$00000017)
    __rt_lib_init                            0x0000017d   Thumb Code     0  libinit.o(.ARM.Collect$$libinit$$00000000)
    __rt_lib_init_fp_1                       0x0000017f   Thumb Code     0  libinit2.o(.ARM.Collect$$libinit$$00000002)
    __rt_lib_init_heap_1                     0x0000017f   Thumb Code     0  libinit2.o(.ARM.Collect$$libinit$$0000000C)
    __rt_lib_init_lc_common                  0x0000017f   Thumb Code     0  libinit2.o(.ARM.Collect$$libinit$$00000011)
    __rt_lib_init_preinit_1                  0x0000017f   Thumb Code     0  libinit2.o(.ARM.Collect$$libinit$$00000006)
    __rt_lib_init_rand_1                     0x0000017f   Thumb Code     0  libinit2.o(.ARM.Collect$$libinit$$00000010)
    __rt_lib_init_relocate_pie_1             0x0000017f   Thumb Code     0  libinit2.o(.ARM.Collect$$libinit$$00000004)
    __rt_lib_init_user_alloc_1               0x0000017f   Thumb Code     0  libinit2.o(.ARM.Collect$$libinit$$0000000E)
    __rt_lib_init_lc_collate_1               0x00000185   Thumb Code     0  libinit2.o(.ARM.Collect$$libinit$$00000013)
    __rt_lib_init_lc_ctype_2                 0x00000185   Thumb Code     0  libinit2.o(.ARM.Collect$$libinit$$00000014)
    __rt_lib_init_alloca_1                   0x00000191   Thumb Code     0  libinit2.o(.ARM.Collect$$libinit$$00000030)
    __rt_lib_init_argv_1                     0x00000191   Thumb Code     0  libinit2.o(.ARM.Collect$$libinit$$0000002E)
    __rt_lib_init_atexit_1                   0x00000191   Thumb Code     0  libinit2.o(.ARM.Collect$$libinit$$0000001D)
    __rt_lib_init_clock_1                    0x00000191   Thumb Code     0  libinit2.o(.ARM.Collect$$libinit$$00000023)
    __rt_lib_init_cpp_1                      0x00000191   Thumb Code     0  libinit2.o(.ARM.Collect$$libinit$$00000034)
    __rt_lib_init_exceptions_1               0x00000191   Thumb Code     0  libinit2.o(.ARM.Collect$$libinit$$00000032)
    __rt_lib_init_fp_trap_1                  0x00000191   Thumb Code     0  libinit2.o(.ARM.Collect$$libinit$$00000021)
    __rt_lib_init_getenv_1                   0x00000191   Thumb Code     0  libinit2.o(.ARM.Collect$$libinit$$00000025)
    __rt_lib_init_lc_ctype_1                 0x00000191   Thumb Code     0  libinit2.o(.ARM.Collect$$libinit$$00000015)
    __rt_lib_init_lc_monetary_1              0x00000191   Thumb Code     0  libinit2.o(.ARM.Collect$$libinit$$00000017)
    __rt_lib_init_lc_numeric_1               0x00000191   Thumb Code     0  libinit2.o(.ARM.Collect$$libinit$$00000019)
    __rt_lib_init_lc_time_1                  0x00000191   Thumb Code     0  libinit2.o(.ARM.Collect$$libinit$$0000001B)
    __rt_lib_init_return                     0x00000191   Thumb Code     0  libinit2.o(.ARM.Collect$$libinit$$00000035)
    __rt_lib_init_signal_1                   0x00000191   Thumb Code     0  libinit2.o(.ARM.Collect$$libinit$$0000001F)
    __rt_lib_init_stdio_1                    0x00000191   Thumb Code     0  libinit2.o(.ARM.Collect$$libinit$$00000027)
    __rt_lib_shutdown                        0x00000193   Thumb Code     0  libshutdown.o(.ARM.Collect$$libshutdown$$00000000)
    __rt_lib_shutdown_cpp_1                  0x00000195   Thumb Code     0  libshutdown2.o(.ARM.Collect$$libshutdown$$00000002)
    __rt_lib_shutdown_fp_trap_1              0x00000195   Thumb Code     0  libshutdown2.o(.ARM.Collect$$libshutdown$$00000007)
    __rt_lib_shutdown_heap_1                 0x00000195   Thumb Code     0  libshutdown2.o(.ARM.Collect$$libshutdown$$0000000F)
    __rt_lib_shutdown_return                 0x00000195   Thumb Code     0  libshutdown2.o(.ARM.Collect$$libshutdown$$00000010)
    __rt_lib_shutdown_signal_1               0x00000195   Thumb Code     0  libshutdown2.o(.ARM.Collect$$libshutdown$$0000000A)
    __rt_lib_shutdown_stdio_1                0x00000195   Thumb Code     0  libshutdown2.o(.ARM.Collect$$libshutdown$$00000004)
    __rt_lib_shutdown_user_alloc_1           0x00000195   Thumb Code     0  libshutdown2.o(.ARM.Collect$$libshutdown$$0000000C)
    __rt_entry                               0x00000197   Thumb Code     0  __rtentry.o(.ARM.Collect$$rtentry$$00000000)
    __rt_entry_presh_1                       0x00000197   Thumb Code     0  __rtentry2.o(.ARM.Collect$$rtentry$$00000002)
    __rt_entry_sh                            0x00000197   Thumb Code     0  __rtentry4.o(.ARM.Collect$$rtentry$$00000004)
    __rt_entry_li                            0x0000019d   Thumb Code     0  __rtentry2.o(.ARM.Collect$$rtentry$$0000000A)
    __rt_entry_postsh_1                      0x0000019d   Thumb Code     0  __rtentry2.o(.ARM.Collect$$rtentry$$00000009)
    __rt_entry_main                          0x000001a1   Thumb Code     0  __rtentry2.o(.ARM.Collect$$rtentry$$0000000D)
    __rt_entry_postli_1                      0x000001a1   Thumb Code     0  __rtentry2.o(.ARM.Collect$$rtentry$$0000000C)
    __rt_exit                                0x000001a9   Thumb Code     0  rtexit.o(.ARM.Collect$$rtexit$$00000000)
    __rt_exit_ls                             0x000001ab   Thumb Code     0  rtexit2.o(.ARM.Collect$$rtexit$$00000003)
    __rt_exit_prels_1                        0x000001ab   Thumb Code     0  rtexit2.o(.ARM.Collect$$rtexit$$00000002)
    __rt_exit_exit                           0x000001af   Thumb Code     0  rtexit2.o(.ARM.Collect$$rtexit$$00000004)
    Reset_Handler                            0x000001b5   Thumb Code     8  startup_lpc17xx.o(.text)
    NMI_Handler                              0x000001bd   Thumb Code     2  startup_lpc17xx.o(.text)
    HardFault_Handler                        0x000001bf   Thumb Code     2  startup_lpc17xx.o(.text)
    MemManage_Handler                        0x000001c1   Thumb Code     2  startup_lpc17xx.o(.text)
    BusFault_Handler                         0x000001c3   Thumb Code     2  startup_lpc17xx.o(.text)
    UsageFault_Handler                       0x000001c5   Thumb Code     2  startup_lpc17xx.o(.text)
    SVC_Handler                              0x000001c7   Thumb Code     2  startup_lpc17xx.o(.text)
    DebugMon_Handler                         0x000001c9   Thumb Code     2  startup_lpc17xx.o(.text)
    PendSV_Handler                           0x000001cb   Thumb Code     2  startup_lpc17xx.o(.text)
    ADC_IRQHandler                           0x000001cf   Thumb Code     0  startup_lpc17xx.o(.text)
    BOD_IRQHandler                           0x000001cf   Thumb Code     0  startup_lpc17xx.o(.text)
    CANActivity_IRQHandler                   0x000001cf   Thumb Code     0  startup_lpc17xx.o(.text)
    CAN_IRQHandler                           0x000001cf   Thumb Code     0  startup_lpc17xx.o(.text)
    DMA_IRQHandler                           0x000001cf   Thumb Code     0  startup_lpc17xx.o(.text)
    EINT0_IRQHandler                         0x000001cf   Thumb Code     0  startup_lpc17xx.o(.text)
    EINT1_IRQHandler                         0x000001cf   Thumb Code     0  startup_lpc17xx.o(.text)
    EINT2_IRQHandler                         0x000001cf   Thumb Code     0  startup_lpc17xx.o(.text)
    ENET_IRQHandler                          0x000001cf   Thumb Code     0  startup_lpc17xx.o(.text)
    I2C0_IRQHandler                          0x000001cf   Thumb Code     0  startup_lpc17xx.o(.text)
    I2C1_IRQHandler                          0x000001cf   Thumb Code     0  startup_lpc17xx.o(.text)
    I2C2_IRQHandler                          0x000001cf   Thumb Code     0  startup_lpc17xx.o(.text)
    I2S_IRQHandler                           0x000001cf   Thumb Code     0  startup_lpc17xx.o(.text)
    MCPWM_IRQHandler                         0x000001cf   Thumb Code     0  startup_lpc17xx.o(.text)
    PLL0_IRQHandler                          0x000001cf   Thumb Code     0  startup_lpc17xx.o(.text)
    PLL1_IRQHandler                          0x000001cf   Thumb Code     0  startup_lpc17xx.o(.text)
    PWM1_IRQHandler                          0x000001cf   Thumb Code     0  startup_lpc17xx.o(.text)
    QEI_IRQHandler                           0x000001cf   Thumb Code     0  startup_lpc17xx.o(.text)
    RIT_IRQHandler                           0x000001cf   Thumb Code     0  startup_lpc17xx.o(.text)
    RTC_IRQHandler                           0x000001cf   Thumb Code     0  startup_lpc17xx.o(.text)
    SPI_IRQHandler                           0x000001cf   Thumb Code     0  startup_lpc17xx.o(.text)
    SSP0_IRQHandler                          0x000001cf   Thumb Code     0  startup_lpc17xx.o(.text)
    SSP1_IRQHandler                          0x000001cf   Thumb Code     0  startup_lpc17xx.o(.text)
    TIMER2_IRQHandler                        0x000001cf   Thumb Code     0  startup_lpc17xx.o(.text)
    TIMER3_IRQHandler                        0x000001cf   Thumb Code     0  startup_lpc17xx.o(.text)
    UART0_IRQHandler                         0x000001cf   Thumb Code     0  startup_lpc17xx.o(.text)
    UART1_IRQHandler                         0x000001cf   Thumb Code     0  startup_lpc17xx.o(.text)
    UART2_IRQHandler                         0x000001cf   Thumb Code     0  startup_lpc17xx.o(.text)
    USBActivity_IRQHandler                   0x000001cf   Thumb Code     0  startup_lpc17xx.o(.text)
    USB_IRQHandler                           0x000001cf   Thumb Code     0  startup_lpc17xx.o(.text)
    WDT_IRQHandler                           0x000001cf   Thumb Code     0  startup_lpc17xx.o(.text)
    __user_initial_stackheap                 0x000001d1   Thumb Code     0  startup_lpc17xx.o(.text)
    _printf_pre_padding                      0x000001f1   Thumb Code    44  _printf_pad.o(.text)
    _printf_post_padding                     0x0000021d   Thumb Code    34  _printf_pad.o(.text)
    _printf_str                              0x0000023f   Thumb Code    82  _printf_str.o(.text)
    __0sscanf                                0x00000291   Thumb Code    52  __0sscanf.o(.text)
    strchr                                   0x000002cd   Thumb Code    20  strchr.o(.text)
    __use_two_region_memory                  0x000002e1   Thumb Code     2  heapauxi.o(.text)
    __rt_heap_escrow$2region                 0x000002e3   Thumb Code     2  heapauxi.o(.text)
    __rt_heap_expand$2region                 0x000002e5   Thumb Code     2  heapauxi.o(.text)
    __read_errno                             0x000002e7   Thumb Code    10  _rserrno.o(.text)
    __set_errno                              0x000002f1   Thumb Code    12  _rserrno.o(.text)
    _printf_int_dec                          0x00000301   Thumb Code   104  _printf_dec.o(.text)
    _scanf_int                               0x00000379   Thumb Code   332  _scanf_int.o(.text)
    _scanf_string                            0x000004c5   Thumb Code   224  _scanf_str.o(.text)
    _printf_int_common                       0x000005a5   Thumb Code   178  _printf_intcommon.o(.text)
    _printf_cs_common                        0x00000657   Thumb Code    20  _printf_char.o(.text)
    _printf_char                             0x0000066b   Thumb Code    16  _printf_char.o(.text)
    _printf_string                           0x0000067b   Thumb Code     8  _printf_char.o(.text)
    _chval                                   0x00000683   Thumb Code    28  _chval.o(.text)
    __vfscanf_char                           0x000006ad   Thumb Code    24  scanf_char.o(.text)
    _sgetc                                   0x000006cd   Thumb Code    30  _sgetc.o(.text)
    _sbackspace                              0x000006eb   Thumb Code    34  _sgetc.o(.text)
    __aeabi_errno_addr                       0x0000070d   Thumb Code     8  rt_errno_addr_intlibspace.o(.text)
    __errno$intlibspace                      0x0000070d   Thumb Code     0  rt_errno_addr_intlibspace.o(.text)
    __rt_errno_addr$intlibspace              0x0000070d   Thumb Code     0  rt_errno_addr_intlibspace.o(.text)
    isspace                                  0x00000715   Thumb Code    18  isspace.o(.text)
    __vfscanf                                0x00000729   Thumb Code   878  _scanf.o(.text)
    __user_libspace                          0x00000a9d   Thumb Code     8  libspace.o(.text)
    __user_perproc_libspace                  0x00000a9d   Thumb Code     0  libspace.o(.text)
    __user_perthread_libspace                0x00000a9d   Thumb Code     0  libspace.o(.text)
    __user_setup_stackheap                   0x00000aa5   Thumb Code    74  sys_stackheap_outer.o(.text)
    __rt_ctype_table                         0x00000af1   Thumb Code    16  rt_ctype_table.o(.text)
    exit                                     0x00000b01   Thumb Code    18  exit.o(.text)
    __rt_locale                              0x00000b15   Thumb Code     8  rt_locale_intlibspace.o(.text)
    _sys_exit                                0x00000b1d   Thumb Code     8  sys_exit.o(.text)
    strcmp                                   0x00000b29   Thumb Code   128  strcmpv7m.o(.text)
    __I$use$semihosting                      0x00000ba9   Thumb Code     0  use_no_semi.o(.text)
    __use_no_semihosting_swi                 0x00000ba9   Thumb Code     2  use_no_semi.o(.text)
    __semihosting_library_function           0x00000bab   Thumb Code     0  indicate_semi.o(.text)
    Centrale_Read_Configuration              0x00000bad   Thumb Code   124  config_numeroposte.o(.text.Centrale_Read_Configuration)
    EINT3_IRQHandler                         0x00000c29   Thumb Code    80  recepteurir_centrale.o(.text.EINT3_IRQHandler)
    Generator_Cmd_Station                    0x00000c79   Thumb Code    14  fil.o(.text.Generator_Cmd_Station)
    Generator_Cmd_Vitesse                    0x00000c89   Thumb Code    10  fil.o(.text.Generator_Cmd_Vitesse)
    Generator_Init                           0x00000c95   Thumb Code   138  fil.o(.text.Generator_Init)
    Generator_Send_Frame                     0x00000d21   Thumb Code   416  fil.o(.text.Generator_Send_Frame)
    Init_Supervision_UART0                   0x00000ec1   Thumb Code    96  interfacecentralesupervision.o(.text.Init_Supervision_UART0)
    Supervision_Manage_Wire_Transmission_Tick 0x00000f21   Thumb Code   122  interfacecentralesupervision.o(.text.Supervision_Manage_Wire_Transmission_Tick)
    Supervision_Process_Incoming_Non_Blocking 0x00000f9d   Thumb Code   296  interfacecentralesupervision.o(.text.Supervision_Process_Incoming_Non_Blocking)
    Supervision_Process_TX_Non_Blocking      0x000010e5   Thumb Code    66  interfacecentralesupervision.o(.text.Supervision_Process_TX_Non_Blocking)
    SysTick_Handler                          0x00001129   Thumb Code    60  main.o(.text.SysTick_Handler)
    SystemInit                               0x00001165   Thumb Code   204  system_lpc17xx.o(.text.SystemInit)
    TIMER0_IRQHandler                        0x00001231   Thumb Code   406  fil.o(.text.TIMER0_IRQHandler)
    TIMER1_IRQHandler                        0x000013c9   Thumb Code   136  emetteurdtmf.o(.text.TIMER1_IRQHandler)
    Traitement_Response_Post                 0x00001451   Thumb Code   408  receivemessageposte.o(.text.Traitement_Response_Post)
    Traitement_Timeout_Error                 0x000015e9   Thumb Code    24  receivemessageposte.o(.text.Traitement_Timeout_Error)
    UART3_IRQHandler                         0x00001601   Thumb Code   128  receivemessageposte.o(.text.UART3_IRQHandler)
    dtmf_send_command                        0x00001681   Thumb Code   116  emetteurdtmf.o(.text.dtmf_send_command)
    dtmf_sequence_process_non_blocking       0x000016f5   Thumb Code   228  emetteurdtmf.o(.text.dtmf_sequence_process_non_blocking)
    dtmf_set_char                            0x000017d9   Thumb Code   264  emetteurdtmf.o(.text.dtmf_set_char)
    gestion_intersection_process             0x00001901   Thumb Code   312  gestionaiguillage.o(.text.gestion_intersection_process)
    handle_centrale_leds_non_blocking        0x00001a39   Thumb Code   104  receivemessageposte.o(.text.handle_centrale_leds_non_blocking)
    init_leds                                0x00001aa1   Thumb Code    38  interfacepostecentraleconfig.o(.text.init_leds)
    init_recepteur_ir_centrale               0x00001ac9   Thumb Code   138  recepteurir_centrale.o(.text.init_recepteur_ir_centrale)
    init_switch                              0x00001b55   Thumb Code    44  config_numeroposte.o(.text.init_switch)
    init_timer                               0x00001b81   Thumb Code   232  emetteurdtmf.o(.text.init_timer)
    init_uart3_centrale                      0x00001c69   Thumb Code   118  interfacepostecentraleconfig.o(.text.init_uart3_centrale)
    main                                     0x00001ce1   Thumb Code   166  main.o(.text.main)
    polling_system_non_blocking              0x00001d89   Thumb Code   382  sendmessageposte.o(.text.polling_system_non_blocking)
    process_ir_edge                          0x00001f09   Thumb Code   410  recepteurir_centrale.o(.text.process_ir_edge)
    __ARM_fpclassify                         0x000020a3   Thumb Code    40  fpclassify.o(i.__ARM_fpclassify)
    __ieee754_rem_pio2                       0x000020cd   Thumb Code   828  rred.o(i.__ieee754_rem_pio2)
    __kernel_cos                             0x00002455   Thumb Code   230  cos_i.o(i.__kernel_cos)
    __kernel_poly                            0x00002551   Thumb Code   170  poly.o(i.__kernel_poly)
    __kernel_sin                             0x000025fd   Thumb Code   224  sin_i.o(i.__kernel_sin)
    __mathlib_dbl_infnan                     0x000026e9   Thumb Code     6  dunder.o(i.__mathlib_dbl_infnan)
    __mathlib_dbl_invalid                    0x000026ef   Thumb Code    12  dunder.o(i.__mathlib_dbl_invalid)
    __mathlib_dbl_underflow                  0x000026fd   Thumb Code    10  dunder.o(i.__mathlib_dbl_underflow)
    sin                                      0x0000270d   Thumb Code   150  sin.o(i.sin)
    _get_lc_ctype                            0x000027ad   Thumb Code    44  lc_ctype_c.o(locale$$code)
    __aeabi_dadd                             0x000027d9   Thumb Code     0  daddsub_clz.o(x$fpl$dadd)
    _dadd                                    0x000027d9   Thumb Code   332  daddsub_clz.o(x$fpl$dadd)
    __fpl_dcheck_NaN1                        0x00002929   Thumb Code    10  dcheck1.o(x$fpl$dcheck1)
    __aeabi_ddiv                             0x00002939   Thumb Code     0  ddiv.o(x$fpl$ddiv)
    _ddiv                                    0x00002939   Thumb Code   556  ddiv.o(x$fpl$ddiv)
    __aeabi_d2iz                             0x00002bed   Thumb Code     0  dfix.o(x$fpl$dfix)
    _dfix                                    0x00002bed   Thumb Code    94  dfix.o(x$fpl$dfix)
    __aeabi_i2d                              0x00002c4b   Thumb Code     0  dflt_clz.o(x$fpl$dflt)
    _dflt                                    0x00002c4b   Thumb Code    46  dflt_clz.o(x$fpl$dflt)
    __aeabi_ui2d                             0x00002c79   Thumb Code     0  dflt_clz.o(x$fpl$dfltu)
    _dfltu                                   0x00002c79   Thumb Code    38  dflt_clz.o(x$fpl$dfltu)
    __aeabi_dmul                             0x00002ca1   Thumb Code     0  dmul.o(x$fpl$dmul)
    _dmul                                    0x00002ca1   Thumb Code   332  dmul.o(x$fpl$dmul)
    __fpl_dnaninf                            0x00002df5   Thumb Code   156  dnaninf.o(x$fpl$dnaninf)
    __fpl_dretinf                            0x00002e91   Thumb Code    12  dretinf.o(x$fpl$dretinf)
    __aeabi_drsub                            0x00002e9d   Thumb Code     0  daddsub_clz.o(x$fpl$drsb)
    _drsb                                    0x00002e9d   Thumb Code    22  daddsub_clz.o(x$fpl$drsb)
    __aeabi_dsub                             0x00002eb5   Thumb Code     0  daddsub_clz.o(x$fpl$dsub)
    _dsub                                    0x00002eb5   Thumb Code   472  daddsub_clz.o(x$fpl$dsub)
    __fpl_return_NaN                         0x00003091   Thumb Code   100  retnan.o(x$fpl$retnan)
    __ARM_scalbn                             0x000030f5   Thumb Code    92  scalbn.o(x$fpl$scalbn)
    __fpl_cmpreturn                          0x00003151   Thumb Code    48  trapv.o(x$fpl$trapveneer)
    __I$use$fp                               0x00003180   Number         0  usenofp.o(x$fpl$usenofp)
    MOTIF_DURATION_TICKS                     0x000032a8   Data          24  fil.o(.rodata.MOTIF_DURATION_TICKS)
    Region$$Table$$Base                      0x000032c0   Number         0  anon$$obj.o(Region$$Table)
    Region$$Table$$Limit                     0x000032e0   Number         0  anon$$obj.o(Region$$Table)
    __ctype                                  0x000032ed   Data           0  lc_ctype_c.o(locale$$data)
    SystemCoreClock                          0x10000000   Data           4  system_lpc17xx.o(.data.SystemCoreClock)
    active_motif                             0x10000004   Data           1  fil.o(.data.active_motif)
    current_state                            0x10000005   Data           1  fil.o(.data.current_state)
    robot_inside_intersection                0x10000006   Data           1  gestionaiguillage.o(.data.robot_inside_intersection)
    robot_waiting_on_entrance                0x10000007   Data           1  gestionaiguillage.o(.data.robot_waiting_on_entrance)
    __libspace_start                         0x10000008   Data          96  libspace.o(.bss)
    __temporary_stack_top$libspace           0x10000068   Data           0  libspace.o(.bss)
    actual_total_posts                       0x10000874   Data           4  config_numeroposte.o(.bss.actual_total_posts)
    actual_total_robots                      0x10000878   Data           4  config_numeroposte.o(.bss.actual_total_robots)
    buffer_head                              0x1000087c   Data           2  fil.o(.bss.buffer_head)
    buffer_tail                              0x1000087e   Data           2  fil.o(.bss.buffer_tail)
    current_post_idx                         0x1000088c   Data           4  config_numeroposte.o(.bss.current_post_idx)
    current_step_high                        0x10000890   Data           4  emetteurdtmf.o(.bss.current_step_high)
    current_step_low                         0x10000894   Data           4  emetteurdtmf.o(.bss.current_step_low)
    inter_slot_timer                         0x1000089c   Data           4  sendmessageposte.o(.bss.inter_slot_timer)
    intersection_busy                        0x100008a0   Data           1  gestionaiguillage.o(.bss.intersection_busy)
    motif_buffer                             0x100008e8   Data         128  fil.o(.bss.motif_buffer)
    msg_in_progress                          0x10000968   Data           1  fil.o(.bss.msg_in_progress)
    num_post                                 0x1000096c   Data           4  config_numeroposte.o(.bss.num_post)
    packet_ready                             0x10000970   Data           4  receivemessageposte.o(.bss.packet_ready)
    poll_state                               0x10000974   Data           1  sendmessageposte.o(.bss.poll_state)
    posts_list                               0x10000978   Data         396  config_numeroposte.o(.bss.posts_list)
    posts_requests                           0x10000b04   Data         297  receivemessageposte.o(.bss.posts_requests)
    robots_db                                0x10000c2d   Data         128  receivemessageposte.o(.bss.robots_db)
    rx_buffer                                0x10000cad   Data          16  receivemessageposte.o(.bss.rx_buffer)
    rx_index                                 0x10000cc0   Data           4  receivemessageposte.o(.bss.rx_index)
    sound_enabled                            0x10000cc5   Data           1  emetteurdtmf.o(.bss.sound_enabled)
    systick_ticks                            0x10000d08   Data           4  main.o(.bss.systick_ticks)
    tick_counter                             0x10000d0c   Data           4  fil.o(.bss.tick_counter)
    tick_ms                                  0x10000d10   Data           4  main.o(.bss.tick_ms)
    timeout_timer                            0x10000d14   Data           4  sendmessageposte.o(.bss.timeout_timer)
    toggle_50khz                             0x10000d18   Data           1  fil.o(.bss.toggle_50khz)



==============================================================================

Memory Map of the image

  Image Entry point : 0x000001b5

  Load Region LR_1 (Base: 0x00000000, Size: 0x000033f8, Max: 0xffffffff, ABSOLUTE)

    Execution Region ER_RO (Exec base: 0x00000000, Load base: 0x00000000, Size: 0x000033f0, Max: 0xffffffff, ABSOLUTE)

    Exec Addr    Load Addr    Size         Type   Attr      Idx    E Section Name        Object

    0x00000000   0x00000000   0x000000cc   Data   RO          215    RESET               startup_lpc17xx.o
    0x000000cc   0x000000cc   0x00000008   Code   RO          286  * !!!main             c_w.l(__main.o)
    0x000000d4   0x000000d4   0x0000005c   Code   RO          569    !!!scatter          c_w.l(__scatter.o)
    0x00000130   0x00000130   0x0000001a   Code   RO          573    !!handler_copy      c_w.l(__scatter_copy.o)
    0x0000014a   0x0000014a   0x00000002   PAD
    0x0000014c   0x0000014c   0x00000002   Code   RO          570    !!handler_null      c_w.l(__scatter.o)
    0x0000014e   0x0000014e   0x00000002   PAD
    0x00000150   0x00000150   0x0000001c   Code   RO          575    !!handler_zi        c_w.l(__scatter_zi.o)
    0x0000016c   0x0000016c   0x00000000   Code   RO          275    .ARM.Collect$$_printf_percent$$00000000  c_w.l(_printf_percent.o)
    0x0000016c   0x0000016c   0x00000006   Code   RO          274    .ARM.Collect$$_printf_percent$$00000009  c_w.l(_printf_d.o)
    0x00000172   0x00000172   0x00000006   Code   RO          273    .ARM.Collect$$_printf_percent$$00000014  c_w.l(_printf_s.o)
    0x00000178   0x00000178   0x00000004   Code   RO          325    .ARM.Collect$$_printf_percent$$00000017  c_w.l(_printf_percent_end.o)
    0x0000017c   0x0000017c   0x00000002   Code   RO          418    .ARM.Collect$$libinit$$00000000  c_w.l(libinit.o)
    0x0000017e   0x0000017e   0x00000000   Code   RO          438    .ARM.Collect$$libinit$$00000002  c_w.l(libinit2.o)
    0x0000017e   0x0000017e   0x00000000   Code   RO          440    .ARM.Collect$$libinit$$00000004  c_w.l(libinit2.o)
    0x0000017e   0x0000017e   0x00000000   Code   RO          442    .ARM.Collect$$libinit$$00000006  c_w.l(libinit2.o)
    0x0000017e   0x0000017e   0x00000000   Code   RO          445    .ARM.Collect$$libinit$$0000000C  c_w.l(libinit2.o)
    0x0000017e   0x0000017e   0x00000000   Code   RO          447    .ARM.Collect$$libinit$$0000000E  c_w.l(libinit2.o)
    0x0000017e   0x0000017e   0x00000000   Code   RO          449    .ARM.Collect$$libinit$$00000010  c_w.l(libinit2.o)
    0x0000017e   0x0000017e   0x00000006   Code   RO          450    .ARM.Collect$$libinit$$00000011  c_w.l(libinit2.o)
    0x00000184   0x00000184   0x00000000   Code   RO          452    .ARM.Collect$$libinit$$00000013  c_w.l(libinit2.o)
    0x00000184   0x00000184   0x0000000c   Code   RO          453    .ARM.Collect$$libinit$$00000014  c_w.l(libinit2.o)
    0x00000190   0x00000190   0x00000000   Code   RO          454    .ARM.Collect$$libinit$$00000015  c_w.l(libinit2.o)
    0x00000190   0x00000190   0x00000000   Code   RO          456    .ARM.Collect$$libinit$$00000017  c_w.l(libinit2.o)
    0x00000190   0x00000190   0x00000000   Code   RO          458    .ARM.Collect$$libinit$$00000019  c_w.l(libinit2.o)
    0x00000190   0x00000190   0x00000000   Code   RO          460    .ARM.Collect$$libinit$$0000001B  c_w.l(libinit2.o)
    0x00000190   0x00000190   0x00000000   Code   RO          462    .ARM.Collect$$libinit$$0000001D  c_w.l(libinit2.o)
    0x00000190   0x00000190   0x00000000   Code   RO          464    .ARM.Collect$$libinit$$0000001F  c_w.l(libinit2.o)
    0x00000190   0x00000190   0x00000000   Code   RO          466    .ARM.Collect$$libinit$$00000021  c_w.l(libinit2.o)
    0x00000190   0x00000190   0x00000000   Code   RO          468    .ARM.Collect$$libinit$$00000023  c_w.l(libinit2.o)
    0x00000190   0x00000190   0x00000000   Code   RO          470    .ARM.Collect$$libinit$$00000025  c_w.l(libinit2.o)
    0x00000190   0x00000190   0x00000000   Code   RO          472    .ARM.Collect$$libinit$$00000027  c_w.l(libinit2.o)
    0x00000190   0x00000190   0x00000000   Code   RO          476    .ARM.Collect$$libinit$$0000002E  c_w.l(libinit2.o)
    0x00000190   0x00000190   0x00000000   Code   RO          478    .ARM.Collect$$libinit$$00000030  c_w.l(libinit2.o)
    0x00000190   0x00000190   0x00000000   Code   RO          480    .ARM.Collect$$libinit$$00000032  c_w.l(libinit2.o)
    0x00000190   0x00000190   0x00000000   Code   RO          482    .ARM.Collect$$libinit$$00000034  c_w.l(libinit2.o)
    0x00000190   0x00000190   0x00000002   Code   RO          483    .ARM.Collect$$libinit$$00000035  c_w.l(libinit2.o)
    0x00000192   0x00000192   0x00000002   Code   RO          524    .ARM.Collect$$libshutdown$$00000000  c_w.l(libshutdown.o)
    0x00000194   0x00000194   0x00000000   Code   RO          552    .ARM.Collect$$libshutdown$$00000002  c_w.l(libshutdown2.o)
    0x00000194   0x00000194   0x00000000   Code   RO          554    .ARM.Collect$$libshutdown$$00000004  c_w.l(libshutdown2.o)
    0x00000194   0x00000194   0x00000000   Code   RO          557    .ARM.Collect$$libshutdown$$00000007  c_w.l(libshutdown2.o)
    0x00000194   0x00000194   0x00000000   Code   RO          560    .ARM.Collect$$libshutdown$$0000000A  c_w.l(libshutdown2.o)
    0x00000194   0x00000194   0x00000000   Code   RO          562    .ARM.Collect$$libshutdown$$0000000C  c_w.l(libshutdown2.o)
    0x00000194   0x00000194   0x00000000   Code   RO          565    .ARM.Collect$$libshutdown$$0000000F  c_w.l(libshutdown2.o)
    0x00000194   0x00000194   0x00000002   Code   RO          566    .ARM.Collect$$libshutdown$$00000010  c_w.l(libshutdown2.o)
    0x00000196   0x00000196   0x00000000   Code   RO          310    .ARM.Collect$$rtentry$$00000000  c_w.l(__rtentry.o)
    0x00000196   0x00000196   0x00000000   Code   RO          363    .ARM.Collect$$rtentry$$00000002  c_w.l(__rtentry2.o)
    0x00000196   0x00000196   0x00000006   Code   RO          375    .ARM.Collect$$rtentry$$00000004  c_w.l(__rtentry4.o)
    0x0000019c   0x0000019c   0x00000000   Code   RO          365    .ARM.Collect$$rtentry$$00000009  c_w.l(__rtentry2.o)
    0x0000019c   0x0000019c   0x00000004   Code   RO          366    .ARM.Collect$$rtentry$$0000000A  c_w.l(__rtentry2.o)
    0x000001a0   0x000001a0   0x00000000   Code   RO          368    .ARM.Collect$$rtentry$$0000000C  c_w.l(__rtentry2.o)
    0x000001a0   0x000001a0   0x00000008   Code   RO          369    .ARM.Collect$$rtentry$$0000000D  c_w.l(__rtentry2.o)
    0x000001a8   0x000001a8   0x00000002   Code   RO          421    .ARM.Collect$$rtexit$$00000000  c_w.l(rtexit.o)
    0x000001aa   0x000001aa   0x00000000   Code   RO          491    .ARM.Collect$$rtexit$$00000002  c_w.l(rtexit2.o)
    0x000001aa   0x000001aa   0x00000004   Code   RO          492    .ARM.Collect$$rtexit$$00000003  c_w.l(rtexit2.o)
    0x000001ae   0x000001ae   0x00000006   Code   RO          493    .ARM.Collect$$rtexit$$00000004  c_w.l(rtexit2.o)
    0x000001b4   0x000001b4   0x0000003c   Code   RO          217  * .text               startup_lpc17xx.o
    0x000001f0   0x000001f0   0x0000004e   Code   RO          247    .text               c_w.l(_printf_pad.o)
    0x0000023e   0x0000023e   0x00000052   Code   RO          249    .text               c_w.l(_printf_str.o)
    0x00000290   0x00000290   0x0000003c   Code   RO          276    .text               c_w.l(__0sscanf.o)
    0x000002cc   0x000002cc   0x00000014   Code   RO          282    .text               c_w.l(strchr.o)
    0x000002e0   0x000002e0   0x00000006   Code   RO          284    .text               c_w.l(heapauxi.o)
    0x000002e6   0x000002e6   0x00000016   Code   RO          315    .text               c_w.l(_rserrno.o)
    0x000002fc   0x000002fc   0x00000004   Code   RO          216    .ARM.__at_0x02FC    startup_lpc17xx.o
    0x00000300   0x00000300   0x00000078   Code   RO          251    .text               c_w.l(_printf_dec.o)
    0x00000378   0x00000378   0x0000014c   Code   RO          278    .text               c_w.l(_scanf_int.o)
    0x000004c4   0x000004c4   0x000000e0   Code   RO          280    .text               c_w.l(_scanf_str.o)
    0x000005a4   0x000005a4   0x000000b2   Code   RO          317    .text               c_w.l(_printf_intcommon.o)
    0x00000656   0x00000656   0x0000002c   Code   RO          323    .text               c_w.l(_printf_char.o)
    0x00000682   0x00000682   0x0000001c   Code   RO          326    .text               c_w.l(_chval.o)
    0x0000069e   0x0000069e   0x00000002   PAD
    0x000006a0   0x000006a0   0x0000002c   Code   RO          328    .text               c_w.l(scanf_char.o)
    0x000006cc   0x000006cc   0x00000040   Code   RO          330    .text               c_w.l(_sgetc.o)
    0x0000070c   0x0000070c   0x00000008   Code   RO          382    .text               c_w.l(rt_errno_addr_intlibspace.o)
    0x00000714   0x00000714   0x00000012   Code   RO          384    .text               c_w.l(isspace.o)
    0x00000726   0x00000726   0x00000002   PAD
    0x00000728   0x00000728   0x00000374   Code   RO          388    .text               c_w.l(_scanf.o)
    0x00000a9c   0x00000a9c   0x00000008   Code   RO          400    .text               c_w.l(libspace.o)
    0x00000aa4   0x00000aa4   0x0000004a   Code   RO          403    .text               c_w.l(sys_stackheap_outer.o)
    0x00000aee   0x00000aee   0x00000002   PAD
    0x00000af0   0x00000af0   0x00000010   Code   RO          405    .text               c_w.l(rt_ctype_table.o)
    0x00000b00   0x00000b00   0x00000012   Code   RO          407    .text               c_w.l(exit.o)
    0x00000b12   0x00000b12   0x00000002   PAD
    0x00000b14   0x00000b14   0x00000008   Code   RO          428    .text               c_w.l(rt_locale_intlibspace.o)
    0x00000b1c   0x00000b1c   0x0000000c   Code   RO          486    .text               c_w.l(sys_exit.o)
    0x00000b28   0x00000b28   0x00000080   Code   RO          501    .text               c_w.l(strcmpv7m.o)
    0x00000ba8   0x00000ba8   0x00000002   Code   RO          513    .text               c_w.l(use_no_semi.o)
    0x00000baa   0x00000baa   0x00000000   Code   RO          515    .text               c_w.l(indicate_semi.o)
    0x00000baa   0x00000baa   0x00000002   PAD
    0x00000bac   0x00000bac   0x0000007c   Code   RO           50    .text.Centrale_Read_Configuration  config_numeroposte.o
    0x00000c28   0x00000c28   0x00000050   Code   RO           91    .text.EINT3_IRQHandler  recepteurir_centrale.o
    0x00000c78   0x00000c78   0x0000000e   Code   RO          194    .text.Generator_Cmd_Station  fil.o
    0x00000c86   0x00000c86   0x00000002   PAD
    0x00000c88   0x00000c88   0x0000000a   Code   RO          192    .text.Generator_Cmd_Vitesse  fil.o
    0x00000c92   0x00000c92   0x00000002   PAD
    0x00000c94   0x00000c94   0x0000008a   Code   RO          182    .text.Generator_Init  fil.o
    0x00000d1e   0x00000d1e   0x00000002   PAD
    0x00000d20   0x00000d20   0x000001a0   Code   RO          190    .text.Generator_Send_Frame  fil.o
    0x00000ec0   0x00000ec0   0x00000060   Code   RO          148    .text.Init_Supervision_UART0  interfacecentralesupervision.o
    0x00000f20   0x00000f20   0x0000007a   Code   RO          158    .text.Supervision_Manage_Wire_Transmission_Tick  interfacecentralesupervision.o
    0x00000f9a   0x00000f9a   0x00000002   PAD
    0x00000f9c   0x00000f9c   0x00000148   Code   RO          156    .text.Supervision_Process_Incoming_Non_Blocking  interfacecentralesupervision.o
    0x000010e4   0x000010e4   0x00000042   Code   RO          152    .text.Supervision_Process_TX_Non_Blocking  interfacecentralesupervision.o
    0x00001126   0x00001126   0x00000002   PAD
    0x00001128   0x00001128   0x0000003c   Code   RO            4    .text.SysTick_Handler  main.o
    0x00001164   0x00001164   0x000000cc   Code   RO          228    .text.SystemInit    system_lpc17xx.o
    0x00001230   0x00001230   0x00000196   Code   RO          186    .text.TIMER0_IRQHandler  fil.o
    0x000013c6   0x000013c6   0x00000002   PAD
    0x000013c8   0x000013c8   0x00000088   Code   RO          107    .text.TIMER1_IRQHandler  emetteurdtmf.o
    0x00001450   0x00001450   0x00000198   Code   RO           67    .text.Traitement_Response_Post  receivemessageposte.o
    0x000015e8   0x000015e8   0x00000018   Code   RO           69    .text.Traitement_Timeout_Error  receivemessageposte.o
    0x00001600   0x00001600   0x00000080   Code   RO           65    .text.UART3_IRQHandler  receivemessageposte.o
    0x00001680   0x00001680   0x00000074   Code   RO          113    .text.dtmf_send_command  emetteurdtmf.o
    0x000016f4   0x000016f4   0x000000e4   Code   RO          115    .text.dtmf_sequence_process_non_blocking  emetteurdtmf.o
    0x000017d8   0x000017d8   0x00000128   Code   RO          109    .text.dtmf_set_char  emetteurdtmf.o
    0x00001900   0x00001900   0x00000138   Code   RO          135    .text.gestion_intersection_process  gestionaiguillage.o
    0x00001a38   0x00001a38   0x00000068   Code   RO           71    .text.handle_centrale_leds_non_blocking  receivemessageposte.o
    0x00001aa0   0x00001aa0   0x00000026   Code   RO           39    .text.init_leds     interfacepostecentraleconfig.o
    0x00001ac6   0x00001ac6   0x00000002   PAD
    0x00001ac8   0x00001ac8   0x0000008a   Code   RO           89    .text.init_recepteur_ir_centrale  recepteurir_centrale.o
    0x00001b52   0x00001b52   0x00000002   PAD
    0x00001b54   0x00001b54   0x0000002c   Code   RO           48    .text.init_switch   config_numeroposte.o
    0x00001b80   0x00001b80   0x000000e8   Code   RO          105    .text.init_timer    emetteurdtmf.o
    0x00001c68   0x00001c68   0x00000076   Code   RO           37    .text.init_uart3_centrale  interfacepostecentraleconfig.o
    0x00001cde   0x00001cde   0x00000002   PAD
    0x00001ce0   0x00001ce0   0x000000a6   Code   RO            6    .text.main          main.o
    0x00001d86   0x00001d86   0x00000002   PAD
    0x00001d88   0x00001d88   0x0000017e   Code   RO           24    .text.polling_system_non_blocking  sendmessageposte.o
    0x00001f06   0x00001f06   0x00000002   PAD
    0x00001f08   0x00001f08   0x0000019a   Code   RO           93    .text.process_ir_edge  recepteurir_centrale.o
    0x000020a2   0x000020a2   0x00000028   Code   RO          396    i.__ARM_fpclassify  m_ws.l(fpclassify.o)
    0x000020ca   0x000020ca   0x00000002   PAD
    0x000020cc   0x000020cc   0x00000388   Code   RO          354    i.__ieee754_rem_pio2  m_ws.l(rred.o)
    0x00002454   0x00002454   0x000000fc   Code   RO          337    i.__kernel_cos      m_ws.l(cos_i.o)
    0x00002550   0x00002550   0x000000aa   Code   RO          398    i.__kernel_poly     m_ws.l(poly.o)
    0x000025fa   0x000025fa   0x00000002   PAD
    0x000025fc   0x000025fc   0x000000ec   Code   RO          359    i.__kernel_sin      m_ws.l(sin_i.o)
    0x000026e8   0x000026e8   0x00000006   Code   RO          341    i.__mathlib_dbl_infnan  m_ws.l(dunder.o)
    0x000026ee   0x000026ee   0x0000000c   Code   RO          343    i.__mathlib_dbl_invalid  m_ws.l(dunder.o)
    0x000026fa   0x000026fa   0x00000002   PAD
    0x000026fc   0x000026fc   0x00000010   Code   RO          346    i.__mathlib_dbl_underflow  m_ws.l(dunder.o)
    0x0000270c   0x0000270c   0x000000a0   Code   RO          307    i.sin               m_ws.l(sin.o)
    0x000027ac   0x000027ac   0x0000002c   Code   RO          431    locale$$code        c_w.l(lc_ctype_c.o)
    0x000027d8   0x000027d8   0x00000150   Code   RO          288    x$fpl$dadd          fz_ws.l(daddsub_clz.o)
    0x00002928   0x00002928   0x00000010   Code   RO          419    x$fpl$dcheck1       fz_ws.l(dcheck1.o)
    0x00002938   0x00002938   0x000002b4   Code   RO          391    x$fpl$ddiv          fz_ws.l(ddiv.o)
    0x00002bec   0x00002bec   0x0000005e   Code   RO          294    x$fpl$dfix          fz_ws.l(dfix.o)
    0x00002c4a   0x00002c4a   0x0000002e   Code   RO          299    x$fpl$dflt          fz_ws.l(dflt_clz.o)
    0x00002c78   0x00002c78   0x00000026   Code   RO          298    x$fpl$dfltu         fz_ws.l(dflt_clz.o)
    0x00002c9e   0x00002c9e   0x00000002   PAD
    0x00002ca0   0x00002ca0   0x00000154   Code   RO          304    x$fpl$dmul          fz_ws.l(dmul.o)
    0x00002df4   0x00002df4   0x0000009c   Code   RO          332    x$fpl$dnaninf       fz_ws.l(dnaninf.o)
    0x00002e90   0x00002e90   0x0000000c   Code   RO          334    x$fpl$dretinf       fz_ws.l(dretinf.o)
    0x00002e9c   0x00002e9c   0x00000016   Code   RO          289    x$fpl$drsb          fz_ws.l(daddsub_clz.o)
    0x00002eb2   0x00002eb2   0x00000002   PAD
    0x00002eb4   0x00002eb4   0x000001dc   Code   RO          290    x$fpl$dsub          fz_ws.l(daddsub_clz.o)
    0x00003090   0x00003090   0x00000064   Code   RO          484    x$fpl$retnan        fz_ws.l(retnan.o)
    0x000030f4   0x000030f4   0x0000005c   Code   RO          394    x$fpl$scalbn        fz_ws.l(scalbn.o)
    0x00003150   0x00003150   0x00000030   Code   RO          507    x$fpl$trapveneer    fz_ws.l(trapv.o)
    0x00003180   0x00003180   0x00000000   Code   RO          336    x$fpl$usenofp       fz_ws.l(usenofp.o)
    0x00003180   0x00003180   0x00000030   Data   RO          338    .constdata          m_ws.l(cos_i.o)
    0x000031b0   0x000031b0   0x000000cc   Data   RO          356    .constdata          m_ws.l(rred.o)
    0x0000327c   0x0000327c   0x00000004   PAD
    0x00003280   0x00003280   0x00000028   Data   RO          360    .constdata          m_ws.l(sin_i.o)
    0x000032a8   0x000032a8   0x00000018   Data   RO          196    .rodata.MOTIF_DURATION_TICKS  fil.o
    0x000032c0   0x000032c0   0x00000020   Data   RO          568    Region$$Table       anon$$obj.o
    0x000032e0   0x000032e0   0x00000110   Data   RO          430    locale$$data        c_w.l(lc_ctype_c.o)


    Execution Region ER_RW (Exec base: 0x10000000, Load base: 0x000033f0, Size: 0x00000008, Max: 0xffffffff, ABSOLUTE)

    Exec Addr    Load Addr    Size         Type   Attr      Idx    E Section Name        Object

    0x10000000   0x000033f0   0x00000004   Data   RW          230    .data.SystemCoreClock  system_lpc17xx.o
    0x10000004   0x000033f4   0x00000001   Data   RW          203    .data.active_motif  fil.o
    0x10000005   0x000033f5   0x00000001   Data   RW          197    .data.current_state  fil.o
    0x10000006   0x000033f6   0x00000001   Data   RW          138    .data.robot_inside_intersection  gestionaiguillage.o
    0x10000007   0x000033f7   0x00000001   Data   RW          139    .data.robot_waiting_on_entrance  gestionaiguillage.o


    Execution Region ER_ZI (Exec base: 0x10000008, Load base: 0x000033f8, Size: 0x00000f98, Max: 0xffffffff, ABSOLUTE)

    Exec Addr    Load Addr    Size         Type   Attr      Idx    E Section Name        Object

    0x10000008        -       0x00000060   Zero   RW          401    .bss                c_w.l(libspace.o)
    0x10000068        -       0x00000800   Zero   RW          120    .bss.SINE_TABLE     emetteurdtmf.o
    0x10000868        -       0x00000001   Zero   RW          205    .bss.TIMER0_IRQHandler.idle_flip  fil.o
    0x10000869   0x000033f8   0x00000003   PAD
    0x1000086c        -       0x00000004   Zero   RW          122    .bss.TIMER1_IRQHandler.phase_acc_high  emetteurdtmf.o
    0x10000870        -       0x00000004   Zero   RW          121    .bss.TIMER1_IRQHandler.phase_acc_low  emetteurdtmf.o
    0x10000874        -       0x00000004   Zero   RW           53    .bss.actual_total_posts  config_numeroposte.o
    0x10000878        -       0x00000004   Zero   RW           55    .bss.actual_total_robots  config_numeroposte.o
    0x1000087c        -       0x00000002   Zero   RW          200    .bss.buffer_head    fil.o
    0x1000087e        -       0x00000002   Zero   RW          201    .bss.buffer_tail    fil.o
    0x10000880        -       0x00000008   Zero   RW          124    .bss.cmd_buffer     emetteurdtmf.o
    0x10000888        -       0x00000001   Zero   RW          125    .bss.cmd_index      emetteurdtmf.o
    0x10000889   0x000033f8   0x00000003   PAD
    0x1000088c        -       0x00000004   Zero   RW           54    .bss.current_post_idx  config_numeroposte.o
    0x10000890        -       0x00000004   Zero   RW          118    .bss.current_step_high  emetteurdtmf.o
    0x10000894        -       0x00000004   Zero   RW          117    .bss.current_step_low  emetteurdtmf.o
    0x10000898        -       0x00000004   Zero   RW          126    .bss.dtmf_timer     emetteurdtmf.o
    0x1000089c        -       0x00000004   Zero   RW           27    .bss.inter_slot_timer  sendmessageposte.o
    0x100008a0        -       0x00000001   Zero   RW          137    .bss.intersection_busy  gestionaiguillage.o
    0x100008a1   0x000033f8   0x00000003   PAD
    0x100008a4        -       0x00000004   Zero   RW          140    .bss.intersection_timer  gestionaiguillage.o
    0x100008a8        -       0x00000018   Zero   RW           95    .bss.ir_north       recepteurir_centrale.o
    0x100008c0        -       0x00000018   Zero   RW           96    .bss.ir_south       recepteurir_centrale.o
    0x100008d8        -       0x00000004   Zero   RW          165    .bss.last_tx_tick   interfacecentralesupervision.o
    0x100008dc        -       0x00000004   Zero   RW           78    .bss.led_blink_cycles  receivemessageposte.o
    0x100008e0        -       0x00000001   Zero   RW           80    .bss.led_state      receivemessageposte.o
    0x100008e1   0x000033f8   0x00000003   PAD
    0x100008e4        -       0x00000004   Zero   RW           79    .bss.led_timer      receivemessageposte.o
    0x100008e8        -       0x00000080   Zero   RW          204    .bss.motif_buffer   fil.o
    0x10000968        -       0x00000001   Zero   RW          202    .bss.msg_in_progress  fil.o
    0x10000969   0x000033f8   0x00000003   PAD
    0x1000096c        -       0x00000004   Zero   RW           52    .bss.num_post       config_numeroposte.o
    0x10000970        -       0x00000004   Zero   RW           74    .bss.packet_ready   receivemessageposte.o
    0x10000974        -       0x00000001   Zero   RW           28    .bss.poll_state     sendmessageposte.o
    0x10000975   0x000033f8   0x00000003   PAD
    0x10000978        -       0x0000018c   Zero   RW           56    .bss.posts_list     config_numeroposte.o
    0x10000b04        -       0x00000129   Zero   RW           77    .bss.posts_requests  receivemessageposte.o
    0x10000c2d        -       0x00000080   Zero   RW           76    .bss.robots_db      receivemessageposte.o
    0x10000cad        -       0x00000010   Zero   RW           75    .bss.rx_buffer      receivemessageposte.o
    0x10000cbd   0x000033f8   0x00000003   PAD
    0x10000cc0        -       0x00000004   Zero   RW           73    .bss.rx_index       receivemessageposte.o
    0x10000cc4        -       0x00000001   Zero   RW          123    .bss.seq_state      emetteurdtmf.o
    0x10000cc5        -       0x00000001   Zero   RW          119    .bss.sound_enabled  emetteurdtmf.o
    0x10000cc6        -       0x00000040   Zero   RW          164    .bss.sup_rx_buffer  interfacecentralesupervision.o
    0x10000d06        -       0x00000001   Zero   RW          163    .bss.sup_rx_index   interfacecentralesupervision.o
    0x10000d07   0x000033f8   0x00000001   PAD
    0x10000d08        -       0x00000004   Zero   RW            8    .bss.systick_ticks  main.o
    0x10000d0c        -       0x00000004   Zero   RW          198    .bss.tick_counter   fil.o
    0x10000d10        -       0x00000004   Zero   RW            9    .bss.tick_ms        main.o
    0x10000d14        -       0x00000004   Zero   RW           26    .bss.timeout_timer  sendmessageposte.o
    0x10000d18        -       0x00000001   Zero   RW          199    .bss.toggle_50khz   fil.o
    0x10000d19        -       0x00000080   Zero   RW          162    .bss.tx_buffer      interfacecentralesupervision.o
    0x10000d99   0x000033f8   0x00000001   PAD
    0x10000d9a        -       0x00000002   Zero   RW          160    .bss.tx_head        interfacecentralesupervision.o
    0x10000d9c        -       0x00000002   Zero   RW          161    .bss.tx_tail        interfacecentralesupervision.o
    0x10000d9e   0x000033f8   0x00000002   PAD
    0x10000da0        -       0x00000000   Zero   RW          214    HEAP                startup_lpc17xx.o
    0x10000da0        -       0x00000200   Zero   RW          213    STACK               startup_lpc17xx.o


==============================================================================

Image component sizes


      Code (inc. data)   RO Data    RW Data    ZI Data      Debug   Object Name

       168          0          0          0        412       3226   config_numeroposte.o
      1008        102          0          0       2079       6640   emetteurdtmf.o
       984          0         24          2        139       9743   fil.o
       312          0          0          2          5       1267   gestionaiguillage.o
       612         32          0          0        201       5972   interfacecentralesupervision.o
       156          0          0          0          0       5509   interfacepostecentraleconfig.o
       226          0          0          0          8       3626   main.o
       664          0          0          0        458       4752   receivemessageposte.o
       628          4          0          0         48       7777   recepteurir_centrale.o
       382          0          0          0          9       3343   sendmessageposte.o
        64         26        204          0        512       1064   startup_lpc17xx.o
       204          0          0          4          0       2084   system_lpc17xx.o

    ----------------------------------------------------------------------
      5430        164        260          8       3896      55003   Object Totals
         0          0         32          0          0          0   (incl. Generated)
        22          0          0          0         25          0   (incl. Padding)

    ----------------------------------------------------------------------

      Code (inc. data)   RO Data    RW Data    ZI Data      Debug   Library Member Name

        60          8          0          0          0         84   __0sscanf.o
         8          0          0          0          0         68   __main.o
         0          0          0          0          0          0   __rtentry.o
        12          0          0          0          0          0   __rtentry2.o
         6          0          0          0          0          0   __rtentry4.o
        94          8          0          0          0          0   __scatter.o
        26          0          0          0          0          0   __scatter_copy.o
        28          0          0          0          0          0   __scatter_zi.o
        28          0          0          0          0         68   _chval.o
        44          0          0          0          0        108   _printf_char.o
         6          0          0          0          0          0   _printf_d.o
       120         16          0          0          0         92   _printf_dec.o
       178          0          0          0          0         88   _printf_intcommon.o
        78          0          0          0          0        108   _printf_pad.o
         0          0          0          0          0          0   _printf_percent.o
         4          0          0          0          0          0   _printf_percent_end.o
         6          0          0          0          0          0   _printf_s.o
        82          0          0          0          0         80   _printf_str.o
        22          0          0          0          0        100   _rserrno.o
       884          6          0          0          0        100   _scanf.o
       332          0          0          0          0         96   _scanf_int.o
       224          0          0          0          0         96   _scanf_str.o
        64          0          0          0          0         84   _sgetc.o
        18          0          0          0          0         80   exit.o
         6          0          0          0          0        152   heapauxi.o
         0          0          0          0          0          0   indicate_semi.o
        18          0          0          0          0         76   isspace.o
        44         10        272          0          0         76   lc_ctype_c.o
         2          0          0          0          0          0   libinit.o
        20          0          0          0          0          0   libinit2.o
         2          0          0          0          0          0   libshutdown.o
         2          0          0          0          0          0   libshutdown2.o
         8          4          0          0         96         68   libspace.o
        16          4          0          0          0         76   rt_ctype_table.o
         8          4          0          0          0         68   rt_errno_addr_intlibspace.o
         8          4          0          0          0         68   rt_locale_intlibspace.o
         2          0          0          0          0          0   rtexit.o
        10          0          0          0          0          0   rtexit2.o
        44          8          0          0          0         84   scanf_char.o
        20          0          0          0          0         68   strchr.o
       128          0          0          0          0         68   strcmpv7m.o
        12          4          0          0          0         68   sys_exit.o
        74          0          0          0          0         80   sys_stackheap_outer.o
         2          0          0          0          0         68   use_no_semi.o
       834         16          0          0          0        372   daddsub_clz.o
        16          4          0          0          0         68   dcheck1.o
       692        140          0          0          0        216   ddiv.o
        94          4          0          0          0         92   dfix.o
        84          0          0          0          0        136   dflt_clz.o
       340         12          0          0          0        104   dmul.o
       156          4          0          0          0         92   dnaninf.o
        12          0          0          0          0         68   dretinf.o
       100          0          0          0          0         68   retnan.o
        92          0          0          0          0         68   scalbn.o
        48          0          0          0          0         68   trapv.o
         0          0          0          0          0          0   usenofp.o
       252         22         48          0          0        124   cos_i.o
        34          6          0          0          0        204   dunder.o
        40          0          0          0          0         68   fpclassify.o
       170          0          0          0          0         96   poly.o
       904         76        204          0          0        140   rred.o
       160         10          0          0          0        108   sin.o
       236         12         40          0          0        128   sin_i.o

    ----------------------------------------------------------------------
      7038        382        568          0         96       4492   Library Totals
        24          0          4          0          0          0   (incl. Padding)

    ----------------------------------------------------------------------

      Code (inc. data)   RO Data    RW Data    ZI Data      Debug   Library Name

      2750         76        272          0         96       2272   c_w.l
      2468        180          0          0          0       1352   fz_ws.l
      1796        126        292          0          0        868   m_ws.l

    ----------------------------------------------------------------------
      7038        382        568          0         96       4492   Library Totals

    ----------------------------------------------------------------------

==============================================================================


      Code (inc. data)   RO Data    RW Data    ZI Data      Debug   

     12468        546        828          8       3992      57019   Grand Totals
     12468        546        828          8       3992      57019   ELF Image Totals
     12468        546        828          8          0          0   ROM Totals

==============================================================================

    Total RO  Size (Code + RO Data)                13296 (  12.98kB)
    Total RW  Size (RW Data + ZI Data)              4000 (   3.91kB)
    Total ROM Size (Code + RO Data + RW Data)      13304 (  12.99kB)

==============================================================================

