Component: Arm Compiler for Embedded 6.21 Tool: armlink [5ec1fa00]

==============================================================================

Section Cross References

    buttons.o(.ARM.exidx.text.buttons_init) refers to buttons.o(.text.buttons_init) for [Anonymous Symbol]
    buttons.o(.text.buttons_check) refers to robotstate.o(.text.set_robot_status) for set_robot_status
    buttons.o(.text.buttons_check) refers to status.o(.text.changementDeStatus) for changementDeStatus
    buttons.o(.ARM.exidx.text.buttons_check) refers to buttons.o(.text.buttons_check) for [Anonymous Symbol]
    capteurinductif.o(.text) refers (Special) to _printf_percent.o(.ARM.Collect$$_printf_percent$$00000000) for _printf_percent
    capteurinductif.o(.text) refers (Special) to _printf_pad.o(.text) for _printf_pre_padding
    capteurinductif.o(.text) refers (Special) to _printf_x.o(.ARM.Collect$$_printf_percent$$0000000C) for _printf_x
    capteurinductif.o(.text) refers (Special) to _printf_d.o(.ARM.Collect$$_printf_percent$$00000009) for _printf_d
    capteurinductif.o(.text) refers (Special) to _printf_dec.o(.text) for _printf_int_dec
    capteurinductif.o(.text) refers (Special) to _printf_hex_int.o(.text) for _printf_longlong_hex
    capteurinductif.o(.text.init_capteur_inductif) refers (Special) to _printf_percent.o(.ARM.Collect$$_printf_percent$$00000000) for _printf_percent
    capteurinductif.o(.text.init_capteur_inductif) refers (Special) to _printf_pad.o(.text) for _printf_pre_padding
    capteurinductif.o(.text.init_capteur_inductif) refers (Special) to _printf_x.o(.ARM.Collect$$_printf_percent$$0000000C) for _printf_x
    capteurinductif.o(.text.init_capteur_inductif) refers (Special) to _printf_d.o(.ARM.Collect$$_printf_percent$$00000009) for _printf_d
    capteurinductif.o(.text.init_capteur_inductif) refers (Special) to _printf_dec.o(.text) for _printf_int_dec
    capteurinductif.o(.text.init_capteur_inductif) refers (Special) to _printf_hex_int.o(.text) for _printf_longlong_hex
    capteurinductif.o(.text.init_capteur_inductif) refers to capteurinductif.o(.bss.ind_hw_mode) for ind_hw_mode
    capteurinductif.o(.ARM.exidx.text.init_capteur_inductif) refers (Special) to _printf_percent.o(.ARM.Collect$$_printf_percent$$00000000) for _printf_percent
    capteurinductif.o(.ARM.exidx.text.init_capteur_inductif) refers (Special) to _printf_pad.o(.text) for _printf_pre_padding
    capteurinductif.o(.ARM.exidx.text.init_capteur_inductif) refers (Special) to _printf_x.o(.ARM.Collect$$_printf_percent$$0000000C) for _printf_x
    capteurinductif.o(.ARM.exidx.text.init_capteur_inductif) refers (Special) to _printf_d.o(.ARM.Collect$$_printf_percent$$00000009) for _printf_d
    capteurinductif.o(.ARM.exidx.text.init_capteur_inductif) refers (Special) to _printf_dec.o(.text) for _printf_int_dec
    capteurinductif.o(.ARM.exidx.text.init_capteur_inductif) refers (Special) to _printf_hex_int.o(.text) for _printf_longlong_hex
    capteurinductif.o(.ARM.exidx.text.init_capteur_inductif) refers to capteurinductif.o(.text.init_capteur_inductif) for [Anonymous Symbol]
    capteurinductif.o(.text.capteurInductif_interrupt_routine) refers (Special) to _printf_percent.o(.ARM.Collect$$_printf_percent$$00000000) for _printf_percent
    capteurinductif.o(.text.capteurInductif_interrupt_routine) refers (Special) to _printf_pad.o(.text) for _printf_pre_padding
    capteurinductif.o(.text.capteurInductif_interrupt_routine) refers (Special) to _printf_x.o(.ARM.Collect$$_printf_percent$$0000000C) for _printf_x
    capteurinductif.o(.text.capteurInductif_interrupt_routine) refers (Special) to _printf_d.o(.ARM.Collect$$_printf_percent$$00000009) for _printf_d
    capteurinductif.o(.text.capteurInductif_interrupt_routine) refers (Special) to _printf_dec.o(.text) for _printf_int_dec
    capteurinductif.o(.text.capteurInductif_interrupt_routine) refers (Special) to _printf_hex_int.o(.text) for _printf_longlong_hex
    capteurinductif.o(.text.capteurInductif_interrupt_routine) refers to capteurinductif.o(.bss.ind_hw_mode) for ind_hw_mode
    capteurinductif.o(.text.capteurInductif_interrupt_routine) refers to capteurinductif.o(.bss.sum_sin1) for sum_sin1
    capteurinductif.o(.text.capteurInductif_interrupt_routine) refers to capteurinductif.o(.bss.sum_sin2) for sum_sin2
    capteurinductif.o(.text.capteurInductif_interrupt_routine) refers to capteurinductif.o(.bss.sum_sin3) for sum_sin3
    capteurinductif.o(.text.capteurInductif_interrupt_routine) refers to capteurinductif.o(.bss.sample_count) for sample_count
    capteurinductif.o(.text.capteurInductif_interrupt_routine) refers to capteurinductif.o(.bss.last_fall_time) for last_fall_time
    capteurinductif.o(.text.capteurInductif_interrupt_routine) refers to capteurinductif.o(.data.last_rest_duration_us) for last_rest_duration_us
[...]
    sys_command_hlt.o(.text) refers (Special) to indicate_semi.o(.text) for __semihosting_library_function
    defsig_abrt_inner.o(.text) refers to defsig_general.o(.text) for __default_signal_display
    defsig_rtred_inner.o(.text) refers to defsig_general.o(.text) for __default_signal_display
    defsig_rtmem_inner.o(.text) refers to defsig_general.o(.text) for __default_signal_display
    defsig_rtmem_outer.o(.text) refers to defsig_rtmem_inner.o(.text) for __rt_SIGRTMEM_inner
    defsig_rtmem_outer.o(.text) refers to defsig_exit.o(.text) for __sig_exit
    defsig_rtmem_formal.o(.text) refers to rt_raise.o(.text) for __rt_raise
    defsig_stak_inner.o(.text) refers to defsig_general.o(.text) for __default_signal_display
    defsig_pvfn_inner.o(.text) refers to defsig_general.o(.text) for __default_signal_display
    defsig_cppl_inner.o(.text) refers to defsig_general.o(.text) for __default_signal_display
    defsig_segv_inner.o(.text) refers to defsig_general.o(.text) for __default_signal_display
    defsig_other.o(.text) refers to defsig_general.o(.text) for __default_signal_display


==============================================================================

Removing Unused input sections from the image.

    Removing buttons.o(.text), (0 bytes).
    Removing buttons.o(.text.buttons_init), (50 bytes).
    Removing buttons.o(.ARM.exidx.text.buttons_init), (8 bytes).
    Removing buttons.o(.text.buttons_check), (52 bytes).
    Removing buttons.o(.ARM.exidx.text.buttons_check), (8 bytes).
    Removing capteurinductif.o(.text), (0 bytes).
    Removing capteurinductif.o(.ARM.exidx.text.init_capteur_inductif), (8 bytes).
    Removing capteurinductif.o(.ARM.exidx.text.capteurInductif_interrupt_routine), (8 bytes).
    Removing capteurinductif.o(.text.capteurInductif_receive_wire_command), (38 bytes).
    Removing capteurinductif.o(.ARM.exidx.text.capteurInductif_receive_wire_command), (8 bytes).
    Removing capteurinductif.o(.text.get_envelope_period_us), (12 bytes).
    Removing capteurinductif.o(.ARM.exidx.text.get_envelope_period_us), (8 bytes).
    Removing capteurinductif.o(.text.debug_inductif_send_frame), (100 bytes).
    Removing capteurinductif.o(.ARM.exidx.text.debug_inductif_send_frame), (8 bytes).
    Removing capteurinductif.o(.bss.ind_wire_mode), (1 bytes).
    Removing capteurinductif.o(.bss.ind_wire_pending), (1 bytes).
    Removing decode_enveloppe.o(.text), (0 bytes).
    Removing decode_enveloppe.o(.ARM.exidx.text.decode_enveloppe_commande), (8 bytes).
    Removing decode_enveloppe.o(.text.decode_enveloppe_get_buffer_index), (12 bytes).
    Removing decode_enveloppe.o(.ARM.exidx.text.decode_enveloppe_get_buffer_index), (8 bytes).
    Removing decode_enveloppe.o(.text.decode_enveloppe_debug_print_uart), (216 bytes).
    Removing decode_enveloppe.o(.ARM.exidx.text.decode_enveloppe_debug_print_uart), (8 bytes).
    Removing decode_enveloppe.o(.rodata.str1.1), (3 bytes).
    Removing dtmf.o(.text), (0 bytes).
    Removing dtmf.o(.text.init_dtmf), (94 bytes).
    Removing dtmf.o(.ARM.exidx.text.init_dtmf), (8 bytes).
    Removing dtmf.o(.ARM.exidx.text.process_dtmf_commands), (8 bytes).
    Removing dtmf.o(.text.update_status_leds), (86 bytes).
    Removing dtmf.o(.ARM.exidx.text.update_status_leds), (8 bytes).
    Removing dtmf.o(.ARM.exidx.text.dtmf_interrupt_routine), (8 bytes).
    Removing emissionir.o(.text), (0 bytes).
    Removing emissionir.o(.ARM.exidx.text.init_PWM_IR), (8 bytes).
    Removing emissionir.o(.ARM.exidx.text.init_Timer_Enveloppe), (8 bytes).
    Removing emissionir.o(.ARM.exidx.text.emissionIR_interrupt_routine), (8 bytes).
    Removing emissionir.o(.ARM.exidx.text.update_PWM_state), (8 bytes).
    Removing emissionir.o(.text.mainTestEmissionIR), (10 bytes).
    Removing emissionir.o(.ARM.exidx.text.mainTestEmissionIR), (8 bytes).
    Removing interruptions.o(.text), (0 bytes).
    Removing interruptions.o(.ARM.exidx.text.SysTick_Handler), (8 bytes).
    Removing interruptions.o(.ARM.exidx.text.EINT3_IRQHandler), (8 bytes).
    Removing interruptions.o(.ARM.exidx.text.EINT1_IRQHandler), (8 bytes).
    Removing interruptions.o(.ARM.exidx.text.TIMER0_IRQHandler), (8 bytes).
    Removing interruptions.o(.ARM.exidx.text.TIMER3_IRQHandler), (8 bytes).
    Removing main.o(.text), (0 bytes).
    Removing main.o(.ARM.exidx.text.main), (8 bytes).
    Removing main.o(.ARM.use_no_argv), (4 bytes).
    Removing moteur.o(.text), (0 bytes).
    Removing moteur.o(.ARM.exidx.text.Init_Moteur_PWM), (8 bytes).
    Removing moteur.o(.ARM.exidx.text.init_moteurs_debug), (8 bytes).
    Removing moteur.o(.ARM.exidx.text.Changer_PWM_Gauche), (8 bytes).
    Removing moteur.o(.ARM.exidx.text.Changer_PWM_Droite), (8 bytes).
    Removing moteur.o(.text.Changer_PWM_Moteurs), (54 bytes).
    Removing moteur.o(.ARM.exidx.text.Changer_PWM_Moteurs), (8 bytes).
    Removing moteur.o(.ARM.exidx.text.moteurs_interrupt_routine), (8 bytes).
    Removing moteur.o(.text.moteurs_receive_wire_command), (38 bytes).
    Removing moteur.o(.ARM.exidx.text.moteurs_receive_wire_command), (8 bytes).
    Removing moteur.o(.text.debug_moteurs_send_frame), (76 bytes).
    Removing moteur.o(.ARM.exidx.text.debug_moteurs_send_frame), (8 bytes).
    Removing moteur.o(.text.moteurs_send_frame), (180 bytes).
    Removing moteur.o(.ARM.exidx.text.moteurs_send_frame), (8 bytes).
    Removing moteur.o(.bss.mot_wire_mode), (1 bytes).
    Removing moteur.o(.bss.mot_wire_pending), (1 bytes).
    Removing proximetre.o(.text), (0 bytes).
    Removing proximetre.o(.ARM.exidx.text.proximetre_timer_interrupt_routine), (8 bytes).
    Removing proximetre.o(.ARM.exidx.text.init_proximetre), (8 bytes).
    Removing proximetre.o(.ARM.exidx.text.proximetre_interrupt_routine), (8 bytes).
    Removing proximetre.o(.text.proximetre_run_balayage), (1150 bytes).
    Removing proximetre.o(.ARM.exidx.text.proximetre_run_balayage), (8 bytes).
    Removing proximetre.o(.text.Distance_cm), (192 bytes).
    Removing proximetre.o(.ARM.exidx.text.Distance_cm), (8 bytes).
    Removing proximetre.o(.text.get_local_proxi_buffer), (34 bytes).
    Removing proximetre.o(.ARM.exidx.text.get_local_proxi_buffer), (8 bytes).
    Removing proximetre.o(.text.get_proxi_count), (12 bytes).
    Removing proximetre.o(.ARM.exidx.text.get_proxi_count), (8 bytes).
    Removing proximetre.o(.text.debug_proximetre_send_frame), (140 bytes).
    Removing proximetre.o(.ARM.exidx.text.debug_proximetre_send_frame), (8 bytes).
    Removing proximetre.o(.data.proximetre_run_balayage.going_fwd), (4 bytes).
    Removing proximetre.o(.rodata.cst32), (32 bytes).
    Removing proximetre.o(.bss.prox_buf), (100 bytes).
    Removing proximetre.o(.bss.prox_dir), (1 bytes).
    Removing proximetre.o(.bss.prox_count), (4 bytes).
    Removing proximetre.o(.rodata.str1.1), (3 bytes).
    Removing proximetre.o(.rodata.LUT_V), (56 bytes).
    Removing proximetre.o(.rodata.LUT_CM), (56 bytes).
    Removing recepspi.o(.text), (0 bytes).
    Removing recepspi.o(.text.initClk), (64 bytes).
    Removing recepspi.o(.ARM.exidx.text.initClk), (8 bytes).
    Removing recepspi.o(.text.initMISO), (34 bytes).
    Removing recepspi.o(.ARM.exidx.text.initMISO), (8 bytes).
    Removing recepspi.o(.text.initCS1234), (114 bytes).
    Removing recepspi.o(.ARM.exidx.text.initCS1234), (8 bytes).
    Removing recepspi.o(.text.setCSVal), (100 bytes).
    Removing recepspi.o(.ARM.exidx.text.setCSVal), (8 bytes).
    Removing recepspi.o(.ARM.exidx.text.recepSPI_interrupt_routine), (8 bytes).
    Removing robotstate.o(.text), (0 bytes).
    Removing robotstate.o(.text.set_robot_number), (16 bytes).
    Removing robotstate.o(.ARM.exidx.text.set_robot_number), (8 bytes).
    Removing robotstate.o(.ARM.exidx.text.get_robot_number), (8 bytes).
    Removing robotstate.o(.text.set_robot_vitesse), (16 bytes).
    Removing robotstate.o(.ARM.exidx.text.set_robot_vitesse), (8 bytes).
    Removing robotstate.o(.ARM.exidx.text.get_robot_vitesse), (8 bytes).
    Removing robotstate.o(.text.set_robot_status), (12 bytes).
    Removing robotstate.o(.ARM.exidx.text.set_robot_status), (8 bytes).
    Removing robotstate.o(.ARM.exidx.text.get_robot_status), (8 bytes).
    Removing robotstate.o(.ARM.exidx.text.set_motor_pwms), (8 bytes).
    Removing robotstate.o(.ARM.exidx.text.get_motor_pwms), (8 bytes).
    Removing robotstate.o(.text.set_motor_speeds), (22 bytes).
    Removing robotstate.o(.ARM.exidx.text.set_motor_speeds), (8 bytes).
    Removing robotstate.o(.text.get_motor_speeds), (34 bytes).
    Removing robotstate.o(.ARM.exidx.text.get_motor_speeds), (8 bytes).
    Removing robotstate.o(.text.set_inductif_values), (44 bytes).
    Removing robotstate.o(.ARM.exidx.text.set_inductif_values), (8 bytes).
    Removing robotstate.o(.text.get_inductif_values), (66 bytes).
    Removing robotstate.o(.ARM.exidx.text.get_inductif_values), (8 bytes).
    Removing robotstate.o(.ARM.exidx.text.set_capteur_averages), (8 bytes).
    Removing robotstate.o(.text.get_capteur_averages), (48 bytes).
    Removing robotstate.o(.ARM.exidx.text.get_capteur_averages), (8 bytes).
    Removing robotstate.o(.text.set_proxi_distances), (28 bytes).
    Removing robotstate.o(.ARM.exidx.text.set_proxi_distances), (8 bytes).
    Removing robotstate.o(.text.get_proxi_distances), (26 bytes).
    Removing robotstate.o(.ARM.exidx.text.get_proxi_distances), (8 bytes).
    Removing robotstate.o(.text.set_proxi_distance_at_angle), (64 bytes).
    Removing robotstate.o(.ARM.exidx.text.set_proxi_distance_at_angle), (8 bytes).
    Removing robotstate.o(.text.get_proxi_distance_at_angle), (72 bytes).
    Removing robotstate.o(.ARM.exidx.text.get_proxi_distance_at_angle), (8 bytes).
    Removing robotstate.o(.ARM.exidx.text.set_debug_uart_enabled), (8 bytes).
    Removing robotstate.o(.ARM.exidx.text.get_debug_uart_enabled), (8 bytes).
    Removing robotstate.o(.ARM.exidx.text.set_wire_trame), (8 bytes).
    Removing robotstate.o(.text.get_wire_trame), (58 bytes).
    Removing robotstate.o(.ARM.exidx.text.get_wire_trame), (8 bytes).
    Removing robotstate.o(.text.get_new_wire_trame), (12 bytes).
    Removing robotstate.o(.ARM.exidx.text.get_new_wire_trame), (8 bytes).
    Removing robotstate.o(.text.clear_new_wire_trame), (14 bytes).
    Removing robotstate.o(.ARM.exidx.text.clear_new_wire_trame), (8 bytes).
    Removing robotstate.o(.ARM.exidx.text.set_new_wire_trame), (8 bytes).
    Removing robotstate.o(.data.current_v_moy), (4 bytes).
    Removing robotstate.o(.data.current_w_ang), (4 bytes).
    Removing robotstate.o(.data.current_dist_av), (4 bytes).
    Removing robotstate.o(.data.current_dist_ar), (4 bytes).
    Removing robotstate.o(.data.current_dist_mil), (4 bytes).
    Removing robotstate.o(.data.current_angle), (4 bytes).
    Removing robotstate.o(.bss.proxi_dists), (288 bytes).
    Removing status.o(.text), (0 bytes).
    Removing status.o(.text.delay), (48 bytes).
    Removing status.o(.ARM.exidx.text.delay), (8 bytes).
    Removing status.o(.text.initLedChangementStatus), (90 bytes).
    Removing status.o(.ARM.exidx.text.initLedChangementStatus), (8 bytes).
    Removing status.o(.text.changementDeStatus), (102 bytes).
    Removing status.o(.ARM.exidx.text.changementDeStatus), (8 bytes).
    Removing status.o(.text.mainTestStatusLED), (310 bytes).
    Removing status.o(.ARM.exidx.text.mainTestStatusLED), (8 bytes).
    Removing toolsir.o(.text), (0 bytes).
    Removing toolsir.o(.ARM.exidx.text.preparer_trame), (8 bytes).
    Removing uart.o(.text), (0 bytes).
    Removing uart.o(.ARM.exidx.text.init_uart0), (8 bytes).
    Removing uart.o(.text.uart0_send_char), (18 bytes).
    Removing uart.o(.ARM.exidx.text.uart0_send_char), (8 bytes).
    Removing uart.o(.text.uart0_send_string), (40 bytes).
    Removing uart.o(.ARM.exidx.text.uart0_send_string), (8 bytes).
    Removing system_lpc17xx.o(.text), (0 bytes).
    Removing system_lpc17xx.o(.text.SystemCoreClockUpdate), (210 bytes).
    Removing system_lpc17xx.o(.ARM.exidx.text.SystemCoreClockUpdate), (8 bytes).
    Removing system_lpc17xx.o(.ARM.exidx.text.SystemInit), (8 bytes).

163 unused section(s) (total 5443 bytes) removed from the image.

==============================================================================

Image Symbol Table

    Local Symbols

    Symbol Name                              Value     Ov Type        Size  Object(Section)

    ../clib/angel/boardlib.s                 0x00000000   Number         0  boardinit1.o ABSOLUTE
    ../clib/angel/boardlib.s                 0x00000000   Number         0  boardinit2.o ABSOLUTE
    ../clib/angel/boardlib.s                 0x00000000   Number         0  boardinit3.o ABSOLUTE
    ../clib/angel/boardlib.s                 0x00000000   Number         0  boardshut.o ABSOLUTE
    ../clib/angel/handlers.s                 0x00000000   Number         0  __scatter_copy.o ABSOLUTE
    ../clib/angel/handlers.s                 0x00000000   Number         0  __scatter_zi.o ABSOLUTE
    ../clib/angel/kernel.s                   0x00000000   Number         0  __rtentry.o ABSOLUTE
    ../clib/angel/kernel.s                   0x00000000   Number         0  __rtentry2.o ABSOLUTE
    ../clib/angel/kernel.s                   0x00000000   Number         0  __rtentry4.o ABSOLUTE
    ../clib/angel/kernel.s                   0x00000000   Number         0  rtexit.o ABSOLUTE
    ../clib/angel/kernel.s                   0x00000000   Number         0  rtexit2.o ABSOLUTE
    ../clib/angel/rt.s                       0x00000000   Number         0  aeabi_ldiv0.o ABSOLUTE
    ../clib/angel/rt.s                       0x00000000   Number         0  aeabi_ldiv0_sigfpe.o ABSOLUTE
    ../clib/angel/rt.s                       0x00000000   Number         0  rt_div0.o ABSOLUTE
    ../clib/angel/rt.s                       0x00000000   Number         0  rt_raise.o ABSOLUTE
    ../clib/angel/scatter.s                  0x00000000   Number         0  __scatter.o ABSOLUTE
    ../clib/angel/startup.s                  0x00000000   Number         0  __main.o ABSOLUTE
    ../clib/angel/sys.s                      0x00000000   Number         0  sys_stackheap_outer.o ABSOLUTE
    ../clib/angel/sys.s                      0x00000000   Number         0  libspace.o ABSOLUTE
    ../clib/angel/sys.s                      0x00000000   Number         0  use_no_semi.o ABSOLUTE
    ../clib/angel/sys.s                      0x00000000   Number         0  indicate_semi.o ABSOLUTE
    ../clib/angel/sysapp.c                   0x00000000   Number         0  sys_exit.o ABSOLUTE
    ../clib/angel/sysapp.c                   0x00000000   Number         0  sys_exit_hlt.o ABSOLUTE
    ../clib/angel/sysapp.c                   0x00000000   Number         0  sys_wrch.o ABSOLUTE
    ../clib/angel/sysapp.c                   0x00000000   Number         0  sys_wrch_hlt.o ABSOLUTE
    ../clib/angel/sysapp.c                   0x00000000   Number         0  sys_command.o ABSOLUTE
    ../clib/angel/sysapp.c                   0x00000000   Number         0  sys_command_hlt.o ABSOLUTE
    ../clib/armsys.c                         0x00000000   Number         0  argv_veneer.o ABSOLUTE
    ../clib/armsys.c                         0x00000000   Number         0  argv_veneer.o ABSOLUTE
    ../clib/armsys.c                         0x00000000   Number         0  _get_argv_nomalloc.o ABSOLUTE
    ../clib/armsys.c                         0x00000000   Number         0  no_argv.o ABSOLUTE
    ../clib/heapalloc.c                      0x00000000   Number         0  hrguard.o ABSOLUTE
    ../clib/heapaux.c                        0x00000000   Number         0  heapauxi.o ABSOLUTE
    ../clib/libinit.s                        0x00000000   Number         0  libinit.o ABSOLUTE
    ../clib/libinit.s                        0x00000000   Number         0  libinit2.o ABSOLUTE
    ../clib/libinit.s                        0x00000000   Number         0  libshutdown.o ABSOLUTE
    ../clib/libinit.s                        0x00000000   Number         0  libshutdown2.o ABSOLUTE
    ../clib/longlong.s                       0x00000000   Number         0  lludivv7m.o ABSOLUTE
    ../clib/memcpset.s                       0x00000000   Number         0  rt_memcpy_v6.o ABSOLUTE
    ../clib/memcpset.s                       0x00000000   Number         0  rt_memcpy_w.o ABSOLUTE
    ../clib/misc.s                           0x00000000   Number         0  printf_stubs.o ABSOLUTE
    ../clib/printf.c                         0x00000000   Number         0  __2sprintf.o ABSOLUTE
    ../clib/printf.c                         0x00000000   Number         0  noretval__2sprintf.o ABSOLUTE
    ../clib/printf.c                         0x00000000   Number         0  __printf.o ABSOLUTE
    ../clib/printf.c                         0x00000000   Number         0  _printf_pad.o ABSOLUTE
    ../clib/printf.c                         0x00000000   Number         0  _printf_dec.o ABSOLUTE
    ../clib/printf.c                         0x00000000   Number         0  _printf_hex_ll.o ABSOLUTE
    ../clib/printf.c                         0x00000000   Number         0  _printf_hex_int.o ABSOLUTE
    ../clib/printf.c                         0x00000000   Number         0  _printf_hex_int_ll.o ABSOLUTE
    ../clib/printf.c                         0x00000000   Number         0  _printf_hex_ptr.o ABSOLUTE
    ../clib/printf.c                         0x00000000   Number         0  _printf_hex_int_ptr.o ABSOLUTE
    ../clib/printf.c                         0x00000000   Number         0  _printf_hex_ll_ptr.o ABSOLUTE
    ../clib/printf.c                         0x00000000   Number         0  _printf_hex_int_ll_ptr.o ABSOLUTE
    ../clib/printf.c                         0x00000000   Number         0  __printf_flags.o ABSOLUTE
    ../clib/printf.c                         0x00000000   Number         0  __printf_ss.o ABSOLUTE
    ../clib/printf.c                         0x00000000   Number         0  __printf_flags_ss.o ABSOLUTE
    ../clib/printf.c                         0x00000000   Number         0  __printf_wp.o ABSOLUTE
    ../clib/printf.c                         0x00000000   Number         0  __printf_flags_wp.o ABSOLUTE
    ../clib/printf.c                         0x00000000   Number         0  __printf_ss_wp.o ABSOLUTE
    ../clib/printf.c                         0x00000000   Number         0  __printf_flags_ss_wp.o ABSOLUTE
    ../clib/printf.c                         0x00000000   Number         0  _printf_intcommon.o ABSOLUTE
    ../clib/printf.c                         0x00000000   Number         0  _printf_char_common.o ABSOLUTE
    ../clib/printf.c                         0x00000000   Number         0  _sputc.o ABSOLUTE
    ../clib/printf.c                         0x00000000   Number         0  __printf_nopercent.o ABSOLUTE
    ../clib/printf_percent.s                 0x00000000   Number         0  _printf_x.o ABSOLUTE
    ../clib/printf_percent.s                 0x00000000   Number         0  _printf_d.o ABSOLUTE
    ../clib/printf_percent.s                 0x00000000   Number         0  _printf_u.o ABSOLUTE
    ../clib/printf_percent.s                 0x00000000   Number         0  _printf_percent.o ABSOLUTE
    ../clib/printf_percent.s                 0x00000000   Number         0  _printf_percent_end.o ABSOLUTE
    ../clib/signal.c                         0x00000000   Number         0  defsig_fpe_outer.o ABSOLUTE
    ../clib/signal.c                         0x00000000   Number         0  defsig_fpe_formal.o ABSOLUTE
    ../clib/signal.c                         0x00000000   Number         0  defsig_exit.o ABSOLUTE
    ../clib/signal.c                         0x00000000   Number         0  defsig_fpe_inner.o ABSOLUTE
    ../clib/signal.c                         0x00000000   Number         0  __raise.o ABSOLUTE
    ../clib/signal.c                         0x00000000   Number         0  defsig_general.o ABSOLUTE
    ../clib/signal.c                         0x00000000   Number         0  defsig_abrt_inner.o ABSOLUTE
    ../clib/signal.c                         0x00000000   Number         0  defsig_rtred_inner.o ABSOLUTE
    ../clib/signal.c                         0x00000000   Number         0  defsig_rtmem_inner.o ABSOLUTE
    ../clib/signal.c                         0x00000000   Number         0  defsig_rtmem_outer.o ABSOLUTE
    ../clib/signal.c                         0x00000000   Number         0  defsig_rtmem_formal.o ABSOLUTE
    ../clib/signal.c                         0x00000000   Number         0  defsig_stak_inner.o ABSOLUTE
    ../clib/signal.c                         0x00000000   Number         0  defsig_pvfn_inner.o ABSOLUTE
    ../clib/signal.c                         0x00000000   Number         0  defsig_cppl_inner.o ABSOLUTE
    ../clib/signal.c                         0x00000000   Number         0  defsig_segv_inner.o ABSOLUTE
    ../clib/signal.c                         0x00000000   Number         0  defsig_other.o ABSOLUTE
    ../clib/signal.s                         0x00000000   Number         0  defsig.o ABSOLUTE
    ../clib/stdlib.c                         0x00000000   Number         0  exit.o ABSOLUTE
    ../clib/string.c                         0x00000000   Number         0  strlen.o ABSOLUTE
    ../fplib/faddsub.s                       0x00000000   Number         0  faddsub_clz.o ABSOLUTE
    ../fplib/fcmp.s                          0x00000000   Number         0  fcmp.o ABSOLUTE
    ../fplib/fcmpi.s                         0x00000000   Number         0  fcmpi.o ABSOLUTE
    ../fplib/fdiv.s                          0x00000000   Number         0  fdiv.o ABSOLUTE
    ../fplib/feqf.s                          0x00000000   Number         0  feqf.o ABSOLUTE
    ../fplib/ffix.s                          0x00000000   Number         0  ffix.o ABSOLUTE
    ../fplib/ffixu.s                         0x00000000   Number         0  ffixu.o ABSOLUTE
    ../fplib/fflt.s                          0x00000000   Number         0  fflt_clz.o ABSOLUTE
    ../fplib/fgeqf.s                         0x00000000   Number         0  fgeqf.o ABSOLUTE
    ../fplib/fleqf.s                         0x00000000   Number         0  fleqf.o ABSOLUTE
    ../fplib/fmul.s                          0x00000000   Number         0  fmul.o ABSOLUTE
    ../fplib/fnaninf.s                       0x00000000   Number         0  fnaninf.o ABSOLUTE
    ../fplib/fpinit.s                        0x00000000   Number         0  fpinit.o ABSOLUTE
    ../fplib/fpinit_empty.s                  0x00000000   Number         0  fpinit_empty.o ABSOLUTE
    ../fplib/fretinf.s                       0x00000000   Number         0  fretinf.o ABSOLUTE
    ../fplib/usenofp.s                       0x00000000   Number         0  usenofp.o ABSOLUTE
    RTE/Device/LPC1769/startup_LPC17xx.s     0x00000000   Number         0  startup_lpc17xx.o ABSOLUTE
    buttons.c                                0x00000000   Number         0  buttons.o ABSOLUTE
    capteurInductif.c                        0x00000000   Number         0  capteurinductif.o ABSOLUTE
    dc.s                                     0x00000000   Number         0  dc.o ABSOLUTE
    decode_enveloppe.c                       0x00000000   Number         0  decode_enveloppe.o ABSOLUTE
    dtmf.c                                   0x00000000   Number         0  dtmf.o ABSOLUTE
    emissionIR.c                             0x00000000   Number         0  emissionir.o ABSOLUTE
    interruptions.c                          0x00000000   Number         0  interruptions.o ABSOLUTE
    main.c                                   0x00000000   Number         0  main.o ABSOLUTE
    moteur.c                                 0x00000000   Number         0  moteur.o ABSOLUTE
    proximetre.c                             0x00000000   Number         0  proximetre.o ABSOLUTE
    recepSPI.c                               0x00000000   Number         0  recepspi.o ABSOLUTE
    robotState.c                             0x00000000   Number         0  robotstate.o ABSOLUTE
    status.c                                 0x00000000   Number         0  status.o ABSOLUTE
    system_LPC17xx.c                         0x00000000   Number         0  system_lpc17xx.o ABSOLUTE
    toolsIR.c                                0x00000000   Number         0  toolsir.o ABSOLUTE
    uart.c                                   0x00000000   Number         0  uart.o ABSOLUTE
    RESET                                    0x00000000   Section      204  startup_lpc17xx.o(RESET)
    !!!main                                  0x000000cc   Section        8  __main.o(!!!main)
    !!!scatter                               0x000000d4   Section       92  __scatter.o(!!!scatter)
    !!handler_copy                           0x00000130   Section       26  __scatter_copy.o(!!handler_copy)
    !!handler_null                           0x0000014c   Section        2  __scatter.o(!!handler_null)
    !!handler_zi                             0x00000150   Section       28  __scatter_zi.o(!!handler_zi)
    .ARM.Collect$$_printf_percent$$00000000  0x0000016c   Section        0  _printf_percent.o(.ARM.Collect$$_printf_percent$$00000000)
    .ARM.Collect$$_printf_percent$$00000009  0x0000016c   Section        6  _printf_d.o(.ARM.Collect$$_printf_percent$$00000009)
    .ARM.Collect$$_printf_percent$$0000000A  0x00000172   Section        6  _printf_u.o(.ARM.Collect$$_printf_percent$$0000000A)
    .ARM.Collect$$_printf_percent$$0000000C  0x00000178   Section        6  _printf_x.o(.ARM.Collect$$_printf_percent$$0000000C)
    .ARM.Collect$$_printf_percent$$00000017  0x0000017e   Section        4  _printf_percent_end.o(.ARM.Collect$$_printf_percent$$00000017)
    .ARM.Collect$$libinit$$00000000          0x00000182   Section        2  libinit.o(.ARM.Collect$$libinit$$00000000)
    .ARM.Collect$$libinit$$00000002          0x00000184   Section        0  libinit2.o(.ARM.Collect$$libinit$$00000002)
    .ARM.Collect$$libinit$$00000004          0x00000184   Section        0  libinit2.o(.ARM.Collect$$libinit$$00000004)
    .ARM.Collect$$libinit$$00000006          0x00000184   Section        0  libinit2.o(.ARM.Collect$$libinit$$00000006)
    .ARM.Collect$$libinit$$0000000C          0x00000184   Section        0  libinit2.o(.ARM.Collect$$libinit$$0000000C)
    .ARM.Collect$$libinit$$0000000E          0x00000184   Section        0  libinit2.o(.ARM.Collect$$libinit$$0000000E)
    .ARM.Collect$$libinit$$00000010          0x00000184   Section        0  libinit2.o(.ARM.Collect$$libinit$$00000010)
    .ARM.Collect$$libinit$$00000013          0x00000184   Section        0  libinit2.o(.ARM.Collect$$libinit$$00000013)
    .ARM.Collect$$libinit$$00000015          0x00000184   Section        0  libinit2.o(.ARM.Collect$$libinit$$00000015)
    .ARM.Collect$$libinit$$00000017          0x00000184   Section        0  libinit2.o(.ARM.Collect$$libinit$$00000017)
    .ARM.Collect$$libinit$$00000019          0x00000184   Section        0  libinit2.o(.ARM.Collect$$libinit$$00000019)
    .ARM.Collect$$libinit$$0000001B          0x00000184   Section        0  libinit2.o(.ARM.Collect$$libinit$$0000001B)
    .ARM.Collect$$libinit$$0000001D          0x00000184   Section        0  libinit2.o(.ARM.Collect$$libinit$$0000001D)
    .ARM.Collect$$libinit$$0000001F          0x00000184   Section        0  libinit2.o(.ARM.Collect$$libinit$$0000001F)
    .ARM.Collect$$libinit$$00000021          0x00000184   Section        0  libinit2.o(.ARM.Collect$$libinit$$00000021)
    .ARM.Collect$$libinit$$00000023          0x00000184   Section        0  libinit2.o(.ARM.Collect$$libinit$$00000023)
    .ARM.Collect$$libinit$$00000025          0x00000184   Section        0  libinit2.o(.ARM.Collect$$libinit$$00000025)
    .ARM.Collect$$libinit$$00000027          0x00000184   Section        0  libinit2.o(.ARM.Collect$$libinit$$00000027)
    .ARM.Collect$$libinit$$0000002E          0x00000184   Section        0  libinit2.o(.ARM.Collect$$libinit$$0000002E)
    .ARM.Collect$$libinit$$00000030          0x00000184   Section        0  libinit2.o(.ARM.Collect$$libinit$$00000030)
    .ARM.Collect$$libinit$$00000032          0x00000184   Section        0  libinit2.o(.ARM.Collect$$libinit$$00000032)
    .ARM.Collect$$libinit$$00000034          0x00000184   Section        0  libinit2.o(.ARM.Collect$$libinit$$00000034)
    .ARM.Collect$$libinit$$00000035          0x00000184   Section        2  libinit2.o(.ARM.Collect$$libinit$$00000035)
    .ARM.Collect$$libshutdown$$00000000      0x00000186   Section        2  libshutdown.o(.ARM.Collect$$libshutdown$$00000000)
    .ARM.Collect$$libshutdown$$00000002      0x00000188   Section        0  libshutdown2.o(.ARM.Collect$$libshutdown$$00000002)
    .ARM.Collect$$libshutdown$$00000004      0x00000188   Section        0  libshutdown2.o(.ARM.Collect$$libshutdown$$00000004)
    .ARM.Collect$$libshutdown$$00000007      0x00000188   Section        0  libshutdown2.o(.ARM.Collect$$libshutdown$$00000007)
    .ARM.Collect$$libshutdown$$0000000A      0x00000188   Section        0  libshutdown2.o(.ARM.Collect$$libshutdown$$0000000A)
    .ARM.Collect$$libshutdown$$0000000C      0x00000188   Section        0  libshutdown2.o(.ARM.Collect$$libshutdown$$0000000C)
    .ARM.Collect$$libshutdown$$0000000F      0x00000188   Section        0  libshutdown2.o(.ARM.Collect$$libshutdown$$0000000F)
    .ARM.Collect$$libshutdown$$00000010      0x00000188   Section        2  libshutdown2.o(.ARM.Collect$$libshutdown$$00000010)
    .ARM.Collect$$rtentry$$00000000          0x0000018a   Section        0  __rtentry.o(.ARM.Collect$$rtentry$$00000000)
    .ARM.Collect$$rtentry$$00000002          0x0000018a   Section        0  __rtentry2.o(.ARM.Collect$$rtentry$$00000002)
    .ARM.Collect$$rtentry$$00000004          0x0000018a   Section        6  __rtentry4.o(.ARM.Collect$$rtentry$$00000004)
    .ARM.Collect$$rtentry$$00000009          0x00000190   Section        0  __rtentry2.o(.ARM.Collect$$rtentry$$00000009)
    .ARM.Collect$$rtentry$$0000000A          0x00000190   Section        4  __rtentry2.o(.ARM.Collect$$rtentry$$0000000A)
    .ARM.Collect$$rtentry$$0000000C          0x00000194   Section        0  __rtentry2.o(.ARM.Collect$$rtentry$$0000000C)
    .ARM.Collect$$rtentry$$0000000D          0x00000194   Section        8  __rtentry2.o(.ARM.Collect$$rtentry$$0000000D)
    .ARM.Collect$$rtexit$$00000000           0x0000019c   Section        2  rtexit.o(.ARM.Collect$$rtexit$$00000000)
    .ARM.Collect$$rtexit$$00000002           0x0000019e   Section        0  rtexit2.o(.ARM.Collect$$rtexit$$00000002)
    .ARM.Collect$$rtexit$$00000003           0x0000019e   Section        4  rtexit2.o(.ARM.Collect$$rtexit$$00000003)
    .ARM.Collect$$rtexit$$00000004           0x000001a2   Section        6  rtexit2.o(.ARM.Collect$$rtexit$$00000004)
    .text                                    0x000001a8   Section       60  startup_lpc17xx.o(.text)
    .text                                    0x000001e4   Section        0  _printf_pad.o(.text)
    .text                                    0x00000234   Section        0  _printf_dec.o(.text)
    .text                                    0x000002ac   Section        0  heapauxi.o(.text)
    .text                                    0x000002b2   Section       74  sys_stackheap_outer.o(.text)
    .ARM.__at_0x02FC                         0x000002fc   Section        4  startup_lpc17xx.o(.ARM.__at_0x02FC)
    .text                                    0x00000300   Section        0  _printf_hex_int.o(.text)
    .text                                    0x00000358   Section        0  _printf_intcommon.o(.text)
    .text                                    0x0000040a   Section        0  exit.o(.text)
    .text                                    0x0000041c   Section        8  libspace.o(.text)
    .text                                    0x00000424   Section        0  sys_exit.o(.text)
    .text                                    0x00000430   Section        2  use_no_semi.o(.text)
    .text                                    0x00000432   Section        0  indicate_semi.o(.text)
    [Anonymous Symbol]                       0x00000434   Section        0  moteur.o(.text.Changer_PWM_Droite)
    [Anonymous Symbol]                       0x00000470   Section        0  moteur.o(.text.Changer_PWM_Gauche)
    [Anonymous Symbol]                       0x000004ac   Section        0  interruptions.o(.text.EINT1_IRQHandler)
    [Anonymous Symbol]                       0x000004b0   Section        0  interruptions.o(.text.EINT3_IRQHandler)
    [Anonymous Symbol]                       0x000004c8   Section        0  moteur.o(.text.Init_Moteur_PWM)
    [Anonymous Symbol]                       0x00000550   Section        0  interruptions.o(.text.SysTick_Handler)
    [Anonymous Symbol]                       0x00000560   Section        0  system_lpc17xx.o(.text.SystemInit)
    [Anonymous Symbol]                       0x0000062c   Section        0  interruptions.o(.text.TIMER0_IRQHandler)
    [Anonymous Symbol]                       0x00000630   Section        0  interruptions.o(.text.TIMER3_IRQHandler)
    [Anonymous Symbol]                       0x00000634   Section        0  capteurinductif.o(.text.capteurInductif_interrupt_routine)
    [Anonymous Symbol]                       0x00000858   Section        0  decode_enveloppe.o(.text.decode_enveloppe_commande)
    [Anonymous Symbol]                       0x00000b24   Section        0  dtmf.o(.text.dtmf_interrupt_routine)
    [Anonymous Symbol]                       0x00000bb4   Section        0  emissionir.o(.text.emissionIR_interrupt_routine)
    [Anonymous Symbol]                       0x00000bc0   Section        0  robotstate.o(.text.get_debug_uart_enabled)
    [Anonymous Symbol]                       0x00000bcc   Section        0  robotstate.o(.text.get_motor_pwms)
    [Anonymous Symbol]                       0x00000bf0   Section        0  robotstate.o(.text.get_robot_number)
    [Anonymous Symbol]                       0x00000bfc   Section        0  robotstate.o(.text.get_robot_status)
    [Anonymous Symbol]                       0x00000c08   Section        0  robotstate.o(.text.get_robot_vitesse)
    [Anonymous Symbol]                       0x00000c14   Section        0  emissionir.o(.text.init_PWM_IR)
    [Anonymous Symbol]                       0x00000c84   Section        0  emissionir.o(.text.init_Timer_Enveloppe)
    [Anonymous Symbol]                       0x00000cd0   Section        0  capteurinductif.o(.text.init_capteur_inductif)
    [Anonymous Symbol]                       0x00000de0   Section        0  moteur.o(.text.init_moteurs_debug)
    [Anonymous Symbol]                       0x00000e38   Section        0  proximetre.o(.text.init_proximetre)
    [Anonymous Symbol]                       0x00001000   Section        0  uart.o(.text.init_uart0)
    [Anonymous Symbol]                       0x0000107c   Section        0  main.o(.text.main)
    [Anonymous Symbol]                       0x0000110c   Section        0  moteur.o(.text.moteurs_interrupt_routine)
    [Anonymous Symbol]                       0x00001148   Section        0  toolsir.o(.text.preparer_trame)
    [Anonymous Symbol]                       0x000011e0   Section        0  dtmf.o(.text.process_dtmf_commands)
    [Anonymous Symbol]                       0x000012c4   Section        0  proximetre.o(.text.proximetre_interrupt_routine)
    [Anonymous Symbol]                       0x00001308   Section        0  proximetre.o(.text.proximetre_timer_interrupt_routine)
    [Anonymous Symbol]                       0x00001354   Section        0  recepspi.o(.text.recepSPI_interrupt_routine)
    [Anonymous Symbol]                       0x0000143c   Section        0  robotstate.o(.text.set_capteur_averages)
    [Anonymous Symbol]                       0x0000145c   Section        0  robotstate.o(.text.set_debug_uart_enabled)
    [Anonymous Symbol]                       0x00001468   Section        0  robotstate.o(.text.set_motor_pwms)
    [Anonymous Symbol]                       0x00001480   Section        0  robotstate.o(.text.set_new_wire_trame)
    [Anonymous Symbol]                       0x0000148c   Section        0  robotstate.o(.text.set_wire_trame)
    [Anonymous Symbol]                       0x000014c4   Section        0  emissionir.o(.text.update_PWM_state)
    uc_hextab                                0x000015a6   Data          20  _printf_hex_int.o(.constdata)
    .constdata                               0x000015a6   Section       40  _printf_hex_int.o(.constdata)
    lc_hextab                                0x000015ba   Data          20  _printf_hex_int.o(.constdata)
    current_pwm_d                            0x10000014   Data           4  robotstate.o(.data.current_pwm_d)
    [Anonymous Symbol]                       0x10000014   Section        0  robotstate.o(.data.current_pwm_d)
    current_pwm_g                            0x10000018   Data           4  robotstate.o(.data.current_pwm_g)
    [Anonymous Symbol]                       0x10000018   Section        0  robotstate.o(.data.current_pwm_g)
    current_status                           0x1000001c   Data           1  robotstate.o(.data.current_status)
    [Anonymous Symbol]                       0x1000001c   Section        0  robotstate.o(.data.current_status)
    last_rest_duration_us                    0x10000026   Data           2  capteurinductif.o(.data.last_rest_duration_us)
    [Anonymous Symbol]                       0x10000026   Section        0  capteurinductif.o(.data.last_rest_duration_us)
    process_dtmf_commands.parsed_action      0x10000028   Data           1  dtmf.o(.data.process_dtmf_commands.parsed_action)
    [Anonymous Symbol]                       0x10000028   Section        0  dtmf.o(.data.process_dtmf_commands.parsed_action)
    servo_pulse_us                           0x1000002c   Data           4  proximetre.o(.data.servo_pulse_us)
    [Anonymous Symbol]                       0x1000002c   Section        0  proximetre.o(.data.servo_pulse_us)
    .bss                                     0x10000030   Section       96  libspace.o(.bss)
    blink_counter                            0x10000094   Data           4  dtmf.o(.bss.blink_counter)
    [Anonymous Symbol]                       0x10000094   Section        0  dtmf.o(.bss.blink_counter)
    buffer_index                             0x100000bc   Data           2  decode_enveloppe.o(.bss.buffer_index)
    [Anonymous Symbol]                       0x100000bc   Section        0  decode_enveloppe.o(.bss.buffer_index)
    buffer_nord                              0x100000c0   Data          30  decode_enveloppe.o(.bss.buffer_nord)
    [Anonymous Symbol]                       0x100000c0   Section        0  decode_enveloppe.o(.bss.buffer_nord)
    buffer_sud                               0x100000e0   Data          30  decode_enveloppe.o(.bss.buffer_sud)
    [Anonymous Symbol]                       0x100000e0   Section        0  decode_enveloppe.o(.bss.buffer_sud)
    buzz_on                                  0x100000fe   Data           1  proximetre.o(.bss.buzz_on)
    [Anonymous Symbol]                       0x100000fe   Section        0  proximetre.o(.bss.buzz_on)
    buzz_period_us                           0x10000100   Data           4  proximetre.o(.bss.buzz_period_us)
    [Anonymous Symbol]                       0x10000100   Section        0  proximetre.o(.bss.buzz_period_us)
    buzz_t0                                  0x10000104   Data           4  proximetre.o(.bss.buzz_t0)
    [Anonymous Symbol]                       0x10000104   Section        0  proximetre.o(.bss.buzz_t0)
    current_avg_ar                           0x10000108   Data           2  robotstate.o(.bss.current_avg_ar)
    [Anonymous Symbol]                       0x10000108   Section        0  robotstate.o(.bss.current_avg_ar)
    current_avg_av                           0x1000010a   Data           2  robotstate.o(.bss.current_avg_av)
    [Anonymous Symbol]                       0x1000010a   Section        0  robotstate.o(.bss.current_avg_av)
    current_avg_hor                          0x1000010c   Data           2  robotstate.o(.bss.current_avg_hor)
    [Anonymous Symbol]                       0x1000010c   Section        0  robotstate.o(.bss.current_avg_hor)
    current_period_us                        0x1000010e   Data           2  capteurinductif.o(.bss.current_period_us)
    [Anonymous Symbol]                       0x1000010e   Section        0  capteurinductif.o(.bss.current_period_us)
    current_robot_number                     0x10000110   Data           1  robotstate.o(.bss.current_robot_number)
    [Anonymous Symbol]                       0x10000110   Section        0  robotstate.o(.bss.current_robot_number)
    current_vitesse                          0x10000111   Data           1  robotstate.o(.bss.current_vitesse)
    [Anonymous Symbol]                       0x10000111   Section        0  robotstate.o(.bss.current_vitesse)
    current_wire_trame.0                     0x10000112   Data           1  robotstate.o(.bss.current_wire_trame.0)
    [Anonymous Symbol]                       0x10000112   Section        0  robotstate.o(.bss.current_wire_trame.0)
    current_wire_trame.1                     0x10000114   Data           1  robotstate.o(.bss.current_wire_trame.1)
    [Anonymous Symbol]                       0x10000114   Section        0  robotstate.o(.bss.current_wire_trame.1)
    current_wire_trame.2                     0x10000116   Data           2  robotstate.o(.bss.current_wire_trame.2)
    [Anonymous Symbol]                       0x10000116   Section        0  robotstate.o(.bss.current_wire_trame.2)
    ind_hw_mode                              0x1000011b   Data           1  capteurinductif.o(.bss.ind_hw_mode)
    [Anonymous Symbol]                       0x1000011b   Section        0  capteurinductif.o(.bss.ind_hw_mode)
    last_fall_time                           0x10000150   Data           4  capteurinductif.o(.bss.last_fall_time)
    [Anonymous Symbol]                       0x10000150   Section        0  capteurinductif.o(.bss.last_fall_time)
    last_rise_time                           0x10000154   Data           4  capteurinductif.o(.bss.last_rise_time)
    [Anonymous Symbol]                       0x10000154   Section        0  capteurinductif.o(.bss.last_rise_time)
    mot_hw_mode                              0x10000158   Data           1  moteur.o(.bss.mot_hw_mode)
    [Anonymous Symbol]                       0x10000158   Section        0  moteur.o(.bss.mot_hw_mode)
    new_wire_trame                           0x1000015a   Data           1  robotstate.o(.bss.new_wire_trame)
    [Anonymous Symbol]                       0x1000015a   Section        0  robotstate.o(.bss.new_wire_trame)
    process_dtmf_commands.current_state      0x10000160   Data           1  dtmf.o(.bss.process_dtmf_commands.current_state)
    [Anonymous Symbol]                       0x10000160   Section        0  dtmf.o(.bss.process_dtmf_commands.current_state)
    process_dtmf_commands.parsed_robot_id    0x10000161   Data           1  dtmf.o(.bss.process_dtmf_commands.parsed_robot_id)
    [Anonymous Symbol]                       0x10000161   Section        0  dtmf.o(.bss.process_dtmf_commands.parsed_robot_id)
    prox_mode                                0x10000162   Data           1  proximetre.o(.bss.prox_mode)
    [Anonymous Symbol]                       0x10000162   Section        0  proximetre.o(.bss.prox_mode)
    sample_count                             0x10000164   Data           2  capteurinductif.o(.bss.sample_count)
    [Anonymous Symbol]                       0x10000164   Section        0  capteurinductif.o(.bss.sample_count)
    sum_sin1                                 0x10000168   Data           4  capteurinductif.o(.bss.sum_sin1)
    [Anonymous Symbol]                       0x10000168   Section        0  capteurinductif.o(.bss.sum_sin1)
    sum_sin2                                 0x1000016c   Data           4  capteurinductif.o(.bss.sum_sin2)
    [Anonymous Symbol]                       0x1000016c   Section        0  capteurinductif.o(.bss.sum_sin2)
    sum_sin3                                 0x10000170   Data           4  capteurinductif.o(.bss.sum_sin3)
    [Anonymous Symbol]                       0x10000170   Section        0  capteurinductif.o(.bss.sum_sin3)
    uart_debug_enabled                       0x10000174   Data           1  robotstate.o(.bss.uart_debug_enabled)
    [Anonymous Symbol]                       0x10000174   Section        0  robotstate.o(.bss.uart_debug_enabled)
    wire_trame_is_valid                      0x10000175   Data           1  robotstate.o(.bss.wire_trame_is_valid)
    [Anonymous Symbol]                       0x10000175   Section        0  robotstate.o(.bss.wire_trame_is_valid)
    Heap_Mem                                 0x10000178   Data           0  startup_lpc17xx.o(HEAP)
    Stack_Mem                                0x10000178   Data         512  startup_lpc17xx.o(STACK)
    HEAP                                     0x10000178   Section        0  startup_lpc17xx.o(HEAP)
    STACK                                    0x10000178   Section      512  startup_lpc17xx.o(STACK)
    __initial_sp                             0x10000378   Data           0  startup_lpc17xx.o(STACK)

    Global Symbols

    Symbol Name                              Value     Ov Type        Size  Object(Section)

    BuildAttributes$$THM_ISAv4$P$D$K$B$S$PE$A:L22UL41UL21$X:L11$S22US41US21$IEEE1$IW$~IW$USESV6$~STKCKD$USESV7$~SHL$OTIME$ROPI$EBA8$UX$STANDARDLIB$REQ8$PRES8$EABIv2 0x00000000   Number         0  anon$$obj.o ABSOLUTE
    __Vectors                                0x00000000   Data           4  startup_lpc17xx.o(RESET)
    __fp_init_empty                          0x00000000   Number         0  fpinit_empty.o ABSOLUTE
    _printf_flags                            0x00000000   Number         0  printf_stubs.o ABSOLUTE
    _printf_return_value                     0x00000000   Number         0  printf_stubs.o ABSOLUTE
    _printf_sizespec                         0x00000000   Number         0  printf_stubs.o ABSOLUTE
    _printf_widthprec                        0x00000000   Number         0  printf_stubs.o ABSOLUTE
    __ARM_exceptions_init                     - Undefined Weak Reference
    __alloca_initialize                       - Undefined Weak Reference
    __arm_preinit_                            - Undefined Weak Reference
    __arm_relocate_pie_                       - Undefined Weak Reference
    __cpp_initialize__aeabi_                  - Undefined Weak Reference
    __cxa_finalize                            - Undefined Weak Reference
    __rt_locale                               - Undefined Weak Reference
    __sigvec_lookup                           - Undefined Weak Reference
    _atexit_init                              - Undefined Weak Reference
    _call_atexit_fns                          - Undefined Weak Reference
    _clock_init                               - Undefined Weak Reference
    _fp_trap_init                             - Undefined Weak Reference
    _fp_trap_shutdown                         - Undefined Weak Reference
    _get_lc_collate                           - Undefined Weak Reference
    _get_lc_ctype                             - Undefined Weak Reference
    _get_lc_monetary                          - Undefined Weak Reference
    _get_lc_numeric                           - Undefined Weak Reference
    _get_lc_time                              - Undefined Weak Reference
    _getenv_init                              - Undefined Weak Reference
    _handle_redirection                       - Undefined Weak Reference
    _init_alloc                               - Undefined Weak Reference
    _init_user_alloc                          - Undefined Weak Reference
    _initio                                   - Undefined Weak Reference
    _printf_truncate_signed                   - Undefined Weak Reference
    _printf_truncate_unsigned                 - Undefined Weak Reference
    _rand_init                                - Undefined Weak Reference
    _signal_finish                            - Undefined Weak Reference
    _signal_init                              - Undefined Weak Reference
    _terminate_alloc                          - Undefined Weak Reference
    _terminate_user_alloc                     - Undefined Weak Reference
    _terminateio                              - Undefined Weak Reference
    __main                                   0x000000cd   Thumb Code     8  __main.o(!!!main)
    __scatterload                            0x000000d5   Thumb Code     0  __scatter.o(!!!scatter)
    __scatterload_rt2                        0x000000d5   Thumb Code    84  __scatter.o(!!!scatter)
    __scatterload_rt2_thumb_only             0x000000d5   Thumb Code     0  __scatter.o(!!!scatter)
    __scatterload_loop                       0x000000df   Thumb Code     0  __scatter.o(!!!scatter)
    __scatterload_copy                       0x00000131   Thumb Code    26  __scatter_copy.o(!!handler_copy)
    __scatterload_null                       0x0000014d   Thumb Code     2  __scatter.o(!!handler_null)
    __scatterload_zeroinit                   0x00000151   Thumb Code    28  __scatter_zi.o(!!handler_zi)
    _printf_d                                0x0000016d   Thumb Code     0  _printf_d.o(.ARM.Collect$$_printf_percent$$00000009)
    _printf_percent                          0x0000016d   Thumb Code     0  _printf_percent.o(.ARM.Collect$$_printf_percent$$00000000)
    _printf_u                                0x00000173   Thumb Code     0  _printf_u.o(.ARM.Collect$$_printf_percent$$0000000A)
    _printf_x                                0x00000179   Thumb Code     0  _printf_x.o(.ARM.Collect$$_printf_percent$$0000000C)
    _printf_percent_end                      0x0000017f   Thumb Code     0  _printf_percent_end.o(.ARM.Collect$$_printf_percent$$00000017)
    __rt_lib_init                            0x00000183   Thumb Code     0  libinit.o(.ARM.Collect$$libinit$$00000000)
    __rt_lib_init_alloca_1                   0x00000185   Thumb Code     0  libinit2.o(.ARM.Collect$$libinit$$00000030)
    __rt_lib_init_argv_1                     0x00000185   Thumb Code     0  libinit2.o(.ARM.Collect$$libinit$$0000002E)
    __rt_lib_init_atexit_1                   0x00000185   Thumb Code     0  libinit2.o(.ARM.Collect$$libinit$$0000001D)
    __rt_lib_init_clock_1                    0x00000185   Thumb Code     0  libinit2.o(.ARM.Collect$$libinit$$00000023)
    __rt_lib_init_cpp_1                      0x00000185   Thumb Code     0  libinit2.o(.ARM.Collect$$libinit$$00000034)
    __rt_lib_init_exceptions_1               0x00000185   Thumb Code     0  libinit2.o(.ARM.Collect$$libinit$$00000032)
    __rt_lib_init_fp_1                       0x00000185   Thumb Code     0  libinit2.o(.ARM.Collect$$libinit$$00000002)
    __rt_lib_init_fp_trap_1                  0x00000185   Thumb Code     0  libinit2.o(.ARM.Collect$$libinit$$00000021)
    __rt_lib_init_getenv_1                   0x00000185   Thumb Code     0  libinit2.o(.ARM.Collect$$libinit$$00000025)
    __rt_lib_init_heap_1                     0x00000185   Thumb Code     0  libinit2.o(.ARM.Collect$$libinit$$0000000C)
    __rt_lib_init_lc_collate_1               0x00000185   Thumb Code     0  libinit2.o(.ARM.Collect$$libinit$$00000013)
    __rt_lib_init_lc_ctype_1                 0x00000185   Thumb Code     0  libinit2.o(.ARM.Collect$$libinit$$00000015)
    __rt_lib_init_lc_monetary_1              0x00000185   Thumb Code     0  libinit2.o(.ARM.Collect$$libinit$$00000017)
    __rt_lib_init_lc_numeric_1               0x00000185   Thumb Code     0  libinit2.o(.ARM.Collect$$libinit$$00000019)
    __rt_lib_init_lc_time_1                  0x00000185   Thumb Code     0  libinit2.o(.ARM.Collect$$libinit$$0000001B)
    __rt_lib_init_preinit_1                  0x00000185   Thumb Code     0  libinit2.o(.ARM.Collect$$libinit$$00000006)
    __rt_lib_init_rand_1                     0x00000185   Thumb Code     0  libinit2.o(.ARM.Collect$$libinit$$00000010)
    __rt_lib_init_relocate_pie_1             0x00000185   Thumb Code     0  libinit2.o(.ARM.Collect$$libinit$$00000004)
    __rt_lib_init_return                     0x00000185   Thumb Code     0  libinit2.o(.ARM.Collect$$libinit$$00000035)
    __rt_lib_init_signal_1                   0x00000185   Thumb Code     0  libinit2.o(.ARM.Collect$$libinit$$0000001F)
    __rt_lib_init_stdio_1                    0x00000185   Thumb Code     0  libinit2.o(.ARM.Collect$$libinit$$00000027)
    __rt_lib_init_user_alloc_1               0x00000185   Thumb Code     0  libinit2.o(.ARM.Collect$$libinit$$0000000E)
    __rt_lib_shutdown                        0x00000187   Thumb Code     0  libshutdown.o(.ARM.Collect$$libshutdown$$00000000)
    __rt_lib_shutdown_cpp_1                  0x00000189   Thumb Code     0  libshutdown2.o(.ARM.Collect$$libshutdown$$00000002)
    __rt_lib_shutdown_fp_trap_1              0x00000189   Thumb Code     0  libshutdown2.o(.ARM.Collect$$libshutdown$$00000007)
    __rt_lib_shutdown_heap_1                 0x00000189   Thumb Code     0  libshutdown2.o(.ARM.Collect$$libshutdown$$0000000F)
    __rt_lib_shutdown_return                 0x00000189   Thumb Code     0  libshutdown2.o(.ARM.Collect$$libshutdown$$00000010)
    __rt_lib_shutdown_signal_1               0x00000189   Thumb Code     0  libshutdown2.o(.ARM.Collect$$libshutdown$$0000000A)
    __rt_lib_shutdown_stdio_1                0x00000189   Thumb Code     0  libshutdown2.o(.ARM.Collect$$libshutdown$$00000004)
    __rt_lib_shutdown_user_alloc_1           0x00000189   Thumb Code     0  libshutdown2.o(.ARM.Collect$$libshutdown$$0000000C)
    __rt_entry                               0x0000018b   Thumb Code     0  __rtentry.o(.ARM.Collect$$rtentry$$00000000)
    __rt_entry_presh_1                       0x0000018b   Thumb Code     0  __rtentry2.o(.ARM.Collect$$rtentry$$00000002)
    __rt_entry_sh                            0x0000018b   Thumb Code     0  __rtentry4.o(.ARM.Collect$$rtentry$$00000004)
    __rt_entry_li                            0x00000191   Thumb Code     0  __rtentry2.o(.ARM.Collect$$rtentry$$0000000A)
    __rt_entry_postsh_1                      0x00000191   Thumb Code     0  __rtentry2.o(.ARM.Collect$$rtentry$$00000009)
    __rt_entry_main                          0x00000195   Thumb Code     0  __rtentry2.o(.ARM.Collect$$rtentry$$0000000D)
    __rt_entry_postli_1                      0x00000195   Thumb Code     0  __rtentry2.o(.ARM.Collect$$rtentry$$0000000C)
    __rt_exit                                0x0000019d   Thumb Code     0  rtexit.o(.ARM.Collect$$rtexit$$00000000)
    __rt_exit_ls                             0x0000019f   Thumb Code     0  rtexit2.o(.ARM.Collect$$rtexit$$00000003)
    __rt_exit_prels_1                        0x0000019f   Thumb Code     0  rtexit2.o(.ARM.Collect$$rtexit$$00000002)
    __rt_exit_exit                           0x000001a3   Thumb Code     0  rtexit2.o(.ARM.Collect$$rtexit$$00000004)
    Reset_Handler                            0x000001a9   Thumb Code     8  startup_lpc17xx.o(.text)
    NMI_Handler                              0x000001b1   Thumb Code     2  startup_lpc17xx.o(.text)
    HardFault_Handler                        0x000001b3   Thumb Code     2  startup_lpc17xx.o(.text)
    MemManage_Handler                        0x000001b5   Thumb Code     2  startup_lpc17xx.o(.text)
    BusFault_Handler                         0x000001b7   Thumb Code     2  startup_lpc17xx.o(.text)
    UsageFault_Handler                       0x000001b9   Thumb Code     2  startup_lpc17xx.o(.text)
    SVC_Handler                              0x000001bb   Thumb Code     2  startup_lpc17xx.o(.text)
    DebugMon_Handler                         0x000001bd   Thumb Code     2  startup_lpc17xx.o(.text)
    PendSV_Handler                           0x000001bf   Thumb Code     2  startup_lpc17xx.o(.text)
    ADC_IRQHandler                           0x000001c3   Thumb Code     0  startup_lpc17xx.o(.text)
    BOD_IRQHandler                           0x000001c3   Thumb Code     0  startup_lpc17xx.o(.text)
    CANActivity_IRQHandler                   0x000001c3   Thumb Code     0  startup_lpc17xx.o(.text)
    CAN_IRQHandler                           0x000001c3   Thumb Code     0  startup_lpc17xx.o(.text)
    DMA_IRQHandler                           0x000001c3   Thumb Code     0  startup_lpc17xx.o(.text)
    EINT0_IRQHandler                         0x000001c3   Thumb Code     0  startup_lpc17xx.o(.text)
    EINT2_IRQHandler                         0x000001c3   Thumb Code     0  startup_lpc17xx.o(.text)
    ENET_IRQHandler                          0x000001c3   Thumb Code     0  startup_lpc17xx.o(.text)
    I2C0_IRQHandler                          0x000001c3   Thumb Code     0  startup_lpc17xx.o(.text)
    I2C1_IRQHandler                          0x000001c3   Thumb Code     0  startup_lpc17xx.o(.text)
    I2C2_IRQHandler                          0x000001c3   Thumb Code     0  startup_lpc17xx.o(.text)
    I2S_IRQHandler                           0x000001c3   Thumb Code     0  startup_lpc17xx.o(.text)
    MCPWM_IRQHandler                         0x000001c3   Thumb Code     0  startup_lpc17xx.o(.text)
    PLL0_IRQHandler                          0x000001c3   Thumb Code     0  startup_lpc17xx.o(.text)
    PLL1_IRQHandler                          0x000001c3   Thumb Code     0  startup_lpc17xx.o(.text)
    PWM1_IRQHandler                          0x000001c3   Thumb Code     0  startup_lpc17xx.o(.text)
    QEI_IRQHandler                           0x000001c3   Thumb Code     0  startup_lpc17xx.o(.text)
    RIT_IRQHandler                           0x000001c3   Thumb Code     0  startup_lpc17xx.o(.text)
    RTC_IRQHandler                           0x000001c3   Thumb Code     0  startup_lpc17xx.o(.text)
    SPI_IRQHandler                           0x000001c3   Thumb Code     0  startup_lpc17xx.o(.text)
    SSP0_IRQHandler                          0x000001c3   Thumb Code     0  startup_lpc17xx.o(.text)
    SSP1_IRQHandler                          0x000001c3   Thumb Code     0  startup_lpc17xx.o(.text)
    TIMER1_IRQHandler                        0x000001c3   Thumb Code     0  startup_lpc17xx.o(.text)
    TIMER2_IRQHandler                        0x000001c3   Thumb Code     0  startup_lpc17xx.o(.text)
    UART0_IRQHandler                         0x000001c3   Thumb Code     0  startup_lpc17xx.o(.text)
    UART1_IRQHandler                         0x000001c3   Thumb Code     0  startup_lpc17xx.o(.text)
    UART2_IRQHandler                         0x000001c3   Thumb Code     0  startup_lpc17xx.o(.text)
    UART3_IRQHandler                         0x000001c3   Thumb Code     0  startup_lpc17xx.o(.text)
    USBActivity_IRQHandler                   0x000001c3   Thumb Code     0  startup_lpc17xx.o(.text)
    USB_IRQHandler                           0x000001c3   Thumb Code     0  startup_lpc17xx.o(.text)
    WDT_IRQHandler                           0x000001c3   Thumb Code     0  startup_lpc17xx.o(.text)
    __user_initial_stackheap                 0x000001c5   Thumb Code     0  startup_lpc17xx.o(.text)
    _printf_pre_padding                      0x000001e5   Thumb Code    44  _printf_pad.o(.text)
    _printf_post_padding                     0x00000211   Thumb Code    34  _printf_pad.o(.text)
    _printf_int_dec                          0x00000235   Thumb Code   104  _printf_dec.o(.text)
    __use_two_region_memory                  0x000002ad   Thumb Code     2  heapauxi.o(.text)
    __rt_heap_escrow$2region                 0x000002af   Thumb Code     2  heapauxi.o(.text)
    __rt_heap_expand$2region                 0x000002b1   Thumb Code     2  heapauxi.o(.text)
    __user_setup_stackheap                   0x000002b3   Thumb Code    74  sys_stackheap_outer.o(.text)
    _printf_int_hex                          0x00000301   Thumb Code    84  _printf_hex_int.o(.text)
    _printf_longlong_hex                     0x00000301   Thumb Code     0  _printf_hex_int.o(.text)
    _printf_int_common                       0x00000359   Thumb Code   178  _printf_intcommon.o(.text)
    exit                                     0x0000040b   Thumb Code    18  exit.o(.text)
    __user_libspace                          0x0000041d   Thumb Code     8  libspace.o(.text)
    __user_perproc_libspace                  0x0000041d   Thumb Code     0  libspace.o(.text)
    __user_perthread_libspace                0x0000041d   Thumb Code     0  libspace.o(.text)
    _sys_exit                                0x00000425   Thumb Code     8  sys_exit.o(.text)
    __I$use$semihosting                      0x00000431   Thumb Code     0  use_no_semi.o(.text)
    __use_no_semihosting_swi                 0x00000431   Thumb Code     2  use_no_semi.o(.text)
    __semihosting_library_function           0x00000433   Thumb Code     0  indicate_semi.o(.text)
    Changer_PWM_Droite                       0x00000435   Thumb Code    58  moteur.o(.text.Changer_PWM_Droite)
    Changer_PWM_Gauche                       0x00000471   Thumb Code    58  moteur.o(.text.Changer_PWM_Gauche)
    EINT1_IRQHandler                         0x000004ad   Thumb Code     4  interruptions.o(.text.EINT1_IRQHandler)
    EINT3_IRQHandler                         0x000004b1   Thumb Code    22  interruptions.o(.text.EINT3_IRQHandler)
    Init_Moteur_PWM                          0x000004c9   Thumb Code   134  moteur.o(.text.Init_Moteur_PWM)
    SysTick_Handler                          0x00000551   Thumb Code    14  interruptions.o(.text.SysTick_Handler)
    SystemInit                               0x00000561   Thumb Code   204  system_lpc17xx.o(.text.SystemInit)
    TIMER0_IRQHandler                        0x0000062d   Thumb Code     4  interruptions.o(.text.TIMER0_IRQHandler)
    TIMER3_IRQHandler                        0x00000631   Thumb Code     4  interruptions.o(.text.TIMER3_IRQHandler)
    capteurInductif_interrupt_routine        0x00000635   Thumb Code   546  capteurinductif.o(.text.capteurInductif_interrupt_routine)
    decode_enveloppe_commande                0x00000859   Thumb Code   716  decode_enveloppe.o(.text.decode_enveloppe_commande)
    dtmf_interrupt_routine                   0x00000b25   Thumb Code   144  dtmf.o(.text.dtmf_interrupt_routine)
    emissionIR_interrupt_routine             0x00000bb5   Thumb Code    12  emissionir.o(.text.emissionIR_interrupt_routine)
    get_debug_uart_enabled                   0x00000bc1   Thumb Code    12  robotstate.o(.text.get_debug_uart_enabled)
    get_motor_pwms                           0x00000bcd   Thumb Code    34  robotstate.o(.text.get_motor_pwms)
    get_robot_number                         0x00000bf1   Thumb Code    12  robotstate.o(.text.get_robot_number)
    get_robot_status                         0x00000bfd   Thumb Code    12  robotstate.o(.text.get_robot_status)
    get_robot_vitesse                        0x00000c09   Thumb Code    12  robotstate.o(.text.get_robot_vitesse)
    init_PWM_IR                              0x00000c15   Thumb Code   112  emissionir.o(.text.init_PWM_IR)
    init_Timer_Enveloppe                     0x00000c85   Thumb Code    74  emissionir.o(.text.init_Timer_Enveloppe)
    init_capteur_inductif                    0x00000cd1   Thumb Code   270  capteurinductif.o(.text.init_capteur_inductif)
    init_moteurs_debug                       0x00000de1   Thumb Code    88  moteur.o(.text.init_moteurs_debug)
    init_proximetre                          0x00000e39   Thumb Code   456  proximetre.o(.text.init_proximetre)
    init_uart0                               0x00001001   Thumb Code   124  uart.o(.text.init_uart0)
    main                                     0x0000107d   Thumb Code   142  main.o(.text.main)
    moteurs_interrupt_routine                0x0000110d   Thumb Code    58  moteur.o(.text.moteurs_interrupt_routine)
    preparer_trame                           0x00001149   Thumb Code   152  toolsir.o(.text.preparer_trame)
    process_dtmf_commands                    0x000011e1   Thumb Code   228  dtmf.o(.text.process_dtmf_commands)
    proximetre_interrupt_routine             0x000012c5   Thumb Code    68  proximetre.o(.text.proximetre_interrupt_routine)
    proximetre_timer_interrupt_routine       0x00001309   Thumb Code    74  proximetre.o(.text.proximetre_timer_interrupt_routine)
    recepSPI_interrupt_routine               0x00001355   Thumb Code   216  recepspi.o(.text.recepSPI_interrupt_routine)
    set_capteur_averages                     0x0000143d   Thumb Code    32  robotstate.o(.text.set_capteur_averages)
    set_debug_uart_enabled                   0x0000145d   Thumb Code    12  robotstate.o(.text.set_debug_uart_enabled)
    set_motor_pwms                           0x00001469   Thumb Code    22  robotstate.o(.text.set_motor_pwms)
    set_new_wire_trame                       0x00001481   Thumb Code    12  robotstate.o(.text.set_new_wire_trame)
    set_wire_trame                           0x0000148d   Thumb Code    56  robotstate.o(.text.set_wire_trame)
    update_PWM_state                         0x000014c5   Thumb Code   226  emissionir.o(.text.update_PWM_state)
    Region$$Table$$Base                      0x000015d0   Number         0  anon$$obj.o(Region$$Table)
    Region$$Table$$Limit                     0x000015f0   Number         0  anon$$obj.o(Region$$Table)
    DTMF_TABLE                               0x10000000   Data          16  dtmf.o(.data.DTMF_TABLE)
    SystemCoreClock                          0x10000010   Data           4  system_lpc17xx.o(.data.SystemCoreClock)
    dtmf_char                                0x1000001d   Data           1  dtmf.o(.data.dtmf_char)
    lastCS                                   0x1000001e   Data           8  recepspi.o(.data.lastCS)
    robot_status                             0x10000029   Data           1  dtmf.o(.data.robot_status)
    __libspace_start                         0x10000030   Data          96  libspace.o(.bss)
    Pd                                       0x10000090   Data           1  recepspi.o(.bss.Pd)
    __temporary_stack_top$libspace           0x10000090   Data           0  libspace.o(.bss)
    Pg                                       0x10000091   Data           1  recepspi.o(.bss.Pg)
    Vd                                       0x10000092   Data           1  recepspi.o(.bss.Vd)
    Vg                                       0x10000093   Data           1  recepspi.o(.bss.Vg)
    bufferPos                                0x10000098   Data           4  recepspi.o(.bss.bufferPos)
    bufferVal                                0x1000009c   Data          32  recepspi.o(.bss.bufferVal)
    dtmf_tone                                0x10000118   Data           1  dtmf.o(.bss.dtmf_tone)
    flag_50hz                                0x10000119   Data           1  main.o(.bss.flag_50hz)
    frame_counter                            0x1000011a   Data           1  toolsir.o(.bss.frame_counter)
    ir_sequence                              0x1000011c   Data          50  toolsir.o(.bss.ir_sequence)
    new_dtmf_flag                            0x10000159   Data           1  dtmf.o(.bss.new_dtmf_flag)
    payload                                  0x1000015c   Data           2  toolsir.o(.bss.payload)
    posReadCS                                0x1000015e   Data           1  recepspi.o(.bss.posReadCS)
    posWriteCS                               0x1000015f   Data           1  recepspi.o(.bss.posWriteCS)
    seq_index                                0x10000166   Data           1  toolsir.o(.bss.seq_index)
    seq_length                               0x10000167   Data           1  toolsir.o(.bss.seq_length)



==============================================================================

Memory Map of the image

  Image Entry point : 0x000001a9

  Load Region LR_1 (Base: 0x00000000, Size: 0x00001620, Max: 0xffffffff, ABSOLUTE)

    Execution Region ER_RO (Exec base: 0x00000000, Load base: 0x00000000, Size: 0x000015f0, Max: 0xffffffff, ABSOLUTE)

    Exec Addr    Load Addr    Size         Type   Attr      Idx    E Section Name        Object

    0x00000000   0x00000000   0x000000cc   Data   RO          348    RESET               startup_lpc17xx.o
    0x000000cc   0x000000cc   0x00000008   Code   RO          437  * !!!main             c_w.l(__main.o)
    0x000000d4   0x000000d4   0x0000005c   Code   RO          662    !!!scatter          c_w.l(__scatter.o)
    0x00000130   0x00000130   0x0000001a   Code   RO          666    !!handler_copy      c_w.l(__scatter_copy.o)
    0x0000014a   0x0000014a   0x00000002   PAD
    0x0000014c   0x0000014c   0x00000002   Code   RO          663    !!handler_null      c_w.l(__scatter.o)
    0x0000014e   0x0000014e   0x00000002   PAD
    0x00000150   0x00000150   0x0000001c   Code   RO          668    !!handler_zi        c_w.l(__scatter_zi.o)
    0x0000016c   0x0000016c   0x00000000   Code   RO          428    .ARM.Collect$$_printf_percent$$00000000  c_w.l(_printf_percent.o)
    0x0000016c   0x0000016c   0x00000006   Code   RO          426    .ARM.Collect$$_printf_percent$$00000009  c_w.l(_printf_d.o)
    0x00000172   0x00000172   0x00000006   Code   RO          427    .ARM.Collect$$_printf_percent$$0000000A  c_w.l(_printf_u.o)
    0x00000178   0x00000178   0x00000006   Code   RO          425    .ARM.Collect$$_printf_percent$$0000000C  c_w.l(_printf_x.o)
    0x0000017e   0x0000017e   0x00000004   Code   RO          478    .ARM.Collect$$_printf_percent$$00000017  c_w.l(_printf_percent_end.o)
    0x00000182   0x00000182   0x00000002   Code   RO          524    .ARM.Collect$$libinit$$00000000  c_w.l(libinit.o)
    0x00000184   0x00000184   0x00000000   Code   RO          537    .ARM.Collect$$libinit$$00000002  c_w.l(libinit2.o)
    0x00000184   0x00000184   0x00000000   Code   RO          539    .ARM.Collect$$libinit$$00000004  c_w.l(libinit2.o)
    0x00000184   0x00000184   0x00000000   Code   RO          541    .ARM.Collect$$libinit$$00000006  c_w.l(libinit2.o)
    0x00000184   0x00000184   0x00000000   Code   RO          544    .ARM.Collect$$libinit$$0000000C  c_w.l(libinit2.o)
    0x00000184   0x00000184   0x00000000   Code   RO          546    .ARM.Collect$$libinit$$0000000E  c_w.l(libinit2.o)
    0x00000184   0x00000184   0x00000000   Code   RO          548    .ARM.Collect$$libinit$$00000010  c_w.l(libinit2.o)
    0x00000184   0x00000184   0x00000000   Code   RO          551    .ARM.Collect$$libinit$$00000013  c_w.l(libinit2.o)
    0x00000184   0x00000184   0x00000000   Code   RO          553    .ARM.Collect$$libinit$$00000015  c_w.l(libinit2.o)
    0x00000184   0x00000184   0x00000000   Code   RO          555    .ARM.Collect$$libinit$$00000017  c_w.l(libinit2.o)
    0x00000184   0x00000184   0x00000000   Code   RO          557    .ARM.Collect$$libinit$$00000019  c_w.l(libinit2.o)
    0x00000184   0x00000184   0x00000000   Code   RO          559    .ARM.Collect$$libinit$$0000001B  c_w.l(libinit2.o)
    0x00000184   0x00000184   0x00000000   Code   RO          561    .ARM.Collect$$libinit$$0000001D  c_w.l(libinit2.o)
    0x00000184   0x00000184   0x00000000   Code   RO          563    .ARM.Collect$$libinit$$0000001F  c_w.l(libinit2.o)
    0x00000184   0x00000184   0x00000000   Code   RO          565    .ARM.Collect$$libinit$$00000021  c_w.l(libinit2.o)
    0x00000184   0x00000184   0x00000000   Code   RO          567    .ARM.Collect$$libinit$$00000023  c_w.l(libinit2.o)
    0x00000184   0x00000184   0x00000000   Code   RO          569    .ARM.Collect$$libinit$$00000025  c_w.l(libinit2.o)
    0x00000184   0x00000184   0x00000000   Code   RO          571    .ARM.Collect$$libinit$$00000027  c_w.l(libinit2.o)
    0x00000184   0x00000184   0x00000000   Code   RO          575    .ARM.Collect$$libinit$$0000002E  c_w.l(libinit2.o)
    0x00000184   0x00000184   0x00000000   Code   RO          577    .ARM.Collect$$libinit$$00000030  c_w.l(libinit2.o)
    0x00000184   0x00000184   0x00000000   Code   RO          579    .ARM.Collect$$libinit$$00000032  c_w.l(libinit2.o)
    0x00000184   0x00000184   0x00000000   Code   RO          581    .ARM.Collect$$libinit$$00000034  c_w.l(libinit2.o)
    0x00000184   0x00000184   0x00000002   Code   RO          582    .ARM.Collect$$libinit$$00000035  c_w.l(libinit2.o)
    0x00000186   0x00000186   0x00000002   Code   RO          617    .ARM.Collect$$libshutdown$$00000000  c_w.l(libshutdown.o)
    0x00000188   0x00000188   0x00000000   Code   RO          645    .ARM.Collect$$libshutdown$$00000002  c_w.l(libshutdown2.o)
    0x00000188   0x00000188   0x00000000   Code   RO          647    .ARM.Collect$$libshutdown$$00000004  c_w.l(libshutdown2.o)
    0x00000188   0x00000188   0x00000000   Code   RO          650    .ARM.Collect$$libshutdown$$00000007  c_w.l(libshutdown2.o)
    0x00000188   0x00000188   0x00000000   Code   RO          653    .ARM.Collect$$libshutdown$$0000000A  c_w.l(libshutdown2.o)
    0x00000188   0x00000188   0x00000000   Code   RO          655    .ARM.Collect$$libshutdown$$0000000C  c_w.l(libshutdown2.o)
    0x00000188   0x00000188   0x00000000   Code   RO          658    .ARM.Collect$$libshutdown$$0000000F  c_w.l(libshutdown2.o)
    0x00000188   0x00000188   0x00000002   Code   RO          659    .ARM.Collect$$libshutdown$$00000010  c_w.l(libshutdown2.o)
    0x0000018a   0x0000018a   0x00000000   Code   RO          467    .ARM.Collect$$rtentry$$00000000  c_w.l(__rtentry.o)
    0x0000018a   0x0000018a   0x00000000   Code   RO          491    .ARM.Collect$$rtentry$$00000002  c_w.l(__rtentry2.o)
    0x0000018a   0x0000018a   0x00000006   Code   RO          503    .ARM.Collect$$rtentry$$00000004  c_w.l(__rtentry4.o)
    0x00000190   0x00000190   0x00000000   Code   RO          493    .ARM.Collect$$rtentry$$00000009  c_w.l(__rtentry2.o)
    0x00000190   0x00000190   0x00000004   Code   RO          494    .ARM.Collect$$rtentry$$0000000A  c_w.l(__rtentry2.o)
    0x00000194   0x00000194   0x00000000   Code   RO          496    .ARM.Collect$$rtentry$$0000000C  c_w.l(__rtentry2.o)
    0x00000194   0x00000194   0x00000008   Code   RO          497    .ARM.Collect$$rtentry$$0000000D  c_w.l(__rtentry2.o)
    0x0000019c   0x0000019c   0x00000002   Code   RO          528    .ARM.Collect$$rtexit$$00000000  c_w.l(rtexit.o)
    0x0000019e   0x0000019e   0x00000000   Code   RO          588    .ARM.Collect$$rtexit$$00000002  c_w.l(rtexit2.o)
    0x0000019e   0x0000019e   0x00000004   Code   RO          589    .ARM.Collect$$rtexit$$00000003  c_w.l(rtexit2.o)
    0x000001a2   0x000001a2   0x00000006   Code   RO          590    .ARM.Collect$$rtexit$$00000004  c_w.l(rtexit2.o)
    0x000001a8   0x000001a8   0x0000003c   Code   RO          350  * .text               startup_lpc17xx.o
    0x000001e4   0x000001e4   0x0000004e   Code   RO          380    .text               c_w.l(_printf_pad.o)
    0x00000232   0x00000232   0x00000002   PAD
    0x00000234   0x00000234   0x00000078   Code   RO          382    .text               c_w.l(_printf_dec.o)
    0x000002ac   0x000002ac   0x00000006   Code   RO          435    .text               c_w.l(heapauxi.o)
    0x000002b2   0x000002b2   0x0000004a   Code   RO          511    .text               c_w.l(sys_stackheap_outer.o)
    0x000002fc   0x000002fc   0x00000004   Code   RO          349    .ARM.__at_0x02FC    startup_lpc17xx.o
    0x00000300   0x00000300   0x00000058   Code   RO          387    .text               c_w.l(_printf_hex_int.o)
    0x00000358   0x00000358   0x000000b2   Code   RO          472    .text               c_w.l(_printf_intcommon.o)
    0x0000040a   0x0000040a   0x00000012   Code   RO          513    .text               c_w.l(exit.o)
    0x0000041c   0x0000041c   0x00000008   Code   RO          525    .text               c_w.l(libspace.o)
    0x00000424   0x00000424   0x0000000c   Code   RO          583    .text               c_w.l(sys_exit.o)
    0x00000430   0x00000430   0x00000002   Code   RO          606    .text               c_w.l(use_no_semi.o)
    0x00000432   0x00000432   0x00000000   Code   RO          608    .text               c_w.l(indicate_semi.o)
    0x00000432   0x00000432   0x00000002   PAD
    0x00000434   0x00000434   0x0000003a   Code   RO          136    .text.Changer_PWM_Droite  moteur.o
    0x0000046e   0x0000046e   0x00000002   PAD
    0x00000470   0x00000470   0x0000003a   Code   RO          134    .text.Changer_PWM_Gauche  moteur.o
    0x000004aa   0x000004aa   0x00000002   PAD
    0x000004ac   0x000004ac   0x00000004   Code   RO          106    .text.EINT1_IRQHandler  interruptions.o
    0x000004b0   0x000004b0   0x00000016   Code   RO          104    .text.EINT3_IRQHandler  interruptions.o
    0x000004c6   0x000004c6   0x00000002   PAD
    0x000004c8   0x000004c8   0x00000086   Code   RO          130    .text.Init_Moteur_PWM  moteur.o
    0x0000054e   0x0000054e   0x00000002   PAD
    0x00000550   0x00000550   0x0000000e   Code   RO          102    .text.SysTick_Handler  interruptions.o
    0x0000055e   0x0000055e   0x00000002   PAD
    0x00000560   0x00000560   0x000000cc   Code   RO          361    .text.SystemInit    system_lpc17xx.o
    0x0000062c   0x0000062c   0x00000004   Code   RO          108    .text.TIMER0_IRQHandler  interruptions.o
    0x00000630   0x00000630   0x00000004   Code   RO          110    .text.TIMER3_IRQHandler  interruptions.o
    0x00000634   0x00000634   0x00000222   Code   RO           15    .text.capteurInductif_interrupt_routine  capteurinductif.o
    0x00000856   0x00000856   0x00000002   PAD
    0x00000858   0x00000858   0x000002cc   Code   RO           42    .text.decode_enveloppe_commande  decode_enveloppe.o
    0x00000b24   0x00000b24   0x00000090   Code   RO           66    .text.dtmf_interrupt_routine  dtmf.o
    0x00000bb4   0x00000bb4   0x0000000c   Code   RO           88    .text.emissionIR_interrupt_routine  emissionir.o
    0x00000bc0   0x00000bc0   0x0000000c   Code   RO          261    .text.get_debug_uart_enabled  robotstate.o
    0x00000bcc   0x00000bcc   0x00000022   Code   RO          237    .text.get_motor_pwms  robotstate.o
    0x00000bee   0x00000bee   0x00000002   PAD
    0x00000bf0   0x00000bf0   0x0000000c   Code   RO          225    .text.get_robot_number  robotstate.o
    0x00000bfc   0x00000bfc   0x0000000c   Code   RO          233    .text.get_robot_status  robotstate.o
    0x00000c08   0x00000c08   0x0000000c   Code   RO          229    .text.get_robot_vitesse  robotstate.o
    0x00000c14   0x00000c14   0x00000070   Code   RO           84    .text.init_PWM_IR   emissionir.o
    0x00000c84   0x00000c84   0x0000004a   Code   RO           86    .text.init_Timer_Enveloppe  emissionir.o
    0x00000cce   0x00000cce   0x00000002   PAD
    0x00000cd0   0x00000cd0   0x0000010e   Code   RO           13    .text.init_capteur_inductif  capteurinductif.o
    0x00000dde   0x00000dde   0x00000002   PAD
    0x00000de0   0x00000de0   0x00000058   Code   RO          132    .text.init_moteurs_debug  moteur.o
    0x00000e38   0x00000e38   0x000001c8   Code   RO          161    .text.init_proximetre  proximetre.o
    0x00001000   0x00001000   0x0000007c   Code   RO          333    .text.init_uart0    uart.o
    0x0000107c   0x0000107c   0x0000008e   Code   RO          119    .text.main          main.o
    0x0000110a   0x0000110a   0x00000002   PAD
    0x0000110c   0x0000110c   0x0000003a   Code   RO          140    .text.moteurs_interrupt_routine  moteur.o
    0x00001146   0x00001146   0x00000002   PAD
    0x00001148   0x00001148   0x00000098   Code   RO          318    .text.preparer_trame  toolsir.o
    0x000011e0   0x000011e0   0x000000e4   Code   RO           62    .text.process_dtmf_commands  dtmf.o
    0x000012c4   0x000012c4   0x00000044   Code   RO          163    .text.proximetre_interrupt_routine  proximetre.o
    0x00001308   0x00001308   0x0000004a   Code   RO          159    .text.proximetre_timer_interrupt_routine  proximetre.o
    0x00001352   0x00001352   0x00000002   PAD
    0x00001354   0x00001354   0x000000e8   Code   RO          204    .text.recepSPI_interrupt_routine  recepspi.o
    0x0000143c   0x0000143c   0x00000020   Code   RO          247    .text.set_capteur_averages  robotstate.o
    0x0000145c   0x0000145c   0x0000000c   Code   RO          259    .text.set_debug_uart_enabled  robotstate.o
    0x00001468   0x00001468   0x00000016   Code   RO          235    .text.set_motor_pwms  robotstate.o
    0x0000147e   0x0000147e   0x00000002   PAD
    0x00001480   0x00001480   0x0000000c   Code   RO          271    .text.set_new_wire_trame  robotstate.o
    0x0000148c   0x0000148c   0x00000038   Code   RO          263    .text.set_wire_trame  robotstate.o
    0x000014c4   0x000014c4   0x000000e2   Code   RO           90    .text.update_PWM_state  emissionir.o
    0x000015a6   0x000015a6   0x00000028   Data   RO          388    .constdata          c_w.l(_printf_hex_int.o)
    0x000015ce   0x000015ce   0x00000002   PAD
    0x000015d0   0x000015d0   0x00000020   Data   RO          661    Region$$Table       anon$$obj.o


    Execution Region ER_RW (Exec base: 0x10000000, Load base: 0x000015f0, Size: 0x00000030, Max: 0xffffffff, ABSOLUTE)

    Exec Addr    Load Addr    Size         Type   Attr      Idx    E Section Name        Object

    0x10000000   0x000015f0   0x00000010   Data   RW           72    .data.DTMF_TABLE    dtmf.o
    0x10000010   0x00001600   0x00000004   Data   RW          363    .data.SystemCoreClock  system_lpc17xx.o
    0x10000014   0x00001604   0x00000004   Data   RW          277    .data.current_pwm_d  robotstate.o
    0x10000018   0x00001608   0x00000004   Data   RW          276    .data.current_pwm_g  robotstate.o
    0x1000001c   0x0000160c   0x00000001   Data   RW          275    .data.current_status  robotstate.o
    0x1000001d   0x0000160d   0x00000001   Data   RW           69    .data.dtmf_char     dtmf.o
    0x1000001e   0x0000160e   0x00000008   Data   RW          207    .data.lastCS        recepspi.o
    0x10000026   0x00001616   0x00000002   Data   RW           29    .data.last_rest_duration_us  capteurinductif.o
    0x10000028   0x00001618   0x00000001   Data   RW           75    .data.process_dtmf_commands.parsed_action  dtmf.o
    0x10000029   0x00001619   0x00000001   Data   RW           71    .data.robot_status  dtmf.o
    0x1000002a   0x0000161a   0x00000002   PAD
    0x1000002c   0x0000161c   0x00000004   Data   RW          175    .data.servo_pulse_us  proximetre.o


    Execution Region ER_ZI (Exec base: 0x10000030, Load base: 0x00001620, Size: 0x00000348, Max: 0xffffffff, ABSOLUTE)

    Exec Addr    Load Addr    Size         Type   Attr      Idx    E Section Name        Object

    0x10000030        -       0x00000060   Zero   RW          526    .bss                c_w.l(libspace.o)
    0x10000090        -       0x00000001   Zero   RW          214    .bss.Pd             recepspi.o
    0x10000091        -       0x00000001   Zero   RW          213    .bss.Pg             recepspi.o
    0x10000092        -       0x00000001   Zero   RW          212    .bss.Vd             recepspi.o
    0x10000093        -       0x00000001   Zero   RW          211    .bss.Vg             recepspi.o
    0x10000094        -       0x00000004   Zero   RW           76    .bss.blink_counter  dtmf.o
    0x10000098        -       0x00000004   Zero   RW          206    .bss.bufferPos      recepspi.o
    0x1000009c        -       0x00000020   Zero   RW          210    .bss.bufferVal      recepspi.o
    0x100000bc        -       0x00000002   Zero   RW           48    .bss.buffer_index   decode_enveloppe.o
    0x100000be   0x00001620   0x00000002   PAD
    0x100000c0        -       0x0000001e   Zero   RW           49    .bss.buffer_nord    decode_enveloppe.o
    0x100000de   0x00001620   0x00000002   PAD
    0x100000e0        -       0x0000001e   Zero   RW           50    .bss.buffer_sud     decode_enveloppe.o
    0x100000fe        -       0x00000001   Zero   RW          184    .bss.buzz_on        proximetre.o
    0x100000ff   0x00001620   0x00000001   PAD
    0x10000100        -       0x00000004   Zero   RW          183    .bss.buzz_period_us  proximetre.o
    0x10000104        -       0x00000004   Zero   RW          185    .bss.buzz_t0        proximetre.o
    0x10000108        -       0x00000002   Zero   RW          285    .bss.current_avg_ar  robotstate.o
    0x1000010a        -       0x00000002   Zero   RW          284    .bss.current_avg_av  robotstate.o
    0x1000010c        -       0x00000002   Zero   RW          286    .bss.current_avg_hor  robotstate.o
    0x1000010e        -       0x00000002   Zero   RW           31    .bss.current_period_us  capteurinductif.o
    0x10000110        -       0x00000001   Zero   RW          273    .bss.current_robot_number  robotstate.o
    0x10000111        -       0x00000001   Zero   RW          274    .bss.current_vitesse  robotstate.o
    0x10000112        -       0x00000001   Zero   RW          289    .bss.current_wire_trame.0  robotstate.o
    0x10000113   0x00001620   0x00000001   PAD
    0x10000114        -       0x00000001   Zero   RW          290    .bss.current_wire_trame.1  robotstate.o
    0x10000115   0x00001620   0x00000001   PAD
    0x10000116        -       0x00000002   Zero   RW          291    .bss.current_wire_trame.2  robotstate.o
    0x10000118        -       0x00000001   Zero   RW           68    .bss.dtmf_tone      dtmf.o
    0x10000119        -       0x00000001   Zero   RW          121    .bss.flag_50hz      main.o
    0x1000011a        -       0x00000001   Zero   RW          322    .bss.frame_counter  toolsir.o
    0x1000011b        -       0x00000001   Zero   RW           23    .bss.ind_hw_mode    capteurinductif.o
    0x1000011c        -       0x00000032   Zero   RW          324    .bss.ir_sequence    toolsir.o
    0x1000014e   0x00001620   0x00000002   PAD
    0x10000150        -       0x00000004   Zero   RW           28    .bss.last_fall_time  capteurinductif.o
    0x10000154        -       0x00000004   Zero   RW           30    .bss.last_rise_time  capteurinductif.o
    0x10000158        -       0x00000001   Zero   RW          150    .bss.mot_hw_mode    moteur.o
    0x10000159        -       0x00000001   Zero   RW           70    .bss.new_dtmf_flag  dtmf.o
    0x1000015a        -       0x00000001   Zero   RW          293    .bss.new_wire_trame  robotstate.o
    0x1000015b   0x00001620   0x00000001   PAD
    0x1000015c        -       0x00000002   Zero   RW          323    .bss.payload        toolsir.o
    0x1000015e        -       0x00000001   Zero   RW          209    .bss.posReadCS      recepspi.o
    0x1000015f        -       0x00000001   Zero   RW          208    .bss.posWriteCS     recepspi.o
    0x10000160        -       0x00000001   Zero   RW           73    .bss.process_dtmf_commands.current_state  dtmf.o
    0x10000161        -       0x00000001   Zero   RW           74    .bss.process_dtmf_commands.parsed_robot_id  dtmf.o
    0x10000162        -       0x00000001   Zero   RW          178    .bss.prox_mode      proximetre.o
    0x10000163   0x00001620   0x00000001   PAD
    0x10000164        -       0x00000002   Zero   RW           27    .bss.sample_count   capteurinductif.o
    0x10000166        -       0x00000001   Zero   RW          320    .bss.seq_index      toolsir.o
    0x10000167        -       0x00000001   Zero   RW          321    .bss.seq_length     toolsir.o
    0x10000168        -       0x00000004   Zero   RW           24    .bss.sum_sin1       capteurinductif.o
    0x1000016c        -       0x00000004   Zero   RW           25    .bss.sum_sin2       capteurinductif.o
    0x10000170        -       0x00000004   Zero   RW           26    .bss.sum_sin3       capteurinductif.o
    0x10000174        -       0x00000001   Zero   RW          288    .bss.uart_debug_enabled  robotstate.o
    0x10000175        -       0x00000001   Zero   RW          292    .bss.wire_trame_is_valid  robotstate.o
    0x10000176   0x00001620   0x00000002   PAD
    0x10000178        -       0x00000000   Zero   RW          347    HEAP                startup_lpc17xx.o
    0x10000178        -       0x00000200   Zero   RW          346    STACK               startup_lpc17xx.o


==============================================================================

Image component sizes


      Code (inc. data)   RO Data    RW Data    ZI Data      Debug   Object Name

       816          0          0          2         25       9009   capteurinductif.o
       716          0          0          0         62       5076   decode_enveloppe.o
       372          0          0         19          8       5649   dtmf.o
       424          0          0          0          0       5474   emissionir.o
        48          0          0          0          0       1004   interruptions.o
       142          0          0          0          1       3235   main.o
       396          0          0          0          1       8228   moteur.o
       598          0          0          4         10      12615   proximetre.o
       232         16          0          8         42       5841   recepspi.o
       216          0          0          9         15       5789   robotstate.o
        64         26        204          0        512       1068   startup_lpc17xx.o
       204          0          0          4          0       2087   system_lpc17xx.o
       152          0          0          0         55       1933   toolsir.o
       124          0          0          0          0       3371   uart.o

    ----------------------------------------------------------------------
      4530         42        236         48        744      70379   Object Totals
         0          0         32          0          0          0   (incl. Generated)
        26          0          0          2         13          0   (incl. Padding)

    ----------------------------------------------------------------------

      Code (inc. data)   RO Data    RW Data    ZI Data      Debug   Library Member Name

         8          0          0          0          0         68   __main.o
         0          0          0          0          0          0   __rtentry.o
        12          0          0          0          0          0   __rtentry2.o
         6          0          0          0          0          0   __rtentry4.o
        94          8          0          0          0          0   __scatter.o
        26          0          0          0          0          0   __scatter_copy.o
        28          0          0          0          0          0   __scatter_zi.o
         6          0          0          0          0          0   _printf_d.o
       120         16          0          0          0         92   _printf_dec.o
        88          4         40          0          0         88   _printf_hex_int.o
       178          0          0          0          0         88   _printf_intcommon.o
        78          0          0          0          0        108   _printf_pad.o
         0          0          0          0          0          0   _printf_percent.o
         4          0          0          0          0          0   _printf_percent_end.o
         6          0          0          0          0          0   _printf_u.o
         6          0          0          0          0          0   _printf_x.o
        18          0          0          0          0         80   exit.o
         6          0          0          0          0        152   heapauxi.o
         0          0          0          0          0          0   indicate_semi.o
         2          0          0          0          0          0   libinit.o
         2          0          0          0          0          0   libinit2.o
         2          0          0          0          0          0   libshutdown.o
         2          0          0          0          0          0   libshutdown2.o
         8          4          0          0         96         68   libspace.o
         2          0          0          0          0          0   rtexit.o
        10          0          0          0          0          0   rtexit2.o
        12          4          0          0          0         68   sys_exit.o
        74          0          0          0          0         80   sys_stackheap_outer.o
         2          0          0          0          0         68   use_no_semi.o

    ----------------------------------------------------------------------
       808         36         42          0         96        960   Library Totals
         8          0          2          0          0          0   (incl. Padding)

    ----------------------------------------------------------------------

      Code (inc. data)   RO Data    RW Data    ZI Data      Debug   Library Name

       800         36         40          0         96        960   c_w.l

    ----------------------------------------------------------------------
       808         36         42          0         96        960   Library Totals

    ----------------------------------------------------------------------

==============================================================================


      Code (inc. data)   RO Data    RW Data    ZI Data      Debug   

      5338         78        278         48        840      70851   Grand Totals
      5338         78        278         48        840      70851   ELF Image Totals
      5338         78        278         48          0          0   ROM Totals

==============================================================================

    Total RO  Size (Code + RO Data)                 5616 (   5.48kB)
    Total RW  Size (RW Data + ZI Data)               888 (   0.87kB)
    Total ROM Size (Code + RO Data + RW Data)       5664 (   5.53kB)

==============================================================================

