Component: ARM Compiler 6.14 Tool: armlink [5db06800]

==============================================================================

Section Cross References

    adc.o(.text.adc_init_shared) refers to adc.o(.text.__NVIC_SetPriority) for __NVIC_SetPriority
    adc.o(.text.adc_init_shared) refers to adc.o(.text.__NVIC_EnableIRQ) for __NVIC_EnableIRQ
    adc.o(.ARM.exidx.text.adc_init_shared) refers to adc.o(.text.adc_init_shared) for [Anonymous Symbol]
    adc.o(.ARM.exidx.text.__NVIC_SetPriority) refers to adc.o(.text.__NVIC_SetPriority) for [Anonymous Symbol]
    adc.o(.ARM.exidx.text.__NVIC_EnableIRQ) refers to adc.o(.text.__NVIC_EnableIRQ) for [Anonymous Symbol]
    adc.o(.ARM.exidx.text.adc_pin_config) refers to adc.o(.text.adc_pin_config) for [Anonymous Symbol]
    adc.o(.text.adc_request_proximetre_avg) refers to adc.o(.text.__NVIC_DisableIRQ) for __NVIC_DisableIRQ
    adc.o(.text.adc_request_proximetre_avg) refers to adc.o(.bss.prox_samples_remaining) for prox_samples_remaining
    adc.o(.text.adc_request_proximetre_avg) refers to adc.o(.bss.prox_samples_total) for prox_samples_total
    adc.o(.text.adc_request_proximetre_avg) refers to adc.o(.bss.prox_accumulator) for prox_accumulator
    adc.o(.text.adc_request_proximetre_avg) refers to adc.o(.bss.prox_is_ready) for prox_is_ready
    adc.o(.text.adc_request_proximetre_avg) refers to adc.o(.bss.adc_state) for adc_state
    adc.o(.text.adc_request_proximetre_avg) refers to adc.o(.text.__NVIC_EnableIRQ) for __NVIC_EnableIRQ
    adc.o(.ARM.exidx.text.adc_request_proximetre_avg) refers to adc.o(.text.adc_request_proximetre_avg) for [Anonymous Symbol]
    adc.o(.ARM.exidx.text.__NVIC_DisableIRQ) refers to adc.o(.text.__NVIC_DisableIRQ) for [Anonymous Symbol]
    adc.o(.text.adc_is_proximetre_ready) refers to adc.o(.bss.prox_is_ready) for prox_is_ready
    adc.o(.ARM.exidx.text.adc_is_proximetre_ready) refers to adc.o(.text.adc_is_proximetre_ready) for [Anonymous Symbol]
    adc.o(.text.adc_get_proximetre_value) refers to adc.o(.text.__NVIC_DisableIRQ) for __NVIC_DisableIRQ
    adc.o(.text.adc_get_proximetre_value) refers to adc.o(.bss.prox_final_value) for prox_final_value
    adc.o(.text.adc_get_proximetre_value) refers to adc.o(.bss.prox_is_ready) for prox_is_ready
    adc.o(.text.adc_get_proximetre_value) refers to adc.o(.text.__NVIC_EnableIRQ) for __NVIC_EnableIRQ
    adc.o(.ARM.exidx.text.adc_get_proximetre_value) refers to adc.o(.text.adc_get_proximetre_value) for [Anonymous Symbol]
    adc.o(.text.adc_start_inductif_sequence) refers to adc.o(.bss.adc_state) for adc_state
    adc.o(.ARM.exidx.text.adc_start_inductif_sequence) refers to adc.o(.text.adc_start_inductif_sequence) for [Anonymous Symbol]
    adc.o(.text.ADC_IRQHandler) refers to adc.o(.bss.adc_state) for adc_state
    adc.o(.text.ADC_IRQHandler) refers to adc.o(.text.__NVIC_DisableIRQ) for __NVIC_DisableIRQ
    adc.o(.text.ADC_IRQHandler) refers to capteur_inductif.o(.bss.volatile_adc_sum1) for volatile_adc_sum1
    adc.o(.text.ADC_IRQHandler) refers to capteur_inductif.o(.bss.volatile_adc_sum2) for volatile_adc_sum2
    adc.o(.text.ADC_IRQHandler) refers to capteur_inductif.o(.bss.volatile_adc_sum3) for volatile_adc_sum3
    adc.o(.text.ADC_IRQHandler) refers to capteur_inductif.o(.bss.volatile_adc_sample_count) for volatile_adc_sample_count
    adc.o(.text.ADC_IRQHandler) refers to adc.o(.bss.prox_samples_remaining) for prox_samples_remaining
    adc.o(.text.ADC_IRQHandler) refers to adc.o(.bss.prox_accumulator) for prox_accumulator
    adc.o(.text.ADC_IRQHandler) refers to adc.o(.bss.prox_samples_total) for prox_samples_total
    adc.o(.text.ADC_IRQHandler) refers to adc.o(.bss.prox_final_value) for prox_final_value
    adc.o(.text.ADC_IRQHandler) refers to adc.o(.bss.prox_is_ready) for prox_is_ready
    adc.o(.text.ADC_IRQHandler) refers to adc.o(.text.__NVIC_EnableIRQ) for __NVIC_EnableIRQ
    adc.o(.ARM.exidx.text.ADC_IRQHandler) refers to adc.o(.text.ADC_IRQHandler) for [Anonymous Symbol]
    buttons.o(.text.init_buttons) refers to buttons.o(.text.__NVIC_EnableIRQ) for __NVIC_EnableIRQ
    buttons.o(.ARM.exidx.text.init_buttons) refers to buttons.o(.text.init_buttons) for [Anonymous Symbol]
    buttons.o(.ARM.exidx.text.__NVIC_EnableIRQ) refers to buttons.o(.text.__NVIC_EnableIRQ) for [Anonymous Symbol]
    buttons.o(.text.buttons_interrupt_routine) refers to robot_state.o(.text.set_robot_status) for set_robot_status
    buttons.o(.ARM.exidx.text.buttons_interrupt_routine) refers to buttons.o(.text.buttons_interrupt_routine) for [Anonymous Symbol]
    buttons.o(.ARM.exidx.text.test_buttons_module) refers to buttons.o(.text.test_buttons_module) for [Anonymous Symbol]
    capteur_inductif.o(.text) refers (Special) to _printf_d.o(.ARM.Collect$$_printf_percent$$00000009) for _printf_d
    capteur_inductif.o(.text) refers (Special) to _printf_dec.o(.text) for _printf_int_dec
[...]
    _printf_u                                0x00000147   Thumb Code     0  _printf_u.o(.ARM.Collect$$_printf_percent$$0000000A)
    _printf_x                                0x0000014d   Thumb Code     0  _printf_x.o(.ARM.Collect$$_printf_percent$$0000000C)
    _printf_c                                0x00000153   Thumb Code     0  _printf_c.o(.ARM.Collect$$_printf_percent$$00000013)
    _printf_percent_end                      0x00000159   Thumb Code     0  _printf_percent_end.o(.ARM.Collect$$_printf_percent$$00000017)
    __rt_lib_init                            0x0000015d   Thumb Code     0  libinit.o(.ARM.Collect$$libinit$$00000000)
    __rt_lib_init_alloca_1                   0x0000015f   Thumb Code     0  libinit2.o(.ARM.Collect$$libinit$$0000002E)
    __rt_lib_init_argv_1                     0x0000015f   Thumb Code     0  libinit2.o(.ARM.Collect$$libinit$$0000002C)
    __rt_lib_init_atexit_1                   0x0000015f   Thumb Code     0  libinit2.o(.ARM.Collect$$libinit$$0000001B)
    __rt_lib_init_clock_1                    0x0000015f   Thumb Code     0  libinit2.o(.ARM.Collect$$libinit$$00000021)
    __rt_lib_init_cpp_1                      0x0000015f   Thumb Code     0  libinit2.o(.ARM.Collect$$libinit$$00000032)
    __rt_lib_init_exceptions_1               0x0000015f   Thumb Code     0  libinit2.o(.ARM.Collect$$libinit$$00000030)
    __rt_lib_init_fp_1                       0x0000015f   Thumb Code     0  libinit2.o(.ARM.Collect$$libinit$$00000002)
    __rt_lib_init_fp_trap_1                  0x0000015f   Thumb Code     0  libinit2.o(.ARM.Collect$$libinit$$0000001F)
    __rt_lib_init_getenv_1                   0x0000015f   Thumb Code     0  libinit2.o(.ARM.Collect$$libinit$$00000023)
    __rt_lib_init_heap_1                     0x0000015f   Thumb Code     0  libinit2.o(.ARM.Collect$$libinit$$0000000A)
    __rt_lib_init_lc_collate_1               0x0000015f   Thumb Code     0  libinit2.o(.ARM.Collect$$libinit$$00000011)
    __rt_lib_init_lc_ctype_1                 0x0000015f   Thumb Code     0  libinit2.o(.ARM.Collect$$libinit$$00000013)
    __rt_lib_init_lc_monetary_1              0x0000015f   Thumb Code     0  libinit2.o(.ARM.Collect$$libinit$$00000015)
    __rt_lib_init_lc_numeric_1               0x0000015f   Thumb Code     0  libinit2.o(.ARM.Collect$$libinit$$00000017)
    __rt_lib_init_lc_time_1                  0x0000015f   Thumb Code     0  libinit2.o(.ARM.Collect$$libinit$$00000019)
    __rt_lib_init_preinit_1                  0x0000015f   Thumb Code     0  libinit2.o(.ARM.Collect$$libinit$$00000004)
    __rt_lib_init_rand_1                     0x0000015f   Thumb Code     0  libinit2.o(.ARM.Collect$$libinit$$0000000E)
    __rt_lib_init_return                     0x0000015f   Thumb Code     0  libinit2.o(.ARM.Collect$$libinit$$00000033)
    __rt_lib_init_signal_1                   0x0000015f   Thumb Code     0  libinit2.o(.ARM.Collect$$libinit$$0000001D)
    __rt_lib_init_stdio_1                    0x0000015f   Thumb Code     0  libinit2.o(.ARM.Collect$$libinit$$00000025)
    __rt_lib_init_user_alloc_1               0x0000015f   Thumb Code     0  libinit2.o(.ARM.Collect$$libinit$$0000000C)
    __rt_lib_shutdown                        0x00000161   Thumb Code     0  libshutdown.o(.ARM.Collect$$libshutdown$$00000000)
    __rt_lib_shutdown_cpp_1                  0x00000163   Thumb Code     0  libshutdown2.o(.ARM.Collect$$libshutdown$$00000002)
    __rt_lib_shutdown_fp_trap_1              0x00000163   Thumb Code     0  libshutdown2.o(.ARM.Collect$$libshutdown$$00000007)
    __rt_lib_shutdown_heap_1                 0x00000163   Thumb Code     0  libshutdown2.o(.ARM.Collect$$libshutdown$$0000000F)
    __rt_lib_shutdown_return                 0x00000163   Thumb Code     0  libshutdown2.o(.ARM.Collect$$libshutdown$$00000010)
    __rt_lib_shutdown_signal_1               0x00000163   Thumb Code     0  libshutdown2.o(.ARM.Collect$$libshutdown$$0000000A)
    __rt_lib_shutdown_stdio_1                0x00000163   Thumb Code     0  libshutdown2.o(.ARM.Collect$$libshutdown$$00000004)
    __rt_lib_shutdown_user_alloc_1           0x00000163   Thumb Code     0  libshutdown2.o(.ARM.Collect$$libshutdown$$0000000C)
    __rt_entry                               0x00000165   Thumb Code     0  __rtentry.o(.ARM.Collect$$rtentry$$00000000)
    __rt_entry_presh_1                       0x00000165   Thumb Code     0  __rtentry2.o(.ARM.Collect$$rtentry$$00000002)
    __rt_entry_sh                            0x00000165   Thumb Code     0  __rtentry4.o(.ARM.Collect$$rtentry$$00000004)
    __rt_entry_li                            0x0000016b   Thumb Code     0  __rtentry2.o(.ARM.Collect$$rtentry$$0000000A)
    __rt_entry_postsh_1                      0x0000016b   Thumb Code     0  __rtentry2.o(.ARM.Collect$$rtentry$$00000009)
    __rt_entry_main                          0x0000016f   Thumb Code     0  __rtentry2.o(.ARM.Collect$$rtentry$$0000000D)
    __rt_entry_postli_1                      0x0000016f   Thumb Code     0  __rtentry2.o(.ARM.Collect$$rtentry$$0000000C)
    __rt_exit                                0x00000177   Thumb Code     0  rtexit.o(.ARM.Collect$$rtexit$$00000000)
    __rt_exit_ls                             0x00000179   Thumb Code     0  rtexit2.o(.ARM.Collect$$rtexit$$00000003)
    __rt_exit_prels_1                        0x00000179   Thumb Code     0  rtexit2.o(.ARM.Collect$$rtexit$$00000002)
    __rt_exit_exit                           0x0000017d   Thumb Code     0  rtexit2.o(.ARM.Collect$$rtexit$$00000004)
    Reset_Handler                            0x00000185   Thumb Code     8  startup_lpc17xx.o(.text)
    NMI_Handler                              0x0000018d   Thumb Code     2  startup_lpc17xx.o(.text)
    HardFault_Handler                        0x0000018f   Thumb Code     2  startup_lpc17xx.o(.text)
    MemManage_Handler                        0x00000191   Thumb Code     2  startup_lpc17xx.o(.text)
    BusFault_Handler                         0x00000193   Thumb Code     2  startup_lpc17xx.o(.text)
    UsageFault_Handler                       0x00000195   Thumb Code     2  startup_lpc17xx.o(.text)
    SVC_Handler                              0x00000197   Thumb Code     2  startup_lpc17xx.o(.text)
    DebugMon_Handler                         0x00000199   Thumb Code     2  startup_lpc17xx.o(.text)
    PendSV_Handler                           0x0000019b   Thumb Code     2  startup_lpc17xx.o(.text)
    BOD_IRQHandler                           0x0000019f   Thumb Code     0  startup_lpc17xx.o(.text)
    CANActivity_IRQHandler                   0x0000019f   Thumb Code     0  startup_lpc17xx.o(.text)
    CAN_IRQHandler                           0x0000019f   Thumb Code     0  startup_lpc17xx.o(.text)
    DMA_IRQHandler                           0x0000019f   Thumb Code     0  startup_lpc17xx.o(.text)
    EINT0_IRQHandler                         0x0000019f   Thumb Code     0  startup_lpc17xx.o(.text)
    EINT2_IRQHandler                         0x0000019f   Thumb Code     0  startup_lpc17xx.o(.text)
    ENET_IRQHandler                          0x0000019f   Thumb Code     0  startup_lpc17xx.o(.text)
    I2C0_IRQHandler                          0x0000019f   Thumb Code     0  startup_lpc17xx.o(.text)
    I2C1_IRQHandler                          0x0000019f   Thumb Code     0  startup_lpc17xx.o(.text)
    I2C2_IRQHandler                          0x0000019f   Thumb Code     0  startup_lpc17xx.o(.text)
    I2S_IRQHandler                           0x0000019f   Thumb Code     0  startup_lpc17xx.o(.text)
    MCPWM_IRQHandler                         0x0000019f   Thumb Code     0  startup_lpc17xx.o(.text)
    PLL0_IRQHandler                          0x0000019f   Thumb Code     0  startup_lpc17xx.o(.text)
    PLL1_IRQHandler                          0x0000019f   Thumb Code     0  startup_lpc17xx.o(.text)
    PWM1_IRQHandler                          0x0000019f   Thumb Code     0  startup_lpc17xx.o(.text)
    QEI_IRQHandler                           0x0000019f   Thumb Code     0  startup_lpc17xx.o(.text)
    RIT_IRQHandler                           0x0000019f   Thumb Code     0  startup_lpc17xx.o(.text)
    RTC_IRQHandler                           0x0000019f   Thumb Code     0  startup_lpc17xx.o(.text)
    SPI_IRQHandler                           0x0000019f   Thumb Code     0  startup_lpc17xx.o(.text)
    SSP0_IRQHandler                          0x0000019f   Thumb Code     0  startup_lpc17xx.o(.text)
    SSP1_IRQHandler                          0x0000019f   Thumb Code     0  startup_lpc17xx.o(.text)
    TIMER2_IRQHandler                        0x0000019f   Thumb Code     0  startup_lpc17xx.o(.text)
    UART0_IRQHandler                         0x0000019f   Thumb Code     0  startup_lpc17xx.o(.text)
    UART1_IRQHandler                         0x0000019f   Thumb Code     0  startup_lpc17xx.o(.text)
    UART2_IRQHandler                         0x0000019f   Thumb Code     0  startup_lpc17xx.o(.text)
    UART3_IRQHandler                         0x0000019f   Thumb Code     0  startup_lpc17xx.o(.text)
    USBActivity_IRQHandler                   0x0000019f   Thumb Code     0  startup_lpc17xx.o(.text)
    USB_IRQHandler                           0x0000019f   Thumb Code     0  startup_lpc17xx.o(.text)
    WDT_IRQHandler                           0x0000019f   Thumb Code     0  startup_lpc17xx.o(.text)
    __user_initial_stackheap                 0x000001a1   Thumb Code     0  startup_lpc17xx.o(.text)
    __2sprintf                               0x000001c1   Thumb Code    38  __2sprintf.o(.text)
    _printf_pre_padding                      0x000001ed   Thumb Code    44  _printf_pad.o(.text)
    _printf_post_padding                     0x00000219   Thumb Code    34  _printf_pad.o(.text)
    _printf_str                              0x0000023b   Thumb Code    82  _printf_str.o(.text)
    _printf_int_hex                          0x0000028d   Thumb Code    84  _printf_hex_int.o(.text)
    _printf_longlong_hex                     0x0000028d   Thumb Code     0  _printf_hex_int.o(.text)
    __use_two_region_memory                  0x000002e5   Thumb Code     2  heapauxi.o(.text)
    __rt_heap_escrow$2region                 0x000002e7   Thumb Code     2  heapauxi.o(.text)
    __rt_heap_expand$2region                 0x000002e9   Thumb Code     2  heapauxi.o(.text)
    _sputc                                   0x000002eb   Thumb Code    10  _sputc.o(.text)
    __aeabi_errno_addr                       0x000002f5   Thumb Code     8  rt_errno_addr_intlibspace.o(.text)
    __errno$intlibspace                      0x000002f5   Thumb Code     0  rt_errno_addr_intlibspace.o(.text)
    __rt_errno_addr$intlibspace              0x000002f5   Thumb Code     0  rt_errno_addr_intlibspace.o(.text)
    _printf_int_dec                          0x00000301   Thumb Code   104  _printf_dec.o(.text)
    __printf                                 0x00000379   Thumb Code   388  __printf_flags_ss_wp.o(.text)
    strlen                                   0x00000501   Thumb Code    62  strlen.o(.text)
    __aeabi_memcpy                           0x0000053f   Thumb Code     0  rt_memcpy_v6.o(.text)
    __rt_memcpy                              0x0000053f   Thumb Code   138  rt_memcpy_v6.o(.text)
    _memcpy_lastbytes                        0x000005a5   Thumb Code     0  rt_memcpy_v6.o(.text)
    __aeabi_memcpy4                          0x000005c9   Thumb Code     0  rt_memcpy_w.o(.text)
    __aeabi_memcpy8                          0x000005c9   Thumb Code     0  rt_memcpy_w.o(.text)
    __rt_memcpy_w                            0x000005c9   Thumb Code   100  rt_memcpy_w.o(.text)
    _memcpy_lastbytes_aligned                0x00000611   Thumb Code     0  rt_memcpy_w.o(.text)
    __read_errno                             0x0000062d   Thumb Code    10  _rserrno.o(.text)
    __set_errno                              0x00000637   Thumb Code    12  _rserrno.o(.text)
    _printf_int_common                       0x00000643   Thumb Code   178  _printf_intcommon.o(.text)
    _printf_char_common                      0x000006ff   Thumb Code    32  _printf_char_common.o(.text)
    _printf_cs_common                        0x00000725   Thumb Code    20  _printf_char.o(.text)
    _printf_char                             0x00000739   Thumb Code    16  _printf_char.o(.text)
    _printf_string                           0x00000749   Thumb Code     8  _printf_char.o(.text)
    __user_libspace                          0x00000751   Thumb Code     8  libspace.o(.text)
    __user_perproc_libspace                  0x00000751   Thumb Code     0  libspace.o(.text)
    __user_perthread_libspace                0x00000751   Thumb Code     0  libspace.o(.text)
    __user_setup_stackheap                   0x00000759   Thumb Code    74  sys_stackheap_outer.o(.text)
    exit                                     0x000007a3   Thumb Code    18  exit.o(.text)
    _sys_exit                                0x000007b5   Thumb Code     8  sys_exit.o(.text)
    __I$use$semihosting                      0x000007c1   Thumb Code     0  use_no_semi.o(.text)
    __use_no_semihosting_swi                 0x000007c1   Thumb Code     2  use_no_semi.o(.text)
    __semihosting_library_function           0x000007c3   Thumb Code     0  indicate_semi.o(.text)
    ADC_IRQHandler                           0x000007c5   Thumb Code   462  adc.o(.text.ADC_IRQHandler)
    EINT1_IRQHandler                         0x00000995   Thumb Code    28  interruptions.o(.text.EINT1_IRQHandler)
    EINT3_IRQHandler                         0x000009b1   Thumb Code    24  interruptions.o(.text.EINT3_IRQHandler)
    ODO_Init                                 0x000009d9   Thumb Code   102  recep_spi.o(.text.ODO_Init)
    SysTick_Handler                          0x00000a6d   Thumb Code    10  interruptions.o(.text.SysTick_Handler)
    SystemInit                               0x00000a79   Thumb Code   204  system_lpc17xx.o(.text.SystemInit)
    TIMER0_IRQHandler                        0x00000b45   Thumb Code     8  interruptions.o(.text.TIMER0_IRQHandler)
    TIMER1_IRQHandler                        0x00000b4d   Thumb Code   138  beepermethods.o(.text.TIMER1_IRQHandler)
    TIMER3_IRQHandler                        0x00000bd9   Thumb Code     8  interruptions.o(.text.TIMER3_IRQHandler)
    adc_get_proximetre_value                 0x00000db5   Thumb Code    40  adc.o(.text.adc_get_proximetre_value)
    adc_init_shared                          0x00000de9   Thumb Code    70  adc.o(.text.adc_init_shared)
    adc_is_proximetre_ready                  0x00000e31   Thumb Code    12  adc.o(.text.adc_is_proximetre_ready)
    adc_pin_config                           0x00000e3d   Thumb Code   140  adc.o(.text.adc_pin_config)
    adc_request_proximetre_avg               0x00000ee1   Thumb Code   134  adc.o(.text.adc_request_proximetre_avg)
    adc_start_inductif_sequence              0x00000f69   Thumb Code    78  adc.o(.text.adc_start_inductif_sequence)
    asservissement_update                    0x00000fb9   Thumb Code   556  asservissement.o(.text.asservissement_update)
    buttons_interrupt_routine                0x000011e5   Thumb Code    46  buttons.o(.text.buttons_interrupt_routine)
    capteur_inductif_interrupt_routine       0x00001279   Thumb Code   290  capteur_inductif.o(.text.capteur_inductif_interrupt_routine)
    capteur_inductif_receive_wire_command    0x0000139d   Thumb Code    38  capteur_inductif.o(.text.capteur_inductif_receive_wire_command)
    capteur_inductif_update                  0x000013c5   Thumb Code   604  capteur_inductif.o(.text.capteur_inductif_update)
    changeDist                               0x00001621   Thumb Code    48  beepermethods.o(.text.changeDist)
    changer_pwm_moteurs                      0x00001651   Thumb Code     8  moteur.o(.text.changer_pwm_moteurs)
    debug_inductif_send_frame                0x00001685   Thumb Code   360  capteur_inductif.o(.text.debug_inductif_send_frame)
    debug_moteurs_send_frame                 0x000017ed   Thumb Code    80  moteur.o(.text.debug_moteurs_send_frame)
    debug_proximetre_send_frame              0x0000183d   Thumb Code   128  proximetre.o(.text.debug_proximetre_send_frame)
    decode_enveloppe_commande                0x000018bd   Thumb Code   396  decode_enveloppe.o(.text.decode_enveloppe_commande)
    decode_enveloppe_process_command         0x00001a49   Thumb Code   192  decode_enveloppe.o(.text.decode_enveloppe_process_command)
    dtmf_interrupt_routine                   0x00001c81   Thumb Code    92  dtmf.o(.text.dtmf_interrupt_routine)
    dtmf_service                             0x00001cdd   Thumb Code    12  dtmf.o(.text.dtmf_service)
    emission_ir_interrupt_routine            0x00001cf5   Thumb Code    16  emission_ir.o(.text.emission_ir_interrupt_routine)
    get_capteur_averages                     0x00001d05   Thumb Code    48  robot_state.o(.text.get_capteur_averages)
    get_envelope_period_us                   0x00001d35   Thumb Code    12  capteur_inductif.o(.text.get_envelope_period_us)
    get_flag_50hz                            0x00001d41   Thumb Code    12  robot_state.o(.text.get_flag_50hz)
    get_ir_frame_counter                     0x00001d4d   Thumb Code    12  robot_state.o(.text.get_ir_frame_counter)
    get_ir_seq_index                         0x00001d59   Thumb Code    12  robot_state.o(.text.get_ir_seq_index)
    get_ir_seq_length                        0x00001d65   Thumb Code    12  robot_state.o(.text.get_ir_seq_length)
    get_ir_sequence_at                       0x00001d71   Thumb Code    18  robot_state.o(.text.get_ir_sequence_at)
    get_local_proxi_buffer                   0x00001d85   Thumb Code    42  proximetre.o(.text.get_local_proxi_buffer)
    get_motor_pwms                           0x00001db1   Thumb Code    34  robot_state.o(.text.get_motor_pwms)
    get_motor_speeds                         0x00001dd5   Thumb Code    34  robot_state.o(.text.get_motor_speeds)
    get_proxi_count                          0x00001df9   Thumb Code    12  proximetre.o(.text.get_proxi_count)
    get_robot_number                         0x00001e05   Thumb Code    12  robot_state.o(.text.get_robot_number)
    get_robot_status                         0x00001e11   Thumb Code    12  robot_state.o(.text.get_robot_status)
    get_vitesse_centrale                     0x00001e1d   Thumb Code    12  robot_state.o(.text.get_vitesse_centrale)
    get_vitesse_code_ir                      0x00001e29   Thumb Code    54  robot_state.o(.text.get_vitesse_code_ir)
    get_wheel_delta                          0x00001e61   Thumb Code    28  robot_state.o(.text.get_wheel_delta)
    get_wire_measure                         0x00001e7d   Thumb Code    34  robot_state.o(.text.get_wire_measure)
    get_wire_trame                           0x00001ea1   Thumb Code    64  robot_state.o(.text.get_wire_trame)
    initBeepeur                              0x00001ee1   Thumb Code   136  beepermethods.o(.text.initBeepeur)
    init_buttons                             0x00001f85   Thumb Code    72  buttons.o(.text.init_buttons)
    init_capteur_inductif                    0x00001fcd   Thumb Code    68  capteur_inductif.o(.text.init_capteur_inductif)
    init_dtmf                                0x00002045   Thumb Code    80  dtmf.o(.text.init_dtmf)
    init_moteur_pwm                          0x000020d9   Thumb Code     8  moteur.o(.text.init_moteur_pwm)
    init_moteurs_debug                       0x000020e1   Thumb Code    16  moteur.o(.text.init_moteurs_debug)
    init_proximetre                          0x0000212d   Thumb Code    56  proximetre.o(.text.init_proximetre)
    init_pwm_ir                              0x00002191   Thumb Code    66  emission_ir.o(.text.init_pwm_ir)
    init_robot_id_switches                   0x000021d5   Thumb Code    34  robot_state.o(.text.init_robot_id_switches)
    init_status_led                          0x0000222d   Thumb Code    74  status.o(.text.init_status_led)
    init_timer_enveloppe                     0x000022c1   Thumb Code     8  emission_ir.o(.text.init_timer_enveloppe)
    init_uart0                               0x000022c9   Thumb Code   122  uart.o(.text.init_uart0)
    init_ultrason_recep                      0x00002345   Thumb Code    94  ultrason_recep.o(.text.init_ultrason_recep)
    led_register_clr                         0x000023e9   Thumb Code    24  led_register.o(.text.led_register_clr)
    led_register_set                         0x00002401   Thumb Code    22  led_register.o(.text.led_register_set)
    main                                     0x00002419   Thumb Code   336  main.o(.text.main)
    moteurs_interrupt_routine                0x00002569   Thumb Code    38  moteur.o(.text.moteurs_interrupt_routine)
    moteurs_receive_wire_command             0x00002591   Thumb Code    38  moteur.o(.text.moteurs_receive_wire_command)
    preparer_trame                           0x000026e9   Thumb Code   160  emission_ir.o(.text.preparer_trame)
    proximetre_run_balayage                  0x000028f1   Thumb Code   484  proximetre.o(.text.proximetre_run_balayage)
    proximetre_timer_interrupt_routine       0x00002ad5   Thumb Code    84  proximetre.o(.text.proximetre_timer_interrupt_routine)
    pwm_disable_ir_output                    0x00002b4d   Thumb Code    26  pwm.o(.text.pwm_disable_ir_output)
    pwm_enable_ir_output                     0x00002b69   Thumb Code    26  pwm.o(.text.pwm_enable_ir_output)
    pwm_init_ir                              0x00002b85   Thumb Code   134  pwm.o(.text.pwm_init_ir)
    pwm_init_moteurs                         0x00002c0d   Thumb Code   124  pwm.o(.text.pwm_init_moteurs)
    pwm_reset_counter_ir                     0x00002c89   Thumb Code    34  pwm.o(.text.pwm_reset_counter_ir)
    pwm_set_moteurs                          0x00002cad   Thumb Code    72  pwm.o(.text.pwm_set_moteurs)
    recep_spi_interrupt_routine              0x00002dc1   Thumb Code   138  recep_spi.o(.text.recep_spi_interrupt_routine)
    set_flag_50hz                            0x00002eb1   Thumb Code    12  robot_state.o(.text.set_flag_50hz)
    set_ir_frame_counter                     0x00002ebd   Thumb Code    12  robot_state.o(.text.set_ir_frame_counter)
    set_ir_seq_index                         0x00002ec9   Thumb Code    12  robot_state.o(.text.set_ir_seq_index)
    set_ir_seq_length                        0x00002ed5   Thumb Code    12  robot_state.o(.text.set_ir_seq_length)
    set_ir_sequence_at                       0x00002ee1   Thumb Code    16  robot_state.o(.text.set_ir_sequence_at)
    set_motor_pwms                           0x00002ef1   Thumb Code    22  robot_state.o(.text.set_motor_pwms)
    set_motor_speeds                         0x00002f09   Thumb Code    22  robot_state.o(.text.set_motor_speeds)
    set_proxi_distance_at_angle              0x00002f21   Thumb Code    44  robot_state.o(.text.set_proxi_distance_at_angle)
    set_robot_number                         0x00002f4d   Thumb Code    16  robot_state.o(.text.set_robot_number)
    set_robot_status                         0x00002f5d   Thumb Code    12  robot_state.o(.text.set_robot_status)
    set_status_led                           0x00002f69   Thumb Code    84  status.o(.text.set_status_led)
    set_vitesse_centrale                     0x00002fbd   Thumb Code    12  robot_state.o(.text.set_vitesse_centrale)
    set_vitesse_commande                     0x00002fc9   Thumb Code    12  robot_state.o(.text.set_vitesse_commande)
    set_wire_measure                         0x00002fd5   Thumb Code    30  robot_state.o(.text.set_wire_measure)
    set_wire_trame                           0x00002ff5   Thumb Code    56  robot_state.o(.text.set_wire_trame)
    startBeep                                0x00003049   Thumb Code    48  beepermethods.o(.text.startBeep)
    stepper_init                             0x000030d9   Thumb Code   128  stepper.o(.text.stepper_init)
    stepper_isr_step                         0x00003159   Thumb Code   144  stepper.o(.text.stepper_isr_step)
    stepper_move_to                          0x000031e9   Thumb Code   168  stepper.o(.text.stepper_move_to)
    stepper_set_zero_manually                0x000032a1   Thumb Code    58  stepper.o(.text.stepper_set_zero_manually)
    stepper_show_letter                      0x000032dd   Thumb Code    80  stepper.o(.text.stepper_show_letter)
    stopBeep                                 0x0000332d   Thumb Code    28  beepermethods.o(.text.stopBeep)
    suivi_fil_force_entrelacement            0x00003349   Thumb Code    14  suivi_fil.o(.text.suivi_fil_force_entrelacement)
    suivi_fil_update_distances               0x00003359   Thumb Code    54  suivi_fil.o(.text.suivi_fil_update_distances)
    suivi_fil_update_state_machine           0x00003391   Thumb Code   176  suivi_fil.o(.text.suivi_fil_update_state_machine)
    timer0_init                              0x00003441   Thumb Code    70  timers.o(.text.timer0_init)
    timer0_start                             0x00003489   Thumb Code    26  timers.o(.text.timer0_start)
    timer2_get_tc                            0x000034a5   Thumb Code    10  timers.o(.text.timer2_get_tc)
    timer2_init_free_running                 0x000034b1   Thumb Code    46  timers.o(.text.timer2_init_free_running)
    timer3_clear_interrupt                   0x000034e1   Thumb Code    12  timers.o(.text.timer3_clear_interrupt)
    timer3_get_match0                        0x000034ed   Thumb Code    12  timers.o(.text.timer3_get_match0)
    timer3_get_tc                            0x000034f9   Thumb Code    12  timers.o(.text.timer3_get_tc)
    timer3_init_servo                        0x00003505   Thumb Code    80  timers.o(.text.timer3_init_servo)
    timer3_set_match0                        0x00003555   Thumb Code    12  timers.o(.text.timer3_set_match0)
    timer3_set_match1                        0x00003561   Thumb Code    12  timers.o(.text.timer3_set_match1)
    uart0_send_char                          0x0000356d   Thumb Code    64  uart.o(.text.uart0_send_char)
    uart0_send_string                        0x000035ad   Thumb Code    28  uart.o(.text.uart0_send_string)
    uart0_update                             0x000035c9   Thumb Code    64  uart.o(.text.uart0_update)
    ultrason_decode_edge                     0x00003609   Thumb Code   168  ultrason_recep.o(.text.ultrason_decode_edge)
    ultrason_decode_timeout                  0x000036b1   Thumb Code    48  ultrason_recep.o(.text.ultrason_decode_timeout)
    ultrason_recep_interrupt_routine         0x000036e1   Thumb Code    64  ultrason_recep.o(.text.ultrason_recep_interrupt_routine)
    ultrason_recep_lire                      0x00003721   Thumb Code    54  ultrason_recep.o(.text.ultrason_recep_lire)
    ultrason_recep_tick                      0x00003759   Thumb Code    12  ultrason_recep.o(.text.ultrason_recep_tick)
    update_robot_id_from_hardware            0x00003811   Thumb Code    56  robot_state.o(.text.update_robot_id_from_hardware)
    __ARM_fpclassifyf                        0x00003909   Thumb Code    38  fpclassifyf.o(i.__ARM_fpclassifyf)
    __mathlib_flt_infnan                     0x0000392f   Thumb Code     6  funder.o(i.__mathlib_flt_infnan)
    __mathlib_flt_invalid                    0x00003935   Thumb Code     8  funder.o(i.__mathlib_flt_invalid)
    __mathlib_flt_underflow                  0x0000393d   Thumb Code    10  funder.o(i.__mathlib_flt_underflow)
    __mathlib_rredf2                         0x00003949   Thumb Code   344  rredf.o(i.__mathlib_rredf2)
    _is_digit                                0x00003ab1   Thumb Code    14  __printf_wp.o(i._is_digit)
    sinf                                     0x00003ac1   Thumb Code   338  sinf.o(i.sinf)
    __aeabi_fadd                             0x00003c49   Thumb Code     0  faddsub_clz.o(x$fpl$fadd)
    _fadd                                    0x00003c49   Thumb Code   196  faddsub_clz.o(x$fpl$fadd)
    __fpl_fcheck_NaN1                        0x00003d0d   Thumb Code     6  fcheck1.o(x$fpl$fcheck1)
    __aeabi_fcmpeq                           0x00003d19   Thumb Code     0  fcmp.o(x$fpl$fcmp)
    _feq                                     0x00003d19   Thumb Code    14  fcmp.o(x$fpl$fcmp)
    _fneq                                    0x00003d27   Thumb Code    14  fcmp.o(x$fpl$fcmp)
    __aeabi_fcmpgt                           0x00003d35   Thumb Code     0  fcmp.o(x$fpl$fcmp)
    _fgr                                     0x00003d35   Thumb Code    14  fcmp.o(x$fpl$fcmp)
    __aeabi_fcmpge                           0x00003d43   Thumb Code     0  fcmp.o(x$fpl$fcmp)
    _fgeq                                    0x00003d43   Thumb Code    14  fcmp.o(x$fpl$fcmp)
    __aeabi_fcmple                           0x00003d51   Thumb Code     0  fcmp.o(x$fpl$fcmp)
    _fleq                                    0x00003d51   Thumb Code    14  fcmp.o(x$fpl$fcmp)
    __aeabi_fcmplt                           0x00003d5f   Thumb Code     0  fcmp.o(x$fpl$fcmp)
    _fls                                     0x00003d5f   Thumb Code    14  fcmp.o(x$fpl$fcmp)
    __fpl_fcmp_Inf                           0x00003d6d   Thumb Code    24  fcmpi.o(x$fpl$fcmpinf)
    __aeabi_fdiv                             0x00003d85   Thumb Code     0  fdiv.o(x$fpl$fdiv)
    _fdiv                                    0x00003d85   Thumb Code   384  fdiv.o(x$fpl$fdiv)
    __aeabi_cfcmpeq                          0x00003f09   Thumb Code     0  feqf.o(x$fpl$feqf)
    _fcmpeq                                  0x00003f09   Thumb Code   104  feqf.o(x$fpl$feqf)
    __aeabi_f2iz                             0x00003f71   Thumb Code     0  ffix.o(x$fpl$ffix)
    _ffix                                    0x00003f71   Thumb Code    54  ffix.o(x$fpl$ffix)
    __aeabi_i2f                              0x00003fa9   Thumb Code     0  fflt_clz.o(x$fpl$fflt)
    _fflt                                    0x00003fa9   Thumb Code    48  fflt_clz.o(x$fpl$fflt)
    __aeabi_ui2f                             0x00003fd9   Thumb Code     0  fflt_clz.o(x$fpl$ffltu)
    _ffltu                                   0x00003fd9   Thumb Code    38  fflt_clz.o(x$fpl$ffltu)
    _fcmpge                                  0x00004001   Thumb Code   104  fgeqf.o(x$fpl$fgeqf)
    __aeabi_cfcmple                          0x00004069   Thumb Code     0  fleqf.o(x$fpl$fleqf)
    _fcmple                                  0x00004069   Thumb Code   104  fleqf.o(x$fpl$fleqf)
    __fpl_fcmple_InfNaN                      0x000040bb   Thumb Code     0  fleqf.o(x$fpl$fleqf)
    __aeabi_fmul                             0x000040d1   Thumb Code     0  fmul.o(x$fpl$fmul)
    _fmul                                    0x000040d1   Thumb Code   258  fmul.o(x$fpl$fmul)
    __fpl_fnaninf                            0x000041d3   Thumb Code   140  fnaninf.o(x$fpl$fnaninf)
    __fpl_fretinf                            0x0000425f   Thumb Code    10  fretinf.o(x$fpl$fretinf)
    _frnd                                    0x00004269   Thumb Code    96  frnd.o(x$fpl$frnd)
    __aeabi_frsub                            0x000042c9   Thumb Code     0  faddsub_clz.o(x$fpl$frsb)
    _frsb                                    0x000042c9   Thumb Code    20  faddsub_clz.o(x$fpl$frsb)
    __aeabi_fsub                             0x000042dd   Thumb Code     0  faddsub_clz.o(x$fpl$fsub)
    _fsub                                    0x000042dd   Thumb Code   234  faddsub_clz.o(x$fpl$fsub)
    __fpl_return_NaN                         0x000043c7   Thumb Code   100  retnan.o(x$fpl$retnan)
    __ARM_scalbnf                            0x0000442b   Thumb Code    76  scalbnf.o(x$fpl$scalbnf)
    __fpl_cmpreturn                          0x00004477   Thumb Code    48  trapv.o(x$fpl$trapveneer)
    __I$use$fp                               0x000044a6   Number         0  usenofp.o(x$fpl$usenofp)
    Region$$Table$$Base                      0x00004590   Number         0  anon$$obj.o(Region$$Table)
    Region$$Table$$Limit                     0x000045b0   Number         0  anon$$obj.o(Region$$Table)
    SystemCoreClock                          0x10000000   Data           4  system_lpc17xx.o(.data.SystemCoreClock)
    asserv_K_corr_alpha                      0x10000004   Data           4  asservissement.o(.data.asserv_K_corr_alpha)
    asserv_K_corr_y                          0x10000008   Data           4  asservissement.o(.data.asserv_K_corr_y)
    asserv_Kp_alpha                          0x1000000c   Data           4  asservissement.o(.data.asserv_Kp_alpha)
    asserv_Kp_y                              0x10000010   Data           4  asservissement.o(.data.asserv_Kp_y)
    __libspace_start                         0x10000050   Data          96  libspace.o(.bss)
    __temporary_stack_top$libspace           0x100000b0   Data           0  libspace.o(.bss)
    c                                        0x100000c4   Data           1  dtmf.o(.bss.c)
    flag_compute_inductif                    0x100001d7   Data           1  capteur_inductif.o(.bss.flag_compute_inductif)
    volatile_adc_sample_count                0x100004b2   Data           2  capteur_inductif.o(.bss.volatile_adc_sample_count)
    volatile_adc_sum1                        0x100004b4   Data           4  capteur_inductif.o(.bss.volatile_adc_sum1)
    volatile_adc_sum2                        0x100004b8   Data           4  capteur_inductif.o(.bss.volatile_adc_sum2)
    volatile_adc_sum3                        0x100004bc   Data           4  capteur_inductif.o(.bss.volatile_adc_sum3)



==============================================================================

Memory Map of the image

  Image Entry point : 0x00000185

  Load Region LR_1 (Base: 0x00000000, Size: 0x000045fc, Max: 0xffffffff, ABSOLUTE)

    Execution Region ER_RO (Exec base: 0x00000000, Load base: 0x00000000, Size: 0x000045b0, Max: 0xffffffff, ABSOLUTE)

    Exec Addr    Load Addr    Size         Type   Attr      Idx    E Section Name        Object

    0x00000000   0x00000000   0x000000cc   Data   RO          758    RESET               startup_lpc17xx.o
    0x000000cc   0x000000cc   0x00000008   Code   RO          850  * !!!main             c_w.l(__main.o)
    0x000000d4   0x000000d4   0x00000034   Code   RO         1115    !!!scatter          c_w.l(__scatter.o)
    0x00000108   0x00000108   0x0000001a   Code   RO         1117    !!handler_copy      c_w.l(__scatter_copy.o)
    0x00000122   0x00000122   0x00000002   PAD
    0x00000124   0x00000124   0x0000001c   Code   RO         1119    !!handler_zi        c_w.l(__scatter_zi.o)
    0x00000140   0x00000140   0x00000000   Code   RO          841    .ARM.Collect$$_printf_percent$$00000000  c_w.l(_printf_percent.o)
    0x00000140   0x00000140   0x00000006   Code   RO          839    .ARM.Collect$$_printf_percent$$00000009  c_w.l(_printf_d.o)
    0x00000146   0x00000146   0x00000006   Code   RO          840    .ARM.Collect$$_printf_percent$$0000000A  c_w.l(_printf_u.o)
    0x0000014c   0x0000014c   0x00000006   Code   RO          838    .ARM.Collect$$_printf_percent$$0000000C  c_w.l(_printf_x.o)
    0x00000152   0x00000152   0x00000006   Code   RO          837    .ARM.Collect$$_printf_percent$$00000013  c_w.l(_printf_c.o)
    0x00000158   0x00000158   0x00000004   Code   RO          899    .ARM.Collect$$_printf_percent$$00000017  c_w.l(_printf_percent_end.o)
    0x0000015c   0x0000015c   0x00000002   Code   RO          976    .ARM.Collect$$libinit$$00000000  c_w.l(libinit.o)
    0x0000015e   0x0000015e   0x00000000   Code   RO          988    .ARM.Collect$$libinit$$00000002  c_w.l(libinit2.o)
    0x0000015e   0x0000015e   0x00000000   Code   RO          990    .ARM.Collect$$libinit$$00000004  c_w.l(libinit2.o)
    0x0000015e   0x0000015e   0x00000000   Code   RO          993    .ARM.Collect$$libinit$$0000000A  c_w.l(libinit2.o)
    0x0000015e   0x0000015e   0x00000000   Code   RO          995    .ARM.Collect$$libinit$$0000000C  c_w.l(libinit2.o)
    0x0000015e   0x0000015e   0x00000000   Code   RO          997    .ARM.Collect$$libinit$$0000000E  c_w.l(libinit2.o)
    0x0000015e   0x0000015e   0x00000000   Code   RO         1000    .ARM.Collect$$libinit$$00000011  c_w.l(libinit2.o)
    0x0000015e   0x0000015e   0x00000000   Code   RO         1002    .ARM.Collect$$libinit$$00000013  c_w.l(libinit2.o)
    0x0000015e   0x0000015e   0x00000000   Code   RO         1004    .ARM.Collect$$libinit$$00000015  c_w.l(libinit2.o)
    0x0000015e   0x0000015e   0x00000000   Code   RO         1006    .ARM.Collect$$libinit$$00000017  c_w.l(libinit2.o)
    0x0000015e   0x0000015e   0x00000000   Code   RO         1008    .ARM.Collect$$libinit$$00000019  c_w.l(libinit2.o)
    0x0000015e   0x0000015e   0x00000000   Code   RO         1010    .ARM.Collect$$libinit$$0000001B  c_w.l(libinit2.o)
    0x0000015e   0x0000015e   0x00000000   Code   RO         1012    .ARM.Collect$$libinit$$0000001D  c_w.l(libinit2.o)
    0x0000015e   0x0000015e   0x00000000   Code   RO         1014    .ARM.Collect$$libinit$$0000001F  c_w.l(libinit2.o)
    0x0000015e   0x0000015e   0x00000000   Code   RO         1016    .ARM.Collect$$libinit$$00000021  c_w.l(libinit2.o)
    0x0000015e   0x0000015e   0x00000000   Code   RO         1018    .ARM.Collect$$libinit$$00000023  c_w.l(libinit2.o)
    0x0000015e   0x0000015e   0x00000000   Code   RO         1020    .ARM.Collect$$libinit$$00000025  c_w.l(libinit2.o)
    0x0000015e   0x0000015e   0x00000000   Code   RO         1024    .ARM.Collect$$libinit$$0000002C  c_w.l(libinit2.o)
    0x0000015e   0x0000015e   0x00000000   Code   RO         1026    .ARM.Collect$$libinit$$0000002E  c_w.l(libinit2.o)
    0x0000015e   0x0000015e   0x00000000   Code   RO         1028    .ARM.Collect$$libinit$$00000030  c_w.l(libinit2.o)
    0x0000015e   0x0000015e   0x00000000   Code   RO         1030    .ARM.Collect$$libinit$$00000032  c_w.l(libinit2.o)
    0x0000015e   0x0000015e   0x00000002   Code   RO         1031    .ARM.Collect$$libinit$$00000033  c_w.l(libinit2.o)
    0x00000160   0x00000160   0x00000002   Code   RO         1070    .ARM.Collect$$libshutdown$$00000000  c_w.l(libshutdown.o)
    0x00000162   0x00000162   0x00000000   Code   RO         1098    .ARM.Collect$$libshutdown$$00000002  c_w.l(libshutdown2.o)
    0x00000162   0x00000162   0x00000000   Code   RO         1100    .ARM.Collect$$libshutdown$$00000004  c_w.l(libshutdown2.o)
    0x00000162   0x00000162   0x00000000   Code   RO         1103    .ARM.Collect$$libshutdown$$00000007  c_w.l(libshutdown2.o)
    0x00000162   0x00000162   0x00000000   Code   RO         1106    .ARM.Collect$$libshutdown$$0000000A  c_w.l(libshutdown2.o)
    0x00000162   0x00000162   0x00000000   Code   RO         1108    .ARM.Collect$$libshutdown$$0000000C  c_w.l(libshutdown2.o)
    0x00000162   0x00000162   0x00000000   Code   RO         1111    .ARM.Collect$$libshutdown$$0000000F  c_w.l(libshutdown2.o)
    0x00000162   0x00000162   0x00000002   Code   RO         1112    .ARM.Collect$$libshutdown$$00000010  c_w.l(libshutdown2.o)
    0x00000164   0x00000164   0x00000000   Code   RO          884    .ARM.Collect$$rtentry$$00000000  c_w.l(__rtentry.o)
    0x00000164   0x00000164   0x00000000   Code   RO          933    .ARM.Collect$$rtentry$$00000002  c_w.l(__rtentry2.o)
    0x00000164   0x00000164   0x00000006   Code   RO          945    .ARM.Collect$$rtentry$$00000004  c_w.l(__rtentry4.o)
    0x0000016a   0x0000016a   0x00000000   Code   RO          935    .ARM.Collect$$rtentry$$00000009  c_w.l(__rtentry2.o)
    0x0000016a   0x0000016a   0x00000004   Code   RO          936    .ARM.Collect$$rtentry$$0000000A  c_w.l(__rtentry2.o)
    0x0000016e   0x0000016e   0x00000000   Code   RO          938    .ARM.Collect$$rtentry$$0000000C  c_w.l(__rtentry2.o)
    0x0000016e   0x0000016e   0x00000008   Code   RO          939    .ARM.Collect$$rtentry$$0000000D  c_w.l(__rtentry2.o)
    0x00000176   0x00000176   0x00000002   Code   RO          979    .ARM.Collect$$rtexit$$00000000  c_w.l(rtexit.o)
    0x00000178   0x00000178   0x00000000   Code   RO         1039    .ARM.Collect$$rtexit$$00000002  c_w.l(rtexit2.o)
    0x00000178   0x00000178   0x00000004   Code   RO         1040    .ARM.Collect$$rtexit$$00000003  c_w.l(rtexit2.o)
    0x0000017c   0x0000017c   0x00000006   Code   RO         1041    .ARM.Collect$$rtexit$$00000004  c_w.l(rtexit2.o)
    0x00000182   0x00000182   0x00000002   PAD
    0x00000184   0x00000184   0x0000003c   Code   RO          760  * .text               startup_lpc17xx.o
    0x000001c0   0x000001c0   0x0000002c   Code   RO          784    .text               c_w.l(__2sprintf.o)
    0x000001ec   0x000001ec   0x0000004e   Code   RO          790    .text               c_w.l(_printf_pad.o)
    0x0000023a   0x0000023a   0x00000052   Code   RO          792    .text               c_w.l(_printf_str.o)
    0x0000028c   0x0000028c   0x00000058   Code   RO          799    .text               c_w.l(_printf_hex_int.o)
    0x000002e4   0x000002e4   0x00000006   Code   RO          848    .text               c_w.l(heapauxi.o)
    0x000002ea   0x000002ea   0x0000000a   Code   RO          895    .text               c_w.l(_sputc.o)
    0x000002f4   0x000002f4   0x00000008   Code   RO          952    .text               c_w.l(rt_errno_addr_intlibspace.o)
    0x000002fc   0x000002fc   0x00000004   Code   RO          759    .ARM.__at_0x02FC    startup_lpc17xx.o
    0x00000300   0x00000300   0x00000078   Code   RO          794    .text               c_w.l(_printf_dec.o)
    0x00000378   0x00000378   0x00000188   Code   RO          834    .text               c_w.l(__printf_flags_ss_wp.o)
    0x00000500   0x00000500   0x0000003e   Code   RO          842    .text               c_w.l(strlen.o)
    0x0000053e   0x0000053e   0x0000008a   Code   RO          844    .text               c_w.l(rt_memcpy_v6.o)
    0x000005c8   0x000005c8   0x00000064   Code   RO          846    .text               c_w.l(rt_memcpy_w.o)
    0x0000062c   0x0000062c   0x00000016   Code   RO          889    .text               c_w.l(_rserrno.o)
    0x00000642   0x00000642   0x000000b2   Code   RO          891    .text               c_w.l(_printf_intcommon.o)
    0x000006f4   0x000006f4   0x00000030   Code   RO          893    .text               c_w.l(_printf_char_common.o)
    0x00000724   0x00000724   0x0000002c   Code   RO          897    .text               c_w.l(_printf_char.o)
    0x00000750   0x00000750   0x00000008   Code   RO          960    .text               c_w.l(libspace.o)
    0x00000758   0x00000758   0x0000004a   Code   RO          963    .text               c_w.l(sys_stackheap_outer.o)
    0x000007a2   0x000007a2   0x00000012   Code   RO          965    .text               c_w.l(exit.o)
    0x000007b4   0x000007b4   0x0000000c   Code   RO         1034    .text               c_w.l(sys_exit.o)
    0x000007c0   0x000007c0   0x00000002   Code   RO         1059    .text               c_w.l(use_no_semi.o)
    0x000007c2   0x000007c2   0x00000000   Code   RO         1061    .text               c_w.l(indicate_semi.o)
    0x000007c2   0x000007c2   0x00000002   PAD
    0x000007c4   0x000007c4   0x000001ce   Code   RO           20    .text.ADC_IRQHandler  adc.o
    0x00000992   0x00000992   0x00000002   PAD
    0x00000994   0x00000994   0x0000001c   Code   RO          190    .text.EINT1_IRQHandler  interruptions.o
    0x000009b0   0x000009b0   0x00000018   Code   RO          188    .text.EINT3_IRQHandler  interruptions.o
    0x000009c8   0x000009c8   0x00000010   Code   RO          381    .text.LIRE_bit      recep_spi.o
    0x000009d8   0x000009d8   0x00000066   Code   RO          359    .text.ODO_Init      recep_spi.o
    0x00000a3e   0x00000a3e   0x00000002   PAD
    0x00000a40   0x00000a40   0x0000002a   Code   RO          230    .text.SysTick_Config  main.o
    0x00000a6a   0x00000a6a   0x00000002   PAD
    0x00000a6c   0x00000a6c   0x0000000a   Code   RO          186    .text.SysTick_Handler  interruptions.o
    0x00000a76   0x00000a76   0x00000002   PAD
    0x00000a78   0x00000a78   0x000000cc   Code   RO          771    .text.SystemInit    system_lpc17xx.o
    0x00000b44   0x00000b44   0x00000008   Code   RO          192    .text.TIMER0_IRQHandler  interruptions.o
    0x00000b4c   0x00000b4c   0x0000008a   Code   RO          628    .text.TIMER1_IRQHandler  beepermethods.o
    0x00000bd6   0x00000bd6   0x00000002   PAD
    0x00000bd8   0x00000bd8   0x00000008   Code   RO          194    .text.TIMER3_IRQHandler  interruptions.o
    0x00000be0   0x00000be0   0x0000001a   Code   RO          383    .text.TOP_CLK       recep_spi.o
    0x00000bfa   0x00000bfa   0x00000002   PAD
    0x00000bfc   0x00000bfc   0x00000028   Code   RO           12    .text.__NVIC_DisableIRQ  adc.o
    0x00000c24   0x00000c24   0x00000028   Code   RO           73    .text.__NVIC_DisableIRQ  capteur_inductif.o
    0x00000c4c   0x00000c4c   0x00000016   Code   RO          616    .text.__NVIC_DisableIRQ  beepermethods.o
    0x00000c62   0x00000c62   0x00000002   PAD
    0x00000c64   0x00000c64   0x00000016   Code   RO          727    .text.__NVIC_DisableIRQ  stepper.o
    0x00000c7a   0x00000c7a   0x00000002   PAD
    0x00000c7c   0x00000c7c   0x00000020   Code   RO            6    .text.__NVIC_EnableIRQ  adc.o
    0x00000c9c   0x00000c9c   0x00000010   Code   RO           38    .text.__NVIC_EnableIRQ  buttons.o
    0x00000cac   0x00000cac   0x00000020   Code   RO           61    .text.__NVIC_EnableIRQ  capteur_inductif.o
    0x00000ccc   0x00000ccc   0x00000010   Code   RO          135    .text.__NVIC_EnableIRQ  dtmf.o
    0x00000cdc   0x00000cdc   0x00000010   Code   RO          255    .text.__NVIC_EnableIRQ  moteur.o
    0x00000cec   0x00000cec   0x00000010   Code   RO          294    .text.__NVIC_EnableIRQ  proximetre.o
    0x00000cfc   0x00000cfc   0x00000010   Code   RO          363    .text.__NVIC_EnableIRQ  recep_spi.o
    0x00000d0c   0x00000d0c   0x00000020   Code   RO          536    .text.__NVIC_EnableIRQ  timers.o
    0x00000d2c   0x00000d2c   0x0000000e   Code   RO          612    .text.__NVIC_EnableIRQ  beepermethods.o
    0x00000d3a   0x00000d3a   0x00000002   PAD
    0x00000d3c   0x00000d3c   0x00000010   Code   RO          653    .text.__NVIC_EnableIRQ  ultrason_recep.o
    0x00000d4c   0x00000d4c   0x0000000e   Code   RO          729    .text.__NVIC_EnableIRQ  stepper.o
    0x00000d5a   0x00000d5a   0x00000002   PAD
    0x00000d5c   0x00000d5c   0x00000022   Code   RO            4    .text.__NVIC_SetPriority  adc.o
    0x00000d7e   0x00000d7e   0x00000002   PAD
    0x00000d80   0x00000d80   0x00000022   Code   RO          228    .text.__NVIC_SetPriority  main.o
    0x00000da2   0x00000da2   0x00000002   PAD
    0x00000da4   0x00000da4   0x0000000e   Code   RO          361    .text.__NVIC_SetPriority  recep_spi.o
    0x00000db2   0x00000db2   0x00000002   PAD
    0x00000db4   0x00000db4   0x00000028   Code   RO           16    .text.adc_get_proximetre_value  adc.o
    0x00000ddc   0x00000ddc   0x0000000a   Code   RO          284    .text.adc_init      proximetre.o
    0x00000de6   0x00000de6   0x00000002   PAD
    0x00000de8   0x00000de8   0x00000046   Code   RO            2    .text.adc_init_shared  adc.o
    0x00000e2e   0x00000e2e   0x00000002   PAD
    0x00000e30   0x00000e30   0x0000000c   Code   RO           14    .text.adc_is_proximetre_ready  adc.o
    0x00000e3c   0x00000e3c   0x0000008c   Code   RO            8    .text.adc_pin_config  adc.o
    0x00000ec8   0x00000ec8   0x00000016   Code   RO          300    .text.adc_read_avg  proximetre.o
    0x00000ede   0x00000ede   0x00000002   PAD
    0x00000ee0   0x00000ee0   0x00000086   Code   RO           10    .text.adc_request_proximetre_avg  adc.o
    0x00000f66   0x00000f66   0x00000002   PAD
    0x00000f68   0x00000f68   0x0000004e   Code   RO           18    .text.adc_start_inductif_sequence  adc.o
    0x00000fb6   0x00000fb6   0x00000002   PAD
    0x00000fb8   0x00000fb8   0x0000022c   Code   RO          587    .text.asservissement_update  asservissement.o
    0x000011e4   0x000011e4   0x0000002e   Code   RO           40    .text.buttons_interrupt_routine  buttons.o
    0x00001212   0x00001212   0x00000002   PAD
    0x00001214   0x00001214   0x0000000e   Code   RO          610    .text.buzzer_off    beepermethods.o
    0x00001222   0x00001222   0x00000002   PAD
    0x00001224   0x00001224   0x0000000e   Code   RO          620    .text.buzzer_on     beepermethods.o
    0x00001232   0x00001232   0x00000002   PAD
    0x00001234   0x00001234   0x00000042   Code   RO          371    .text.calc_filtered_velocity  recep_spi.o
    0x00001276   0x00001276   0x00000002   PAD
    0x00001278   0x00001278   0x00000122   Code   RO           63    .text.capteur_inductif_interrupt_routine  capteur_inductif.o
    0x0000139a   0x0000139a   0x00000002   PAD
    0x0000139c   0x0000139c   0x00000026   Code   RO           67    .text.capteur_inductif_receive_wire_command  capteur_inductif.o
    0x000013c2   0x000013c2   0x00000002   PAD
    0x000013c4   0x000013c4   0x0000025c   Code   RO           71    .text.capteur_inductif_update  capteur_inductif.o
    0x00001620   0x00001620   0x00000030   Code   RO          622    .text.changeDist    beepermethods.o
    0x00001650   0x00001650   0x00000008   Code   RO          247    .text.changer_pwm_moteurs  moteur.o
    0x00001658   0x00001658   0x0000002a   Code   RO          589    .text.clampf        asservissement.o
    0x00001682   0x00001682   0x00000002   PAD
    0x00001684   0x00001684   0x00000168   Code   RO           75    .text.debug_inductif_send_frame  capteur_inductif.o
    0x000017ec   0x000017ec   0x00000050   Code   RO          261    .text.debug_moteurs_send_frame  moteur.o
    0x0000183c   0x0000183c   0x00000080   Code   RO          306    .text.debug_proximetre_send_frame  proximetre.o
    0x000018bc   0x000018bc   0x0000018c   Code   RO          102    .text.decode_enveloppe_commande  decode_enveloppe.o
    0x00001a48   0x00001a48   0x000000c0   Code   RO          112    .text.decode_enveloppe_process_command  decode_enveloppe.o
    0x00001b08   0x00001b08   0x00000070   Code   RO          647    .text.decoder       ultrason_recep.o
    0x00001b78   0x00001b78   0x0000001c   Code   RO          215    .text.delay_cd4015  led_register.o
    0x00001b94   0x00001b94   0x0000002a   Code   RO          292    .text.delay_ms      proximetre.o
    0x00001bbe   0x00001bbe   0x00000002   PAD
    0x00001bc0   0x00001bc0   0x000000c0   Code   RO          298    .text.distance_cm   proximetre.o
    0x00001c80   0x00001c80   0x0000005c   Code   RO          143    .text.dtmf_interrupt_routine  dtmf.o
    0x00001cdc   0x00001cdc   0x0000000c   Code   RO          137    .text.dtmf_service  dtmf.o
    0x00001ce8   0x00001ce8   0x0000000a   Code   RO          645    .text.duree_us      ultrason_recep.o
    0x00001cf2   0x00001cf2   0x00000002   PAD
    0x00001cf4   0x00001cf4   0x00000010   Code   RO          172    .text.emission_ir_interrupt_routine  emission_ir.o
    0x00001d04   0x00001d04   0x00000030   Code   RO          444    .text.get_capteur_averages  robot_state.o
    0x00001d34   0x00001d34   0x0000000c   Code   RO           69    .text.get_envelope_period_us  capteur_inductif.o
    0x00001d40   0x00001d40   0x0000000c   Code   RO          464    .text.get_flag_50hz  robot_state.o
    0x00001d4c   0x00001d4c   0x0000000c   Code   RO          480    .text.get_ir_frame_counter  robot_state.o
    0x00001d58   0x00001d58   0x0000000c   Code   RO          472    .text.get_ir_seq_index  robot_state.o
    0x00001d64   0x00001d64   0x0000000c   Code   RO          476    .text.get_ir_seq_length  robot_state.o
    0x00001d70   0x00001d70   0x00000012   Code   RO          468    .text.get_ir_sequence_at  robot_state.o
    0x00001d82   0x00001d82   0x00000002   PAD
    0x00001d84   0x00001d84   0x0000002a   Code   RO          302    .text.get_local_proxi_buffer  proximetre.o
    0x00001dae   0x00001dae   0x00000002   PAD
    0x00001db0   0x00001db0   0x00000022   Code   RO          436    .text.get_motor_pwms  robot_state.o
    0x00001dd2   0x00001dd2   0x00000002   PAD
    0x00001dd4   0x00001dd4   0x00000022   Code   RO          440    .text.get_motor_speeds  robot_state.o
    0x00001df6   0x00001df6   0x00000002   PAD
    0x00001df8   0x00001df8   0x0000000c   Code   RO          304    .text.get_proxi_count  proximetre.o
    0x00001e04   0x00001e04   0x0000000c   Code   RO          406    .text.get_robot_number  robot_state.o
    0x00001e10   0x00001e10   0x0000000c   Code   RO          432    .text.get_robot_status  robot_state.o
    0x00001e1c   0x00001e1c   0x0000000c   Code   RO          410    .text.get_vitesse_centrale  robot_state.o
    0x00001e28   0x00001e28   0x00000036   Code   RO          420    .text.get_vitesse_code_ir  robot_state.o
    0x00001e5e   0x00001e5e   0x00000002   PAD
    0x00001e60   0x00001e60   0x0000001c   Code   RO          428    .text.get_wheel_delta  robot_state.o
    0x00001e7c   0x00001e7c   0x00000022   Code   RO          424    .text.get_wire_measure  robot_state.o
    0x00001e9e   0x00001e9e   0x00000002   PAD
    0x00001ea0   0x00001ea0   0x00000040   Code   RO          456    .text.get_wire_trame  robot_state.o
    0x00001ee0   0x00001ee0   0x00000088   Code   RO          608    .text.initBeepeur   beepermethods.o
    0x00001f68   0x00001f68   0x0000001c   Code   RO           53    .text.init_adc      capteur_inductif.o
    0x00001f84   0x00001f84   0x00000048   Code   RO           36    .text.init_buttons  buttons.o
    0x00001fcc   0x00001fcc   0x00000044   Code   RO           51    .text.init_capteur_inductif  capteur_inductif.o
    0x00002010   0x00002010   0x00000032   Code   RO           55    .text.init_clock    capteur_inductif.o
    0x00002042   0x00002042   0x00000002   PAD
    0x00002044   0x00002044   0x00000050   Code   RO          133    .text.init_dtmf     dtmf.o
    0x00002094   0x00002094   0x00000042   Code   RO           57    .text.init_enveloppe  capteur_inductif.o
    0x000020d6   0x000020d6   0x00000002   PAD
    0x000020d8   0x000020d8   0x00000008   Code   RO          241    .text.init_moteur_pwm  moteur.o
    0x000020e0   0x000020e0   0x00000010   Code   RO          249    .text.init_moteurs_debug  moteur.o
    0x000020f0   0x000020f0   0x0000003a   Code   RO          251    .text.init_moteurs_switches  moteur.o
    0x0000212a   0x0000212a   0x00000002   PAD
    0x0000212c   0x0000212c   0x00000038   Code   RO          280    .text.init_proximetre  proximetre.o
    0x00002164   0x00002164   0x0000002a   Code   RO          286    .text.init_proximetre_switches  proximetre.o
    0x0000218e   0x0000218e   0x00000002   PAD
    0x00002190   0x00002190   0x00000042   Code   RO          166    .text.init_pwm_ir   emission_ir.o
    0x000021d2   0x000021d2   0x00000002   PAD
    0x000021d4   0x000021d4   0x00000022   Code   RO          400    .text.init_robot_id_switches  robot_state.o
    0x000021f6   0x000021f6   0x00000002   PAD
    0x000021f8   0x000021f8   0x00000034   Code   RO          282    .text.init_servo_hardware  proximetre.o
    0x0000222c   0x0000222c   0x0000004a   Code   RO          518    .text.init_status_led  status.o
    0x00002276   0x00002276   0x00000002   PAD
    0x00002278   0x00002278   0x00000046   Code   RO           59    .text.init_switches  capteur_inductif.o
    0x000022be   0x000022be   0x00000002   PAD
    0x000022c0   0x000022c0   0x00000008   Code   RO          168    .text.init_timer_enveloppe  emission_ir.o
    0x000022c8   0x000022c8   0x0000007a   Code   RO          566    .text.init_uart0    uart.o
    0x00002342   0x00002342   0x00000002   PAD
    0x00002344   0x00002344   0x0000005e   Code   RO          651    .text.init_ultrason_recep  ultrason_recep.o
    0x000023a2   0x000023a2   0x00000002   PAD
    0x000023a4   0x000023a4   0x00000016   Code   RO          108    .text.is_nord_symbol  decode_enveloppe.o
    0x000023ba   0x000023ba   0x00000002   PAD
    0x000023bc   0x000023bc   0x00000012   Code   RO          106    .text.is_rest_duration_valid  decode_enveloppe.o
    0x000023ce   0x000023ce   0x00000002   PAD
    0x000023d0   0x000023d0   0x00000016   Code   RO          110    .text.is_sud_symbol  decode_enveloppe.o
    0x000023e6   0x000023e6   0x00000002   PAD
    0x000023e8   0x000023e8   0x00000018   Code   RO          209    .text.led_register_clr  led_register.o
    0x00002400   0x00002400   0x00000016   Code   RO          207    .text.led_register_set  led_register.o
    0x00002416   0x00002416   0x00000002   PAD
    0x00002418   0x00002418   0x00000150   Code   RO          226    .text.main          main.o
    0x00002568   0x00002568   0x00000026   Code   RO          257    .text.moteurs_interrupt_routine  moteur.o
    0x0000258e   0x0000258e   0x00000002   PAD
    0x00002590   0x00002590   0x00000026   Code   RO          259    .text.moteurs_receive_wire_command  moteur.o
    0x000025b6   0x000025b6   0x00000002   PAD
    0x000025b8   0x000025b8   0x000000b4   Code   RO          263    .text.moteurs_send_frame  moteur.o
    0x0000266c   0x0000266c   0x00000024   Code   RO          253    .text.moteurs_update_mode_from_gpio  moteur.o
    0x00002690   0x00002690   0x00000058   Code   RO          104    .text.period_us_to_symbol  decode_enveloppe.o
    0x000026e8   0x000026e8   0x000000a0   Code   RO          170    .text.preparer_trame  emission_ir.o
    0x00002788   0x00002788   0x00000166   Code   RO          139    .text.process_dtmf_commands  dtmf.o
    0x000028ee   0x000028ee   0x00000002   PAD
    0x000028f0   0x000028f0   0x000001e4   Code   RO          296    .text.proximetre_run_balayage  proximetre.o
    0x00002ad4   0x00002ad4   0x00000054   Code   RO          278    .text.proximetre_timer_interrupt_routine  proximetre.o
    0x00002b28   0x00002b28   0x00000024   Code   RO          288    .text.proximetre_update_mode_from_gpio  proximetre.o
    0x00002b4c   0x00002b4c   0x0000001a   Code   RO          347    .text.pwm_disable_ir_output  pwm.o
    0x00002b66   0x00002b66   0x00000002   PAD
    0x00002b68   0x00002b68   0x0000001a   Code   RO          345    .text.pwm_enable_ir_output  pwm.o
    0x00002b82   0x00002b82   0x00000002   PAD
    0x00002b84   0x00002b84   0x00000086   Code   RO          343    .text.pwm_init_ir   pwm.o
    0x00002c0a   0x00002c0a   0x00000002   PAD
    0x00002c0c   0x00002c0c   0x0000007c   Code   RO          335    .text.pwm_init_moteurs  pwm.o
    0x00002c88   0x00002c88   0x00000022   Code   RO          349    .text.pwm_reset_counter_ir  pwm.o
    0x00002caa   0x00002caa   0x00000002   PAD
    0x00002cac   0x00002cac   0x00000048   Code   RO          341    .text.pwm_set_moteurs  pwm.o
    0x00002cf4   0x00002cf4   0x0000001c   Code   RO          591    .text.pwm_to_u8     asservissement.o
    0x00002d10   0x00002d10   0x000000b0   Code   RO          367    .text.read_spi_channel  recep_spi.o
    0x00002dc0   0x00002dc0   0x0000008a   Code   RO          365    .text.recep_spi_interrupt_routine  recep_spi.o
    0x00002e4a   0x00002e4a   0x00000002   PAD
    0x00002e4c   0x00002e4c   0x0000002e   Code   RO          290    .text.servo_set_angle  proximetre.o
    0x00002e7a   0x00002e7a   0x00000002   PAD
    0x00002e7c   0x00002e7c   0x00000032   Code   RO          618    .text.set_cadence   beepermethods.o
    0x00002eae   0x00002eae   0x00000002   PAD
    0x00002eb0   0x00002eb0   0x0000000c   Code   RO          462    .text.set_flag_50hz  robot_state.o
    0x00002ebc   0x00002ebc   0x0000000c   Code   RO          478    .text.set_ir_frame_counter  robot_state.o
    0x00002ec8   0x00002ec8   0x0000000c   Code   RO          470    .text.set_ir_seq_index  robot_state.o
    0x00002ed4   0x00002ed4   0x0000000c   Code   RO          474    .text.set_ir_seq_length  robot_state.o
    0x00002ee0   0x00002ee0   0x00000010   Code   RO          466    .text.set_ir_sequence_at  robot_state.o
    0x00002ef0   0x00002ef0   0x00000016   Code   RO          434    .text.set_motor_pwms  robot_state.o
    0x00002f06   0x00002f06   0x00000002   PAD
    0x00002f08   0x00002f08   0x00000016   Code   RO          438    .text.set_motor_speeds  robot_state.o
    0x00002f1e   0x00002f1e   0x00000002   PAD
    0x00002f20   0x00002f20   0x0000002c   Code   RO          450    .text.set_proxi_distance_at_angle  robot_state.o
    0x00002f4c   0x00002f4c   0x00000010   Code   RO          404    .text.set_robot_number  robot_state.o
    0x00002f5c   0x00002f5c   0x0000000c   Code   RO          430    .text.set_robot_status  robot_state.o
    0x00002f68   0x00002f68   0x00000054   Code   RO          520    .text.set_status_led  status.o
    0x00002fbc   0x00002fbc   0x0000000c   Code   RO          408    .text.set_vitesse_centrale  robot_state.o
    0x00002fc8   0x00002fc8   0x0000000c   Code   RO          412    .text.set_vitesse_commande  robot_state.o
    0x00002fd4   0x00002fd4   0x0000001e   Code   RO          422    .text.set_wire_measure  robot_state.o
    0x00002ff2   0x00002ff2   0x00000002   PAD
    0x00002ff4   0x00002ff4   0x00000038   Code   RO          454    .text.set_wire_trame  robot_state.o
    0x0000302c   0x0000302c   0x0000001c   Code   RO          379    .text.spi_delay     recep_spi.o
    0x00003048   0x00003048   0x00000030   Code   RO          614    .text.startBeep     beepermethods.o
    0x00003078   0x00003078   0x0000004a   Code   RO          741    .text.step_apply    stepper.o
    0x000030c2   0x000030c2   0x00000002   PAD
    0x000030c4   0x000030c4   0x00000014   Code   RO          369    .text.step_to_distance  recep_spi.o
    0x000030d8   0x000030d8   0x00000080   Code   RO          721    .text.stepper_init  stepper.o
    0x00003158   0x00003158   0x00000090   Code   RO          739    .text.stepper_isr_step  stepper.o
    0x000031e8   0x000031e8   0x000000a8   Code   RO          735    .text.stepper_move_to  stepper.o
    0x00003290   0x00003290   0x00000010   Code   RO          723    .text.stepper_off   stepper.o
    0x000032a0   0x000032a0   0x0000003a   Code   RO          725    .text.stepper_set_zero_manually  stepper.o
    0x000032da   0x000032da   0x00000002   PAD
    0x000032dc   0x000032dc   0x00000050   Code   RO          737    .text.stepper_show_letter  stepper.o
    0x0000332c   0x0000332c   0x0000001c   Code   RO          624    .text.stopBeep      beepermethods.o
    0x00003348   0x00003348   0x0000000e   Code   RO          683    .text.suivi_fil_force_entrelacement  suivi_fil.o
    0x00003356   0x00003356   0x00000002   PAD
    0x00003358   0x00003358   0x00000036   Code   RO          679    .text.suivi_fil_update_distances  suivi_fil.o
    0x0000338e   0x0000338e   0x00000002   PAD
    0x00003390   0x00003390   0x000000b0   Code   RO          681    .text.suivi_fil_update_state_machine  suivi_fil.o
    0x00003440   0x00003440   0x00000046   Code   RO          534    .text.timer0_init   timers.o
    0x00003486   0x00003486   0x00000002   PAD
    0x00003488   0x00003488   0x0000001a   Code   RO          538    .text.timer0_start  timers.o
    0x000034a2   0x000034a2   0x00000002   PAD
    0x000034a4   0x000034a4   0x0000000a   Code   RO          544    .text.timer2_get_tc  timers.o
    0x000034ae   0x000034ae   0x00000002   PAD
    0x000034b0   0x000034b0   0x0000002e   Code   RO          542    .text.timer2_init_free_running  timers.o
    0x000034de   0x000034de   0x00000002   PAD
    0x000034e0   0x000034e0   0x0000000c   Code   RO          556    .text.timer3_clear_interrupt  timers.o
    0x000034ec   0x000034ec   0x0000000c   Code   RO          550    .text.timer3_get_match0  timers.o
    0x000034f8   0x000034f8   0x0000000c   Code   RO          548    .text.timer3_get_tc  timers.o
    0x00003504   0x00003504   0x00000050   Code   RO          546    .text.timer3_init_servo  timers.o
    0x00003554   0x00003554   0x0000000c   Code   RO          552    .text.timer3_set_match0  timers.o
    0x00003560   0x00003560   0x0000000c   Code   RO          554    .text.timer3_set_match1  timers.o
    0x0000356c   0x0000356c   0x00000040   Code   RO          570    .text.uart0_send_char  uart.o
    0x000035ac   0x000035ac   0x0000001c   Code   RO          572    .text.uart0_send_string  uart.o
    0x000035c8   0x000035c8   0x00000040   Code   RO          568    .text.uart0_update  uart.o
    0x00003608   0x00003608   0x000000a8   Code   RO          643    .text.ultrason_decode_edge  ultrason_recep.o
    0x000036b0   0x000036b0   0x00000030   Code   RO          649    .text.ultrason_decode_timeout  ultrason_recep.o
    0x000036e0   0x000036e0   0x00000040   Code   RO          655    .text.ultrason_recep_interrupt_routine  ultrason_recep.o
    0x00003720   0x00003720   0x00000036   Code   RO          659    .text.ultrason_recep_lire  ultrason_recep.o
    0x00003756   0x00003756   0x00000002   PAD
    0x00003758   0x00003758   0x0000000c   Code   RO          657    .text.ultrason_recep_tick  ultrason_recep.o
    0x00003764   0x00003764   0x000000ac   Code   RO          174    .text.update_pwm_state  emission_ir.o
    0x00003810   0x00003810   0x00000038   Code   RO          402    .text.update_robot_id_from_hardware  robot_state.o
    0x00003848   0x00003848   0x00000048   Code   RO          205    .text.update_shift_register  led_register.o
    0x00003890   0x00003890   0x0000004c   Code   RO          141    .text.update_status_leds  dtmf.o
    0x000038dc   0x000038dc   0x0000002c   Code   RO           65    .text.update_switch_mode_from_gpio  capteur_inductif.o
    0x00003908   0x00003908   0x00000026   Code   RO          913    i.__ARM_fpclassifyf  m_ws.l(fpclassifyf.o)
    0x0000392e   0x0000392e   0x00000006   Code   RO          916    i.__mathlib_flt_infnan  m_ws.l(funder.o)
    0x00003934   0x00003934   0x00000008   Code   RO          918    i.__mathlib_flt_invalid  m_ws.l(funder.o)
    0x0000393c   0x0000393c   0x0000000a   Code   RO          921    i.__mathlib_flt_underflow  m_ws.l(funder.o)
    0x00003946   0x00003946   0x00000002   PAD
    0x00003948   0x00003948   0x00000168   Code   RO          929    i.__mathlib_rredf2  m_ws.l(rredf.o)
    0x00003ab0   0x00003ab0   0x0000000e   Code   RO          827    i._is_digit         c_w.l(__printf_wp.o)
    0x00003abe   0x00003abe   0x00000002   PAD
    0x00003ac0   0x00003ac0   0x00000188   Code   RO          877    i.sinf              m_ws.l(sinf.o)
    0x00003c48   0x00003c48   0x000000c4   Code   RO          852    x$fpl$fadd          fz_ws.l(faddsub_clz.o)
    0x00003d0c   0x00003d0c   0x0000000c   Code   RO          977    x$fpl$fcheck1       fz_ws.l(fcheck1.o)
    0x00003d18   0x00003d18   0x00000054   Code   RO          858    x$fpl$fcmp          fz_ws.l(fcmp.o)
    0x00003d6c   0x00003d6c   0x00000018   Code   RO          956    x$fpl$fcmpinf       fz_ws.l(fcmpi.o)
    0x00003d84   0x00003d84   0x00000184   Code   RO          861    x$fpl$fdiv          fz_ws.l(fdiv.o)
    0x00003f08   0x00003f08   0x00000068   Code   RO          900    x$fpl$feqf          fz_ws.l(feqf.o)
    0x00003f70   0x00003f70   0x00000036   Code   RO          864    x$fpl$ffix          fz_ws.l(ffix.o)
    0x00003fa6   0x00003fa6   0x00000002   PAD
    0x00003fa8   0x00003fa8   0x00000030   Code   RO          869    x$fpl$fflt          fz_ws.l(fflt_clz.o)
    0x00003fd8   0x00003fd8   0x00000026   Code   RO          868    x$fpl$ffltu         fz_ws.l(fflt_clz.o)
    0x00003ffe   0x00003ffe   0x00000002   PAD
    0x00004000   0x00004000   0x00000068   Code   RO          902    x$fpl$fgeqf         fz_ws.l(fgeqf.o)
    0x00004068   0x00004068   0x00000068   Code   RO          904    x$fpl$fleqf         fz_ws.l(fleqf.o)
    0x000040d0   0x000040d0   0x00000102   Code   RO          874    x$fpl$fmul          fz_ws.l(fmul.o)
    0x000041d2   0x000041d2   0x0000008c   Code   RO          906    x$fpl$fnaninf       fz_ws.l(fnaninf.o)
    0x0000425e   0x0000425e   0x0000000a   Code   RO          908    x$fpl$fretinf       fz_ws.l(fretinf.o)
    0x00004268   0x00004268   0x00000060   Code   RO          910    x$fpl$frnd          fz_ws.l(frnd.o)
    0x000042c8   0x000042c8   0x00000014   Code   RO          853    x$fpl$frsb          fz_ws.l(faddsub_clz.o)
    0x000042dc   0x000042dc   0x000000ea   Code   RO          854    x$fpl$fsub          fz_ws.l(faddsub_clz.o)
    0x000043c6   0x000043c6   0x00000064   Code   RO         1032    x$fpl$retnan        fz_ws.l(retnan.o)
    0x0000442a   0x0000442a   0x0000004c   Code   RO          958    x$fpl$scalbnf       fz_ws.l(scalbnf.o)
    0x00004476   0x00004476   0x00000030   Code   RO         1053    x$fpl$trapveneer    fz_ws.l(trapv.o)
    0x000044a6   0x000044a6   0x00000000   Code   RO          912    x$fpl$usenofp       fz_ws.l(usenofp.o)
    0x000044a6   0x000044a6   0x00000028   Data   RO          800    .constdata          c_w.l(_printf_hex_int.o)
    0x000044ce   0x000044ce   0x00000011   Data   RO          835    .constdata          c_w.l(__printf_flags_ss_wp.o)
    0x000044df   0x000044df   0x00000001   PAD
    0x000044e0   0x000044e0   0x00000020   Data   RO          930    .constdata          m_ws.l(rredf.o)
    0x00004500   0x00004500   0x00000038   Data   RO          326    .rodata.LUT_CM      proximetre.o
    0x00004538   0x00004538   0x00000038   Data   RO          325    .rodata.LUT_V       proximetre.o
    0x00004570   0x00004570   0x00000020   Data   RO          317    .rodata.cst32       proximetre.o
    0x00004590   0x00004590   0x00000020   Data   RO         1114    Region$$Table       anon$$obj.o


    Execution Region ER_RW (Exec base: 0x10000000, Load base: 0x000045b0, Size: 0x0000004c, Max: 0xffffffff, ABSOLUTE)

    Exec Addr    Load Addr    Size         Type   Attr      Idx    E Section Name        Object

    0x10000000   0x000045b0   0x00000004   Data   RW          773    .data.SystemCoreClock  system_lpc17xx.o
    0x10000004   0x000045b4   0x00000004   Data   RW          596    .data.asserv_K_corr_alpha  asservissement.o
    0x10000008   0x000045b8   0x00000004   Data   RW          595    .data.asserv_K_corr_y  asservissement.o
    0x1000000c   0x000045bc   0x00000004   Data   RW          594    .data.asserv_Kp_alpha  asservissement.o
    0x10000010   0x000045c0   0x00000004   Data   RW          593    .data.asserv_Kp_y   asservissement.o
    0x10000014   0x000045c4   0x00000004   Data   RW          490    .data.current_pwm_d  robot_state.o
    0x10000018   0x000045c8   0x00000004   Data   RW          489    .data.current_pwm_g  robot_state.o
    0x1000001c   0x000045cc   0x00000001   Data   RW          488    .data.current_status  robot_state.o
    0x1000001d   0x000045cd   0x00000003   PAD
    0x10000020   0x000045d0   0x00000004   Data   RW          491    .data.current_v_moy  robot_state.o
    0x10000024   0x000045d4   0x00000004   Data   RW          492    .data.current_w_ang  robot_state.o
    0x10000028   0x000045d8   0x00000001   Data   RW          148    .data.dtmf_char     dtmf.o
    0x10000029   0x000045d9   0x00000001   Data   RW           84    .data.ind_hw_mode   capteur_inductif.o
    0x1000002a   0x000045da   0x00000002   Data   RW           86    .data.last_rest_duration_us  capteur_inductif.o
    0x1000002c   0x000045dc   0x00000001   Data   RW          269    .data.mot_hw_mode   moteur.o
    0x1000002d   0x000045dd   0x00000003   PAD
    0x10000030   0x000045e0   0x00000004   Data   RW          634    .data.on_ms         beepermethods.o
    0x10000034   0x000045e4   0x00000004   Data   RW          632    .data.period_ms     beepermethods.o
    0x10000038   0x000045e8   0x00000001   Data   RW          153    .data.process_dtmf_commands.parsed_action  dtmf.o
    0x10000039   0x000045e9   0x00000001   Data   RW          321    .data.prox_dir      proximetre.o
    0x1000003a   0x000045ea   0x00000002   PAD
    0x1000003c   0x000045ec   0x00000004   Data   RW          314    .data.proximetre_run_balayage.front_dist  proximetre.o
    0x10000040   0x000045f0   0x00000004   Data   RW          311    .data.proximetre_run_balayage.going_fwd  proximetre.o
    0x10000044   0x000045f4   0x00000001   Data   RW          668    .data.res_cote      ultrason_recep.o
    0x10000045   0x000045f5   0x00000001   Data   RW          156    .data.robot_status  dtmf.o
    0x10000046   0x000045f6   0x00000002   PAD
    0x10000048   0x000045f8   0x00000004   Data   RW          310    .data.servo_pulse_us  proximetre.o


    Execution Region ER_ZI (Exec base: 0x10000050, Load base: 0x000045fc, Size: 0x00000670, Max: 0xffffffff, ABSOLUTE)

    Exec Addr    Load Addr    Size         Type   Attr      Idx    E Section Name        Object

    0x10000050        -       0x00000060   Zero   RW          961    .bss                c_w.l(libspace.o)
    0x100000b0        -       0x00000001   Zero   RW           26    .bss.adc_state      adc.o
    0x100000b1   0x000045fc   0x00000003   PAD
    0x100000b4        -       0x00000004   Zero   RW          599    .bss.base_pwm       asservissement.o
    0x100000b8        -       0x00000004   Zero   RW          631    .bss.beep_state     beepermethods.o
    0x100000bc        -       0x00000004   Zero   RW          633    .bss.beeps_left     beepermethods.o
    0x100000c0        -       0x00000004   Zero   RW          157    .bss.blink_counter  dtmf.o
    0x100000c4        -       0x00000001   Zero   RW          150    .bss.c              dtmf.o
    0x100000c5   0x000045fc   0x00000003   PAD
    0x100000c8        -       0x00000004   Zero   RW          744    .bss.current_abs_step  stepper.o
    0x100000cc        -       0x00000002   Zero   RW          494    .bss.current_avg_ar  robot_state.o
    0x100000ce        -       0x00000002   Zero   RW          493    .bss.current_avg_av  robot_state.o
    0x100000d0        -       0x00000002   Zero   RW          495    .bss.current_avg_hor  robot_state.o
    0x100000d2        -       0x00000002   Zero   RW          217    .bss.current_led_state  led_register.o
    0x100000d4        -       0x00000002   Zero   RW           88    .bss.current_period_us  capteur_inductif.o
    0x100000d6   0x000045fc   0x00000002   PAD
    0x100000d8        -       0x00000004   Zero   RW          743    .bss.current_position  stepper.o
    0x100000dc        -       0x00000001   Zero   RW          482    .bss.current_robot_number  robot_state.o
    0x100000dd        -       0x00000001   Zero   RW          689    .bss.current_state  suivi_fil.o
    0x100000de   0x000045fc   0x00000002   PAD
    0x100000e0        -       0x00000004   Zero   RW          745    .bss.current_step_idx  stepper.o
    0x100000e4        -       0x00000004   Zero   RW          483    .bss.current_vitesse_centrale  robot_state.o
    0x100000e8        -       0x00000004   Zero   RW          484    .bss.current_vitesse_commande  robot_state.o
    0x100000ec        -       0x00000004   Zero   RW          485    .bss.current_vitesse_reelle  robot_state.o
    0x100000f0        -       0x0000000c   Zero   RW          487    .bss.current_wheel_delta  robot_state.o
    0x100000fc        -       0x00000014   Zero   RW          486    .bss.current_wire_measure  robot_state.o
    0x10000110        -       0x00000001   Zero   RW          507    .bss.current_wire_trame.0  robot_state.o
    0x10000111   0x000045fc   0x00000001   PAD
    0x10000112        -       0x00000001   Zero   RW          508    .bss.current_wire_trame.1  robot_state.o
    0x10000113   0x000045fc   0x00000001   PAD
    0x10000114        -       0x00000002   Zero   RW          509    .bss.current_wire_trame.2  robot_state.o
    0x10000116   0x000045fc   0x00000002   PAD
    0x10000118        -       0x00000001   Zero   RW          119    .bss.decoder_nord.0  decode_enveloppe.o
    0x10000119   0x000045fc   0x00000003   PAD
    0x1000011c        -       0x00000001   Zero   RW          120    .bss.decoder_nord.1  decode_enveloppe.o
    0x1000011d   0x000045fc   0x00000003   PAD
    0x10000120        -       0x00000004   Zero   RW          121    .bss.decoder_nord.2  decode_enveloppe.o
    0x10000124        -       0x00000001   Zero   RW          122    .bss.decoder_sud.0  decode_enveloppe.o
    0x10000125   0x000045fc   0x00000003   PAD
    0x10000128        -       0x00000001   Zero   RW          123    .bss.decoder_sud.1  decode_enveloppe.o
    0x10000129   0x000045fc   0x00000003   PAD
    0x1000012c        -       0x00000004   Zero   RW          124    .bss.decoder_sud.2  decode_enveloppe.o
    0x10000130        -       0x00000004   Zero   RW          692    .bss.distance_nord_ar  suivi_fil.o
    0x10000134        -       0x00000004   Zero   RW          691    .bss.distance_nord_av  suivi_fil.o
    0x10000138        -       0x00000004   Zero   RW          694    .bss.distance_sud_ar  suivi_fil.o
    0x1000013c        -       0x00000004   Zero   RW          693    .bss.distance_sud_av  suivi_fil.o
    0x10000140        -       0x00000001   Zero   RW          154    .bss.dtmf_retour_active  dtmf.o
    0x10000141   0x000045fc   0x00000003   PAD
    0x10000144        -       0x00000004   Zero   RW          155    .bss.dtmf_retour_start_time  dtmf.o
    0x10000148        -       0x00000001   Zero   RW          147    .bss.dtmf_tone      dtmf.o
    0x10000149   0x000045fc   0x00000001   PAD
    0x1000014a        -       0x00000080   Zero   RW           91    .bss.env_fifo       capteur_inductif.o
    0x100001ca   0x000045fc   0x00000002   PAD
    0x100001cc        -       0x00000004   Zero   RW          598    .bss.est_alpha      asservissement.o
    0x100001d0        -       0x00000004   Zero   RW          597    .bss.est_y          asservissement.o
    0x100001d4        -       0x00000001   Zero   RW           89    .bss.fifo_head      capteur_inductif.o
    0x100001d5        -       0x00000001   Zero   RW           90    .bss.fifo_tail      capteur_inductif.o
    0x100001d6        -       0x00000001   Zero   RW          502    .bss.flag_50hz      robot_state.o
    0x100001d7        -       0x00000001   Zero   RW           83    .bss.flag_compute_inductif  capteur_inductif.o
    0x100001d8        -       0x00000004   Zero   RW          387    .bss.g_Pd           recep_spi.o
    0x100001dc        -       0x00000004   Zero   RW          385    .bss.g_Pg           recep_spi.o
    0x100001e0        -       0x00000004   Zero   RW          390    .bss.g_Vd           recep_spi.o
    0x100001e4        -       0x00000004   Zero   RW          388    .bss.g_Vg           recep_spi.o
    0x100001e8        -       0x0000000c   Zero   RW          391    .bss.hist_vd        recep_spi.o
    0x100001f4        -       0x0000000c   Zero   RW          389    .bss.hist_vg        recep_spi.o
    0x10000200        -       0x00000001   Zero   RW           92    .bss.ind_wire_mode  capteur_inductif.o
    0x10000201        -       0x00000001   Zero   RW           93    .bss.ind_wire_pending  capteur_inductif.o
    0x10000202        -       0x00000001   Zero   RW          506    .bss.ir_frame_counter  robot_state.o
    0x10000203        -       0x00000001   Zero   RW          504    .bss.ir_seq_index   robot_state.o
    0x10000204        -       0x00000001   Zero   RW          505    .bss.ir_seq_length  robot_state.o
    0x10000205        -       0x00000064   Zero   RW          503    .bss.ir_sequence    robot_state.o
    0x10000269   0x000045fc   0x00000003   PAD
    0x1000026c        -       0x00000004   Zero   RW           85    .bss.last_fall_time  capteur_inductif.o
    0x10000270        -       0x00000004   Zero   RW           87    .bss.last_rise_time  capteur_inductif.o
    0x10000274        -       0x00000001   Zero   RW          267    .bss.mot_wire_mode  moteur.o
    0x10000275        -       0x00000001   Zero   RW          268    .bss.mot_wire_pending  moteur.o
    0x10000276        -       0x00000001   Zero   RW          149    .bss.new_dtmf_flag  dtmf.o
    0x10000277        -       0x00000001   Zero   RW          497    .bss.new_wire_trame  robot_state.o
    0x10000278        -       0x00000018   Zero   RW          386    .bss.odo_shared_metrics  recep_spi.o
    0x10000290        -       0x00000004   Zero   RW          746    .bss.pending_position  stepper.o
    0x10000294        -       0x00000004   Zero   RW          630    .bss.phase_ms       beepermethods.o
    0x10000298        -       0x00000001   Zero   RW          151    .bss.process_dtmf_commands.current_state  dtmf.o
    0x10000299        -       0x00000001   Zero   RW          152    .bss.process_dtmf_commands.parsed_robot_id  dtmf.o
    0x1000029a   0x000045fc   0x00000002   PAD
    0x1000029c        -       0x00000004   Zero   RW           24    .bss.prox_accumulator  adc.o
    0x100002a0        -       0x00000064   Zero   RW          319    .bss.prox_buf       proximetre.o
    0x10000304        -       0x00000004   Zero   RW          320    .bss.prox_count     proximetre.o
    0x10000308        -       0x00000002   Zero   RW           27    .bss.prox_final_value  adc.o
    0x1000030a        -       0x00000001   Zero   RW          322    .bss.prox_frame_ready  proximetre.o
    0x1000030b   0x000045fc   0x00000001   PAD
    0x1000030c        -       0x00000004   Zero   RW           25    .bss.prox_is_ready  adc.o
    0x10000310        -       0x00000001   Zero   RW          318    .bss.prox_mode      proximetre.o
    0x10000311   0x000045fc   0x00000001   PAD
    0x10000312        -       0x00000002   Zero   RW           22    .bss.prox_samples_remaining  adc.o
    0x10000314        -       0x00000002   Zero   RW           23    .bss.prox_samples_total  adc.o
    0x10000316   0x000045fc   0x00000002   PAD
    0x10000318        -       0x00000064   Zero   RW          496    .bss.proxi_dists    robot_state.o
    0x1000037c        -       0x00000001   Zero   RW          323    .bss.proximetre_run_balayage.beeper_running  proximetre.o
    0x1000037d   0x000045fc   0x00000003   PAD
    0x10000380        -       0x00000004   Zero   RW          313    .bss.proximetre_run_balayage.current_angle  proximetre.o
    0x10000384        -       0x00000001   Zero   RW          316    .bss.proximetre_run_balayage.initialized  proximetre.o
    0x10000385   0x000045fc   0x00000003   PAD
    0x10000388        -       0x00000004   Zero   RW          315    .bss.proximetre_run_balayage.ms_accumulated  proximetre.o
    0x1000038c        -       0x00000004   Zero   RW          312    .bss.proximetre_run_balayage.step_index  proximetre.o
    0x10000390        -       0x00000001   Zero   RW          666    .bss.res_nouveau    ultrason_recep.o
    0x10000391        -       0x00000001   Zero   RW          667    .bss.res_poste      ultrason_recep.o
    0x10000392        -       0x00000001   Zero   RW          662    .bss.st             ultrason_recep.o
    0x10000393   0x000045fc   0x00000001   PAD
    0x10000394        -       0x00000004   Zero   RW          748    .bss.step_dir       stepper.o
    0x10000398        -       0x00000004   Zero   RW          747    .bss.steps_remaining  stepper.o
    0x1000039c        -       0x00000004   Zero   RW          665    .bss.t_f1           ultrason_recep.o
    0x100003a0        -       0x00000004   Zero   RW          661    .bss.t_last         ultrason_recep.o
    0x100003a4        -       0x00000004   Zero   RW          664    .bss.t_r1           ultrason_recep.o
    0x100003a8        -       0x00000004   Zero   RW          663    .bss.t_r2           ultrason_recep.o
    0x100003ac        -       0x00000001   Zero   RW          690    .bss.target_wire    suivi_fil.o
    0x100003ad        -       0x00000100   Zero   RW          578    .bss.tx_buffer      uart.o
    0x100004ad   0x000045fc   0x00000001   PAD
    0x100004ae        -       0x00000002   Zero   RW          576    .bss.tx_head        uart.o
    0x100004b0        -       0x00000002   Zero   RW          577    .bss.tx_tail        uart.o
    0x100004b2        -       0x00000002   Zero   RW           82    .bss.volatile_adc_sample_count  capteur_inductif.o
    0x100004b4        -       0x00000004   Zero   RW           79    .bss.volatile_adc_sum1  capteur_inductif.o
    0x100004b8        -       0x00000004   Zero   RW           80    .bss.volatile_adc_sum2  capteur_inductif.o
    0x100004bc        -       0x00000004   Zero   RW           81    .bss.volatile_adc_sum3  capteur_inductif.o
    0x100004c0        -       0x00000000   Zero   RW          757    HEAP                startup_lpc17xx.o
    0x100004c0        -       0x00000200   Zero   RW          756    STACK               startup_lpc17xx.o


==============================================================================

Image component sizes


      Code (inc. data)   RO Data    RW Data    ZI Data      Debug   Object Name

      1042          8          0          0         15       6988   adc.o
       626          0          0         16         12       2384   asservissement.o
       512          0          0          8         12       6884   beepermethods.o
       134          0          0          0          0       4664   buttons.o
      1702        148          0          3        157       9410   capteur_inductif.o
       738        104          0          0         12       4054   decode_enveloppe.o
       634         16          0          3         14       5989   dtmf.o
       422          0          0          0          0       4357   emission_ir.o
        78          0          0          0          0       1979   interruptions.o
       146          0          0          0          2       2883   led_register.o
       412         24          0          0          0       3616   main.o
       478         64          0          1          2       6721   moteur.o
      1264          8        144         13        120       8491   proximetre.o
       416          0          0          0          0       3731   pwm.o
       602         20          0          0         64       7954   recep_spi.o
       778          0          0         17        260       9835   robot_state.o
        64         26        204          0        512       1020   startup_lpc17xx.o
       158          8          0          0          0       3189   status.o
       704         58          0          0         24       5955   stepper.o
       244          0          0          0         18       2090   suivi_fil.o
       204          0          0          4          0       2122   system_lpc17xx.o
       324          0          0          0          0       4855   timers.o
       278          0          0          0        260       3758   uart.o
       578          0          0          1         19       6802   ultrason_recep.o

    ----------------------------------------------------------------------
     12676        484        380         76       1552     119731   Object Totals
         0          0         32          0          0          0   (incl. Generated)
       138          0          0         10         49          0   (incl. Padding)

    ----------------------------------------------------------------------

      Code (inc. data)   RO Data    RW Data    ZI Data      Debug   Library Member Name

        44          6          0          0          0         84   __2sprintf.o
         8          0          0          0          0         68   __main.o
       392          4         17          0          0         92   __printf_flags_ss_wp.o
        14          0          0          0          0         68   __printf_wp.o
         0          0          0          0          0          0   __rtentry.o
        12          0          0          0          0          0   __rtentry2.o
         6          0          0          0          0          0   __rtentry4.o
        52          8          0          0          0          0   __scatter.o
        26          0          0          0          0          0   __scatter_copy.o
        28          0          0          0          0          0   __scatter_zi.o
         6          0          0          0          0          0   _printf_c.o
        44          0          0          0          0        108   _printf_char.o
        48          6          0          0          0         96   _printf_char_common.o
         6          0          0          0          0          0   _printf_d.o
       120         16          0          0          0         92   _printf_dec.o
        88          4         40          0          0         88   _printf_hex_int.o
       178          0          0          0          0         88   _printf_intcommon.o
        78          0          0          0          0        108   _printf_pad.o
         0          0          0          0          0          0   _printf_percent.o
         4          0          0          0          0          0   _printf_percent_end.o
        82          0          0          0          0         80   _printf_str.o
         6          0          0          0          0          0   _printf_u.o
         6          0          0          0          0          0   _printf_x.o
        22          0          0          0          0        100   _rserrno.o
        10          0          0          0          0         68   _sputc.o
        18          0          0          0          0         80   exit.o
         6          0          0          0          0        152   heapauxi.o
         0          0          0          0          0          0   indicate_semi.o
         2          0          0          0          0          0   libinit.o
         2          0          0          0          0          0   libinit2.o
         2          0          0          0          0          0   libshutdown.o
         2          0          0          0          0          0   libshutdown2.o
         8          4          0          0         96         68   libspace.o
         8          4          0          0          0         68   rt_errno_addr_intlibspace.o
       138          0          0          0          0         68   rt_memcpy_v6.o
       100          0          0          0          0         80   rt_memcpy_w.o
         2          0          0          0          0          0   rtexit.o
        10          0          0          0          0          0   rtexit2.o
        62          0          0          0          0         76   strlen.o
        12          4          0          0          0         68   sys_exit.o
        74          0          0          0          0         80   sys_stackheap_outer.o
         2          0          0          0          0         68   use_no_semi.o
       450          8          0          0          0        236   faddsub_clz.o
        12          4          0          0          0         68   fcheck1.o
        84          0          0          0          0        196   fcmp.o
        24          0          0          0          0         68   fcmpi.o
       388         76          0          0          0         96   fdiv.o
       104          4          0          0          0         84   feqf.o
        54          4          0          0          0         84   ffix.o
        86          0          0          0          0        136   fflt_clz.o
       104          4          0          0          0         84   fgeqf.o
       104          4          0          0          0         84   fleqf.o
       258          4          0          0          0         84   fmul.o
       140          4          0          0          0         84   fnaninf.o
        10          0          0          0          0         68   fretinf.o
        96          4          0          0          0         76   frnd.o
       100          0          0          0          0         68   retnan.o
        76          0          0          0          0         68   scalbnf.o
        48          0          0          0          0         68   trapv.o
         0          0          0          0          0          0   usenofp.o
        38          0          0          0          0         68   fpclassifyf.o
        24          0          0          0          0        204   funder.o
       360         16         32          0          0         88   rredf.o
       392         54          0          0          0        124   sinf.o

    ----------------------------------------------------------------------
      4694        242         90          0         96       4084   Library Totals
        14          0          1          0          0          0   (incl. Padding)

    ----------------------------------------------------------------------

      Code (inc. data)   RO Data    RW Data    ZI Data      Debug   Library Name

      1728         56         57          0         96       1948   c_w.l
      2138        116          0          0          0       1652   fz_ws.l
       814         70         32          0          0        484   m_ws.l

    ----------------------------------------------------------------------
      4694        242         90          0         96       4084   Library Totals

    ----------------------------------------------------------------------

==============================================================================


      Code (inc. data)   RO Data    RW Data    ZI Data      Debug   

     17370        726        470         76       1648     121171   Grand Totals
     17370        726        470         76       1648     121171   ELF Image Totals
     17370        726        470         76          0          0   ROM Totals

==============================================================================

    Total RO  Size (Code + RO Data)                17840 (  17.42kB)
    Total RW  Size (RW Data + ZI Data)              1724 (   1.68kB)
    Total ROM Size (Code + RO Data + RW Data)      17916 (  17.50kB)

==============================================================================

