Component: ARM Compiler 6.14 Tool: armlink [5db06800]

==============================================================================

Section Cross References

    adc.o(.text.adc_init_shared) refers to adc.o(.text.__NVIC_SetPriority) for __NVIC_SetPriority
    adc.o(.text.adc_init_shared) refers to adc.o(.text.__NVIC_EnableIRQ) for __NVIC_EnableIRQ
    adc.o(.ARM.exidx.text.adc_init_shared) refers to adc.o(.text.adc_init_shared) for [Anonymous Symbol]
    adc.o(.ARM.exidx.text.__NVIC_SetPriority) refers to adc.o(.text.__NVIC_SetPriority) for [Anonymous Symbol]
    adc.o(.ARM.exidx.text.__NVIC_EnableIRQ) refers to adc.o(.text.__NVIC_EnableIRQ) for [Anonymous Symbol]
    adc.o(.ARM.exidx.text.adc_pin_config) refers to adc.o(.text.adc_pin_config) for [Anonymous Symbol]
    adc.o(.text.adc_request_proximetre_avg) refers to adc.o(.text.__NVIC_DisableIRQ) for __NVIC_DisableIRQ
    adc.o(.text.adc_request_proximetre_avg) refers to adc.o(.bss.prox_samples_remaining) for prox_samples_remaining
    adc.o(.text.adc_request_proximetre_avg) refers to adc.o(.bss.prox_samples_total) for prox_samples_total
    adc.o(.text.adc_request_proximetre_avg) refers to adc.o(.bss.prox_accumulator) for prox_accumulator
    adc.o(.text.adc_request_proximetre_avg) refers to adc.o(.bss.prox_is_ready) for prox_is_ready
    adc.o(.text.adc_request_proximetre_avg) refers to adc.o(.bss.adc_state) for adc_state
    adc.o(.text.adc_request_proximetre_avg) refers to adc.o(.text.__NVIC_EnableIRQ) for __NVIC_EnableIRQ
    adc.o(.ARM.exidx.text.adc_request_proximetre_avg) refers to adc.o(.text.adc_request_proximetre_avg) for [Anonymous Symbol]
    adc.o(.ARM.exidx.text.__NVIC_DisableIRQ) refers to adc.o(.text.__NVIC_DisableIRQ) for [Anonymous Symbol]
    adc.o(.text.adc_is_proximetre_ready) refers to adc.o(.bss.prox_is_ready) for prox_is_ready
    adc.o(.ARM.exidx.text.adc_is_proximetre_ready) refers to adc.o(.text.adc_is_proximetre_ready) for [Anonymous Symbol]
    adc.o(.text.adc_get_proximetre_value) refers to adc.o(.bss.prox_is_ready) for prox_is_ready
    adc.o(.text.adc_get_proximetre_value) refers to adc.o(.bss.prox_final_value) for prox_final_value
    adc.o(.ARM.exidx.text.adc_get_proximetre_value) refers to adc.o(.text.adc_get_proximetre_value) for [Anonymous Symbol]
    adc.o(.text.adc_start_inductif_sequence) refers to adc.o(.bss.adc_state) for adc_state
    adc.o(.ARM.exidx.text.adc_start_inductif_sequence) refers to adc.o(.text.adc_start_inductif_sequence) for [Anonymous Symbol]
    adc.o(.text.ADC_IRQHandler) refers to adc.o(.bss.adc_state) for adc_state
    adc.o(.text.ADC_IRQHandler) refers to capteur_inductif.o(.bss.volatile_adc_sum1) for volatile_adc_sum1
    adc.o(.text.ADC_IRQHandler) refers to capteur_inductif.o(.bss.volatile_adc_sum2) for volatile_adc_sum2
    adc.o(.text.ADC_IRQHandler) refers to capteur_inductif.o(.bss.volatile_adc_sum3) for volatile_adc_sum3
    adc.o(.text.ADC_IRQHandler) refers to capteur_inductif.o(.bss.volatile_adc_sample_count) for volatile_adc_sample_count
    adc.o(.text.ADC_IRQHandler) refers to adc.o(.bss.prox_samples_remaining) for prox_samples_remaining
    adc.o(.text.ADC_IRQHandler) refers to adc.o(.bss.prox_accumulator) for prox_accumulator
    adc.o(.text.ADC_IRQHandler) refers to adc.o(.bss.prox_samples_total) for prox_samples_total
    adc.o(.text.ADC_IRQHandler) refers to adc.o(.bss.prox_final_value) for prox_final_value
    adc.o(.text.ADC_IRQHandler) refers to adc.o(.bss.prox_is_ready) for prox_is_ready
    adc.o(.ARM.exidx.text.ADC_IRQHandler) refers to adc.o(.text.ADC_IRQHandler) for [Anonymous Symbol]
    buttons.o(.text.init_buttons) refers to buttons.o(.text.__NVIC_EnableIRQ) for __NVIC_EnableIRQ
    buttons.o(.ARM.exidx.text.init_buttons) refers to buttons.o(.text.init_buttons) for [Anonymous Symbol]
    buttons.o(.ARM.exidx.text.__NVIC_EnableIRQ) refers to buttons.o(.text.__NVIC_EnableIRQ) for [Anonymous Symbol]
    buttons.o(.text.buttons_interrupt_routine) refers to robot_state.o(.text.set_robot_status) for set_robot_status
    buttons.o(.ARM.exidx.text.buttons_interrupt_routine) refers to buttons.o(.text.buttons_interrupt_routine) for [Anonymous Symbol]
    buttons.o(.ARM.exidx.text.test_buttons_module) refers to buttons.o(.text.test_buttons_module) for [Anonymous Symbol]
    capteur_inductif.o(.text) refers (Special) to _printf_d.o(.ARM.Collect$$_printf_percent$$00000009) for _printf_d
    capteur_inductif.o(.text) refers (Special) to _printf_dec.o(.text) for _printf_int_dec
    capteur_inductif.o(.text) refers (Special) to _printf_hex_int.o(.text) for _printf_longlong_hex
    capteur_inductif.o(.text) refers (Special) to _printf_percent.o(.ARM.Collect$$_printf_percent$$00000000) for _printf_percent
    capteur_inductif.o(.text) refers (Special) to _printf_pad.o(.text) for _printf_pre_padding
    capteur_inductif.o(.text) refers (Special) to _printf_x.o(.ARM.Collect$$_printf_percent$$0000000C) for _printf_x
[...]
    [Anonymous Symbol]                       0x100000b0   Section        0  recep_spi.o(.bss.buffer_pos)
    buffer_val                               0x100000b4   Data          32  recep_spi.o(.bss.buffer_val)
    [Anonymous Symbol]                       0x100000b4   Section        0  recep_spi.o(.bss.buffer_val)
    buzz_on                                  0x100000d4   Data           1  proximetre.o(.bss.buzz_on)
    [Anonymous Symbol]                       0x100000d4   Section        0  proximetre.o(.bss.buzz_on)
    buzz_period_us                           0x100000d8   Data           4  proximetre.o(.bss.buzz_period_us)
    [Anonymous Symbol]                       0x100000d8   Section        0  proximetre.o(.bss.buzz_period_us)
    buzz_t0                                  0x100000dc   Data           4  proximetre.o(.bss.buzz_t0)
    [Anonymous Symbol]                       0x100000dc   Section        0  proximetre.o(.bss.buzz_t0)
    current_avg_ar                           0x100000e0   Data           2  robot_state.o(.bss.current_avg_ar)
    [Anonymous Symbol]                       0x100000e0   Section        0  robot_state.o(.bss.current_avg_ar)
    current_avg_av                           0x100000e2   Data           2  robot_state.o(.bss.current_avg_av)
    [Anonymous Symbol]                       0x100000e2   Section        0  robot_state.o(.bss.current_avg_av)
    current_avg_hor                          0x100000e4   Data           2  robot_state.o(.bss.current_avg_hor)
    [Anonymous Symbol]                       0x100000e4   Section        0  robot_state.o(.bss.current_avg_hor)
    current_led_state                        0x100000e6   Data           2  led_register.o(.bss.current_led_state)
    [Anonymous Symbol]                       0x100000e6   Section        0  led_register.o(.bss.current_led_state)
    current_period_us                        0x100000e8   Data           2  capteur_inductif.o(.bss.current_period_us)
    [Anonymous Symbol]                       0x100000e8   Section        0  capteur_inductif.o(.bss.current_period_us)
    current_robot_number                     0x100000ea   Data           1  robot_state.o(.bss.current_robot_number)
    [Anonymous Symbol]                       0x100000ea   Section        0  robot_state.o(.bss.current_robot_number)
    current_vitesse                          0x100000eb   Data           1  robot_state.o(.bss.current_vitesse)
    [Anonymous Symbol]                       0x100000eb   Section        0  robot_state.o(.bss.current_vitesse)
    current_wire_trame.0                     0x100000ec   Data           1  robot_state.o(.bss.current_wire_trame.0)
    [Anonymous Symbol]                       0x100000ec   Section        0  robot_state.o(.bss.current_wire_trame.0)
    current_wire_trame.1                     0x100000ee   Data           1  robot_state.o(.bss.current_wire_trame.1)
    [Anonymous Symbol]                       0x100000ee   Section        0  robot_state.o(.bss.current_wire_trame.1)
    current_wire_trame.2                     0x100000f0   Data           2  robot_state.o(.bss.current_wire_trame.2)
    [Anonymous Symbol]                       0x100000f0   Section        0  robot_state.o(.bss.current_wire_trame.2)
    decoder_nord.0                           0x100000f4   Data           1  decode_enveloppe.o(.bss.decoder_nord.0)
    [Anonymous Symbol]                       0x100000f4   Section        0  decode_enveloppe.o(.bss.decoder_nord.0)
    decoder_nord.1                           0x100000f8   Data           1  decode_enveloppe.o(.bss.decoder_nord.1)
    [Anonymous Symbol]                       0x100000f8   Section        0  decode_enveloppe.o(.bss.decoder_nord.1)
    decoder_nord.2                           0x100000fc   Data           4  decode_enveloppe.o(.bss.decoder_nord.2)
    [Anonymous Symbol]                       0x100000fc   Section        0  decode_enveloppe.o(.bss.decoder_nord.2)
    decoder_sud.0                            0x10000100   Data           1  decode_enveloppe.o(.bss.decoder_sud.0)
    [Anonymous Symbol]                       0x10000100   Section        0  decode_enveloppe.o(.bss.decoder_sud.0)
    decoder_sud.1                            0x10000104   Data           1  decode_enveloppe.o(.bss.decoder_sud.1)
    [Anonymous Symbol]                       0x10000104   Section        0  decode_enveloppe.o(.bss.decoder_sud.1)
    decoder_sud.2                            0x10000108   Data           4  decode_enveloppe.o(.bss.decoder_sud.2)
    [Anonymous Symbol]                       0x10000108   Section        0  decode_enveloppe.o(.bss.decoder_sud.2)
    dtmf_tone                                0x1000010c   Data           1  dtmf.o(.bss.dtmf_tone)
    [Anonymous Symbol]                       0x1000010c   Section        0  dtmf.o(.bss.dtmf_tone)
    env_fifo                                 0x1000010e   Data         128  capteur_inductif.o(.bss.env_fifo)
    [Anonymous Symbol]                       0x1000010e   Section        0  capteur_inductif.o(.bss.env_fifo)
    fifo_head                                0x1000018e   Data           1  capteur_inductif.o(.bss.fifo_head)
    [Anonymous Symbol]                       0x1000018e   Section        0  capteur_inductif.o(.bss.fifo_head)
    fifo_tail                                0x1000018f   Data           1  capteur_inductif.o(.bss.fifo_tail)
    [Anonymous Symbol]                       0x1000018f   Section        0  capteur_inductif.o(.bss.fifo_tail)
    flag_50hz                                0x10000190   Data           1  robot_state.o(.bss.flag_50hz)
    [Anonymous Symbol]                       0x10000190   Section        0  robot_state.o(.bss.flag_50hz)
    ind_wire_mode                            0x10000191   Data           1  capteur_inductif.o(.bss.ind_wire_mode)
    [Anonymous Symbol]                       0x10000191   Section        0  capteur_inductif.o(.bss.ind_wire_mode)
    ind_wire_pending                         0x10000192   Data           1  capteur_inductif.o(.bss.ind_wire_pending)
    [Anonymous Symbol]                       0x10000192   Section        0  capteur_inductif.o(.bss.ind_wire_pending)
    ir_frame_counter                         0x10000193   Data           1  robot_state.o(.bss.ir_frame_counter)
    [Anonymous Symbol]                       0x10000193   Section        0  robot_state.o(.bss.ir_frame_counter)
    ir_seq_index                             0x10000194   Data           1  robot_state.o(.bss.ir_seq_index)
    [Anonymous Symbol]                       0x10000194   Section        0  robot_state.o(.bss.ir_seq_index)
    ir_seq_length                            0x10000195   Data           1  robot_state.o(.bss.ir_seq_length)
    [Anonymous Symbol]                       0x10000195   Section        0  robot_state.o(.bss.ir_seq_length)
    ir_sequence                              0x10000196   Data         100  robot_state.o(.bss.ir_sequence)
    [Anonymous Symbol]                       0x10000196   Section        0  robot_state.o(.bss.ir_sequence)
    last_fall_time                           0x100001fc   Data           4  capteur_inductif.o(.bss.last_fall_time)
    [Anonymous Symbol]                       0x100001fc   Section        0  capteur_inductif.o(.bss.last_fall_time)
    last_rise_time                           0x10000200   Data           4  capteur_inductif.o(.bss.last_rise_time)
    [Anonymous Symbol]                       0x10000200   Section        0  capteur_inductif.o(.bss.last_rise_time)
    main.spi_cs_index                        0x10000204   Data           1  main.o(.bss.main.spi_cs_index)
    [Anonymous Symbol]                       0x10000204   Section        0  main.o(.bss.main.spi_cs_index)
    mot_wire_mode                            0x10000205   Data           1  moteur.o(.bss.mot_wire_mode)
    [Anonymous Symbol]                       0x10000205   Section        0  moteur.o(.bss.mot_wire_mode)
    mot_wire_pending                         0x10000206   Data           1  moteur.o(.bss.mot_wire_pending)
    [Anonymous Symbol]                       0x10000206   Section        0  moteur.o(.bss.mot_wire_pending)
    new_dtmf_flag                            0x10000207   Data           1  dtmf.o(.bss.new_dtmf_flag)
    [Anonymous Symbol]                       0x10000207   Section        0  dtmf.o(.bss.new_dtmf_flag)
    new_wire_trame                           0x10000208   Data           1  robot_state.o(.bss.new_wire_trame)
    [Anonymous Symbol]                       0x10000208   Section        0  robot_state.o(.bss.new_wire_trame)
    pos_read_cs                              0x10000209   Data           1  recep_spi.o(.bss.pos_read_cs)
    [Anonymous Symbol]                       0x10000209   Section        0  recep_spi.o(.bss.pos_read_cs)
    pos_write_cs                             0x1000020a   Data           1  recep_spi.o(.bss.pos_write_cs)
    [Anonymous Symbol]                       0x1000020a   Section        0  recep_spi.o(.bss.pos_write_cs)
    process_dtmf_commands.current_state      0x1000020b   Data           1  dtmf.o(.bss.process_dtmf_commands.current_state)
    [Anonymous Symbol]                       0x1000020b   Section        0  dtmf.o(.bss.process_dtmf_commands.current_state)
    process_dtmf_commands.parsed_robot_id    0x1000020c   Data           1  dtmf.o(.bss.process_dtmf_commands.parsed_robot_id)
    [Anonymous Symbol]                       0x1000020c   Section        0  dtmf.o(.bss.process_dtmf_commands.parsed_robot_id)
    prox_accumulator                         0x10000210   Data           4  adc.o(.bss.prox_accumulator)
    [Anonymous Symbol]                       0x10000210   Section        0  adc.o(.bss.prox_accumulator)
    prox_buf                                 0x10000214   Data         100  proximetre.o(.bss.prox_buf)
    [Anonymous Symbol]                       0x10000214   Section        0  proximetre.o(.bss.prox_buf)
    prox_count                               0x10000278   Data           4  proximetre.o(.bss.prox_count)
    [Anonymous Symbol]                       0x10000278   Section        0  proximetre.o(.bss.prox_count)
    prox_final_value                         0x1000027c   Data           2  adc.o(.bss.prox_final_value)
    [Anonymous Symbol]                       0x1000027c   Section        0  adc.o(.bss.prox_final_value)
    prox_is_ready                            0x10000280   Data           4  adc.o(.bss.prox_is_ready)
    [Anonymous Symbol]                       0x10000280   Section        0  adc.o(.bss.prox_is_ready)
    prox_mode                                0x10000284   Data           1  proximetre.o(.bss.prox_mode)
    [Anonymous Symbol]                       0x10000284   Section        0  proximetre.o(.bss.prox_mode)
    prox_samples_remaining                   0x10000286   Data           2  adc.o(.bss.prox_samples_remaining)
    [Anonymous Symbol]                       0x10000286   Section        0  adc.o(.bss.prox_samples_remaining)
    prox_samples_total                       0x10000288   Data           2  adc.o(.bss.prox_samples_total)
    [Anonymous Symbol]                       0x10000288   Section        0  adc.o(.bss.prox_samples_total)
    proxi_dists                              0x1000028c   Data         100  robot_state.o(.bss.proxi_dists)
    [Anonymous Symbol]                       0x1000028c   Section        0  robot_state.o(.bss.proxi_dists)
    proximetre_run_balayage.current_angle    0x100002f0   Data           4  proximetre.o(.bss.proximetre_run_balayage.current_angle)
    [Anonymous Symbol]                       0x100002f0   Section        0  proximetre.o(.bss.proximetre_run_balayage.current_angle)
    proximetre_run_balayage.initialized      0x100002f4   Data           1  proximetre.o(.bss.proximetre_run_balayage.initialized)
    [Anonymous Symbol]                       0x100002f4   Section        0  proximetre.o(.bss.proximetre_run_balayage.initialized)
    proximetre_run_balayage.ms_accumulated   0x100002f8   Data           4  proximetre.o(.bss.proximetre_run_balayage.ms_accumulated)
    [Anonymous Symbol]                       0x100002f8   Section        0  proximetre.o(.bss.proximetre_run_balayage.ms_accumulated)
    proximetre_run_balayage.step_index       0x100002fc   Data           4  proximetre.o(.bss.proximetre_run_balayage.step_index)
    [Anonymous Symbol]                       0x100002fc   Section        0  proximetre.o(.bss.proximetre_run_balayage.step_index)
    spi_pd                                   0x10000300   Data           1  robot_state.o(.bss.spi_pd)
    [Anonymous Symbol]                       0x10000300   Section        0  robot_state.o(.bss.spi_pd)
    spi_pg                                   0x10000301   Data           1  robot_state.o(.bss.spi_pg)
    [Anonymous Symbol]                       0x10000301   Section        0  robot_state.o(.bss.spi_pg)
    spi_vd                                   0x10000302   Data           1  robot_state.o(.bss.spi_vd)
    [Anonymous Symbol]                       0x10000302   Section        0  robot_state.o(.bss.spi_vd)
    spi_vg                                   0x10000303   Data           1  robot_state.o(.bss.spi_vg)
    [Anonymous Symbol]                       0x10000303   Section        0  robot_state.o(.bss.spi_vg)
    Heap_Mem                                 0x10000318   Data           0  startup_lpc17xx.o(HEAP)
    Stack_Mem                                0x10000318   Data         512  startup_lpc17xx.o(STACK)
    HEAP                                     0x10000318   Section        0  startup_lpc17xx.o(HEAP)
    STACK                                    0x10000318   Section      512  startup_lpc17xx.o(STACK)
    __initial_sp                             0x10000518   Data           0  startup_lpc17xx.o(STACK)

    Global Symbols

    Symbol Name                              Value     Ov Type        Size  Object(Section)

    BuildAttributes$$THM_ISAv4$P$D$K$B$S$PE$A:L22UL41UL21$X:L11$S22US41US21$IEEE1$IW$~IW$USESV6$~STKCKD$USESV7$~SHL$OTIME$ROPI$EBA8$UX$STANDARDLIB$REQ8$PRES8$EABIv2 0x00000000   Number         0  anon$$obj.o ABSOLUTE
    __Vectors                                0x00000000   Data           4  startup_lpc17xx.o(RESET)
    __fp_init_empty                          0x00000000   Number         0  fpinit_empty.o ABSOLUTE
    _printf_flags                            0x00000000   Number         0  printf_stubs.o ABSOLUTE
    _printf_return_value                     0x00000000   Number         0  printf_stubs.o ABSOLUTE
    _printf_sizespec                         0x00000000   Number         0  printf_stubs.o ABSOLUTE
    _printf_widthprec                        0x00000000   Number         0  printf_stubs.o ABSOLUTE
    __ARM_exceptions_init                     - Undefined Weak Reference
    __alloca_initialize                       - Undefined Weak Reference
    __arm_preinit_                            - Undefined Weak Reference
    __cpp_initialize__aeabi_                  - Undefined Weak Reference
    __cxa_finalize                            - Undefined Weak Reference
    __rt_locale                               - Undefined Weak Reference
    __sigvec_lookup                           - Undefined Weak Reference
    _atexit_init                              - Undefined Weak Reference
    _call_atexit_fns                          - Undefined Weak Reference
    _clock_init                               - Undefined Weak Reference
    _fp_trap_init                             - Undefined Weak Reference
    _fp_trap_shutdown                         - Undefined Weak Reference
    _get_lc_collate                           - Undefined Weak Reference
    _get_lc_ctype                             - Undefined Weak Reference
    _get_lc_monetary                          - Undefined Weak Reference
    _get_lc_numeric                           - Undefined Weak Reference
    _get_lc_time                              - Undefined Weak Reference
    _getenv_init                              - Undefined Weak Reference
    _handle_redirection                       - Undefined Weak Reference
    _init_alloc                               - Undefined Weak Reference
    _init_user_alloc                          - Undefined Weak Reference
    _initio                                   - Undefined Weak Reference
    _printf_truncate_signed                   - Undefined Weak Reference
    _printf_truncate_unsigned                 - Undefined Weak Reference
    _rand_init                                - Undefined Weak Reference
    _signal_finish                            - Undefined Weak Reference
    _signal_init                              - Undefined Weak Reference
    _terminate_alloc                          - Undefined Weak Reference
    _terminate_user_alloc                     - Undefined Weak Reference
    _terminateio                              - Undefined Weak Reference
    __main                                   0x000000cd   Thumb Code     8  __main.o(!!!main)
    __scatterload                            0x000000d5   Thumb Code     0  __scatter.o(!!!scatter)
    __scatterload_rt2                        0x000000d5   Thumb Code    44  __scatter.o(!!!scatter)
    __scatterload_rt2_thumb_only             0x000000d5   Thumb Code     0  __scatter.o(!!!scatter)
    __scatterload_null                       0x000000e3   Thumb Code     0  __scatter.o(!!!scatter)
    __scatterload_copy                       0x00000109   Thumb Code    26  __scatter_copy.o(!!handler_copy)
    __scatterload_zeroinit                   0x00000125   Thumb Code    28  __scatter_zi.o(!!handler_zi)
    _printf_d                                0x00000141   Thumb Code     0  _printf_d.o(.ARM.Collect$$_printf_percent$$00000009)
    _printf_percent                          0x00000141   Thumb Code     0  _printf_percent.o(.ARM.Collect$$_printf_percent$$00000000)
    _printf_x                                0x00000147   Thumb Code     0  _printf_x.o(.ARM.Collect$$_printf_percent$$0000000C)
    _printf_percent_end                      0x0000014d   Thumb Code     0  _printf_percent_end.o(.ARM.Collect$$_printf_percent$$00000017)
    __rt_lib_init                            0x00000151   Thumb Code     0  libinit.o(.ARM.Collect$$libinit$$00000000)
    __rt_lib_init_alloca_1                   0x00000153   Thumb Code     0  libinit2.o(.ARM.Collect$$libinit$$0000002E)
    __rt_lib_init_argv_1                     0x00000153   Thumb Code     0  libinit2.o(.ARM.Collect$$libinit$$0000002C)
    __rt_lib_init_atexit_1                   0x00000153   Thumb Code     0  libinit2.o(.ARM.Collect$$libinit$$0000001B)
    __rt_lib_init_clock_1                    0x00000153   Thumb Code     0  libinit2.o(.ARM.Collect$$libinit$$00000021)
    __rt_lib_init_cpp_1                      0x00000153   Thumb Code     0  libinit2.o(.ARM.Collect$$libinit$$00000032)
    __rt_lib_init_exceptions_1               0x00000153   Thumb Code     0  libinit2.o(.ARM.Collect$$libinit$$00000030)
    __rt_lib_init_fp_1                       0x00000153   Thumb Code     0  libinit2.o(.ARM.Collect$$libinit$$00000002)
    __rt_lib_init_fp_trap_1                  0x00000153   Thumb Code     0  libinit2.o(.ARM.Collect$$libinit$$0000001F)
    __rt_lib_init_getenv_1                   0x00000153   Thumb Code     0  libinit2.o(.ARM.Collect$$libinit$$00000023)
    __rt_lib_init_heap_1                     0x00000153   Thumb Code     0  libinit2.o(.ARM.Collect$$libinit$$0000000A)
    __rt_lib_init_lc_collate_1               0x00000153   Thumb Code     0  libinit2.o(.ARM.Collect$$libinit$$00000011)
    __rt_lib_init_lc_ctype_1                 0x00000153   Thumb Code     0  libinit2.o(.ARM.Collect$$libinit$$00000013)
    __rt_lib_init_lc_monetary_1              0x00000153   Thumb Code     0  libinit2.o(.ARM.Collect$$libinit$$00000015)
    __rt_lib_init_lc_numeric_1               0x00000153   Thumb Code     0  libinit2.o(.ARM.Collect$$libinit$$00000017)
    __rt_lib_init_lc_time_1                  0x00000153   Thumb Code     0  libinit2.o(.ARM.Collect$$libinit$$00000019)
    __rt_lib_init_preinit_1                  0x00000153   Thumb Code     0  libinit2.o(.ARM.Collect$$libinit$$00000004)
    __rt_lib_init_rand_1                     0x00000153   Thumb Code     0  libinit2.o(.ARM.Collect$$libinit$$0000000E)
    __rt_lib_init_return                     0x00000153   Thumb Code     0  libinit2.o(.ARM.Collect$$libinit$$00000033)
    __rt_lib_init_signal_1                   0x00000153   Thumb Code     0  libinit2.o(.ARM.Collect$$libinit$$0000001D)
    __rt_lib_init_stdio_1                    0x00000153   Thumb Code     0  libinit2.o(.ARM.Collect$$libinit$$00000025)
    __rt_lib_init_user_alloc_1               0x00000153   Thumb Code     0  libinit2.o(.ARM.Collect$$libinit$$0000000C)
    __rt_lib_shutdown                        0x00000155   Thumb Code     0  libshutdown.o(.ARM.Collect$$libshutdown$$00000000)
    __rt_lib_shutdown_cpp_1                  0x00000157   Thumb Code     0  libshutdown2.o(.ARM.Collect$$libshutdown$$00000002)
    __rt_lib_shutdown_fp_trap_1              0x00000157   Thumb Code     0  libshutdown2.o(.ARM.Collect$$libshutdown$$00000007)
    __rt_lib_shutdown_heap_1                 0x00000157   Thumb Code     0  libshutdown2.o(.ARM.Collect$$libshutdown$$0000000F)
    __rt_lib_shutdown_return                 0x00000157   Thumb Code     0  libshutdown2.o(.ARM.Collect$$libshutdown$$00000010)
    __rt_lib_shutdown_signal_1               0x00000157   Thumb Code     0  libshutdown2.o(.ARM.Collect$$libshutdown$$0000000A)
    __rt_lib_shutdown_stdio_1                0x00000157   Thumb Code     0  libshutdown2.o(.ARM.Collect$$libshutdown$$00000004)
    __rt_lib_shutdown_user_alloc_1           0x00000157   Thumb Code     0  libshutdown2.o(.ARM.Collect$$libshutdown$$0000000C)
    __rt_entry                               0x00000159   Thumb Code     0  __rtentry.o(.ARM.Collect$$rtentry$$00000000)
    __rt_entry_presh_1                       0x00000159   Thumb Code     0  __rtentry2.o(.ARM.Collect$$rtentry$$00000002)
    __rt_entry_sh                            0x00000159   Thumb Code     0  __rtentry4.o(.ARM.Collect$$rtentry$$00000004)
    __rt_entry_li                            0x0000015f   Thumb Code     0  __rtentry2.o(.ARM.Collect$$rtentry$$0000000A)
    __rt_entry_postsh_1                      0x0000015f   Thumb Code     0  __rtentry2.o(.ARM.Collect$$rtentry$$00000009)
    __rt_entry_main                          0x00000163   Thumb Code     0  __rtentry2.o(.ARM.Collect$$rtentry$$0000000D)
    __rt_entry_postli_1                      0x00000163   Thumb Code     0  __rtentry2.o(.ARM.Collect$$rtentry$$0000000C)
    __rt_exit                                0x0000016b   Thumb Code     0  rtexit.o(.ARM.Collect$$rtexit$$00000000)
    __rt_exit_ls                             0x0000016d   Thumb Code     0  rtexit2.o(.ARM.Collect$$rtexit$$00000003)
    __rt_exit_prels_1                        0x0000016d   Thumb Code     0  rtexit2.o(.ARM.Collect$$rtexit$$00000002)
    __rt_exit_exit                           0x00000171   Thumb Code     0  rtexit2.o(.ARM.Collect$$rtexit$$00000004)
    Reset_Handler                            0x00000179   Thumb Code     8  startup_lpc17xx.o(.text)
    NMI_Handler                              0x00000181   Thumb Code     2  startup_lpc17xx.o(.text)
    HardFault_Handler                        0x00000183   Thumb Code     2  startup_lpc17xx.o(.text)
    MemManage_Handler                        0x00000185   Thumb Code     2  startup_lpc17xx.o(.text)
    BusFault_Handler                         0x00000187   Thumb Code     2  startup_lpc17xx.o(.text)
    UsageFault_Handler                       0x00000189   Thumb Code     2  startup_lpc17xx.o(.text)
    SVC_Handler                              0x0000018b   Thumb Code     2  startup_lpc17xx.o(.text)
    DebugMon_Handler                         0x0000018d   Thumb Code     2  startup_lpc17xx.o(.text)
    PendSV_Handler                           0x0000018f   Thumb Code     2  startup_lpc17xx.o(.text)
    BOD_IRQHandler                           0x00000193   Thumb Code     0  startup_lpc17xx.o(.text)
    CANActivity_IRQHandler                   0x00000193   Thumb Code     0  startup_lpc17xx.o(.text)
    CAN_IRQHandler                           0x00000193   Thumb Code     0  startup_lpc17xx.o(.text)
    DMA_IRQHandler                           0x00000193   Thumb Code     0  startup_lpc17xx.o(.text)
    EINT0_IRQHandler                         0x00000193   Thumb Code     0  startup_lpc17xx.o(.text)
    EINT2_IRQHandler                         0x00000193   Thumb Code     0  startup_lpc17xx.o(.text)
    ENET_IRQHandler                          0x00000193   Thumb Code     0  startup_lpc17xx.o(.text)
    I2C0_IRQHandler                          0x00000193   Thumb Code     0  startup_lpc17xx.o(.text)
    I2C1_IRQHandler                          0x00000193   Thumb Code     0  startup_lpc17xx.o(.text)
    I2C2_IRQHandler                          0x00000193   Thumb Code     0  startup_lpc17xx.o(.text)
    I2S_IRQHandler                           0x00000193   Thumb Code     0  startup_lpc17xx.o(.text)
    MCPWM_IRQHandler                         0x00000193   Thumb Code     0  startup_lpc17xx.o(.text)
    PLL0_IRQHandler                          0x00000193   Thumb Code     0  startup_lpc17xx.o(.text)
    PLL1_IRQHandler                          0x00000193   Thumb Code     0  startup_lpc17xx.o(.text)
    PWM1_IRQHandler                          0x00000193   Thumb Code     0  startup_lpc17xx.o(.text)
    QEI_IRQHandler                           0x00000193   Thumb Code     0  startup_lpc17xx.o(.text)
    RIT_IRQHandler                           0x00000193   Thumb Code     0  startup_lpc17xx.o(.text)
    RTC_IRQHandler                           0x00000193   Thumb Code     0  startup_lpc17xx.o(.text)
    SPI_IRQHandler                           0x00000193   Thumb Code     0  startup_lpc17xx.o(.text)
    SSP0_IRQHandler                          0x00000193   Thumb Code     0  startup_lpc17xx.o(.text)
    SSP1_IRQHandler                          0x00000193   Thumb Code     0  startup_lpc17xx.o(.text)
    TIMER1_IRQHandler                        0x00000193   Thumb Code     0  startup_lpc17xx.o(.text)
    TIMER2_IRQHandler                        0x00000193   Thumb Code     0  startup_lpc17xx.o(.text)
    UART0_IRQHandler                         0x00000193   Thumb Code     0  startup_lpc17xx.o(.text)
    UART1_IRQHandler                         0x00000193   Thumb Code     0  startup_lpc17xx.o(.text)
    UART2_IRQHandler                         0x00000193   Thumb Code     0  startup_lpc17xx.o(.text)
    UART3_IRQHandler                         0x00000193   Thumb Code     0  startup_lpc17xx.o(.text)
    USBActivity_IRQHandler                   0x00000193   Thumb Code     0  startup_lpc17xx.o(.text)
    USB_IRQHandler                           0x00000193   Thumb Code     0  startup_lpc17xx.o(.text)
    WDT_IRQHandler                           0x00000193   Thumb Code     0  startup_lpc17xx.o(.text)
    __user_initial_stackheap                 0x00000195   Thumb Code     0  startup_lpc17xx.o(.text)
    __2sprintf                               0x000001b5   Thumb Code    38  __2sprintf.o(.text)
    _printf_pre_padding                      0x000001e1   Thumb Code    44  _printf_pad.o(.text)
    _printf_post_padding                     0x0000020d   Thumb Code    34  _printf_pad.o(.text)
    _printf_int_dec                          0x00000231   Thumb Code   104  _printf_dec.o(.text)
    strlen                                   0x000002a9   Thumb Code    62  strlen.o(.text)
    __use_two_region_memory                  0x000002e7   Thumb Code     2  heapauxi.o(.text)
    __rt_heap_escrow$2region                 0x000002e9   Thumb Code     2  heapauxi.o(.text)
    __rt_heap_expand$2region                 0x000002eb   Thumb Code     2  heapauxi.o(.text)
    _sputc                                   0x000002ed   Thumb Code    10  _sputc.o(.text)
    __I$use$semihosting                      0x000002f7   Thumb Code     0  use_no_semi.o(.text)
    __use_no_semihosting_swi                 0x000002f7   Thumb Code     2  use_no_semi.o(.text)
    __I$use$fp                               0x000002f8   Number         0  usenofp.o(x$fpl$usenofp)
    __semihosting_library_function           0x000002f9   Thumb Code     0  indicate_semi.o(.text)
    _printf_int_hex                          0x00000301   Thumb Code    84  _printf_hex_int.o(.text)
    _printf_longlong_hex                     0x00000301   Thumb Code     0  _printf_hex_int.o(.text)
    __printf                                 0x00000359   Thumb Code   388  __printf_flags_ss_wp.o(.text)
    __aeabi_memcpy                           0x000004e1   Thumb Code     0  rt_memcpy_v6.o(.text)
    __rt_memcpy                              0x000004e1   Thumb Code   138  rt_memcpy_v6.o(.text)
    _memcpy_lastbytes                        0x00000547   Thumb Code     0  rt_memcpy_v6.o(.text)
    __aeabi_memcpy4                          0x0000056b   Thumb Code     0  rt_memcpy_w.o(.text)
    __aeabi_memcpy8                          0x0000056b   Thumb Code     0  rt_memcpy_w.o(.text)
    __rt_memcpy_w                            0x0000056b   Thumb Code   100  rt_memcpy_w.o(.text)
    _memcpy_lastbytes_aligned                0x000005b3   Thumb Code     0  rt_memcpy_w.o(.text)
    _printf_int_common                       0x000005cf   Thumb Code   178  _printf_intcommon.o(.text)
    _printf_char_common                      0x0000068b   Thumb Code    32  _printf_char_common.o(.text)
    __user_setup_stackheap                   0x000006b1   Thumb Code    74  sys_stackheap_outer.o(.text)
    exit                                     0x000006fb   Thumb Code    18  exit.o(.text)
    __user_libspace                          0x0000070d   Thumb Code     8  libspace.o(.text)
    __user_perproc_libspace                  0x0000070d   Thumb Code     0  libspace.o(.text)
    __user_perthread_libspace                0x0000070d   Thumb Code     0  libspace.o(.text)
    _sys_exit                                0x00000715   Thumb Code     8  sys_exit.o(.text)
    ADC_IRQHandler                           0x00000721   Thumb Code   380  adc.o(.text.ADC_IRQHandler)
    EINT1_IRQHandler                         0x0000089d   Thumb Code     8  interruptions.o(.text.EINT1_IRQHandler)
    EINT3_IRQHandler                         0x000008a5   Thumb Code    20  interruptions.o(.text.EINT3_IRQHandler)
    SysTick_Handler                          0x000008dd   Thumb Code    10  interruptions.o(.text.SysTick_Handler)
    SystemInit                               0x000008e9   Thumb Code   204  system_lpc17xx.o(.text.SystemInit)
    TIMER0_IRQHandler                        0x000009b5   Thumb Code     8  interruptions.o(.text.TIMER0_IRQHandler)
    TIMER3_IRQHandler                        0x000009bd   Thumb Code     8  interruptions.o(.text.TIMER3_IRQHandler)
    adc_get_proximetre_value                 0x00000ad9   Thumb Code    24  adc.o(.text.adc_get_proximetre_value)
    adc_init_shared                          0x00000afd   Thumb Code    68  adc.o(.text.adc_init_shared)
    adc_is_proximetre_ready                  0x00000b41   Thumb Code    12  adc.o(.text.adc_is_proximetre_ready)
    adc_pin_config                           0x00000b4d   Thumb Code   116  adc.o(.text.adc_pin_config)
    adc_request_proximetre_avg               0x00000bd9   Thumb Code   118  adc.o(.text.adc_request_proximetre_avg)
    adc_start_inductif_sequence              0x00000c51   Thumb Code    58  adc.o(.text.adc_start_inductif_sequence)
    buttons_interrupt_routine                0x00000c8d   Thumb Code    46  buttons.o(.text.buttons_interrupt_routine)
    capteur_inductif_interrupt_routine       0x00000dd1   Thumb Code   278  capteur_inductif.o(.text.capteur_inductif_interrupt_routine)
    capteur_inductif_receive_wire_command    0x00000ee9   Thumb Code    38  capteur_inductif.o(.text.capteur_inductif_receive_wire_command)
    capteur_inductif_update                  0x00000f11   Thumb Code   196  capteur_inductif.o(.text.capteur_inductif_update)
    changer_pwm_moteurs                      0x00000fd5   Thumb Code     8  moteur.o(.text.changer_pwm_moteurs)
    debug_inductif_send_frame                0x00000fdd   Thumb Code   348  capteur_inductif.o(.text.debug_inductif_send_frame)
    debug_moteurs_send_frame                 0x00001139   Thumb Code    80  moteur.o(.text.debug_moteurs_send_frame)
    debug_proximetre_send_frame              0x00001189   Thumb Code   112  proximetre.o(.text.debug_proximetre_send_frame)
    decode_enveloppe_commande                0x000011f9   Thumb Code   304  decode_enveloppe.o(.text.decode_enveloppe_commande)
    decode_enveloppe_process_command         0x00001329   Thumb Code   152  decode_enveloppe.o(.text.decode_enveloppe_process_command)
    dtmf_interrupt_routine                   0x000014ad   Thumb Code    92  dtmf.o(.text.dtmf_interrupt_routine)
    dtmf_service                             0x00001509   Thumb Code    12  dtmf.o(.text.dtmf_service)
    emission_ir_interrupt_routine            0x00001515   Thumb Code    16  emission_ir.o(.text.emission_ir_interrupt_routine)
    get_capteur_averages                     0x00001525   Thumb Code    48  robot_state.o(.text.get_capteur_averages)
    get_envelope_period_us                   0x00001555   Thumb Code    12  capteur_inductif.o(.text.get_envelope_period_us)
    get_flag_50hz                            0x00001561   Thumb Code    12  robot_state.o(.text.get_flag_50hz)
    get_inductif_values                      0x0000156d   Thumb Code    66  robot_state.o(.text.get_inductif_values)
    get_ir_frame_counter                     0x000015b1   Thumb Code    12  robot_state.o(.text.get_ir_frame_counter)
    get_ir_seq_index                         0x000015bd   Thumb Code    12  robot_state.o(.text.get_ir_seq_index)
    get_ir_seq_length                        0x000015c9   Thumb Code    12  robot_state.o(.text.get_ir_seq_length)
    get_ir_sequence_at                       0x000015d5   Thumb Code    18  robot_state.o(.text.get_ir_sequence_at)
    get_local_proxi_buffer                   0x000015e9   Thumb Code    42  proximetre.o(.text.get_local_proxi_buffer)
    get_motor_pwms                           0x00001615   Thumb Code    34  robot_state.o(.text.get_motor_pwms)
    get_motor_speeds                         0x00001639   Thumb Code    34  robot_state.o(.text.get_motor_speeds)
    get_proxi_count                          0x0000165d   Thumb Code    12  proximetre.o(.text.get_proxi_count)
    get_robot_number                         0x00001669   Thumb Code    12  robot_state.o(.text.get_robot_number)
    get_robot_status                         0x00001675   Thumb Code    12  robot_state.o(.text.get_robot_status)
    get_robot_vitesse                        0x00001681   Thumb Code    12  robot_state.o(.text.get_robot_vitesse)
    get_spi_variables                        0x0000168d   Thumb Code    66  robot_state.o(.text.get_spi_variables)
    get_wire_trame                           0x000016d1   Thumb Code    64  robot_state.o(.text.get_wire_trame)
    init_buttons                             0x0000172d   Thumb Code    72  buttons.o(.text.init_buttons)
    init_capteur_inductif                    0x00001775   Thumb Code    68  capteur_inductif.o(.text.init_capteur_inductif)
    init_dtmf                                0x000017ed   Thumb Code    80  dtmf.o(.text.init_dtmf)
    init_moteur_pwm                          0x00001881   Thumb Code     8  moteur.o(.text.init_moteur_pwm)
    init_moteurs_debug                       0x00001889   Thumb Code    16  moteur.o(.text.init_moteurs_debug)
    init_proximetre                          0x000018d5   Thumb Code    38  proximetre.o(.text.init_proximetre)
    init_pwm_ir                              0x00001929   Thumb Code    46  emission_ir.o(.text.init_pwm_ir)
    init_recep_spi                           0x00001959   Thumb Code    20  recep_spi.o(.text.init_recep_spi)
    init_robot_id_switches                   0x0000196d   Thumb Code    34  robot_state.o(.text.init_robot_id_switches)
    init_status_led                          0x00001a85   Thumb Code    74  status.o(.text.init_status_led)
    init_timer_enveloppe                     0x00001b19   Thumb Code     8  emission_ir.o(.text.init_timer_enveloppe)
    init_uart0                               0x00001b21   Thumb Code   122  uart.o(.text.init_uart0)
    led_register_clr                         0x00001be1   Thumb Code    24  led_register.o(.text.led_register_clr)
    led_register_set                         0x00001bf9   Thumb Code    22  led_register.o(.text.led_register_set)
    main                                     0x00001c11   Thumb Code   192  main.o(.text.main)
    moteurs_interrupt_routine                0x00001cd1   Thumb Code    38  moteur.o(.text.moteurs_interrupt_routine)
    moteurs_receive_wire_command             0x00001cf9   Thumb Code    38  moteur.o(.text.moteurs_receive_wire_command)
    preparer_trame                           0x00001e51   Thumb Code   146  emission_ir.o(.text.preparer_trame)
    proximetre_run_balayage                  0x00001fc5   Thumb Code   380  proximetre.o(.text.proximetre_run_balayage)
    proximetre_timer_interrupt_routine       0x00002141   Thumb Code    84  proximetre.o(.text.proximetre_timer_interrupt_routine)
    pwm_disable_ir_output                    0x000021b9   Thumb Code    18  pwm.o(.text.pwm_disable_ir_output)
    pwm_enable_ir_output                     0x000021cd   Thumb Code    18  pwm.o(.text.pwm_enable_ir_output)
    pwm_init_ir                              0x000021e1   Thumb Code   110  pwm.o(.text.pwm_init_ir)
    pwm_init_moteurs                         0x00002251   Thumb Code   124  pwm.o(.text.pwm_init_moteurs)
    pwm_reset_counter_ir                     0x000022cd   Thumb Code    26  pwm.o(.text.pwm_reset_counter_ir)
    pwm_set_moteurs                          0x000022e9   Thumb Code    72  pwm.o(.text.pwm_set_moteurs)
    recep_spi_interrupt_routine              0x00002331   Thumb Code   250  recep_spi.o(.text.recep_spi_interrupt_routine)
    set_capteur_averages                     0x0000245d   Thumb Code    32  robot_state.o(.text.set_capteur_averages)
    set_flag_50hz                            0x0000247d   Thumb Code    12  robot_state.o(.text.set_flag_50hz)
    set_ir_frame_counter                     0x00002489   Thumb Code    12  robot_state.o(.text.set_ir_frame_counter)
    set_ir_seq_index                         0x00002495   Thumb Code    12  robot_state.o(.text.set_ir_seq_index)
    set_ir_seq_length                        0x000024a1   Thumb Code    12  robot_state.o(.text.set_ir_seq_length)
    set_ir_sequence_at                       0x000024ad   Thumb Code    16  robot_state.o(.text.set_ir_sequence_at)
    set_proxi_distance_at_angle              0x000024bd   Thumb Code    44  robot_state.o(.text.set_proxi_distance_at_angle)
    set_robot_number                         0x000024e9   Thumb Code    16  robot_state.o(.text.set_robot_number)
    set_robot_status                         0x000024f9   Thumb Code    12  robot_state.o(.text.set_robot_status)
    set_robot_vitesse                        0x00002505   Thumb Code    16  robot_state.o(.text.set_robot_vitesse)
    set_spi_cs_val                           0x00002515   Thumb Code   112  recep_spi.o(.text.set_spi_cs_val)
    set_spi_variables                        0x00002585   Thumb Code    44  robot_state.o(.text.set_spi_variables)
    set_status_led                           0x000025b1   Thumb Code    84  status.o(.text.set_status_led)
    set_wire_trame                           0x00002605   Thumb Code    56  robot_state.o(.text.set_wire_trame)
    test_print_buffer                        0x0000263d   Thumb Code   300  decode_enveloppe.o(.text.test_print_buffer)
    timer0_init                              0x00002769   Thumb Code    70  timers.o(.text.timer0_init)
    timer0_start                             0x000027b1   Thumb Code    18  timers.o(.text.timer0_start)
    timer2_get_tc                            0x000027c5   Thumb Code    10  timers.o(.text.timer2_get_tc)
    timer2_init_free_running                 0x000027d1   Thumb Code    46  timers.o(.text.timer2_init_free_running)
    timer3_clear_interrupt                   0x00002801   Thumb Code    12  timers.o(.text.timer3_clear_interrupt)
    timer3_get_match0                        0x0000280d   Thumb Code    12  timers.o(.text.timer3_get_match0)
    timer3_get_tc                            0x00002819   Thumb Code    12  timers.o(.text.timer3_get_tc)
    timer3_init_servo                        0x00002825   Thumb Code    80  timers.o(.text.timer3_init_servo)
    timer3_set_match0                        0x00002875   Thumb Code    12  timers.o(.text.timer3_set_match0)
    timer3_set_match1                        0x00002881   Thumb Code    12  timers.o(.text.timer3_set_match1)
    uart0_send_char                          0x0000288d   Thumb Code    18  uart.o(.text.uart0_send_char)
    uart0_send_string                        0x000028a1   Thumb Code    40  uart.o(.text.uart0_send_string)
    update_robot_id_from_hardware            0x00002969   Thumb Code    56  robot_state.o(.text.update_robot_id_from_hardware)
    _is_digit                                0x00002a69   Thumb Code    14  __printf_wp.o(i._is_digit)
    __aeabi_fadd                             0x00002a79   Thumb Code     0  faddsub_clz.o(x$fpl$fadd)
    _fadd                                    0x00002a79   Thumb Code   196  faddsub_clz.o(x$fpl$fadd)
    __aeabi_fcmpeq                           0x00002b3d   Thumb Code     0  fcmp.o(x$fpl$fcmp)
    _feq                                     0x00002b3d   Thumb Code    14  fcmp.o(x$fpl$fcmp)
    _fneq                                    0x00002b4b   Thumb Code    14  fcmp.o(x$fpl$fcmp)
    __aeabi_fcmpgt                           0x00002b59   Thumb Code     0  fcmp.o(x$fpl$fcmp)
    _fgr                                     0x00002b59   Thumb Code    14  fcmp.o(x$fpl$fcmp)
    __aeabi_fcmpge                           0x00002b67   Thumb Code     0  fcmp.o(x$fpl$fcmp)
    _fgeq                                    0x00002b67   Thumb Code    14  fcmp.o(x$fpl$fcmp)
    __aeabi_fcmple                           0x00002b75   Thumb Code     0  fcmp.o(x$fpl$fcmp)
    _fleq                                    0x00002b75   Thumb Code    14  fcmp.o(x$fpl$fcmp)
    __aeabi_fcmplt                           0x00002b83   Thumb Code     0  fcmp.o(x$fpl$fcmp)
    _fls                                     0x00002b83   Thumb Code    14  fcmp.o(x$fpl$fcmp)
    __fpl_fcmp_Inf                           0x00002b91   Thumb Code    24  fcmpi.o(x$fpl$fcmpinf)
    __aeabi_fdiv                             0x00002ba9   Thumb Code     0  fdiv.o(x$fpl$fdiv)
    _fdiv                                    0x00002ba9   Thumb Code   384  fdiv.o(x$fpl$fdiv)
    __aeabi_cfcmpeq                          0x00002d2d   Thumb Code     0  feqf.o(x$fpl$feqf)
    _fcmpeq                                  0x00002d2d   Thumb Code   104  feqf.o(x$fpl$feqf)
    __aeabi_f2iz                             0x00002d95   Thumb Code     0  ffix.o(x$fpl$ffix)
    _ffix                                    0x00002d95   Thumb Code    54  ffix.o(x$fpl$ffix)
    __aeabi_f2uiz                            0x00002dcd   Thumb Code     0  ffixu.o(x$fpl$ffixu)
    _ffixu                                   0x00002dcd   Thumb Code    62  ffixu.o(x$fpl$ffixu)
    __aeabi_i2f                              0x00002e0d   Thumb Code     0  fflt_clz.o(x$fpl$fflt)
    _fflt                                    0x00002e0d   Thumb Code    48  fflt_clz.o(x$fpl$fflt)
    __aeabi_ui2f                             0x00002e3d   Thumb Code     0  fflt_clz.o(x$fpl$ffltu)
    _ffltu                                   0x00002e3d   Thumb Code    38  fflt_clz.o(x$fpl$ffltu)
    _fcmpge                                  0x00002e65   Thumb Code   104  fgeqf.o(x$fpl$fgeqf)
    __aeabi_cfcmple                          0x00002ecd   Thumb Code     0  fleqf.o(x$fpl$fleqf)
    _fcmple                                  0x00002ecd   Thumb Code   104  fleqf.o(x$fpl$fleqf)
    __fpl_fcmple_InfNaN                      0x00002f1f   Thumb Code     0  fleqf.o(x$fpl$fleqf)
    __aeabi_fmul                             0x00002f35   Thumb Code     0  fmul.o(x$fpl$fmul)
    _fmul                                    0x00002f35   Thumb Code   258  fmul.o(x$fpl$fmul)
    __fpl_fnaninf                            0x00003037   Thumb Code   140  fnaninf.o(x$fpl$fnaninf)
    __fpl_fretinf                            0x000030c3   Thumb Code    10  fretinf.o(x$fpl$fretinf)
    __aeabi_fsub                             0x000030cd   Thumb Code     0  faddsub_clz.o(x$fpl$fsub)
    _fsub                                    0x000030cd   Thumb Code   234  faddsub_clz.o(x$fpl$fsub)
    Region$$Table$$Base                      0x00003280   Number         0  anon$$obj.o(Region$$Table)
    Region$$Table$$Limit                     0x000032a0   Number         0  anon$$obj.o(Region$$Table)
    SystemCoreClock                          0x10000000   Data           4  system_lpc17xx.o(.data.SystemCoreClock)
    __libspace_start                         0x10000048   Data          96  libspace.o(.bss)
    __temporary_stack_top$libspace           0x100000a8   Data           0  libspace.o(.bss)
    volatile_adc_sample_count                0x10000304   Data           2  capteur_inductif.o(.bss.volatile_adc_sample_count)
    volatile_adc_sum1                        0x10000308   Data           4  capteur_inductif.o(.bss.volatile_adc_sum1)
    volatile_adc_sum2                        0x1000030c   Data           4  capteur_inductif.o(.bss.volatile_adc_sum2)
    volatile_adc_sum3                        0x10000310   Data           4  capteur_inductif.o(.bss.volatile_adc_sum3)



==============================================================================

Memory Map of the image

  Image Entry point : 0x00000179

  Load Region LR_1 (Base: 0x00000000, Size: 0x000032e8, Max: 0xffffffff, ABSOLUTE)

    Execution Region ER_RO (Exec base: 0x00000000, Load base: 0x00000000, Size: 0x000032a0, Max: 0xffffffff, ABSOLUTE)

    Exec Addr    Load Addr    Size         Type   Attr      Idx    E Section Name        Object

    0x00000000   0x00000000   0x000000cc   Data   RO          560    RESET               startup_lpc17xx.o
    0x000000cc   0x000000cc   0x00000008   Code   RO          648  * !!!main             c_w.l(__main.o)
    0x000000d4   0x000000d4   0x00000034   Code   RO          871    !!!scatter          c_w.l(__scatter.o)
    0x00000108   0x00000108   0x0000001a   Code   RO          873    !!handler_copy      c_w.l(__scatter_copy.o)
    0x00000122   0x00000122   0x00000002   PAD
    0x00000124   0x00000124   0x0000001c   Code   RO          875    !!handler_zi        c_w.l(__scatter_zi.o)
    0x00000140   0x00000140   0x00000000   Code   RO          639    .ARM.Collect$$_printf_percent$$00000000  c_w.l(_printf_percent.o)
    0x00000140   0x00000140   0x00000006   Code   RO          638    .ARM.Collect$$_printf_percent$$00000009  c_w.l(_printf_d.o)
    0x00000146   0x00000146   0x00000006   Code   RO          637    .ARM.Collect$$_printf_percent$$0000000C  c_w.l(_printf_x.o)
    0x0000014c   0x0000014c   0x00000004   Code   RO          689    .ARM.Collect$$_printf_percent$$00000017  c_w.l(_printf_percent_end.o)
    0x00000150   0x00000150   0x00000002   Code   RO          735    .ARM.Collect$$libinit$$00000000  c_w.l(libinit.o)
    0x00000152   0x00000152   0x00000000   Code   RO          748    .ARM.Collect$$libinit$$00000002  c_w.l(libinit2.o)
    0x00000152   0x00000152   0x00000000   Code   RO          750    .ARM.Collect$$libinit$$00000004  c_w.l(libinit2.o)
    0x00000152   0x00000152   0x00000000   Code   RO          753    .ARM.Collect$$libinit$$0000000A  c_w.l(libinit2.o)
    0x00000152   0x00000152   0x00000000   Code   RO          755    .ARM.Collect$$libinit$$0000000C  c_w.l(libinit2.o)
    0x00000152   0x00000152   0x00000000   Code   RO          757    .ARM.Collect$$libinit$$0000000E  c_w.l(libinit2.o)
    0x00000152   0x00000152   0x00000000   Code   RO          760    .ARM.Collect$$libinit$$00000011  c_w.l(libinit2.o)
    0x00000152   0x00000152   0x00000000   Code   RO          762    .ARM.Collect$$libinit$$00000013  c_w.l(libinit2.o)
    0x00000152   0x00000152   0x00000000   Code   RO          764    .ARM.Collect$$libinit$$00000015  c_w.l(libinit2.o)
    0x00000152   0x00000152   0x00000000   Code   RO          766    .ARM.Collect$$libinit$$00000017  c_w.l(libinit2.o)
    0x00000152   0x00000152   0x00000000   Code   RO          768    .ARM.Collect$$libinit$$00000019  c_w.l(libinit2.o)
    0x00000152   0x00000152   0x00000000   Code   RO          770    .ARM.Collect$$libinit$$0000001B  c_w.l(libinit2.o)
    0x00000152   0x00000152   0x00000000   Code   RO          772    .ARM.Collect$$libinit$$0000001D  c_w.l(libinit2.o)
    0x00000152   0x00000152   0x00000000   Code   RO          774    .ARM.Collect$$libinit$$0000001F  c_w.l(libinit2.o)
    0x00000152   0x00000152   0x00000000   Code   RO          776    .ARM.Collect$$libinit$$00000021  c_w.l(libinit2.o)
    0x00000152   0x00000152   0x00000000   Code   RO          778    .ARM.Collect$$libinit$$00000023  c_w.l(libinit2.o)
    0x00000152   0x00000152   0x00000000   Code   RO          780    .ARM.Collect$$libinit$$00000025  c_w.l(libinit2.o)
    0x00000152   0x00000152   0x00000000   Code   RO          784    .ARM.Collect$$libinit$$0000002C  c_w.l(libinit2.o)
    0x00000152   0x00000152   0x00000000   Code   RO          786    .ARM.Collect$$libinit$$0000002E  c_w.l(libinit2.o)
    0x00000152   0x00000152   0x00000000   Code   RO          788    .ARM.Collect$$libinit$$00000030  c_w.l(libinit2.o)
    0x00000152   0x00000152   0x00000000   Code   RO          790    .ARM.Collect$$libinit$$00000032  c_w.l(libinit2.o)
    0x00000152   0x00000152   0x00000002   Code   RO          791    .ARM.Collect$$libinit$$00000033  c_w.l(libinit2.o)
    0x00000154   0x00000154   0x00000002   Code   RO          826    .ARM.Collect$$libshutdown$$00000000  c_w.l(libshutdown.o)
    0x00000156   0x00000156   0x00000000   Code   RO          854    .ARM.Collect$$libshutdown$$00000002  c_w.l(libshutdown2.o)
    0x00000156   0x00000156   0x00000000   Code   RO          856    .ARM.Collect$$libshutdown$$00000004  c_w.l(libshutdown2.o)
    0x00000156   0x00000156   0x00000000   Code   RO          859    .ARM.Collect$$libshutdown$$00000007  c_w.l(libshutdown2.o)
    0x00000156   0x00000156   0x00000000   Code   RO          862    .ARM.Collect$$libshutdown$$0000000A  c_w.l(libshutdown2.o)
    0x00000156   0x00000156   0x00000000   Code   RO          864    .ARM.Collect$$libshutdown$$0000000C  c_w.l(libshutdown2.o)
    0x00000156   0x00000156   0x00000000   Code   RO          867    .ARM.Collect$$libshutdown$$0000000F  c_w.l(libshutdown2.o)
    0x00000156   0x00000156   0x00000002   Code   RO          868    .ARM.Collect$$libshutdown$$00000010  c_w.l(libshutdown2.o)
    0x00000158   0x00000158   0x00000000   Code   RO          678    .ARM.Collect$$rtentry$$00000000  c_w.l(__rtentry.o)
    0x00000158   0x00000158   0x00000000   Code   RO          702    .ARM.Collect$$rtentry$$00000002  c_w.l(__rtentry2.o)
    0x00000158   0x00000158   0x00000006   Code   RO          714    .ARM.Collect$$rtentry$$00000004  c_w.l(__rtentry4.o)
    0x0000015e   0x0000015e   0x00000000   Code   RO          704    .ARM.Collect$$rtentry$$00000009  c_w.l(__rtentry2.o)
    0x0000015e   0x0000015e   0x00000004   Code   RO          705    .ARM.Collect$$rtentry$$0000000A  c_w.l(__rtentry2.o)
    0x00000162   0x00000162   0x00000000   Code   RO          707    .ARM.Collect$$rtentry$$0000000C  c_w.l(__rtentry2.o)
    0x00000162   0x00000162   0x00000008   Code   RO          708    .ARM.Collect$$rtentry$$0000000D  c_w.l(__rtentry2.o)
    0x0000016a   0x0000016a   0x00000002   Code   RO          739    .ARM.Collect$$rtexit$$00000000  c_w.l(rtexit.o)
    0x0000016c   0x0000016c   0x00000000   Code   RO          797    .ARM.Collect$$rtexit$$00000002  c_w.l(rtexit2.o)
    0x0000016c   0x0000016c   0x00000004   Code   RO          798    .ARM.Collect$$rtexit$$00000003  c_w.l(rtexit2.o)
    0x00000170   0x00000170   0x00000006   Code   RO          799    .ARM.Collect$$rtexit$$00000004  c_w.l(rtexit2.o)
    0x00000176   0x00000176   0x00000002   PAD
    0x00000178   0x00000178   0x0000003c   Code   RO          562  * .text               startup_lpc17xx.o
    0x000001b4   0x000001b4   0x0000002c   Code   RO          586    .text               c_w.l(__2sprintf.o)
    0x000001e0   0x000001e0   0x0000004e   Code   RO          592    .text               c_w.l(_printf_pad.o)
    0x0000022e   0x0000022e   0x00000002   PAD
    0x00000230   0x00000230   0x00000078   Code   RO          594    .text               c_w.l(_printf_dec.o)
    0x000002a8   0x000002a8   0x0000003e   Code   RO          640    .text               c_w.l(strlen.o)
    0x000002e6   0x000002e6   0x00000006   Code   RO          646    .text               c_w.l(heapauxi.o)
    0x000002ec   0x000002ec   0x0000000a   Code   RO          687    .text               c_w.l(_sputc.o)
    0x000002f6   0x000002f6   0x00000002   Code   RO          815    .text               c_w.l(use_no_semi.o)
    0x000002f8   0x000002f8   0x00000000   Code   RO          817    .text               c_w.l(indicate_semi.o)
    0x000002f8   0x000002f8   0x00000000   Code   RO          700    x$fpl$usenofp       fz_ws.l(usenofp.o)
    0x000002f8   0x000002f8   0x00000002   Data   RO          117    .rodata.str1.1      decode_enveloppe.o
    0x000002fa   0x000002fa   0x00000002   PAD
    0x000002fc   0x000002fc   0x00000004   Code   RO          561    .ARM.__at_0x02FC    startup_lpc17xx.o
    0x00000300   0x00000300   0x00000058   Code   RO          599    .text               c_w.l(_printf_hex_int.o)
    0x00000358   0x00000358   0x00000188   Code   RO          634    .text               c_w.l(__printf_flags_ss_wp.o)
    0x000004e0   0x000004e0   0x0000008a   Code   RO          642    .text               c_w.l(rt_memcpy_v6.o)
    0x0000056a   0x0000056a   0x00000064   Code   RO          644    .text               c_w.l(rt_memcpy_w.o)
    0x000005ce   0x000005ce   0x000000b2   Code   RO          683    .text               c_w.l(_printf_intcommon.o)
    0x00000680   0x00000680   0x00000030   Code   RO          685    .text               c_w.l(_printf_char_common.o)
    0x000006b0   0x000006b0   0x0000004a   Code   RO          722    .text               c_w.l(sys_stackheap_outer.o)
    0x000006fa   0x000006fa   0x00000012   Code   RO          724    .text               c_w.l(exit.o)
    0x0000070c   0x0000070c   0x00000008   Code   RO          736    .text               c_w.l(libspace.o)
    0x00000714   0x00000714   0x0000000c   Code   RO          792    .text               c_w.l(sys_exit.o)
    0x00000720   0x00000720   0x0000017c   Code   RO           20    .text.ADC_IRQHandler  adc.o
    0x0000089c   0x0000089c   0x00000008   Code   RO          185    .text.EINT1_IRQHandler  interruptions.o
    0x000008a4   0x000008a4   0x00000014   Code   RO          183    .text.EINT3_IRQHandler  interruptions.o
    0x000008b8   0x000008b8   0x00000024   Code   RO          221    .text.SysTick_Config  main.o
    0x000008dc   0x000008dc   0x0000000a   Code   RO          181    .text.SysTick_Handler  interruptions.o
    0x000008e6   0x000008e6   0x00000002   PAD
    0x000008e8   0x000008e8   0x000000cc   Code   RO          573    .text.SystemInit    system_lpc17xx.o
    0x000009b4   0x000009b4   0x00000008   Code   RO          187    .text.TIMER0_IRQHandler  interruptions.o
    0x000009bc   0x000009bc   0x00000008   Code   RO          189    .text.TIMER3_IRQHandler  interruptions.o
    0x000009c4   0x000009c4   0x00000018   Code   RO           12    .text.__NVIC_DisableIRQ  adc.o
    0x000009dc   0x000009dc   0x00000028   Code   RO           73    .text.__NVIC_DisableIRQ  capteur_inductif.o
    0x00000a04   0x00000a04   0x00000010   Code   RO            6    .text.__NVIC_EnableIRQ  adc.o
    0x00000a14   0x00000a14   0x00000010   Code   RO           38    .text.__NVIC_EnableIRQ  buttons.o
    0x00000a24   0x00000a24   0x00000020   Code   RO           61    .text.__NVIC_EnableIRQ  capteur_inductif.o
    0x00000a44   0x00000a44   0x00000010   Code   RO          134    .text.__NVIC_EnableIRQ  dtmf.o
    0x00000a54   0x00000a54   0x00000010   Code   RO          249    .text.__NVIC_EnableIRQ  moteur.o
    0x00000a64   0x00000a64   0x00000010   Code   RO          290    .text.__NVIC_EnableIRQ  proximetre.o
    0x00000a74   0x00000a74   0x00000010   Code   RO          376    .text.__NVIC_EnableIRQ  recep_spi.o
    0x00000a84   0x00000a84   0x00000020   Code   RO          513    .text.__NVIC_EnableIRQ  timers.o
    0x00000aa4   0x00000aa4   0x00000022   Code   RO            4    .text.__NVIC_SetPriority  adc.o
    0x00000ac6   0x00000ac6   0x00000002   PAD
    0x00000ac8   0x00000ac8   0x0000000e   Code   RO          223    .text.__NVIC_SetPriority  main.o
    0x00000ad6   0x00000ad6   0x00000002   PAD
    0x00000ad8   0x00000ad8   0x00000018   Code   RO           16    .text.adc_get_proximetre_value  adc.o
    0x00000af0   0x00000af0   0x0000000a   Code   RO          278    .text.adc_init      proximetre.o
    0x00000afa   0x00000afa   0x00000002   PAD
    0x00000afc   0x00000afc   0x00000044   Code   RO            2    .text.adc_init_shared  adc.o
    0x00000b40   0x00000b40   0x0000000c   Code   RO           14    .text.adc_is_proximetre_ready  adc.o
    0x00000b4c   0x00000b4c   0x00000074   Code   RO            8    .text.adc_pin_config  adc.o
    0x00000bc0   0x00000bc0   0x00000016   Code   RO          298    .text.adc_read_avg  proximetre.o
    0x00000bd6   0x00000bd6   0x00000002   PAD
    0x00000bd8   0x00000bd8   0x00000076   Code   RO           10    .text.adc_request_proximetre_avg  adc.o
    0x00000c4e   0x00000c4e   0x00000002   PAD
    0x00000c50   0x00000c50   0x0000003a   Code   RO           18    .text.adc_start_inductif_sequence  adc.o
    0x00000c8a   0x00000c8a   0x00000002   PAD
    0x00000c8c   0x00000c8c   0x0000002e   Code   RO           40    .text.buttons_interrupt_routine  buttons.o
    0x00000cba   0x00000cba   0x00000002   PAD
    0x00000cbc   0x00000cbc   0x00000026   Code   RO          280    .text.buzzer_init   proximetre.o
    0x00000ce2   0x00000ce2   0x00000002   PAD
    0x00000ce4   0x00000ce4   0x0000009c   Code   RO          294    .text.buzzer_service  proximetre.o
    0x00000d80   0x00000d80   0x00000050   Code   RO          300    .text.buzzer_set_from_distance  proximetre.o
    0x00000dd0   0x00000dd0   0x00000116   Code   RO           63    .text.capteur_inductif_interrupt_routine  capteur_inductif.o
    0x00000ee6   0x00000ee6   0x00000002   PAD
    0x00000ee8   0x00000ee8   0x00000026   Code   RO           67    .text.capteur_inductif_receive_wire_command  capteur_inductif.o
    0x00000f0e   0x00000f0e   0x00000002   PAD
    0x00000f10   0x00000f10   0x000000c4   Code   RO           71    .text.capteur_inductif_update  capteur_inductif.o
    0x00000fd4   0x00000fd4   0x00000008   Code   RO          241    .text.changer_pwm_moteurs  moteur.o
    0x00000fdc   0x00000fdc   0x0000015c   Code   RO           75    .text.debug_inductif_send_frame  capteur_inductif.o
    0x00001138   0x00001138   0x00000050   Code   RO          255    .text.debug_moteurs_send_frame  moteur.o
    0x00001188   0x00001188   0x00000070   Code   RO          306    .text.debug_proximetre_send_frame  proximetre.o
    0x000011f8   0x000011f8   0x00000130   Code   RO          101    .text.decode_enveloppe_commande  decode_enveloppe.o
    0x00001328   0x00001328   0x00000098   Code   RO          111    .text.decode_enveloppe_process_command  decode_enveloppe.o
    0x000013c0   0x000013c0   0x0000002c   Code   RO          288    .text.delay_ms      proximetre.o
    0x000013ec   0x000013ec   0x000000c0   Code   RO          296    .text.distance_cm   proximetre.o
    0x000014ac   0x000014ac   0x0000005c   Code   RO          142    .text.dtmf_interrupt_routine  dtmf.o
    0x00001508   0x00001508   0x0000000c   Code   RO          136    .text.dtmf_service  dtmf.o
    0x00001514   0x00001514   0x00000010   Code   RO          167    .text.emission_ir_interrupt_routine  emission_ir.o
    0x00001524   0x00001524   0x00000030   Code   RO          421    .text.get_capteur_averages  robot_state.o
    0x00001554   0x00001554   0x0000000c   Code   RO           69    .text.get_envelope_period_us  capteur_inductif.o
    0x00001560   0x00001560   0x0000000c   Code   RO          441    .text.get_flag_50hz  robot_state.o
    0x0000156c   0x0000156c   0x00000042   Code   RO          417    .text.get_inductif_values  robot_state.o
    0x000015ae   0x000015ae   0x00000002   PAD
    0x000015b0   0x000015b0   0x0000000c   Code   RO          457    .text.get_ir_frame_counter  robot_state.o
    0x000015bc   0x000015bc   0x0000000c   Code   RO          449    .text.get_ir_seq_index  robot_state.o
    0x000015c8   0x000015c8   0x0000000c   Code   RO          453    .text.get_ir_seq_length  robot_state.o
    0x000015d4   0x000015d4   0x00000012   Code   RO          445    .text.get_ir_sequence_at  robot_state.o
    0x000015e6   0x000015e6   0x00000002   PAD
    0x000015e8   0x000015e8   0x0000002a   Code   RO          302    .text.get_local_proxi_buffer  proximetre.o
    0x00001612   0x00001612   0x00000002   PAD
    0x00001614   0x00001614   0x00000022   Code   RO          409    .text.get_motor_pwms  robot_state.o
    0x00001636   0x00001636   0x00000002   PAD
    0x00001638   0x00001638   0x00000022   Code   RO          413    .text.get_motor_speeds  robot_state.o
    0x0000165a   0x0000165a   0x00000002   PAD
    0x0000165c   0x0000165c   0x0000000c   Code   RO          304    .text.get_proxi_count  proximetre.o
    0x00001668   0x00001668   0x0000000c   Code   RO          397    .text.get_robot_number  robot_state.o
    0x00001674   0x00001674   0x0000000c   Code   RO          405    .text.get_robot_status  robot_state.o
    0x00001680   0x00001680   0x0000000c   Code   RO          401    .text.get_robot_vitesse  robot_state.o
    0x0000168c   0x0000168c   0x00000042   Code   RO          437    .text.get_spi_variables  robot_state.o
    0x000016ce   0x000016ce   0x00000002   PAD
    0x000016d0   0x000016d0   0x00000040   Code   RO          433    .text.get_wire_trame  robot_state.o
    0x00001710   0x00001710   0x0000001c   Code   RO           53    .text.init_adc      capteur_inductif.o
    0x0000172c   0x0000172c   0x00000048   Code   RO           36    .text.init_buttons  buttons.o
    0x00001774   0x00001774   0x00000044   Code   RO           51    .text.init_capteur_inductif  capteur_inductif.o
    0x000017b8   0x000017b8   0x00000032   Code   RO           55    .text.init_clock    capteur_inductif.o
    0x000017ea   0x000017ea   0x00000002   PAD
    0x000017ec   0x000017ec   0x00000050   Code   RO          132    .text.init_dtmf     dtmf.o
    0x0000183c   0x0000183c   0x00000042   Code   RO           57    .text.init_enveloppe  capteur_inductif.o
    0x0000187e   0x0000187e   0x00000002   PAD
    0x00001880   0x00001880   0x00000008   Code   RO          235    .text.init_moteur_pwm  moteur.o
    0x00001888   0x00001888   0x00000010   Code   RO          243    .text.init_moteurs_debug  moteur.o
    0x00001898   0x00001898   0x0000003a   Code   RO          245    .text.init_moteurs_switches  moteur.o
    0x000018d2   0x000018d2   0x00000002   PAD
    0x000018d4   0x000018d4   0x00000026   Code   RO          274    .text.init_proximetre  proximetre.o
    0x000018fa   0x000018fa   0x00000002   PAD
    0x000018fc   0x000018fc   0x0000002a   Code   RO          282    .text.init_proximetre_switches  proximetre.o
    0x00001926   0x00001926   0x00000002   PAD
    0x00001928   0x00001928   0x0000002e   Code   RO          161    .text.init_pwm_ir   emission_ir.o
    0x00001956   0x00001956   0x00000002   PAD
    0x00001958   0x00001958   0x00000014   Code   RO          360    .text.init_recep_spi  recep_spi.o
    0x0000196c   0x0000196c   0x00000022   Code   RO          391    .text.init_robot_id_switches  robot_state.o
    0x0000198e   0x0000198e   0x00000002   PAD
    0x00001990   0x00001990   0x00000034   Code   RO          276    .text.init_servo_hardware  proximetre.o
    0x000019c4   0x000019c4   0x00000038   Code   RO          362    .text.init_spi_clk  recep_spi.o
    0x000019fc   0x000019fc   0x00000040   Code   RO          368    .text.init_spi_cs   recep_spi.o
    0x00001a3c   0x00001a3c   0x00000022   Code   RO          366    .text.init_spi_miso  recep_spi.o
    0x00001a5e   0x00001a5e   0x00000002   PAD
    0x00001a60   0x00001a60   0x00000022   Code   RO          364    .text.init_spi_sclk  recep_spi.o
    0x00001a82   0x00001a82   0x00000002   PAD
    0x00001a84   0x00001a84   0x0000004a   Code   RO          495    .text.init_status_led  status.o
    0x00001ace   0x00001ace   0x00000002   PAD
    0x00001ad0   0x00001ad0   0x00000046   Code   RO           59    .text.init_switches  capteur_inductif.o
    0x00001b16   0x00001b16   0x00000002   PAD
    0x00001b18   0x00001b18   0x00000008   Code   RO          163    .text.init_timer_enveloppe  emission_ir.o
    0x00001b20   0x00001b20   0x0000007a   Code   RO          543    .text.init_uart0    uart.o
    0x00001b9a   0x00001b9a   0x00000002   PAD
    0x00001b9c   0x00001b9c   0x00000016   Code   RO          107    .text.is_nord_symbol  decode_enveloppe.o
    0x00001bb2   0x00001bb2   0x00000002   PAD
    0x00001bb4   0x00001bb4   0x00000012   Code   RO          105    .text.is_rest_duration_valid  decode_enveloppe.o
    0x00001bc6   0x00001bc6   0x00000002   PAD
    0x00001bc8   0x00001bc8   0x00000016   Code   RO          109    .text.is_sud_symbol  decode_enveloppe.o
    0x00001bde   0x00001bde   0x00000002   PAD
    0x00001be0   0x00001be0   0x00000018   Code   RO          204    .text.led_register_clr  led_register.o
    0x00001bf8   0x00001bf8   0x00000016   Code   RO          202    .text.led_register_set  led_register.o
    0x00001c0e   0x00001c0e   0x00000002   PAD
    0x00001c10   0x00001c10   0x000000c0   Code   RO          219    .text.main          main.o
    0x00001cd0   0x00001cd0   0x00000026   Code   RO          251    .text.moteurs_interrupt_routine  moteur.o
    0x00001cf6   0x00001cf6   0x00000002   PAD
    0x00001cf8   0x00001cf8   0x00000026   Code   RO          253    .text.moteurs_receive_wire_command  moteur.o
    0x00001d1e   0x00001d1e   0x00000002   PAD
    0x00001d20   0x00001d20   0x000000b4   Code   RO          257    .text.moteurs_send_frame  moteur.o
    0x00001dd4   0x00001dd4   0x00000024   Code   RO          247    .text.moteurs_update_mode_from_gpio  moteur.o
    0x00001df8   0x00001df8   0x00000058   Code   RO          103    .text.period_us_to_symbol  decode_enveloppe.o
    0x00001e50   0x00001e50   0x00000092   Code   RO          165    .text.preparer_trame  emission_ir.o
    0x00001ee2   0x00001ee2   0x00000002   PAD
    0x00001ee4   0x00001ee4   0x000000e0   Code   RO          138    .text.process_dtmf_commands  dtmf.o
    0x00001fc4   0x00001fc4   0x0000017c   Code   RO          292    .text.proximetre_run_balayage  proximetre.o
    0x00002140   0x00002140   0x00000054   Code   RO          272    .text.proximetre_timer_interrupt_routine  proximetre.o
    0x00002194   0x00002194   0x00000024   Code   RO          284    .text.proximetre_update_mode_from_gpio  proximetre.o
    0x000021b8   0x000021b8   0x00000012   Code   RO          348    .text.pwm_disable_ir_output  pwm.o
    0x000021ca   0x000021ca   0x00000002   PAD
    0x000021cc   0x000021cc   0x00000012   Code   RO          346    .text.pwm_enable_ir_output  pwm.o
    0x000021de   0x000021de   0x00000002   PAD
    0x000021e0   0x000021e0   0x0000006e   Code   RO          344    .text.pwm_init_ir   pwm.o
    0x0000224e   0x0000224e   0x00000002   PAD
    0x00002250   0x00002250   0x0000007c   Code   RO          336    .text.pwm_init_moteurs  pwm.o
    0x000022cc   0x000022cc   0x0000001a   Code   RO          350    .text.pwm_reset_counter_ir  pwm.o
    0x000022e6   0x000022e6   0x00000002   PAD
    0x000022e8   0x000022e8   0x00000048   Code   RO          342    .text.pwm_set_moteurs  pwm.o
    0x00002330   0x00002330   0x000000fa   Code   RO          372    .text.recep_spi_interrupt_routine  recep_spi.o
    0x0000242a   0x0000242a   0x00000002   PAD
    0x0000242c   0x0000242c   0x0000002e   Code   RO          286    .text.servo_set_angle  proximetre.o
    0x0000245a   0x0000245a   0x00000002   PAD
    0x0000245c   0x0000245c   0x00000020   Code   RO          419    .text.set_capteur_averages  robot_state.o
    0x0000247c   0x0000247c   0x0000000c   Code   RO          439    .text.set_flag_50hz  robot_state.o
    0x00002488   0x00002488   0x0000000c   Code   RO          455    .text.set_ir_frame_counter  robot_state.o
    0x00002494   0x00002494   0x0000000c   Code   RO          447    .text.set_ir_seq_index  robot_state.o
    0x000024a0   0x000024a0   0x0000000c   Code   RO          451    .text.set_ir_seq_length  robot_state.o
    0x000024ac   0x000024ac   0x00000010   Code   RO          443    .text.set_ir_sequence_at  robot_state.o
    0x000024bc   0x000024bc   0x0000002c   Code   RO          427    .text.set_proxi_distance_at_angle  robot_state.o
    0x000024e8   0x000024e8   0x00000010   Code   RO          395    .text.set_robot_number  robot_state.o
    0x000024f8   0x000024f8   0x0000000c   Code   RO          403    .text.set_robot_status  robot_state.o
    0x00002504   0x00002504   0x00000010   Code   RO          399    .text.set_robot_vitesse  robot_state.o
    0x00002514   0x00002514   0x00000070   Code   RO          370    .text.set_spi_cs_val  recep_spi.o
    0x00002584   0x00002584   0x0000002c   Code   RO          435    .text.set_spi_variables  robot_state.o
    0x000025b0   0x000025b0   0x00000054   Code   RO          497    .text.set_status_led  status.o
    0x00002604   0x00002604   0x00000038   Code   RO          431    .text.set_wire_trame  robot_state.o
    0x0000263c   0x0000263c   0x0000012c   Code   RO          115    .text.test_print_buffer  decode_enveloppe.o
    0x00002768   0x00002768   0x00000046   Code   RO          511    .text.timer0_init   timers.o
    0x000027ae   0x000027ae   0x00000002   PAD
    0x000027b0   0x000027b0   0x00000012   Code   RO          515    .text.timer0_start  timers.o
    0x000027c2   0x000027c2   0x00000002   PAD
    0x000027c4   0x000027c4   0x0000000a   Code   RO          521    .text.timer2_get_tc  timers.o
    0x000027ce   0x000027ce   0x00000002   PAD
    0x000027d0   0x000027d0   0x0000002e   Code   RO          519    .text.timer2_init_free_running  timers.o
    0x000027fe   0x000027fe   0x00000002   PAD
    0x00002800   0x00002800   0x0000000c   Code   RO          533    .text.timer3_clear_interrupt  timers.o
    0x0000280c   0x0000280c   0x0000000c   Code   RO          527    .text.timer3_get_match0  timers.o
    0x00002818   0x00002818   0x0000000c   Code   RO          525    .text.timer3_get_tc  timers.o
    0x00002824   0x00002824   0x00000050   Code   RO          523    .text.timer3_init_servo  timers.o
    0x00002874   0x00002874   0x0000000c   Code   RO          529    .text.timer3_set_match0  timers.o
    0x00002880   0x00002880   0x0000000c   Code   RO          531    .text.timer3_set_match1  timers.o
    0x0000288c   0x0000288c   0x00000012   Code   RO          545    .text.uart0_send_char  uart.o
    0x0000289e   0x0000289e   0x00000002   PAD
    0x000028a0   0x000028a0   0x00000028   Code   RO          547    .text.uart0_send_string  uart.o
    0x000028c8   0x000028c8   0x000000a0   Code   RO          169    .text.update_pwm_state  emission_ir.o
    0x00002968   0x00002968   0x00000038   Code   RO          393    .text.update_robot_id_from_hardware  robot_state.o
    0x000029a0   0x000029a0   0x00000050   Code   RO          200    .text.update_shift_register  led_register.o
    0x000029f0   0x000029f0   0x0000004c   Code   RO          140    .text.update_status_leds  dtmf.o
    0x00002a3c   0x00002a3c   0x0000002c   Code   RO           65    .text.update_switch_mode_from_gpio  capteur_inductif.o
    0x00002a68   0x00002a68   0x0000000e   Code   RO          627    i._is_digit         c_w.l(__printf_wp.o)
    0x00002a76   0x00002a76   0x00000002   PAD
    0x00002a78   0x00002a78   0x000000c4   Code   RO          650    x$fpl$fadd          fz_ws.l(faddsub_clz.o)
    0x00002b3c   0x00002b3c   0x00000054   Code   RO          656    x$fpl$fcmp          fz_ws.l(fcmp.o)
    0x00002b90   0x00002b90   0x00000018   Code   RO          720    x$fpl$fcmpinf       fz_ws.l(fcmpi.o)
    0x00002ba8   0x00002ba8   0x00000184   Code   RO          659    x$fpl$fdiv          fz_ws.l(fdiv.o)
    0x00002d2c   0x00002d2c   0x00000068   Code   RO          690    x$fpl$feqf          fz_ws.l(feqf.o)
    0x00002d94   0x00002d94   0x00000036   Code   RO          662    x$fpl$ffix          fz_ws.l(ffix.o)
    0x00002dca   0x00002dca   0x00000002   PAD
    0x00002dcc   0x00002dcc   0x0000003e   Code   RO          666    x$fpl$ffixu         fz_ws.l(ffixu.o)
    0x00002e0a   0x00002e0a   0x00000002   PAD
    0x00002e0c   0x00002e0c   0x00000030   Code   RO          671    x$fpl$fflt          fz_ws.l(fflt_clz.o)
    0x00002e3c   0x00002e3c   0x00000026   Code   RO          670    x$fpl$ffltu         fz_ws.l(fflt_clz.o)
    0x00002e62   0x00002e62   0x00000002   PAD
    0x00002e64   0x00002e64   0x00000068   Code   RO          692    x$fpl$fgeqf         fz_ws.l(fgeqf.o)
    0x00002ecc   0x00002ecc   0x00000068   Code   RO          694    x$fpl$fleqf         fz_ws.l(fleqf.o)
    0x00002f34   0x00002f34   0x00000102   Code   RO          676    x$fpl$fmul          fz_ws.l(fmul.o)
    0x00003036   0x00003036   0x0000008c   Code   RO          696    x$fpl$fnaninf       fz_ws.l(fnaninf.o)
    0x000030c2   0x000030c2   0x0000000a   Code   RO          698    x$fpl$fretinf       fz_ws.l(fretinf.o)
    0x000030cc   0x000030cc   0x000000ea   Code   RO          652    x$fpl$fsub          fz_ws.l(faddsub_clz.o)
    0x000031b6   0x000031b6   0x00000028   Data   RO          600    .constdata          c_w.l(_printf_hex_int.o)
    0x000031de   0x000031de   0x00000011   Data   RO          635    .constdata          c_w.l(__printf_flags_ss_wp.o)
    0x000031ef   0x000031ef   0x00000001   PAD
    0x000031f0   0x000031f0   0x00000038   Data   RO          327    .rodata.LUT_CM      proximetre.o
    0x00003228   0x00003228   0x00000038   Data   RO          326    .rodata.LUT_V       proximetre.o
    0x00003260   0x00003260   0x00000020   Data   RO          317    .rodata.cst32       proximetre.o
    0x00003280   0x00003280   0x00000020   Data   RO          870    Region$$Table       anon$$obj.o


    Execution Region ER_RW (Exec base: 0x10000000, Load base: 0x000032a0, Size: 0x00000048, Max: 0xffffffff, ABSOLUTE)

    Exec Addr    Load Addr    Size         Type   Attr      Idx    E Section Name        Object

    0x10000000   0x000032a0   0x00000004   Data   RW          575    .data.SystemCoreClock  system_lpc17xx.o
    0x10000004   0x000032a4   0x00000004   Data   RW          469    .data.current_angle  robot_state.o
    0x10000008   0x000032a8   0x00000004   Data   RW          467    .data.current_dist_ar  robot_state.o
    0x1000000c   0x000032ac   0x00000004   Data   RW          466    .data.current_dist_av  robot_state.o
    0x10000010   0x000032b0   0x00000004   Data   RW          468    .data.current_dist_mil  robot_state.o
    0x10000014   0x000032b4   0x00000004   Data   RW          463    .data.current_pwm_d  robot_state.o
    0x10000018   0x000032b8   0x00000004   Data   RW          462    .data.current_pwm_g  robot_state.o
    0x1000001c   0x000032bc   0x00000001   Data   RW          461    .data.current_status  robot_state.o
    0x1000001d   0x000032bd   0x00000003   PAD
    0x10000020   0x000032c0   0x00000004   Data   RW          464    .data.current_v_moy  robot_state.o
    0x10000024   0x000032c4   0x00000004   Data   RW          465    .data.current_w_ang  robot_state.o
    0x10000028   0x000032c8   0x00000001   Data   RW          147    .data.dtmf_char     dtmf.o
    0x10000029   0x000032c9   0x00000001   Data   RW           83    .data.ind_hw_mode   capteur_inductif.o
    0x1000002a   0x000032ca   0x00000008   Data   RW          380    .data.last_cs       recep_spi.o
    0x10000032   0x000032d2   0x00000002   Data   RW           85    .data.last_rest_duration_us  capteur_inductif.o
    0x10000034   0x000032d4   0x00000001   Data   RW          263    .data.mot_hw_mode   moteur.o
    0x10000035   0x000032d5   0x00000001   Data   RW          151    .data.process_dtmf_commands.parsed_action  dtmf.o
    0x10000036   0x000032d6   0x00000001   Data   RW          321    .data.prox_dir      proximetre.o
    0x10000037   0x000032d7   0x00000001   PAD
    0x10000038   0x000032d8   0x00000004   Data   RW          314    .data.proximetre_run_balayage.front_dist  proximetre.o
    0x1000003c   0x000032dc   0x00000004   Data   RW          311    .data.proximetre_run_balayage.going_fwd  proximetre.o
    0x10000040   0x000032e0   0x00000001   Data   RW          152    .data.robot_status  dtmf.o
    0x10000041   0x000032e1   0x00000003   PAD
    0x10000044   0x000032e4   0x00000004   Data   RW          310    .data.servo_pulse_us  proximetre.o


    Execution Region ER_ZI (Exec base: 0x10000048, Load base: 0x000032e8, Size: 0x000004d0, Max: 0xffffffff, ABSOLUTE)

    Exec Addr    Load Addr    Size         Type   Attr      Idx    E Section Name        Object

    0x10000048        -       0x00000060   Zero   RW          737    .bss                c_w.l(libspace.o)
    0x100000a8        -       0x00000001   Zero   RW           26    .bss.adc_state      adc.o
    0x100000a9   0x000032e8   0x00000003   PAD
    0x100000ac        -       0x00000004   Zero   RW          153    .bss.blink_counter  dtmf.o
    0x100000b0        -       0x00000004   Zero   RW          382    .bss.buffer_pos     recep_spi.o
    0x100000b4        -       0x00000020   Zero   RW          381    .bss.buffer_val     recep_spi.o
    0x100000d4        -       0x00000001   Zero   RW          324    .bss.buzz_on        proximetre.o
    0x100000d5   0x000032e8   0x00000003   PAD
    0x100000d8        -       0x00000004   Zero   RW          323    .bss.buzz_period_us  proximetre.o
    0x100000dc        -       0x00000004   Zero   RW          325    .bss.buzz_t0        proximetre.o
    0x100000e0        -       0x00000002   Zero   RW          471    .bss.current_avg_ar  robot_state.o
    0x100000e2        -       0x00000002   Zero   RW          470    .bss.current_avg_av  robot_state.o
    0x100000e4        -       0x00000002   Zero   RW          472    .bss.current_avg_hor  robot_state.o
    0x100000e6        -       0x00000002   Zero   RW          210    .bss.current_led_state  led_register.o
    0x100000e8        -       0x00000002   Zero   RW           87    .bss.current_period_us  capteur_inductif.o
    0x100000ea        -       0x00000001   Zero   RW          459    .bss.current_robot_number  robot_state.o
    0x100000eb        -       0x00000001   Zero   RW          460    .bss.current_vitesse  robot_state.o
    0x100000ec        -       0x00000001   Zero   RW          484    .bss.current_wire_trame.0  robot_state.o
    0x100000ed   0x000032e8   0x00000001   PAD
    0x100000ee        -       0x00000001   Zero   RW          485    .bss.current_wire_trame.1  robot_state.o
    0x100000ef   0x000032e8   0x00000001   PAD
    0x100000f0        -       0x00000002   Zero   RW          486    .bss.current_wire_trame.2  robot_state.o
    0x100000f2   0x000032e8   0x00000002   PAD
    0x100000f4        -       0x00000001   Zero   RW          118    .bss.decoder_nord.0  decode_enveloppe.o
    0x100000f5   0x000032e8   0x00000003   PAD
    0x100000f8        -       0x00000001   Zero   RW          119    .bss.decoder_nord.1  decode_enveloppe.o
    0x100000f9   0x000032e8   0x00000003   PAD
    0x100000fc        -       0x00000004   Zero   RW          120    .bss.decoder_nord.2  decode_enveloppe.o
    0x10000100        -       0x00000001   Zero   RW          121    .bss.decoder_sud.0  decode_enveloppe.o
    0x10000101   0x000032e8   0x00000003   PAD
    0x10000104        -       0x00000001   Zero   RW          122    .bss.decoder_sud.1  decode_enveloppe.o
    0x10000105   0x000032e8   0x00000003   PAD
    0x10000108        -       0x00000004   Zero   RW          123    .bss.decoder_sud.2  decode_enveloppe.o
    0x1000010c        -       0x00000001   Zero   RW          146    .bss.dtmf_tone      dtmf.o
    0x1000010d   0x000032e8   0x00000001   PAD
    0x1000010e        -       0x00000080   Zero   RW           90    .bss.env_fifo       capteur_inductif.o
    0x1000018e        -       0x00000001   Zero   RW           88    .bss.fifo_head      capteur_inductif.o
    0x1000018f        -       0x00000001   Zero   RW           89    .bss.fifo_tail      capteur_inductif.o
    0x10000190        -       0x00000001   Zero   RW          479    .bss.flag_50hz      robot_state.o
    0x10000191        -       0x00000001   Zero   RW           91    .bss.ind_wire_mode  capteur_inductif.o
    0x10000192        -       0x00000001   Zero   RW           92    .bss.ind_wire_pending  capteur_inductif.o
    0x10000193        -       0x00000001   Zero   RW          483    .bss.ir_frame_counter  robot_state.o
    0x10000194        -       0x00000001   Zero   RW          481    .bss.ir_seq_index   robot_state.o
    0x10000195        -       0x00000001   Zero   RW          482    .bss.ir_seq_length  robot_state.o
    0x10000196        -       0x00000064   Zero   RW          480    .bss.ir_sequence    robot_state.o
    0x100001fa   0x000032e8   0x00000002   PAD
    0x100001fc        -       0x00000004   Zero   RW           84    .bss.last_fall_time  capteur_inductif.o
    0x10000200        -       0x00000004   Zero   RW           86    .bss.last_rise_time  capteur_inductif.o
    0x10000204        -       0x00000001   Zero   RW          225    .bss.main.spi_cs_index  main.o
    0x10000205        -       0x00000001   Zero   RW          261    .bss.mot_wire_mode  moteur.o
    0x10000206        -       0x00000001   Zero   RW          262    .bss.mot_wire_pending  moteur.o
    0x10000207        -       0x00000001   Zero   RW          148    .bss.new_dtmf_flag  dtmf.o
    0x10000208        -       0x00000001   Zero   RW          474    .bss.new_wire_trame  robot_state.o
    0x10000209        -       0x00000001   Zero   RW          379    .bss.pos_read_cs    recep_spi.o
    0x1000020a        -       0x00000001   Zero   RW          378    .bss.pos_write_cs   recep_spi.o
    0x1000020b        -       0x00000001   Zero   RW          149    .bss.process_dtmf_commands.current_state  dtmf.o
    0x1000020c        -       0x00000001   Zero   RW          150    .bss.process_dtmf_commands.parsed_robot_id  dtmf.o
    0x1000020d   0x000032e8   0x00000003   PAD
    0x10000210        -       0x00000004   Zero   RW           24    .bss.prox_accumulator  adc.o
    0x10000214        -       0x00000064   Zero   RW          319    .bss.prox_buf       proximetre.o
    0x10000278        -       0x00000004   Zero   RW          320    .bss.prox_count     proximetre.o
    0x1000027c        -       0x00000002   Zero   RW           27    .bss.prox_final_value  adc.o
    0x1000027e   0x000032e8   0x00000002   PAD
    0x10000280        -       0x00000004   Zero   RW           25    .bss.prox_is_ready  adc.o
    0x10000284        -       0x00000001   Zero   RW          318    .bss.prox_mode      proximetre.o
    0x10000285   0x000032e8   0x00000001   PAD
    0x10000286        -       0x00000002   Zero   RW           22    .bss.prox_samples_remaining  adc.o
    0x10000288        -       0x00000002   Zero   RW           23    .bss.prox_samples_total  adc.o
    0x1000028a   0x000032e8   0x00000002   PAD
    0x1000028c        -       0x00000064   Zero   RW          473    .bss.proxi_dists    robot_state.o
    0x100002f0        -       0x00000004   Zero   RW          313    .bss.proximetre_run_balayage.current_angle  proximetre.o
    0x100002f4        -       0x00000001   Zero   RW          316    .bss.proximetre_run_balayage.initialized  proximetre.o
    0x100002f5   0x000032e8   0x00000003   PAD
    0x100002f8        -       0x00000004   Zero   RW          315    .bss.proximetre_run_balayage.ms_accumulated  proximetre.o
    0x100002fc        -       0x00000004   Zero   RW          312    .bss.proximetre_run_balayage.step_index  proximetre.o
    0x10000300        -       0x00000001   Zero   RW          478    .bss.spi_pd         robot_state.o
    0x10000301        -       0x00000001   Zero   RW          477    .bss.spi_pg         robot_state.o
    0x10000302        -       0x00000001   Zero   RW          476    .bss.spi_vd         robot_state.o
    0x10000303        -       0x00000001   Zero   RW          475    .bss.spi_vg         robot_state.o
    0x10000304        -       0x00000002   Zero   RW           82    .bss.volatile_adc_sample_count  capteur_inductif.o
    0x10000306   0x000032e8   0x00000002   PAD
    0x10000308        -       0x00000004   Zero   RW           79    .bss.volatile_adc_sum1  capteur_inductif.o
    0x1000030c        -       0x00000004   Zero   RW           80    .bss.volatile_adc_sum2  capteur_inductif.o
    0x10000310        -       0x00000004   Zero   RW           81    .bss.volatile_adc_sum3  capteur_inductif.o
    0x10000314   0x000032e8   0x00000004   PAD
    0x10000318        -       0x00000000   Zero   RW          559    HEAP                startup_lpc17xx.o
    0x10000318        -       0x00000200   Zero   RW          558    STACK               startup_lpc17xx.o


==============================================================================

Image component sizes


      Code (inc. data)   RO Data    RW Data    ZI Data      Debug   Object Name

       850         48          0          0         15       6437   adc.o
       134          0          0          0          0       4688   buttons.o
      1270        104          0          3        156       8769   capteur_inductif.o
       906         60          2          0         12       3619   decode_enveloppe.o
       500         16          0          3          8       5701   dtmf.o
       376          0          0          0          0       4354   emission_ir.o
        54          0          0          0          0        765   interruptions.o
       126          0          0          0          2       2761   led_register.o
       242          0          0          0          1       3447   main.o
       478         64          0          1          2       6745   moteur.o
      1402          8        144         13        127       9071   proximetre.o
       368          0          0          0          0       3741   pwm.o
       586          8          0          8         38       6384   recep_spi.o
       788          0          0         33        221       8828   robot_state.o
        64         26        204          0        512       1068   startup_lpc17xx.o
       158          8          0          0          0       3213   status.o
       204          0          0          4          0       2146   system_lpc17xx.o
       316          0          0          0          0       4870   timers.o
       180          0          0          0          0       3420   uart.o

    ----------------------------------------------------------------------
      9096        342        384         72       1136      90027   Object Totals
         0          0         32          0          0          0   (incl. Generated)
        94          0          2          7         42          0   (incl. Padding)

    ----------------------------------------------------------------------

      Code (inc. data)   RO Data    RW Data    ZI Data      Debug   Library Member Name

        44          6          0          0          0         84   __2sprintf.o
         8          0          0          0          0         68   __main.o
       392          4         17          0          0         92   __printf_flags_ss_wp.o
        14          0          0          0          0         68   __printf_wp.o
         0          0          0          0          0          0   __rtentry.o
        12          0          0          0          0          0   __rtentry2.o
         6          0          0          0          0          0   __rtentry4.o
        52          8          0          0          0          0   __scatter.o
        26          0          0          0          0          0   __scatter_copy.o
        28          0          0          0          0          0   __scatter_zi.o
        48          6          0          0          0         96   _printf_char_common.o
         6          0          0          0          0          0   _printf_d.o
       120         16          0          0          0         92   _printf_dec.o
        88          4         40          0          0         88   _printf_hex_int.o
       178          0          0          0          0         88   _printf_intcommon.o
        78          0          0          0          0        108   _printf_pad.o
         0          0          0          0          0          0   _printf_percent.o
         4          0          0          0          0          0   _printf_percent_end.o
         6          0          0          0          0          0   _printf_x.o
        10          0          0          0          0         68   _sputc.o
        18          0          0          0          0         80   exit.o
         6          0          0          0          0        152   heapauxi.o
         0          0          0          0          0          0   indicate_semi.o
         2          0          0          0          0          0   libinit.o
         2          0          0          0          0          0   libinit2.o
         2          0          0          0          0          0   libshutdown.o
         2          0          0          0          0          0   libshutdown2.o
         8          4          0          0         96         68   libspace.o
       138          0          0          0          0         68   rt_memcpy_v6.o
       100          0          0          0          0         80   rt_memcpy_w.o
         2          0          0          0          0          0   rtexit.o
        10          0          0          0          0          0   rtexit2.o
        62          0          0          0          0         76   strlen.o
        12          4          0          0          0         68   sys_exit.o
        74          0          0          0          0         80   sys_stackheap_outer.o
         2          0          0          0          0         68   use_no_semi.o
       430          8          0          0          0        168   faddsub_clz.o
        84          0          0          0          0        196   fcmp.o
        24          0          0          0          0         68   fcmpi.o
       388         76          0          0          0         96   fdiv.o
       104          4          0          0          0         84   feqf.o
        54          4          0          0          0         84   ffix.o
        62          4          0          0          0         84   ffixu.o
        86          0          0          0          0        136   fflt_clz.o
       104          4          0          0          0         84   fgeqf.o
       104          4          0          0          0         84   fleqf.o
       258          4          0          0          0         84   fmul.o
       140          4          0          0          0         84   fnaninf.o
        10          0          0          0          0         68   fretinf.o
         0          0          0          0          0          0   usenofp.o

    ----------------------------------------------------------------------
      3422        164         58          0         96       2912   Library Totals
        14          0          1          0          0          0   (incl. Padding)

    ----------------------------------------------------------------------

      Code (inc. data)   RO Data    RW Data    ZI Data      Debug   Library Name

      1560         52         57          0         96       1592   c_w.l
      1848        112          0          0          0       1320   fz_ws.l

    ----------------------------------------------------------------------
      3422        164         58          0         96       2912   Library Totals

    ----------------------------------------------------------------------

==============================================================================


      Code (inc. data)   RO Data    RW Data    ZI Data      Debug   

     12518        506        442         72       1232      91155   Grand Totals
     12518        506        442         72       1232      91155   ELF Image Totals
     12518        506        442         72          0          0   ROM Totals

==============================================================================

    Total RO  Size (Code + RO Data)                12960 (  12.66kB)
    Total RW  Size (RW Data + ZI Data)              1304 (   1.27kB)
    Total ROM Size (Code + RO Data + RW Data)      13032 (  12.73kB)

==============================================================================

