Component: Arm Compiler for Embedded 6.24 Tool: armlink [5f371500]

==============================================================================

Section Cross References

    adc.o(.ARM.exidx.text.adc_init_shared) refers to adc.o(.text.adc_init_shared) for [Anonymous Symbol]
    adc.o(.text.adc_pin_config) refers to adc.o(.rodata.cst16) for .Lswitch.table.adc_pin_config.2
    adc.o(.ARM.exidx.text.adc_pin_config) refers to adc.o(.text.adc_pin_config) for [Anonymous Symbol]
    adc.o(.text.adc_request_proximetre_avg) refers to adc.o(.bss.prox_samples_remaining) for prox_samples_remaining
    adc.o(.text.adc_request_proximetre_avg) refers to adc.o(.bss.prox_samples_total) for prox_samples_total
    adc.o(.text.adc_request_proximetre_avg) refers to adc.o(.bss.prox_accumulator) for prox_accumulator
    adc.o(.text.adc_request_proximetre_avg) refers to adc.o(.bss.prox_is_ready) for prox_is_ready
    adc.o(.text.adc_request_proximetre_avg) refers to adc.o(.bss.adc_state) for adc_state
    adc.o(.ARM.exidx.text.adc_request_proximetre_avg) refers to adc.o(.text.adc_request_proximetre_avg) for [Anonymous Symbol]
    adc.o(.text.adc_is_proximetre_ready) refers to adc.o(.bss.prox_is_ready) for prox_is_ready
    adc.o(.ARM.exidx.text.adc_is_proximetre_ready) refers to adc.o(.text.adc_is_proximetre_ready) for [Anonymous Symbol]
    adc.o(.text.adc_get_proximetre_value) refers to adc.o(.bss.prox_is_ready) for prox_is_ready
    adc.o(.text.adc_get_proximetre_value) refers to adc.o(.bss.prox_final_value) for prox_final_value
    adc.o(.ARM.exidx.text.adc_get_proximetre_value) refers to adc.o(.text.adc_get_proximetre_value) for [Anonymous Symbol]
    adc.o(.text.adc_start_inductif_sequence) refers to adc.o(.bss.adc_state) for adc_state
    adc.o(.ARM.exidx.text.adc_start_inductif_sequence) refers to adc.o(.text.adc_start_inductif_sequence) for [Anonymous Symbol]
    adc.o(.text.ADC_IRQHandler) refers to adc.o(.bss.adc_state) for adc_state
    adc.o(.text.ADC_IRQHandler) refers to capteur_inductif.o(.bss.volatile_adc_sum1) for volatile_adc_sum1
    adc.o(.text.ADC_IRQHandler) refers to capteur_inductif.o(.bss.volatile_adc_sum2) for volatile_adc_sum2
    adc.o(.text.ADC_IRQHandler) refers to capteur_inductif.o(.bss.volatile_adc_sum3) for volatile_adc_sum3
    adc.o(.text.ADC_IRQHandler) refers to capteur_inductif.o(.bss.volatile_adc_sample_count) for volatile_adc_sample_count
    adc.o(.text.ADC_IRQHandler) refers to adc.o(.bss.prox_samples_remaining) for prox_samples_remaining
    adc.o(.text.ADC_IRQHandler) refers to adc.o(.bss.prox_accumulator) for prox_accumulator
    adc.o(.text.ADC_IRQHandler) refers to adc.o(.bss.prox_samples_total) for prox_samples_total
    adc.o(.text.ADC_IRQHandler) refers to adc.o(.bss.prox_final_value) for prox_final_value
    adc.o(.text.ADC_IRQHandler) refers to adc.o(.bss.prox_is_ready) for prox_is_ready
    adc.o(.ARM.exidx.text.ADC_IRQHandler) refers to adc.o(.text.ADC_IRQHandler) for [Anonymous Symbol]
    buttons.o(.ARM.exidx.text.init_buttons) refers to buttons.o(.text.init_buttons) for [Anonymous Symbol]
    buttons.o(.text.buttons_interrupt_routine) refers to robot_state.o(.text.set_robot_status) for set_robot_status
    buttons.o(.ARM.exidx.text.buttons_interrupt_routine) refers to buttons.o(.text.buttons_interrupt_routine) for [Anonymous Symbol]
    buttons.o(.ARM.exidx.text.test_buttons_module) refers to buttons.o(.text.test_buttons_module) for [Anonymous Symbol]
    capteur_inductif.o(.text) refers (Special) to _printf_percent.o(.ARM.Collect$$_printf_percent$$00000000) for _printf_percent
    capteur_inductif.o(.text) refers (Special) to _printf_pad.o(.text) for _printf_pre_padding
    capteur_inductif.o(.text) refers (Special) to _printf_x.o(.ARM.Collect$$_printf_percent$$0000000C) for _printf_x
    capteur_inductif.o(.text) refers (Special) to _printf_d.o(.ARM.Collect$$_printf_percent$$00000009) for _printf_d
    capteur_inductif.o(.text) refers (Special) to _printf_dec.o(.text) for _printf_int_dec
    capteur_inductif.o(.text) refers (Special) to _printf_hex_int.o(.text) for _printf_longlong_hex
    capteur_inductif.o(.text.init_capteur_inductif) refers (Special) to _printf_percent.o(.ARM.Collect$$_printf_percent$$00000000) for _printf_percent
    capteur_inductif.o(.text.init_capteur_inductif) refers (Special) to _printf_pad.o(.text) for _printf_pre_padding
    capteur_inductif.o(.text.init_capteur_inductif) refers (Special) to _printf_x.o(.ARM.Collect$$_printf_percent$$0000000C) for _printf_x
    capteur_inductif.o(.text.init_capteur_inductif) refers (Special) to _printf_d.o(.ARM.Collect$$_printf_percent$$00000009) for _printf_d
    capteur_inductif.o(.text.init_capteur_inductif) refers (Special) to _printf_dec.o(.text) for _printf_int_dec
    capteur_inductif.o(.text.init_capteur_inductif) refers (Special) to _printf_hex_int.o(.text) for _printf_longlong_hex
[...]
    main.o(.text.main) refers (Special) to _printf_c.o(.ARM.Collect$$_printf_percent$$00000013) for _printf_c
    main.o(.text.main) refers (Special) to _printf_u.o(.ARM.Collect$$_printf_percent$$0000000A) for _printf_u
    main.o(.text.main) refers (Special) to _printf_dec.o(.text) for _printf_int_dec
    main.o(.text.main) refers (Special) to _printf_str.o(.text) for _printf_str
    main.o(.text.main) refers to system_lpc17xx.o(.text.SystemInit) for SystemInit
    main.o(.text.main) refers to adc.o(.text.adc_init_shared) for adc_init_shared
    main.o(.text.main) refers to uart.o(.text.init_uart0) for init_uart0
    main.o(.text.main) refers to emission_ir.o(.text.init_pwm_ir) for init_pwm_ir
    main.o(.text.main) refers to emission_ir.o(.text.init_timer_enveloppe) for init_timer_enveloppe
    main.o(.text.main) refers to moteur.o(.text.init_moteur_pwm) for init_moteur_pwm
    main.o(.text.main) refers to moteur.o(.text.init_moteurs_debug) for init_moteurs_debug
    main.o(.text.main) refers to proximetre.o(.text.init_proximetre) for init_proximetre
    main.o(.text.main) refers to capteur_inductif.o(.text.init_capteur_inductif) for init_capteur_inductif
    main.o(.text.main) refers to robot_state.o(.text.init_robot_id_switches) for init_robot_id_switches
    main.o(.text.main) refers to buttons.o(.text.init_buttons) for init_buttons
    main.o(.text.main) refers to status.o(.text.init_status_led) for init_status_led
    main.o(.text.main) refers to dtmf.o(.text.init_dtmf) for init_dtmf
    main.o(.text.main) refers to recep_spi.o(.text.init_recep_spi) for init_recep_spi
    main.o(.text.main) refers to system_lpc17xx.o(.data.SystemCoreClock) for SystemCoreClock
    main.o(.text.main) refers to main.o(.bss.main.spi_cs_index) for main.spi_cs_index
    main.o(.text.main) refers to robot_state.o(.text.get_flag_50hz) for get_flag_50hz
    main.o(.text.main) refers to robot_state.o(.text.set_flag_50hz) for set_flag_50hz
    main.o(.text.main) refers to capteur_inductif.o(.text.capteur_inductif_update) for capteur_inductif_update
    main.o(.text.main) refers to robot_state.o(.text.update_robot_id_from_hardware) for update_robot_id_from_hardware
    main.o(.text.main) refers to robot_state.o(.text.get_robot_status) for get_robot_status
    main.o(.text.main) refers to status.o(.text.set_status_led) for set_status_led
    main.o(.text.main) refers to dtmf.o(.text.dtmf_service) for dtmf_service
    main.o(.text.main) refers to recep_spi.o(.text.set_spi) for set_spi
    main.o(.text.main) refers to robot_state.o(.text.get_wire_trame) for get_wire_trame
    main.o(.text.main) refers to decode_enveloppe.o(.text.decode_enveloppe_process_command) for decode_enveloppe_process_command
    main.o(.text.main) refers to proximetre.o(.text.proximetre_run_balayage) for proximetre_run_balayage
    main.o(.text.main) refers to moteur.o(.text.debug_moteurs_send_frame) for debug_moteurs_send_frame
    main.o(.text.main) refers to capteur_inductif.o(.text.debug_inductif_send_frame) for debug_inductif_send_frame
    main.o(.text.main) refers to proximetre.o(.text.debug_proximetre_send_frame) for debug_proximetre_send_frame
    main.o(.text.main) refers to __2sprintf.o(.text) for __2sprintf
    main.o(.text.main) refers to uart.o(.text.uart0_send_string) for uart0_send_string
    main.o(.ARM.exidx.text.main) refers (Special) to _printf_percent.o(.ARM.Collect$$_printf_percent$$00000000) for _printf_percent
    main.o(.ARM.exidx.text.main) refers (Special) to _printf_c.o(.ARM.Collect$$_printf_percent$$00000013) for _printf_c
    main.o(.ARM.exidx.text.main) refers (Special) to _printf_u.o(.ARM.Collect$$_printf_percent$$0000000A) for _printf_u
    main.o(.ARM.exidx.text.main) refers (Special) to _printf_dec.o(.text) for _printf_int_dec
    main.o(.ARM.exidx.text.main) refers (Special) to _printf_str.o(.text) for _printf_str
    main.o(.ARM.exidx.text.main) refers to main.o(.text.main) for [Anonymous Symbol]
    main.o(.bss.main.spi_cs_index) refers (Special) to _printf_percent.o(.ARM.Collect$$_printf_percent$$00000000) for _printf_percent
    main.o(.bss.main.spi_cs_index) refers (Special) to _printf_c.o(.ARM.Collect$$_printf_percent$$00000013) for _printf_c
    main.o(.bss.main.spi_cs_index) refers (Special) to _printf_u.o(.ARM.Collect$$_printf_percent$$0000000A) for _printf_u
    main.o(.bss.main.spi_cs_index) refers (Special) to _printf_dec.o(.text) for _printf_int_dec
    main.o(.bss.main.spi_cs_index) refers (Special) to _printf_str.o(.text) for _printf_str
    main.o(.ARM.use_no_argv) refers (Special) to _printf_percent.o(.ARM.Collect$$_printf_percent$$00000000) for _printf_percent
    main.o(.ARM.use_no_argv) refers (Special) to _printf_c.o(.ARM.Collect$$_printf_percent$$00000013) for _printf_c
    main.o(.ARM.use_no_argv) refers (Special) to _printf_u.o(.ARM.Collect$$_printf_percent$$0000000A) for _printf_u
    main.o(.ARM.use_no_argv) refers (Special) to _printf_dec.o(.text) for _printf_int_dec
    main.o(.ARM.use_no_argv) refers (Special) to _printf_str.o(.text) for _printf_str
    moteur.o(.text) refers (Special) to _printf_percent.o(.ARM.Collect$$_printf_percent$$00000000) for _printf_percent
    moteur.o(.text) refers (Special) to _printf_d.o(.ARM.Collect$$_printf_percent$$00000009) for _printf_d
    moteur.o(.text) refers (Special) to _printf_dec.o(.text) for _printf_int_dec
    moteur.o(.text.init_moteur_pwm) refers (Special) to _printf_percent.o(.ARM.Collect$$_printf_percent$$00000000) for _printf_percent
    moteur.o(.text.init_moteur_pwm) refers (Special) to _printf_d.o(.ARM.Collect$$_printf_percent$$00000009) for _printf_d
    moteur.o(.text.init_moteur_pwm) refers (Special) to _printf_dec.o(.text) for _printf_int_dec
    moteur.o(.text.init_moteur_pwm) refers to pwm.o(.text.pwm_init_moteurs) for pwm_init_moteurs
    moteur.o(.ARM.exidx.text.init_moteur_pwm) refers (Special) to _printf_percent.o(.ARM.Collect$$_printf_percent$$00000000) for _printf_percent
    moteur.o(.ARM.exidx.text.init_moteur_pwm) refers (Special) to _printf_d.o(.ARM.Collect$$_printf_percent$$00000009) for _printf_d
    moteur.o(.ARM.exidx.text.init_moteur_pwm) refers (Special) to _printf_dec.o(.text) for _printf_int_dec
    moteur.o(.ARM.exidx.text.init_moteur_pwm) refers to moteur.o(.text.init_moteur_pwm) for [Anonymous Symbol]
    moteur.o(.text.changer_pwm_gauche) refers (Special) to _printf_percent.o(.ARM.Collect$$_printf_percent$$00000000) for _printf_percent
    moteur.o(.text.changer_pwm_gauche) refers (Special) to _printf_d.o(.ARM.Collect$$_printf_percent$$00000009) for _printf_d
    moteur.o(.text.changer_pwm_gauche) refers (Special) to _printf_dec.o(.text) for _printf_int_dec
    moteur.o(.text.changer_pwm_gauche) refers to pwm.o(.text.pwm_set_moteur_gauche) for pwm_set_moteur_gauche
    moteur.o(.ARM.exidx.text.changer_pwm_gauche) refers (Special) to _printf_percent.o(.ARM.Collect$$_printf_percent$$00000000) for _printf_percent
    moteur.o(.ARM.exidx.text.changer_pwm_gauche) refers (Special) to _printf_d.o(.ARM.Collect$$_printf_percent$$00000009) for _printf_d
    moteur.o(.ARM.exidx.text.changer_pwm_gauche) refers (Special) to _printf_dec.o(.text) for _printf_int_dec
    moteur.o(.ARM.exidx.text.changer_pwm_gauche) refers to moteur.o(.text.changer_pwm_gauche) for [Anonymous Symbol]
    moteur.o(.text.changer_pwm_droite) refers (Special) to _printf_percent.o(.ARM.Collect$$_printf_percent$$00000000) for _printf_percent
    moteur.o(.text.changer_pwm_droite) refers (Special) to _printf_d.o(.ARM.Collect$$_printf_percent$$00000009) for _printf_d
    moteur.o(.text.changer_pwm_droite) refers (Special) to _printf_dec.o(.text) for _printf_int_dec
    moteur.o(.text.changer_pwm_droite) refers to pwm.o(.text.pwm_set_moteur_droit) for pwm_set_moteur_droit
    moteur.o(.ARM.exidx.text.changer_pwm_droite) refers (Special) to _printf_percent.o(.ARM.Collect$$_printf_percent$$00000000) for _printf_percent
    moteur.o(.ARM.exidx.text.changer_pwm_droite) refers (Special) to _printf_d.o(.ARM.Collect$$_printf_percent$$00000009) for _printf_d
    moteur.o(.ARM.exidx.text.changer_pwm_droite) refers (Special) to _printf_dec.o(.text) for _printf_int_dec
    moteur.o(.ARM.exidx.text.changer_pwm_droite) refers to moteur.o(.text.changer_pwm_droite) for [Anonymous Symbol]
    moteur.o(.text.changer_pwm_moteurs) refers (Special) to _printf_percent.o(.ARM.Collect$$_printf_percent$$00000000) for _printf_percent
    moteur.o(.text.changer_pwm_moteurs) refers (Special) to _printf_d.o(.ARM.Collect$$_printf_percent$$00000009) for _printf_d
    moteur.o(.text.changer_pwm_moteurs) refers (Special) to _printf_dec.o(.text) for _printf_int_dec
    moteur.o(.text.changer_pwm_moteurs) refers to pwm.o(.text.pwm_set_moteurs) for pwm_set_moteurs
    moteur.o(.ARM.exidx.text.changer_pwm_moteurs) refers (Special) to _printf_percent.o(.ARM.Collect$$_printf_percent$$00000000) for _printf_percent
    moteur.o(.ARM.exidx.text.changer_pwm_moteurs) refers (Special) to _printf_d.o(.ARM.Collect$$_printf_percent$$00000009) for _printf_d
    moteur.o(.ARM.exidx.text.changer_pwm_moteurs) refers (Special) to _printf_dec.o(.text) for _printf_int_dec
    moteur.o(.ARM.exidx.text.changer_pwm_moteurs) refers to moteur.o(.text.changer_pwm_moteurs) for [Anonymous Symbol]
    moteur.o(.text.init_moteurs_debug) refers (Special) to _printf_percent.o(.ARM.Collect$$_printf_percent$$00000000) for _printf_percent
    moteur.o(.text.init_moteurs_debug) refers (Special) to _printf_d.o(.ARM.Collect$$_printf_percent$$00000009) for _printf_d
    moteur.o(.text.init_moteurs_debug) refers (Special) to _printf_dec.o(.text) for _printf_int_dec
    moteur.o(.text.init_moteurs_debug) refers to moteur.o(.data.mot_hw_mode) for mot_hw_mode
    moteur.o(.ARM.exidx.text.init_moteurs_debug) refers (Special) to _printf_percent.o(.ARM.Collect$$_printf_percent$$00000000) for _printf_percent
    moteur.o(.ARM.exidx.text.init_moteurs_debug) refers (Special) to _printf_d.o(.ARM.Collect$$_printf_percent$$00000009) for _printf_d
    moteur.o(.ARM.exidx.text.init_moteurs_debug) refers (Special) to _printf_dec.o(.text) for _printf_int_dec
    moteur.o(.ARM.exidx.text.init_moteurs_debug) refers to moteur.o(.text.init_moteurs_debug) for [Anonymous Symbol]
    moteur.o(.text.moteurs_interrupt_routine) refers (Special) to _printf_percent.o(.ARM.Collect$$_printf_percent$$00000000) for _printf_percent
    moteur.o(.text.moteurs_interrupt_routine) refers (Special) to _printf_d.o(.ARM.Collect$$_printf_percent$$00000009) for _printf_d
    moteur.o(.text.moteurs_interrupt_routine) refers (Special) to _printf_dec.o(.text) for _printf_int_dec
    moteur.o(.text.moteurs_interrupt_routine) refers to moteur.o(.data.mot_hw_mode) for mot_hw_mode
    moteur.o(.ARM.exidx.text.moteurs_interrupt_routine) refers (Special) to _printf_percent.o(.ARM.Collect$$_printf_percent$$00000000) for _printf_percent
    moteur.o(.ARM.exidx.text.moteurs_interrupt_routine) refers (Special) to _printf_d.o(.ARM.Collect$$_printf_percent$$00000009) for _printf_d
    moteur.o(.ARM.exidx.text.moteurs_interrupt_routine) refers (Special) to _printf_dec.o(.text) for _printf_int_dec
    moteur.o(.ARM.exidx.text.moteurs_interrupt_routine) refers to moteur.o(.text.moteurs_interrupt_routine) for [Anonymous Symbol]
    moteur.o(.text.moteurs_receive_wire_command) refers (Special) to _printf_percent.o(.ARM.Collect$$_printf_percent$$00000000) for _printf_percent
    moteur.o(.text.moteurs_receive_wire_command) refers (Special) to _printf_d.o(.ARM.Collect$$_printf_percent$$00000009) for _printf_d
    moteur.o(.text.moteurs_receive_wire_command) refers (Special) to _printf_dec.o(.text) for _printf_int_dec
    moteur.o(.text.moteurs_receive_wire_command) refers to moteur.o(.bss.mot_wire_mode) for mot_wire_mode
    moteur.o(.text.moteurs_receive_wire_command) refers to moteur.o(.bss.mot_wire_pending) for mot_wire_pending
    moteur.o(.ARM.exidx.text.moteurs_receive_wire_command) refers (Special) to _printf_percent.o(.ARM.Collect$$_printf_percent$$00000000) for _printf_percent
    moteur.o(.ARM.exidx.text.moteurs_receive_wire_command) refers (Special) to _printf_d.o(.ARM.Collect$$_printf_percent$$00000009) for _printf_d
    moteur.o(.ARM.exidx.text.moteurs_receive_wire_command) refers (Special) to _printf_dec.o(.text) for _printf_int_dec
    moteur.o(.ARM.exidx.text.moteurs_receive_wire_command) refers to moteur.o(.text.moteurs_receive_wire_command) for [Anonymous Symbol]
    moteur.o(.text.debug_moteurs_send_frame) refers (Special) to _printf_percent.o(.ARM.Collect$$_printf_percent$$00000000) for _printf_percent
    moteur.o(.text.debug_moteurs_send_frame) refers (Special) to _printf_d.o(.ARM.Collect$$_printf_percent$$00000009) for _printf_d
    moteur.o(.text.debug_moteurs_send_frame) refers (Special) to _printf_dec.o(.text) for _printf_int_dec
    moteur.o(.text.debug_moteurs_send_frame) refers to moteur.o(.data.mot_hw_mode) for mot_hw_mode
    moteur.o(.text.debug_moteurs_send_frame) refers to moteur.o(.bss.mot_wire_pending) for mot_wire_pending
    moteur.o(.text.debug_moteurs_send_frame) refers to moteur.o(.bss.mot_wire_mode) for mot_wire_mode
    moteur.o(.text.debug_moteurs_send_frame) refers to moteur.o(.text.moteurs_send_frame) for moteurs_send_frame
    moteur.o(.ARM.exidx.text.debug_moteurs_send_frame) refers (Special) to _printf_percent.o(.ARM.Collect$$_printf_percent$$00000000) for _printf_percent
    moteur.o(.ARM.exidx.text.debug_moteurs_send_frame) refers (Special) to _printf_d.o(.ARM.Collect$$_printf_percent$$00000009) for _printf_d
    moteur.o(.ARM.exidx.text.debug_moteurs_send_frame) refers (Special) to _printf_dec.o(.text) for _printf_int_dec
    moteur.o(.ARM.exidx.text.debug_moteurs_send_frame) refers to moteur.o(.text.debug_moteurs_send_frame) for [Anonymous Symbol]
    moteur.o(.text.moteurs_send_frame) refers (Special) to _printf_percent.o(.ARM.Collect$$_printf_percent$$00000000) for _printf_percent
    moteur.o(.text.moteurs_send_frame) refers (Special) to _printf_d.o(.ARM.Collect$$_printf_percent$$00000009) for _printf_d
    moteur.o(.text.moteurs_send_frame) refers (Special) to _printf_dec.o(.text) for _printf_int_dec
    moteur.o(.text.moteurs_send_frame) refers to strlen.o(.text) for strlen
    moteur.o(.text.moteurs_send_frame) refers to rt_memcpy_v6.o(.text) for __aeabi_memcpy
    moteur.o(.text.moteurs_send_frame) refers to robot_state.o(.text.get_motor_pwms) for get_motor_pwms
    moteur.o(.text.moteurs_send_frame) refers to robot_state.o(.text.get_motor_speeds) for get_motor_speeds
    moteur.o(.text.moteurs_send_frame) refers to __2sprintf.o(.text) for __2sprintf
    moteur.o(.text.moteurs_send_frame) refers to uart.o(.text.uart0_send_string) for uart0_send_string
    moteur.o(.ARM.exidx.text.moteurs_send_frame) refers (Special) to _printf_percent.o(.ARM.Collect$$_printf_percent$$00000000) for _printf_percent
    moteur.o(.ARM.exidx.text.moteurs_send_frame) refers (Special) to _printf_d.o(.ARM.Collect$$_printf_percent$$00000009) for _printf_d
    moteur.o(.ARM.exidx.text.moteurs_send_frame) refers (Special) to _printf_dec.o(.text) for _printf_int_dec
    moteur.o(.ARM.exidx.text.moteurs_send_frame) refers to moteur.o(.text.moteurs_send_frame) for [Anonymous Symbol]
    moteur.o(.text.test_moteurs_module) refers (Special) to _printf_percent.o(.ARM.Collect$$_printf_percent$$00000000) for _printf_percent
    moteur.o(.text.test_moteurs_module) refers (Special) to _printf_d.o(.ARM.Collect$$_printf_percent$$00000009) for _printf_d
    moteur.o(.text.test_moteurs_module) refers (Special) to _printf_dec.o(.text) for _printf_int_dec
    moteur.o(.text.test_moteurs_module) refers to pwm.o(.text.pwm_set_moteurs) for pwm_set_moteurs
    moteur.o(.ARM.exidx.text.test_moteurs_module) refers (Special) to _printf_percent.o(.ARM.Collect$$_printf_percent$$00000000) for _printf_percent
    moteur.o(.ARM.exidx.text.test_moteurs_module) refers (Special) to _printf_d.o(.ARM.Collect$$_printf_percent$$00000009) for _printf_d
    moteur.o(.ARM.exidx.text.test_moteurs_module) refers (Special) to _printf_dec.o(.text) for _printf_int_dec
    moteur.o(.ARM.exidx.text.test_moteurs_module) refers to moteur.o(.text.test_moteurs_module) for [Anonymous Symbol]
    moteur.o(.bss.mot_wire_mode) refers (Special) to _printf_percent.o(.ARM.Collect$$_printf_percent$$00000000) for _printf_percent
    moteur.o(.bss.mot_wire_mode) refers (Special) to _printf_d.o(.ARM.Collect$$_printf_percent$$00000009) for _printf_d
    moteur.o(.bss.mot_wire_mode) refers (Special) to _printf_dec.o(.text) for _printf_int_dec
    moteur.o(.bss.mot_wire_pending) refers (Special) to _printf_percent.o(.ARM.Collect$$_printf_percent$$00000000) for _printf_percent
    moteur.o(.bss.mot_wire_pending) refers (Special) to _printf_d.o(.ARM.Collect$$_printf_percent$$00000009) for _printf_d
    moteur.o(.bss.mot_wire_pending) refers (Special) to _printf_dec.o(.text) for _printf_int_dec
    moteur.o(.data.mot_hw_mode) refers (Special) to _printf_percent.o(.ARM.Collect$$_printf_percent$$00000000) for _printf_percent
    moteur.o(.data.mot_hw_mode) refers (Special) to _printf_d.o(.ARM.Collect$$_printf_percent$$00000009) for _printf_d
    moteur.o(.data.mot_hw_mode) refers (Special) to _printf_dec.o(.text) for _printf_int_dec
    proximetre.o(.text) refers (Special) to _printf_percent.o(.ARM.Collect$$_printf_percent$$00000000) for _printf_percent
    proximetre.o(.text) refers (Special) to _printf_pad.o(.text) for _printf_pre_padding
    proximetre.o(.text) refers (Special) to _printf_d.o(.ARM.Collect$$_printf_percent$$00000009) for _printf_d
    proximetre.o(.text) refers (Special) to _printf_dec.o(.text) for _printf_int_dec
    proximetre.o(.text.proximetre_timer_interrupt_routine) refers (Special) to _printf_percent.o(.ARM.Collect$$_printf_percent$$00000000) for _printf_percent
    proximetre.o(.text.proximetre_timer_interrupt_routine) refers (Special) to _printf_pad.o(.text) for _printf_pre_padding
    proximetre.o(.text.proximetre_timer_interrupt_routine) refers (Special) to _printf_d.o(.ARM.Collect$$_printf_percent$$00000009) for _printf_d
    proximetre.o(.text.proximetre_timer_interrupt_routine) refers (Special) to _printf_dec.o(.text) for _printf_int_dec
    proximetre.o(.text.proximetre_timer_interrupt_routine) refers to timers.o(.text.timer3_get_match0) for timer3_get_match0
    proximetre.o(.text.proximetre_timer_interrupt_routine) refers to proximetre.o(.data.servo_pulse_us) for servo_pulse_us
    proximetre.o(.text.proximetre_timer_interrupt_routine) refers to timers.o(.text.timer3_set_match1) for timer3_set_match1
    proximetre.o(.text.proximetre_timer_interrupt_routine) refers to timers.o(.text.timer3_set_match0) for timer3_set_match0
    proximetre.o(.text.proximetre_timer_interrupt_routine) refers to timers.o(.text.timer3_clear_interrupt) for timer3_clear_interrupt
    proximetre.o(.ARM.exidx.text.proximetre_timer_interrupt_routine) refers (Special) to _printf_percent.o(.ARM.Collect$$_printf_percent$$00000000) for _printf_percent
    proximetre.o(.ARM.exidx.text.proximetre_timer_interrupt_routine) refers (Special) to _printf_pad.o(.text) for _printf_pre_padding
    proximetre.o(.ARM.exidx.text.proximetre_timer_interrupt_routine) refers (Special) to _printf_d.o(.ARM.Collect$$_printf_percent$$00000009) for _printf_d
    proximetre.o(.ARM.exidx.text.proximetre_timer_interrupt_routine) refers (Special) to _printf_dec.o(.text) for _printf_int_dec
    proximetre.o(.ARM.exidx.text.proximetre_timer_interrupt_routine) refers to proximetre.o(.text.proximetre_timer_interrupt_routine) for [Anonymous Symbol]
    proximetre.o(.text.init_proximetre) refers (Special) to _printf_percent.o(.ARM.Collect$$_printf_percent$$00000000) for _printf_percent
    proximetre.o(.text.init_proximetre) refers (Special) to _printf_pad.o(.text) for _printf_pre_padding
    proximetre.o(.text.init_proximetre) refers (Special) to _printf_d.o(.ARM.Collect$$_printf_percent$$00000009) for _printf_d
    proximetre.o(.text.init_proximetre) refers (Special) to _printf_dec.o(.text) for _printf_int_dec
    proximetre.o(.text.init_proximetre) refers to timers.o(.text.timer3_init_servo) for timer3_init_servo
    proximetre.o(.text.init_proximetre) refers to adc.o(.text.adc_pin_config) for adc_pin_config
    proximetre.o(.text.init_proximetre) refers to proximetre.o(.bss.prox_mode) for prox_mode
    proximetre.o(.text.init_proximetre) refers to proximetre.o(.data.servo_pulse_us) for servo_pulse_us
    proximetre.o(.text.init_proximetre) refers to timers.o(.text.timer3_get_tc) for timer3_get_tc
    proximetre.o(.text.init_proximetre) refers to proximetre.o(.bss.buzz_period_us) for buzz_period_us
    proximetre.o(.text.init_proximetre) refers to proximetre.o(.bss.buzz_on) for buzz_on
    proximetre.o(.text.init_proximetre) refers to proximetre.o(.bss.buzz_t0) for buzz_t0
    proximetre.o(.ARM.exidx.text.init_proximetre) refers (Special) to _printf_percent.o(.ARM.Collect$$_printf_percent$$00000000) for _printf_percent
    proximetre.o(.ARM.exidx.text.init_proximetre) refers (Special) to _printf_pad.o(.text) for _printf_pre_padding
    proximetre.o(.ARM.exidx.text.init_proximetre) refers (Special) to _printf_d.o(.ARM.Collect$$_printf_percent$$00000009) for _printf_d
    proximetre.o(.ARM.exidx.text.init_proximetre) refers (Special) to _printf_dec.o(.text) for _printf_int_dec
    proximetre.o(.ARM.exidx.text.init_proximetre) refers to proximetre.o(.text.init_proximetre) for [Anonymous Symbol]
    proximetre.o(.text.proximetre_run_balayage) refers (Special) to _printf_percent.o(.ARM.Collect$$_printf_percent$$00000000) for _printf_percent
    proximetre.o(.text.proximetre_run_balayage) refers (Special) to _printf_pad.o(.text) for _printf_pre_padding
    proximetre.o(.text.proximetre_run_balayage) refers (Special) to _printf_d.o(.ARM.Collect$$_printf_percent$$00000009) for _printf_d
    proximetre.o(.text.proximetre_run_balayage) refers (Special) to _printf_dec.o(.text) for _printf_int_dec
    proximetre.o(.text.proximetre_run_balayage) refers to proximetre.o(.bss.buzz_period_us) for buzz_period_us
    proximetre.o(.text.proximetre_run_balayage) refers to proximetre.o(.bss.buzz_on) for buzz_on
    proximetre.o(.text.proximetre_run_balayage) refers to timers.o(.text.timer3_get_tc) for timer3_get_tc
    proximetre.o(.text.proximetre_run_balayage) refers to proximetre.o(.bss.buzz_t0) for buzz_t0
    proximetre.o(.text.proximetre_run_balayage) refers to proximetre.o(.bss.prox_mode) for prox_mode
    proximetre.o(.text.proximetre_run_balayage) refers to proximetre.o(.rodata.cst32) for MODES
    proximetre.o(.text.proximetre_run_balayage) refers to proximetre.o(.bss.proximetre_run_balayage.initialized) for proximetre_run_balayage.initialized
    proximetre.o(.text.proximetre_run_balayage) refers to proximetre.o(.bss.proximetre_run_balayage.ms_accumulated) for proximetre_run_balayage.ms_accumulated
    proximetre.o(.text.proximetre_run_balayage) refers to adc.o(.text.adc_request_proximetre_avg) for adc_request_proximetre_avg
    proximetre.o(.text.proximetre_run_balayage) refers to adc.o(.text.adc_is_proximetre_ready) for adc_is_proximetre_ready
    proximetre.o(.text.proximetre_run_balayage) refers to adc.o(.text.adc_get_proximetre_value) for adc_get_proximetre_value
    proximetre.o(.text.proximetre_run_balayage) refers to fflt_clz.o(x$fpl$ffltu) for __aeabi_ui2f
    proximetre.o(.text.proximetre_run_balayage) refers to fdiv.o(x$fpl$fdiv) for __aeabi_fdiv
    proximetre.o(.text.proximetre_run_balayage) refers to fmul.o(x$fpl$fmul) for __aeabi_fmul
    proximetre.o(.text.proximetre_run_balayage) refers to fcmp.o(x$fpl$fcmp) for __aeabi_fcmpge
    proximetre.o(.text.proximetre_run_balayage) refers to proximetre.o(.rodata.LUT_V) for LUT_V
    proximetre.o(.text.proximetre_run_balayage) refers to proximetre.o(.data.proximetre_run_balayage.going_fwd) for proximetre_run_balayage.going_fwd
    proximetre.o(.text.proximetre_run_balayage) refers to proximetre.o(.bss.proximetre_run_balayage.current_angle) for proximetre_run_balayage.current_angle
    proximetre.o(.text.proximetre_run_balayage) refers to proximetre.o(.data.servo_pulse_us) for servo_pulse_us
    proximetre.o(.text.proximetre_run_balayage) refers to faddsub_clz.o(x$fpl$fsub) for __aeabi_fsub
    proximetre.o(.text.proximetre_run_balayage) refers to proximetre.o(.rodata.LUT_CM) for LUT_CM
    proximetre.o(.text.proximetre_run_balayage) refers to fflt_clz.o(x$fpl$fflt) for __aeabi_i2f
    proximetre.o(.text.proximetre_run_balayage) refers to faddsub_clz.o(x$fpl$fadd) for __aeabi_fadd
    proximetre.o(.text.proximetre_run_balayage) refers to ffix.o(x$fpl$ffix) for __aeabi_f2iz
    proximetre.o(.text.proximetre_run_balayage) refers to proximetre.o(.bss.proximetre_run_balayage.step_index) for proximetre_run_balayage.step_index
    proximetre.o(.text.proximetre_run_balayage) refers to proximetre.o(.bss.prox_buf) for prox_buf
    proximetre.o(.text.proximetre_run_balayage) refers to robot_state.o(.text.set_proxi_distance_at_angle) for set_proxi_distance_at_angle
    proximetre.o(.text.proximetre_run_balayage) refers to proximetre.o(.data.proximetre_run_balayage.front_dist) for proximetre_run_balayage.front_dist
    proximetre.o(.text.proximetre_run_balayage) refers to proximetre.o(.bss.prox_count) for prox_count
    proximetre.o(.text.proximetre_run_balayage) refers to proximetre.o(.data.prox_dir) for prox_dir
    proximetre.o(.text.proximetre_run_balayage) refers to ffixu.o(x$fpl$ffixu) for __aeabi_f2uiz
    proximetre.o(.ARM.exidx.text.proximetre_run_balayage) refers (Special) to _printf_percent.o(.ARM.Collect$$_printf_percent$$00000000) for _printf_percent
    proximetre.o(.ARM.exidx.text.proximetre_run_balayage) refers (Special) to _printf_pad.o(.text) for _printf_pre_padding
    proximetre.o(.ARM.exidx.text.proximetre_run_balayage) refers (Special) to _printf_d.o(.ARM.Collect$$_printf_percent$$00000009) for _printf_d
    proximetre.o(.ARM.exidx.text.proximetre_run_balayage) refers (Special) to _printf_dec.o(.text) for _printf_int_dec
    proximetre.o(.ARM.exidx.text.proximetre_run_balayage) refers to proximetre.o(.text.proximetre_run_balayage) for [Anonymous Symbol]
    proximetre.o(.text.get_local_proxi_buffer) refers (Special) to _printf_percent.o(.ARM.Collect$$_printf_percent$$00000000) for _printf_percent
    proximetre.o(.text.get_local_proxi_buffer) refers (Special) to _printf_pad.o(.text) for _printf_pre_padding
    proximetre.o(.text.get_local_proxi_buffer) refers (Special) to _printf_d.o(.ARM.Collect$$_printf_percent$$00000009) for _printf_d
    proximetre.o(.text.get_local_proxi_buffer) refers (Special) to _printf_dec.o(.text) for _printf_int_dec
    proximetre.o(.text.get_local_proxi_buffer) refers to proximetre.o(.bss.prox_count) for prox_count
    proximetre.o(.text.get_local_proxi_buffer) refers to proximetre.o(.bss.prox_buf) for prox_buf
    proximetre.o(.text.get_local_proxi_buffer) refers to rt_memcpy_w.o(.text) for __aeabi_memcpy4
    proximetre.o(.ARM.exidx.text.get_local_proxi_buffer) refers (Special) to _printf_percent.o(.ARM.Collect$$_printf_percent$$00000000) for _printf_percent
    proximetre.o(.ARM.exidx.text.get_local_proxi_buffer) refers (Special) to _printf_pad.o(.text) for _printf_pre_padding
    proximetre.o(.ARM.exidx.text.get_local_proxi_buffer) refers (Special) to _printf_d.o(.ARM.Collect$$_printf_percent$$00000009) for _printf_d
    proximetre.o(.ARM.exidx.text.get_local_proxi_buffer) refers (Special) to _printf_dec.o(.text) for _printf_int_dec
    proximetre.o(.ARM.exidx.text.get_local_proxi_buffer) refers to proximetre.o(.text.get_local_proxi_buffer) for [Anonymous Symbol]
    proximetre.o(.text.get_proxi_count) refers (Special) to _printf_percent.o(.ARM.Collect$$_printf_percent$$00000000) for _printf_percent
    proximetre.o(.text.get_proxi_count) refers (Special) to _printf_pad.o(.text) for _printf_pre_padding
    proximetre.o(.text.get_proxi_count) refers (Special) to _printf_d.o(.ARM.Collect$$_printf_percent$$00000009) for _printf_d
    proximetre.o(.text.get_proxi_count) refers (Special) to _printf_dec.o(.text) for _printf_int_dec
    proximetre.o(.text.get_proxi_count) refers to proximetre.o(.bss.prox_count) for prox_count
    proximetre.o(.ARM.exidx.text.get_proxi_count) refers (Special) to _printf_percent.o(.ARM.Collect$$_printf_percent$$00000000) for _printf_percent
    proximetre.o(.ARM.exidx.text.get_proxi_count) refers (Special) to _printf_pad.o(.text) for _printf_pre_padding
    proximetre.o(.ARM.exidx.text.get_proxi_count) refers (Special) to _printf_d.o(.ARM.Collect$$_printf_percent$$00000009) for _printf_d
    proximetre.o(.ARM.exidx.text.get_proxi_count) refers (Special) to _printf_dec.o(.text) for _printf_int_dec
    proximetre.o(.ARM.exidx.text.get_proxi_count) refers to proximetre.o(.text.get_proxi_count) for [Anonymous Symbol]
    proximetre.o(.text.debug_proximetre_send_frame) refers (Special) to _printf_percent.o(.ARM.Collect$$_printf_percent$$00000000) for _printf_percent
    proximetre.o(.text.debug_proximetre_send_frame) refers (Special) to _printf_pad.o(.text) for _printf_pre_padding
    proximetre.o(.text.debug_proximetre_send_frame) refers (Special) to _printf_d.o(.ARM.Collect$$_printf_percent$$00000009) for _printf_d
    proximetre.o(.text.debug_proximetre_send_frame) refers (Special) to _printf_dec.o(.text) for _printf_int_dec
    proximetre.o(.text.debug_proximetre_send_frame) refers to proximetre.o(.bss.prox_count) for prox_count
    proximetre.o(.text.debug_proximetre_send_frame) refers to proximetre.o(.bss.prox_buf) for prox_buf
    proximetre.o(.text.debug_proximetre_send_frame) refers to rt_memcpy_w.o(.text) for __aeabi_memcpy4
    proximetre.o(.text.debug_proximetre_send_frame) refers to proximetre.o(.data.prox_dir) for prox_dir
    proximetre.o(.text.debug_proximetre_send_frame) refers to proximetre.o(.rodata.str1.1) for .L.str.1
    proximetre.o(.text.debug_proximetre_send_frame) refers to __2sprintf.o(.text) for __2sprintf
    proximetre.o(.text.debug_proximetre_send_frame) refers to uart.o(.text.uart0_send_string) for uart0_send_string
    proximetre.o(.ARM.exidx.text.debug_proximetre_send_frame) refers (Special) to _printf_percent.o(.ARM.Collect$$_printf_percent$$00000000) for _printf_percent
    proximetre.o(.ARM.exidx.text.debug_proximetre_send_frame) refers (Special) to _printf_pad.o(.text) for _printf_pre_padding
    proximetre.o(.ARM.exidx.text.debug_proximetre_send_frame) refers (Special) to _printf_d.o(.ARM.Collect$$_printf_percent$$00000009) for _printf_d
    proximetre.o(.ARM.exidx.text.debug_proximetre_send_frame) refers (Special) to _printf_dec.o(.text) for _printf_int_dec
    proximetre.o(.ARM.exidx.text.debug_proximetre_send_frame) refers to proximetre.o(.text.debug_proximetre_send_frame) for [Anonymous Symbol]
    proximetre.o(.text.test_proximetre_module) refers (Special) to _printf_percent.o(.ARM.Collect$$_printf_percent$$00000000) for _printf_percent
    proximetre.o(.text.test_proximetre_module) refers (Special) to _printf_pad.o(.text) for _printf_pre_padding
    proximetre.o(.text.test_proximetre_module) refers (Special) to _printf_d.o(.ARM.Collect$$_printf_percent$$00000009) for _printf_d
    proximetre.o(.text.test_proximetre_module) refers (Special) to _printf_dec.o(.text) for _printf_int_dec
    proximetre.o(.text.test_proximetre_module) refers to proximetre.o(.text.proximetre_run_balayage) for proximetre_run_balayage
    proximetre.o(.text.test_proximetre_module) refers to proximetre.o(.bss.prox_count) for prox_count
    proximetre.o(.text.test_proximetre_module) refers to proximetre.o(.bss.prox_buf) for prox_buf
    proximetre.o(.text.test_proximetre_module) refers to rt_memcpy_w.o(.text) for __aeabi_memcpy4
    proximetre.o(.text.test_proximetre_module) refers to proximetre.o(.data.prox_dir) for prox_dir
    proximetre.o(.text.test_proximetre_module) refers to proximetre.o(.rodata.str1.1) for .L.str.1
    proximetre.o(.text.test_proximetre_module) refers to __2sprintf.o(.text) for __2sprintf
    proximetre.o(.text.test_proximetre_module) refers to uart.o(.text.uart0_send_string) for uart0_send_string
    proximetre.o(.ARM.exidx.text.test_proximetre_module) refers (Special) to _printf_percent.o(.ARM.Collect$$_printf_percent$$00000000) for _printf_percent
    proximetre.o(.ARM.exidx.text.test_proximetre_module) refers (Special) to _printf_pad.o(.text) for _printf_pre_padding
    proximetre.o(.ARM.exidx.text.test_proximetre_module) refers (Special) to _printf_d.o(.ARM.Collect$$_printf_percent$$00000009) for _printf_d
    proximetre.o(.ARM.exidx.text.test_proximetre_module) refers (Special) to _printf_dec.o(.text) for _printf_int_dec
    proximetre.o(.ARM.exidx.text.test_proximetre_module) refers to proximetre.o(.text.test_proximetre_module) for [Anonymous Symbol]
    proximetre.o(.data.servo_pulse_us) refers (Special) to _printf_percent.o(.ARM.Collect$$_printf_percent$$00000000) for _printf_percent
    proximetre.o(.data.servo_pulse_us) refers (Special) to _printf_pad.o(.text) for _printf_pre_padding
    proximetre.o(.data.servo_pulse_us) refers (Special) to _printf_d.o(.ARM.Collect$$_printf_percent$$00000009) for _printf_d
    proximetre.o(.data.servo_pulse_us) refers (Special) to _printf_dec.o(.text) for _printf_int_dec
    proximetre.o(.data.proximetre_run_balayage.going_fwd) refers (Special) to _printf_percent.o(.ARM.Collect$$_printf_percent$$00000000) for _printf_percent
    proximetre.o(.data.proximetre_run_balayage.going_fwd) refers (Special) to _printf_pad.o(.text) for _printf_pre_padding
    proximetre.o(.data.proximetre_run_balayage.going_fwd) refers (Special) to _printf_d.o(.ARM.Collect$$_printf_percent$$00000009) for _printf_d
    proximetre.o(.data.proximetre_run_balayage.going_fwd) refers (Special) to _printf_dec.o(.text) for _printf_int_dec
    proximetre.o(.bss.proximetre_run_balayage.step_index) refers (Special) to _printf_percent.o(.ARM.Collect$$_printf_percent$$00000000) for _printf_percent
    proximetre.o(.bss.proximetre_run_balayage.step_index) refers (Special) to _printf_pad.o(.text) for _printf_pre_padding
    proximetre.o(.bss.proximetre_run_balayage.step_index) refers (Special) to _printf_d.o(.ARM.Collect$$_printf_percent$$00000009) for _printf_d
    proximetre.o(.bss.proximetre_run_balayage.step_index) refers (Special) to _printf_dec.o(.text) for _printf_int_dec
    proximetre.o(.bss.proximetre_run_balayage.current_angle) refers (Special) to _printf_percent.o(.ARM.Collect$$_printf_percent$$00000000) for _printf_percent
    proximetre.o(.bss.proximetre_run_balayage.current_angle) refers (Special) to _printf_pad.o(.text) for _printf_pre_padding
    proximetre.o(.bss.proximetre_run_balayage.current_angle) refers (Special) to _printf_d.o(.ARM.Collect$$_printf_percent$$00000009) for _printf_d
    proximetre.o(.bss.proximetre_run_balayage.current_angle) refers (Special) to _printf_dec.o(.text) for _printf_int_dec
    proximetre.o(.data.proximetre_run_balayage.front_dist) refers (Special) to _printf_percent.o(.ARM.Collect$$_printf_percent$$00000000) for _printf_percent
    proximetre.o(.data.proximetre_run_balayage.front_dist) refers (Special) to _printf_pad.o(.text) for _printf_pre_padding
    proximetre.o(.data.proximetre_run_balayage.front_dist) refers (Special) to _printf_d.o(.ARM.Collect$$_printf_percent$$00000009) for _printf_d
    proximetre.o(.data.proximetre_run_balayage.front_dist) refers (Special) to _printf_dec.o(.text) for _printf_int_dec
    proximetre.o(.bss.proximetre_run_balayage.ms_accumulated) refers (Special) to _printf_percent.o(.ARM.Collect$$_printf_percent$$00000000) for _printf_percent
    proximetre.o(.bss.proximetre_run_balayage.ms_accumulated) refers (Special) to _printf_pad.o(.text) for _printf_pre_padding
    proximetre.o(.bss.proximetre_run_balayage.ms_accumulated) refers (Special) to _printf_d.o(.ARM.Collect$$_printf_percent$$00000009) for _printf_d
    proximetre.o(.bss.proximetre_run_balayage.ms_accumulated) refers (Special) to _printf_dec.o(.text) for _printf_int_dec
    proximetre.o(.bss.proximetre_run_balayage.initialized) refers (Special) to _printf_percent.o(.ARM.Collect$$_printf_percent$$00000000) for _printf_percent
    proximetre.o(.bss.proximetre_run_balayage.initialized) refers (Special) to _printf_pad.o(.text) for _printf_pre_padding
    proximetre.o(.bss.proximetre_run_balayage.initialized) refers (Special) to _printf_d.o(.ARM.Collect$$_printf_percent$$00000009) for _printf_d
    proximetre.o(.bss.proximetre_run_balayage.initialized) refers (Special) to _printf_dec.o(.text) for _printf_int_dec
    proximetre.o(.rodata.cst32) refers (Special) to _printf_percent.o(.ARM.Collect$$_printf_percent$$00000000) for _printf_percent
    proximetre.o(.rodata.cst32) refers (Special) to _printf_pad.o(.text) for _printf_pre_padding
    proximetre.o(.rodata.cst32) refers (Special) to _printf_d.o(.ARM.Collect$$_printf_percent$$00000009) for _printf_d
    proximetre.o(.rodata.cst32) refers (Special) to _printf_dec.o(.text) for _printf_int_dec
    proximetre.o(.bss.prox_mode) refers (Special) to _printf_percent.o(.ARM.Collect$$_printf_percent$$00000000) for _printf_percent
    proximetre.o(.bss.prox_mode) refers (Special) to _printf_pad.o(.text) for _printf_pre_padding
    proximetre.o(.bss.prox_mode) refers (Special) to _printf_d.o(.ARM.Collect$$_printf_percent$$00000009) for _printf_d
    proximetre.o(.bss.prox_mode) refers (Special) to _printf_dec.o(.text) for _printf_int_dec
    proximetre.o(.bss.prox_buf) refers (Special) to _printf_percent.o(.ARM.Collect$$_printf_percent$$00000000) for _printf_percent
    proximetre.o(.bss.prox_buf) refers (Special) to _printf_pad.o(.text) for _printf_pre_padding
    proximetre.o(.bss.prox_buf) refers (Special) to _printf_d.o(.ARM.Collect$$_printf_percent$$00000009) for _printf_d
    proximetre.o(.bss.prox_buf) refers (Special) to _printf_dec.o(.text) for _printf_int_dec
    proximetre.o(.bss.prox_count) refers (Special) to _printf_percent.o(.ARM.Collect$$_printf_percent$$00000000) for _printf_percent
    proximetre.o(.bss.prox_count) refers (Special) to _printf_pad.o(.text) for _printf_pre_padding
    proximetre.o(.bss.prox_count) refers (Special) to _printf_d.o(.ARM.Collect$$_printf_percent$$00000009) for _printf_d
    proximetre.o(.bss.prox_count) refers (Special) to _printf_dec.o(.text) for _printf_int_dec
    proximetre.o(.data.prox_dir) refers (Special) to _printf_percent.o(.ARM.Collect$$_printf_percent$$00000000) for _printf_percent
    proximetre.o(.data.prox_dir) refers (Special) to _printf_pad.o(.text) for _printf_pre_padding
    proximetre.o(.data.prox_dir) refers (Special) to _printf_d.o(.ARM.Collect$$_printf_percent$$00000009) for _printf_d
    proximetre.o(.data.prox_dir) refers (Special) to _printf_dec.o(.text) for _printf_int_dec
    proximetre.o(.rodata.str1.1) refers (Special) to _printf_percent.o(.ARM.Collect$$_printf_percent$$00000000) for _printf_percent
    proximetre.o(.rodata.str1.1) refers (Special) to _printf_pad.o(.text) for _printf_pre_padding
    proximetre.o(.rodata.str1.1) refers (Special) to _printf_d.o(.ARM.Collect$$_printf_percent$$00000009) for _printf_d
    proximetre.o(.rodata.str1.1) refers (Special) to _printf_dec.o(.text) for _printf_int_dec
    proximetre.o(.bss.buzz_period_us) refers (Special) to _printf_percent.o(.ARM.Collect$$_printf_percent$$00000000) for _printf_percent
    proximetre.o(.bss.buzz_period_us) refers (Special) to _printf_pad.o(.text) for _printf_pre_padding
    proximetre.o(.bss.buzz_period_us) refers (Special) to _printf_d.o(.ARM.Collect$$_printf_percent$$00000009) for _printf_d
    proximetre.o(.bss.buzz_period_us) refers (Special) to _printf_dec.o(.text) for _printf_int_dec
    proximetre.o(.bss.buzz_on) refers (Special) to _printf_percent.o(.ARM.Collect$$_printf_percent$$00000000) for _printf_percent
    proximetre.o(.bss.buzz_on) refers (Special) to _printf_pad.o(.text) for _printf_pre_padding
    proximetre.o(.bss.buzz_on) refers (Special) to _printf_d.o(.ARM.Collect$$_printf_percent$$00000009) for _printf_d
    proximetre.o(.bss.buzz_on) refers (Special) to _printf_dec.o(.text) for _printf_int_dec
    proximetre.o(.bss.buzz_t0) refers (Special) to _printf_percent.o(.ARM.Collect$$_printf_percent$$00000000) for _printf_percent
    proximetre.o(.bss.buzz_t0) refers (Special) to _printf_pad.o(.text) for _printf_pre_padding
    proximetre.o(.bss.buzz_t0) refers (Special) to _printf_d.o(.ARM.Collect$$_printf_percent$$00000009) for _printf_d
    proximetre.o(.bss.buzz_t0) refers (Special) to _printf_dec.o(.text) for _printf_int_dec
    proximetre.o(.rodata.LUT_V) refers (Special) to _printf_percent.o(.ARM.Collect$$_printf_percent$$00000000) for _printf_percent
    proximetre.o(.rodata.LUT_V) refers (Special) to _printf_pad.o(.text) for _printf_pre_padding
    proximetre.o(.rodata.LUT_V) refers (Special) to _printf_d.o(.ARM.Collect$$_printf_percent$$00000009) for _printf_d
    proximetre.o(.rodata.LUT_V) refers (Special) to _printf_dec.o(.text) for _printf_int_dec
    proximetre.o(.rodata.LUT_CM) refers (Special) to _printf_percent.o(.ARM.Collect$$_printf_percent$$00000000) for _printf_percent
    proximetre.o(.rodata.LUT_CM) refers (Special) to _printf_pad.o(.text) for _printf_pre_padding
    proximetre.o(.rodata.LUT_CM) refers (Special) to _printf_d.o(.ARM.Collect$$_printf_percent$$00000009) for _printf_d
    proximetre.o(.rodata.LUT_CM) refers (Special) to _printf_dec.o(.text) for _printf_int_dec
    pwm.o(.ARM.exidx.text.pwm_init_moteurs) refers to pwm.o(.text.pwm_init_moteurs) for [Anonymous Symbol]
    pwm.o(.ARM.exidx.text.pwm_set_moteur_gauche) refers to pwm.o(.text.pwm_set_moteur_gauche) for [Anonymous Symbol]
    pwm.o(.ARM.exidx.text.pwm_set_moteur_droit) refers to pwm.o(.text.pwm_set_moteur_droit) for [Anonymous Symbol]
    pwm.o(.ARM.exidx.text.pwm_set_moteurs) refers to pwm.o(.text.pwm_set_moteurs) for [Anonymous Symbol]
    pwm.o(.ARM.exidx.text.pwm_init_ir) refers to pwm.o(.text.pwm_init_ir) for [Anonymous Symbol]
    pwm.o(.ARM.exidx.text.pwm_enable_ir_output) refers to pwm.o(.text.pwm_enable_ir_output) for [Anonymous Symbol]
    pwm.o(.ARM.exidx.text.pwm_disable_ir_output) refers to pwm.o(.text.pwm_disable_ir_output) for [Anonymous Symbol]
    pwm.o(.ARM.exidx.text.pwm_reset_counter_ir) refers to pwm.o(.text.pwm_reset_counter_ir) for [Anonymous Symbol]
    recep_spi.o(.ARM.exidx.text.TOP_CLK) refers to recep_spi.o(.text.TOP_CLK) for [Anonymous Symbol]
    recep_spi.o(.ARM.exidx.text.LIRE_bit) refers to recep_spi.o(.text.LIRE_bit) for [Anonymous Symbol]
    recep_spi.o(.ARM.exidx.text.init_recep_spi) refers to recep_spi.o(.text.init_recep_spi) for [Anonymous Symbol]
    recep_spi.o(.text.set_spi) refers to recep_spi.o(.bss.g_Vg) for g_Vg
    recep_spi.o(.text.set_spi) refers to recep_spi.o(.bss.g_Vd) for g_Vd
    recep_spi.o(.text.set_spi) refers to recep_spi.o(.bss.g_Pg) for g_Pg
    recep_spi.o(.text.set_spi) refers to recep_spi.o(.bss.g_Pd) for g_Pd
    recep_spi.o(.ARM.exidx.text.set_spi) refers to recep_spi.o(.text.set_spi) for [Anonymous Symbol]
    recep_spi.o(.text.recep_spi_interrupt_routine) refers to recep_spi.o(.text.set_spi) for set_spi
    recep_spi.o(.ARM.exidx.text.recep_spi_interrupt_routine) refers to recep_spi.o(.text.recep_spi_interrupt_routine) for [Anonymous Symbol]
    robot_state.o(.ARM.exidx.text.init_robot_id_switches) refers to robot_state.o(.text.init_robot_id_switches) for [Anonymous Symbol]
    robot_state.o(.text.update_robot_id_from_hardware) refers to robot_state.o(.bss.current_robot_number) for current_robot_number
    robot_state.o(.ARM.exidx.text.update_robot_id_from_hardware) refers to robot_state.o(.text.update_robot_id_from_hardware) for [Anonymous Symbol]
    robot_state.o(.text.set_robot_number) refers to robot_state.o(.bss.current_robot_number) for current_robot_number
    robot_state.o(.ARM.exidx.text.set_robot_number) refers to robot_state.o(.text.set_robot_number) for [Anonymous Symbol]
    robot_state.o(.text.get_robot_number) refers to robot_state.o(.bss.current_robot_number) for current_robot_number
    robot_state.o(.ARM.exidx.text.get_robot_number) refers to robot_state.o(.text.get_robot_number) for [Anonymous Symbol]
    robot_state.o(.text.set_vitesse_centrale) refers to robot_state.o(.bss.current_vitesse_centrale) for current_vitesse_centrale
    robot_state.o(.ARM.exidx.text.set_vitesse_centrale) refers to robot_state.o(.text.set_vitesse_centrale) for [Anonymous Symbol]
    robot_state.o(.text.get_vitesse_centrale) refers to robot_state.o(.bss.current_vitesse_centrale) for current_vitesse_centrale
    robot_state.o(.ARM.exidx.text.get_vitesse_centrale) refers to robot_state.o(.text.get_vitesse_centrale) for [Anonymous Symbol]
    robot_state.o(.text.set_vitesse_commande) refers to robot_state.o(.bss.current_vitesse_commande) for current_vitesse_commande
    robot_state.o(.ARM.exidx.text.set_vitesse_commande) refers to robot_state.o(.text.set_vitesse_commande) for [Anonymous Symbol]
    robot_state.o(.text.get_vitesse_commande) refers to robot_state.o(.bss.current_vitesse_commande) for current_vitesse_commande
    robot_state.o(.ARM.exidx.text.get_vitesse_commande) refers to robot_state.o(.text.get_vitesse_commande) for [Anonymous Symbol]
    robot_state.o(.text.set_vitesse_reelle) refers to robot_state.o(.bss.current_vitesse_reelle) for current_vitesse_reelle
    robot_state.o(.ARM.exidx.text.set_vitesse_reelle) refers to robot_state.o(.text.set_vitesse_reelle) for [Anonymous Symbol]
    robot_state.o(.text.get_vitesse_reelle) refers to robot_state.o(.bss.current_vitesse_reelle) for current_vitesse_reelle
    robot_state.o(.ARM.exidx.text.get_vitesse_reelle) refers to robot_state.o(.text.get_vitesse_reelle) for [Anonymous Symbol]
    robot_state.o(.text.get_vitesse_code_ir) refers to robot_state.o(.bss.current_vitesse_reelle) for current_vitesse_reelle
    robot_state.o(.ARM.exidx.text.get_vitesse_code_ir) refers to robot_state.o(.text.get_vitesse_code_ir) for [Anonymous Symbol]
    robot_state.o(.text.set_wire_measure) refers to robot_state.o(.bss.current_wire_measure) for current_wire_measure
    robot_state.o(.ARM.exidx.text.set_wire_measure) refers to robot_state.o(.text.set_wire_measure) for [Anonymous Symbol]
    robot_state.o(.text.get_wire_measure) refers to robot_state.o(.bss.current_wire_measure) for current_wire_measure
    robot_state.o(.ARM.exidx.text.get_wire_measure) refers to robot_state.o(.text.get_wire_measure) for [Anonymous Symbol]
    robot_state.o(.text.set_wheel_delta) refers to robot_state.o(.bss.current_wheel_delta) for current_wheel_delta
    robot_state.o(.ARM.exidx.text.set_wheel_delta) refers to robot_state.o(.text.set_wheel_delta) for [Anonymous Symbol]
    robot_state.o(.text.get_wheel_delta) refers to robot_state.o(.bss.current_wheel_delta) for current_wheel_delta
    robot_state.o(.ARM.exidx.text.get_wheel_delta) refers to robot_state.o(.text.get_wheel_delta) for [Anonymous Symbol]
    robot_state.o(.text.set_robot_status) refers to robot_state.o(.data.current_status) for current_status
    robot_state.o(.ARM.exidx.text.set_robot_status) refers to robot_state.o(.text.set_robot_status) for [Anonymous Symbol]
    robot_state.o(.text.get_robot_status) refers to robot_state.o(.data.current_status) for current_status
    robot_state.o(.ARM.exidx.text.get_robot_status) refers to robot_state.o(.text.get_robot_status) for [Anonymous Symbol]
    robot_state.o(.text.set_motor_pwms) refers to robot_state.o(.data.current_pwm_g) for current_pwm_g
    robot_state.o(.text.set_motor_pwms) refers to robot_state.o(.data.current_pwm_d) for current_pwm_d
    robot_state.o(.ARM.exidx.text.set_motor_pwms) refers to robot_state.o(.text.set_motor_pwms) for [Anonymous Symbol]
    robot_state.o(.text.get_motor_pwms) refers to robot_state.o(.data.current_pwm_g) for current_pwm_g
    robot_state.o(.text.get_motor_pwms) refers to robot_state.o(.data.current_pwm_d) for current_pwm_d
    robot_state.o(.ARM.exidx.text.get_motor_pwms) refers to robot_state.o(.text.get_motor_pwms) for [Anonymous Symbol]
    robot_state.o(.text.set_motor_speeds) refers to robot_state.o(.data.current_v_moy) for current_v_moy
    robot_state.o(.text.set_motor_speeds) refers to robot_state.o(.data.current_w_ang) for current_w_ang
    robot_state.o(.ARM.exidx.text.set_motor_speeds) refers to robot_state.o(.text.set_motor_speeds) for [Anonymous Symbol]
    robot_state.o(.text.get_motor_speeds) refers to robot_state.o(.data.current_v_moy) for current_v_moy
    robot_state.o(.text.get_motor_speeds) refers to robot_state.o(.data.current_w_ang) for current_w_ang
    robot_state.o(.ARM.exidx.text.get_motor_speeds) refers to robot_state.o(.text.get_motor_speeds) for [Anonymous Symbol]
    robot_state.o(.text.set_capteur_averages) refers to robot_state.o(.bss.current_avg_av) for current_avg_av
    robot_state.o(.text.set_capteur_averages) refers to robot_state.o(.bss.current_avg_ar) for current_avg_ar
    robot_state.o(.text.set_capteur_averages) refers to robot_state.o(.bss.current_avg_hor) for current_avg_hor
    robot_state.o(.ARM.exidx.text.set_capteur_averages) refers to robot_state.o(.text.set_capteur_averages) for [Anonymous Symbol]
    robot_state.o(.text.get_capteur_averages) refers to robot_state.o(.bss.current_avg_av) for current_avg_av
    robot_state.o(.text.get_capteur_averages) refers to robot_state.o(.bss.current_avg_ar) for current_avg_ar
    robot_state.o(.text.get_capteur_averages) refers to robot_state.o(.bss.current_avg_hor) for current_avg_hor
    robot_state.o(.ARM.exidx.text.get_capteur_averages) refers to robot_state.o(.text.get_capteur_averages) for [Anonymous Symbol]
    robot_state.o(.text.set_proxi_distances) refers to robot_state.o(.bss.proxi_dists) for proxi_dists
    robot_state.o(.text.set_proxi_distances) refers to rt_memcpy_w.o(.text) for __aeabi_memcpy4
    robot_state.o(.ARM.exidx.text.set_proxi_distances) refers to robot_state.o(.text.set_proxi_distances) for [Anonymous Symbol]
    robot_state.o(.text.get_proxi_distances) refers to robot_state.o(.bss.proxi_dists) for proxi_dists
    robot_state.o(.text.get_proxi_distances) refers to rt_memcpy_w.o(.text) for __aeabi_memcpy4
    robot_state.o(.ARM.exidx.text.get_proxi_distances) refers to robot_state.o(.text.get_proxi_distances) for [Anonymous Symbol]
    robot_state.o(.text.set_proxi_distance_at_angle) refers to robot_state.o(.bss.proxi_dists) for proxi_dists
    robot_state.o(.ARM.exidx.text.set_proxi_distance_at_angle) refers to robot_state.o(.text.set_proxi_distance_at_angle) for [Anonymous Symbol]
    robot_state.o(.text.get_proxi_distance_at_angle) refers to robot_state.o(.bss.proxi_dists) for proxi_dists
    robot_state.o(.ARM.exidx.text.get_proxi_distance_at_angle) refers to robot_state.o(.text.get_proxi_distance_at_angle) for [Anonymous Symbol]
    robot_state.o(.text.set_wire_trame) refers to robot_state.o(.bss.current_wire_trame.0) for current_wire_trame.0
    robot_state.o(.text.set_wire_trame) refers to robot_state.o(.bss.current_wire_trame.1) for current_wire_trame.1
    robot_state.o(.text.set_wire_trame) refers to robot_state.o(.bss.current_wire_trame.2) for current_wire_trame.2
    robot_state.o(.text.set_wire_trame) refers to robot_state.o(.bss.new_wire_trame) for new_wire_trame
    robot_state.o(.ARM.exidx.text.set_wire_trame) refers to robot_state.o(.text.set_wire_trame) for [Anonymous Symbol]
    robot_state.o(.text.get_wire_trame) refers to robot_state.o(.bss.current_wire_trame.0) for current_wire_trame.0
    robot_state.o(.text.get_wire_trame) refers to robot_state.o(.bss.current_wire_trame.2) for current_wire_trame.2
    robot_state.o(.text.get_wire_trame) refers to robot_state.o(.bss.current_wire_trame.1) for current_wire_trame.1
    robot_state.o(.text.get_wire_trame) refers to robot_state.o(.bss.new_wire_trame) for new_wire_trame
    robot_state.o(.ARM.exidx.text.get_wire_trame) refers to robot_state.o(.text.get_wire_trame) for [Anonymous Symbol]
    robot_state.o(.text.set_spi_variables) refers to robot_state.o(.bss.spi_vg) for spi_vg
    robot_state.o(.text.set_spi_variables) refers to robot_state.o(.bss.spi_vd) for spi_vd
    robot_state.o(.text.set_spi_variables) refers to robot_state.o(.bss.spi_pg) for spi_pg
    robot_state.o(.text.set_spi_variables) refers to robot_state.o(.bss.spi_pd) for spi_pd
    robot_state.o(.ARM.exidx.text.set_spi_variables) refers to robot_state.o(.text.set_spi_variables) for [Anonymous Symbol]
    robot_state.o(.text.get_spi_variables) refers to robot_state.o(.bss.spi_vg) for spi_vg
    robot_state.o(.text.get_spi_variables) refers to robot_state.o(.bss.spi_vd) for spi_vd
    robot_state.o(.text.get_spi_variables) refers to robot_state.o(.bss.spi_pg) for spi_pg
    robot_state.o(.text.get_spi_variables) refers to robot_state.o(.bss.spi_pd) for spi_pd
    robot_state.o(.ARM.exidx.text.get_spi_variables) refers to robot_state.o(.text.get_spi_variables) for [Anonymous Symbol]
    robot_state.o(.text.set_flag_50hz) refers to robot_state.o(.bss.flag_50hz) for flag_50hz
    robot_state.o(.ARM.exidx.text.set_flag_50hz) refers to robot_state.o(.text.set_flag_50hz) for [Anonymous Symbol]
    robot_state.o(.text.get_flag_50hz) refers to robot_state.o(.bss.flag_50hz) for flag_50hz
    robot_state.o(.ARM.exidx.text.get_flag_50hz) refers to robot_state.o(.text.get_flag_50hz) for [Anonymous Symbol]
    robot_state.o(.text.set_ir_sequence_at) refers to robot_state.o(.bss.ir_sequence) for ir_sequence
    robot_state.o(.ARM.exidx.text.set_ir_sequence_at) refers to robot_state.o(.text.set_ir_sequence_at) for [Anonymous Symbol]
    robot_state.o(.text.get_ir_sequence_at) refers to robot_state.o(.bss.ir_sequence) for ir_sequence
    robot_state.o(.ARM.exidx.text.get_ir_sequence_at) refers to robot_state.o(.text.get_ir_sequence_at) for [Anonymous Symbol]
    robot_state.o(.text.set_ir_seq_index) refers to robot_state.o(.bss.ir_seq_index) for ir_seq_index
    robot_state.o(.ARM.exidx.text.set_ir_seq_index) refers to robot_state.o(.text.set_ir_seq_index) for [Anonymous Symbol]
    robot_state.o(.text.get_ir_seq_index) refers to robot_state.o(.bss.ir_seq_index) for ir_seq_index
    robot_state.o(.ARM.exidx.text.get_ir_seq_index) refers to robot_state.o(.text.get_ir_seq_index) for [Anonymous Symbol]
    robot_state.o(.text.set_ir_seq_length) refers to robot_state.o(.bss.ir_seq_length) for ir_seq_length
    robot_state.o(.ARM.exidx.text.set_ir_seq_length) refers to robot_state.o(.text.set_ir_seq_length) for [Anonymous Symbol]
    robot_state.o(.text.get_ir_seq_length) refers to robot_state.o(.bss.ir_seq_length) for ir_seq_length
    robot_state.o(.ARM.exidx.text.get_ir_seq_length) refers to robot_state.o(.text.get_ir_seq_length) for [Anonymous Symbol]
    robot_state.o(.text.set_ir_frame_counter) refers to robot_state.o(.bss.ir_frame_counter) for ir_frame_counter
    robot_state.o(.ARM.exidx.text.set_ir_frame_counter) refers to robot_state.o(.text.set_ir_frame_counter) for [Anonymous Symbol]
    robot_state.o(.text.get_ir_frame_counter) refers to robot_state.o(.bss.ir_frame_counter) for ir_frame_counter
    robot_state.o(.ARM.exidx.text.get_ir_frame_counter) refers to robot_state.o(.text.get_ir_frame_counter) for [Anonymous Symbol]
    status.o(.ARM.exidx.text.init_status_led) refers to status.o(.text.init_status_led) for [Anonymous Symbol]
    status.o(.ARM.exidx.text.set_status_led) refers to status.o(.text.set_status_led) for [Anonymous Symbol]
    status.o(.ARM.exidx.text.test_status_module) refers to status.o(.text.test_status_module) for [Anonymous Symbol]
    timers.o(.ARM.exidx.text.timer0_init) refers to timers.o(.text.timer0_init) for [Anonymous Symbol]
    timers.o(.ARM.exidx.text.timer0_start) refers to timers.o(.text.timer0_start) for [Anonymous Symbol]
    timers.o(.ARM.exidx.text.timer0_stop) refers to timers.o(.text.timer0_stop) for [Anonymous Symbol]
    timers.o(.ARM.exidx.text.timer2_init_free_running) refers to timers.o(.text.timer2_init_free_running) for [Anonymous Symbol]
    timers.o(.ARM.exidx.text.timer2_get_tc) refers to timers.o(.text.timer2_get_tc) for [Anonymous Symbol]
    timers.o(.ARM.exidx.text.timer3_init_servo) refers to timers.o(.text.timer3_init_servo) for [Anonymous Symbol]
    timers.o(.ARM.exidx.text.timer3_get_tc) refers to timers.o(.text.timer3_get_tc) for [Anonymous Symbol]
    timers.o(.ARM.exidx.text.timer3_get_match0) refers to timers.o(.text.timer3_get_match0) for [Anonymous Symbol]
    timers.o(.ARM.exidx.text.timer3_set_match0) refers to timers.o(.text.timer3_set_match0) for [Anonymous Symbol]
    timers.o(.ARM.exidx.text.timer3_set_match1) refers to timers.o(.text.timer3_set_match1) for [Anonymous Symbol]
    timers.o(.ARM.exidx.text.timer3_clear_interrupt) refers to timers.o(.text.timer3_clear_interrupt) for [Anonymous Symbol]
    uart.o(.text.init_uart0) refers to system_lpc17xx.o(.data.SystemCoreClock) for SystemCoreClock
    uart.o(.ARM.exidx.text.init_uart0) refers to uart.o(.text.init_uart0) for [Anonymous Symbol]
    uart.o(.ARM.exidx.text.uart0_send_char) refers to uart.o(.text.uart0_send_char) for [Anonymous Symbol]
    uart.o(.ARM.exidx.text.uart0_send_string) refers to uart.o(.text.uart0_send_string) for [Anonymous Symbol]
    uart.o(.ARM.exidx.text.uart0_send_frame) refers to uart.o(.text.uart0_send_frame) for [Anonymous Symbol]
    startup_lpc17xx.o(STACK) refers (Special) to heapauxi.o(.text) for __use_two_region_memory
    startup_lpc17xx.o(HEAP) refers (Special) to heapauxi.o(.text) for __use_two_region_memory
    startup_lpc17xx.o(RESET) refers (Special) to heapauxi.o(.text) for __use_two_region_memory
    startup_lpc17xx.o(RESET) refers to startup_lpc17xx.o(STACK) for __initial_sp
    startup_lpc17xx.o(RESET) refers to startup_lpc17xx.o(.text) for Reset_Handler
    startup_lpc17xx.o(RESET) refers to interruptions.o(.text.SysTick_Handler) for SysTick_Handler
    startup_lpc17xx.o(RESET) refers to interruptions.o(.text.TIMER0_IRQHandler) for TIMER0_IRQHandler
    startup_lpc17xx.o(RESET) refers to interruptions.o(.text.TIMER3_IRQHandler) for TIMER3_IRQHandler
    startup_lpc17xx.o(RESET) refers to interruptions.o(.text.EINT1_IRQHandler) for EINT1_IRQHandler
    startup_lpc17xx.o(RESET) refers to interruptions.o(.text.EINT3_IRQHandler) for EINT3_IRQHandler
    startup_lpc17xx.o(RESET) refers to adc.o(.text.ADC_IRQHandler) for ADC_IRQHandler
    startup_lpc17xx.o(.ARM.__at_0x02FC) refers (Special) to heapauxi.o(.text) for __use_two_region_memory
    startup_lpc17xx.o(.text) refers (Special) to heapauxi.o(.text) for __use_two_region_memory
    startup_lpc17xx.o(.text) refers to system_lpc17xx.o(.text.SystemInit) for SystemInit
    startup_lpc17xx.o(.text) refers to __main.o(!!!main) for __main
    startup_lpc17xx.o(.text) refers to startup_lpc17xx.o(HEAP) for Heap_Mem
    startup_lpc17xx.o(.text) refers to startup_lpc17xx.o(STACK) for Stack_Mem
    system_lpc17xx.o(.text.SystemCoreClockUpdate) refers to lludivv7m.o(.text) for __aeabi_uldivmod
    system_lpc17xx.o(.text.SystemCoreClockUpdate) refers to system_lpc17xx.o(.data.SystemCoreClock) for SystemCoreClock
    system_lpc17xx.o(.ARM.exidx.text.SystemCoreClockUpdate) refers to system_lpc17xx.o(.text.SystemCoreClockUpdate) for [Anonymous Symbol]
    system_lpc17xx.o(.ARM.exidx.text.SystemInit) refers to system_lpc17xx.o(.text.SystemInit) for [Anonymous Symbol]
    __2sprintf.o(.text) refers to _printf_char_common.o(.text) for _printf_char_common
    __2sprintf.o(.text) refers to _sputc.o(.text) for _sputc
    noretval__2sprintf.o(.text) refers to _printf_char_common.o(.text) for _printf_char_common
    noretval__2sprintf.o(.text) refers to _sputc.o(.text) for _sputc
    __printf.o(.text) refers to _printf_percent.o(.ARM.Collect$$_printf_percent$$00000000) for _printf_percent
    _printf_str.o(.text) refers (Special) to _printf_char.o(.text) for _printf_cs_common
    _printf_str.o(.text) refers (Weak) to _printf_pad.o(.text) for _printf_pre_padding
    _printf_str.o(.text) refers (Weak) to _printf_pad.o(.text) for _printf_post_padding
    _printf_dec.o(.text) refers to _printf_intcommon.o(.text) for _printf_int_common
    _printf_hex_ll.o(.text) refers to _printf_intcommon.o(.text) for _printf_int_common
    _printf_hex_ll.o(.text) refers to _printf_hex_ll.o(.constdata) for .constdata
    _printf_hex_int.o(.text) refers to _printf_intcommon.o(.text) for _printf_int_common
    _printf_hex_int.o(.text) refers to _printf_hex_int.o(.constdata) for .constdata
    _printf_hex_int_ll.o(.text) refers to _printf_intcommon.o(.text) for _printf_int_common
    _printf_hex_int_ll.o(.text) refers to _printf_hex_int_ll.o(.constdata) for .constdata
    _printf_hex_ptr.o(.text) refers to _printf_intcommon.o(.text) for _printf_int_common
    _printf_hex_ptr.o(.text) refers to _printf_hex_ptr.o(.constdata) for .constdata
    _printf_hex_int_ptr.o(.text) refers to _printf_intcommon.o(.text) for _printf_int_common
    _printf_hex_int_ptr.o(.text) refers to _printf_hex_int_ptr.o(.constdata) for .constdata
    _printf_hex_ll_ptr.o(.text) refers to _printf_intcommon.o(.text) for _printf_int_common
    _printf_hex_ll_ptr.o(.text) refers to _printf_hex_ll_ptr.o(.constdata) for .constdata
    _printf_hex_int_ll_ptr.o(.text) refers to _printf_intcommon.o(.text) for _printf_int_common
    _printf_hex_int_ll_ptr.o(.text) refers to _printf_hex_int_ll_ptr.o(.constdata) for .constdata
    __printf_flags.o(.text) refers to _printf_percent.o(.ARM.Collect$$_printf_percent$$00000000) for _printf_percent
    __printf_flags.o(.text) refers to __printf_flags.o(.constdata) for .constdata
    __printf_ss.o(.text) refers to _printf_percent.o(.ARM.Collect$$_printf_percent$$00000000) for _printf_percent
    __printf_flags_ss.o(.text) refers to _printf_percent.o(.ARM.Collect$$_printf_percent$$00000000) for _printf_percent
    __printf_flags_ss.o(.text) refers to __printf_flags_ss.o(.constdata) for .constdata
    __printf_wp.o(.text) refers to __printf_wp.o(i._is_digit) for _is_digit
    __printf_wp.o(.text) refers to _printf_percent.o(.ARM.Collect$$_printf_percent$$00000000) for _printf_percent
    __printf_flags_wp.o(.text) refers to __printf_wp.o(i._is_digit) for _is_digit
    __printf_flags_wp.o(.text) refers to _printf_percent.o(.ARM.Collect$$_printf_percent$$00000000) for _printf_percent
    __printf_flags_wp.o(.text) refers to __printf_flags_wp.o(.constdata) for .constdata
    __printf_ss_wp.o(.text) refers to __printf_wp.o(i._is_digit) for _is_digit
    __printf_ss_wp.o(.text) refers to _printf_percent.o(.ARM.Collect$$_printf_percent$$00000000) for _printf_percent
    __printf_flags_ss_wp.o(.text) refers to __printf_wp.o(i._is_digit) for _is_digit
    __printf_flags_ss_wp.o(.text) refers to _printf_percent.o(.ARM.Collect$$_printf_percent$$00000000) for _printf_percent
    __printf_flags_ss_wp.o(.text) refers to __printf_flags_ss_wp.o(.constdata) for .constdata
    _printf_c.o(.ARM.Collect$$_printf_percent$$00000013) refers (Weak) to _printf_char.o(.text) for _printf_char
    _printf_x.o(.ARM.Collect$$_printf_percent$$0000000C) refers (Weak) to _printf_hex_int.o(.text) for _printf_int_hex
    _printf_d.o(.ARM.Collect$$_printf_percent$$00000009) refers (Weak) to _printf_dec.o(.text) for _printf_int_dec
    _printf_u.o(.ARM.Collect$$_printf_percent$$0000000A) refers (Weak) to _printf_dec.o(.text) for _printf_int_dec
    _printf_percent.o(.ARM.Collect$$_printf_percent$$00000000) refers (Special) to _printf_percent_end.o(.ARM.Collect$$_printf_percent$$00000017) for _printf_percent_end
    rt_memcpy_v6.o(.text) refers to rt_memcpy_w.o(.text) for __aeabi_memcpy4
    __main.o(!!!main) refers to __rtentry.o(.ARM.Collect$$rtentry$$00000000) for __rt_entry
    faddsub_clz.o(x$fpl$fadd) refers (Special) to usenofp.o(x$fpl$usenofp) for __I$use$fp
    faddsub_clz.o(x$fpl$fadd) refers to faddsub_clz.o(x$fpl$fsub) for _fsub1
    faddsub_clz.o(x$fpl$fadd) refers to fretinf.o(x$fpl$fretinf) for __fpl_fretinf
    faddsub_clz.o(x$fpl$fadd) refers to fnaninf.o(x$fpl$fnaninf) for __fpl_fnaninf
    faddsub_clz.o(x$fpl$frsb) refers (Special) to usenofp.o(x$fpl$usenofp) for __I$use$fp
    faddsub_clz.o(x$fpl$frsb) refers to faddsub_clz.o(x$fpl$fadd) for _fadd1
    faddsub_clz.o(x$fpl$frsb) refers to faddsub_clz.o(x$fpl$fsub) for _fsub1
    faddsub_clz.o(x$fpl$fsub) refers (Special) to usenofp.o(x$fpl$usenofp) for __I$use$fp
    faddsub_clz.o(x$fpl$fsub) refers to faddsub_clz.o(x$fpl$fadd) for _fadd1
    faddsub_clz.o(x$fpl$fsub) refers to fnaninf.o(x$fpl$fnaninf) for __fpl_fnaninf
    fcmp.o(x$fpl$fcmp) refers (Special) to usenofp.o(x$fpl$usenofp) for __I$use$fp
    fcmp.o(x$fpl$fcmp) refers to feqf.o(x$fpl$feqf) for _fcmpeq
    fcmp.o(x$fpl$fcmp) refers to fgeqf.o(x$fpl$fgeqf) for _fcmpge
    fcmp.o(x$fpl$fcmp) refers to fleqf.o(x$fpl$fleqf) for _fcmple
    fdiv.o(x$fpl$frdiv) refers (Special) to usenofp.o(x$fpl$usenofp) for __I$use$fp
    fdiv.o(x$fpl$frdiv) refers to fdiv.o(x$fpl$fdiv) for _fdiv1
    fdiv.o(x$fpl$fdiv) refers (Special) to usenofp.o(x$fpl$usenofp) for __I$use$fp
    fdiv.o(x$fpl$fdiv) refers to fretinf.o(x$fpl$fretinf) for __fpl_fretinf
    fdiv.o(x$fpl$fdiv) refers to fnaninf.o(x$fpl$fnaninf) for __fpl_fnaninf
    ffix.o(x$fpl$ffix) refers (Special) to usenofp.o(x$fpl$usenofp) for __I$use$fp
    ffix.o(x$fpl$ffix) refers to fnaninf.o(x$fpl$fnaninf) for __fpl_fnaninf
    ffix.o(x$fpl$ffixr) refers (Special) to usenofp.o(x$fpl$usenofp) for __I$use$fp
    ffix.o(x$fpl$ffixr) refers to fnaninf.o(x$fpl$fnaninf) for __fpl_fnaninf
    ffixu.o(x$fpl$ffixu) refers (Special) to usenofp.o(x$fpl$usenofp) for __I$use$fp
    ffixu.o(x$fpl$ffixu) refers to fnaninf.o(x$fpl$fnaninf) for __fpl_fnaninf
    ffixu.o(x$fpl$ffixur) refers (Special) to usenofp.o(x$fpl$usenofp) for __I$use$fp
    ffixu.o(x$fpl$ffixur) refers to fnaninf.o(x$fpl$fnaninf) for __fpl_fnaninf
    fflt_clz.o(x$fpl$ffltu) refers (Special) to usenofp.o(x$fpl$usenofp) for __I$use$fp
    fflt_clz.o(x$fpl$fflt) refers (Special) to usenofp.o(x$fpl$usenofp) for __I$use$fp
    fflt_clz.o(x$fpl$ffltn) refers (Special) to usenofp.o(x$fpl$usenofp) for __I$use$fp
    fmul.o(x$fpl$fmul) refers (Special) to usenofp.o(x$fpl$usenofp) for __I$use$fp
    fmul.o(x$fpl$fmul) refers to fretinf.o(x$fpl$fretinf) for __fpl_fretinf
    fmul.o(x$fpl$fmul) refers to fnaninf.o(x$fpl$fnaninf) for __fpl_fnaninf
    __rtentry.o(.ARM.Collect$$rtentry$$00000000) refers (Special) to __rtentry2.o(.ARM.Collect$$rtentry$$0000000A) for __rt_entry_li
    __rtentry.o(.ARM.Collect$$rtentry$$00000000) refers (Special) to __rtentry2.o(.ARM.Collect$$rtentry$$0000000D) for __rt_entry_main
    __rtentry.o(.ARM.Collect$$rtentry$$00000000) refers (Special) to __rtentry2.o(.ARM.Collect$$rtentry$$0000000C) for __rt_entry_postli_1
    __rtentry.o(.ARM.Collect$$rtentry$$00000000) refers (Special) to __rtentry2.o(.ARM.Collect$$rtentry$$00000009) for __rt_entry_postsh_1
    __rtentry.o(.ARM.Collect$$rtentry$$00000000) refers (Special) to __rtentry2.o(.ARM.Collect$$rtentry$$00000002) for __rt_entry_presh_1
    __rtentry.o(.ARM.Collect$$rtentry$$00000000) refers (Special) to __rtentry4.o(.ARM.Collect$$rtentry$$00000004) for __rt_entry_sh
    aeabi_ldiv0_sigfpe.o(.text) refers to rt_div0.o(.text) for __rt_div0
    _printf_intcommon.o(.text) refers (Weak) to _printf_pad.o(.text) for _printf_pre_padding
    _printf_intcommon.o(.text) refers (Weak) to _printf_pad.o(.text) for _printf_pre_padding
    _printf_intcommon.o(.text) refers (Weak) to _printf_pad.o(.text) for _printf_post_padding
    _printf_char_common.o(.text) refers to __printf_flags_ss_wp.o(.text) for __printf
    _printf_char.o(.text) refers (Weak) to _printf_str.o(.text) for _printf_str
    feqf.o(x$fpl$feqf) refers (Special) to usenofp.o(x$fpl$usenofp) for __I$use$fp
    feqf.o(x$fpl$feqf) refers to fnaninf.o(x$fpl$fnaninf) for __fpl_fnaninf
    feqf.o(x$fpl$feqf) refers to fcmpi.o(x$fpl$fcmpinf) for __fpl_fcmp_Inf
    fgeqf.o(x$fpl$fgeqf) refers (Special) to usenofp.o(x$fpl$usenofp) for __I$use$fp
    fgeqf.o(x$fpl$fgeqf) refers to fnaninf.o(x$fpl$fnaninf) for __fpl_fnaninf
    fgeqf.o(x$fpl$fgeqf) refers to fcmpi.o(x$fpl$fcmpinf) for __fpl_fcmp_Inf
    fleqf.o(x$fpl$fleqf) refers (Special) to usenofp.o(x$fpl$usenofp) for __I$use$fp
    fleqf.o(x$fpl$fleqf) refers to fnaninf.o(x$fpl$fnaninf) for __fpl_fnaninf
    fleqf.o(x$fpl$fleqf) refers to fcmpi.o(x$fpl$fcmpinf) for __fpl_fcmp_Inf
    fnaninf.o(x$fpl$fnaninf) refers (Special) to usenofp.o(x$fpl$usenofp) for __I$use$fp
    fretinf.o(x$fpl$fretinf) refers (Special) to usenofp.o(x$fpl$usenofp) for __I$use$fp
    __rtentry2.o(.ARM.Collect$$rtentry$$00000008) refers to boardinit2.o(.text) for _platform_post_stackheap_init
    __rtentry2.o(.ARM.Collect$$rtentry$$0000000A) refers to libinit.o(.ARM.Collect$$libinit$$00000000) for __rt_lib_init
    __rtentry2.o(.ARM.Collect$$rtentry$$0000000B) refers to boardinit3.o(.text) for _platform_post_lib_init
    __rtentry2.o(.ARM.Collect$$rtentry$$0000000D) refers to main.o(.text.main) for main
    __rtentry2.o(.ARM.Collect$$rtentry$$0000000D) refers to exit.o(.text) for exit
    __rtentry2.o(.ARM.exidx) refers to __rtentry2.o(.ARM.Collect$$rtentry$$00000001) for .ARM.Collect$$rtentry$$00000001
    __rtentry2.o(.ARM.exidx) refers to __rtentry2.o(.ARM.Collect$$rtentry$$00000008) for .ARM.Collect$$rtentry$$00000008
    __rtentry2.o(.ARM.exidx) refers to __rtentry2.o(.ARM.Collect$$rtentry$$0000000A) for .ARM.Collect$$rtentry$$0000000A
    __rtentry2.o(.ARM.exidx) refers to __rtentry2.o(.ARM.Collect$$rtentry$$0000000B) for .ARM.Collect$$rtentry$$0000000B
    __rtentry2.o(.ARM.exidx) refers to __rtentry2.o(.ARM.Collect$$rtentry$$0000000D) for .ARM.Collect$$rtentry$$0000000D
    __rtentry4.o(.ARM.Collect$$rtentry$$00000004) refers to sys_stackheap_outer.o(.text) for __user_setup_stackheap
    __rtentry4.o(.ARM.exidx) refers to __rtentry4.o(.ARM.Collect$$rtentry$$00000004) for .ARM.Collect$$rtentry$$00000004
    rt_div0.o(.text) refers to defsig_fpe_outer.o(.text) for __rt_SIGFPE
    fcmpi.o(x$fpl$fcmpinf) refers (Special) to usenofp.o(x$fpl$usenofp) for __I$use$fp
    sys_stackheap_outer.o(.text) refers to libspace.o(.text) for __user_perproc_libspace
    sys_stackheap_outer.o(.text) refers to startup_lpc17xx.o(.text) for __user_initial_stackheap
    exit.o(.text) refers to rtexit.o(.ARM.Collect$$rtexit$$00000000) for __rt_exit
    defsig_fpe_outer.o(.text) refers to defsig_fpe_inner.o(.text) for __rt_SIGFPE_inner
    defsig_fpe_outer.o(.text) refers to defsig_exit.o(.text) for __sig_exit
    defsig_fpe_formal.o(.text) refers to rt_raise.o(.text) for __rt_raise
    libinit.o(.ARM.Collect$$libinit$$00000000) refers (Special) to libinit2.o(.ARM.Collect$$libinit$$00000030) for __rt_lib_init_alloca_1
    libinit.o(.ARM.Collect$$libinit$$00000000) refers (Special) to libinit2.o(.ARM.Collect$$libinit$$0000002E) for __rt_lib_init_argv_1
    libinit.o(.ARM.Collect$$libinit$$00000000) refers (Special) to libinit2.o(.ARM.Collect$$libinit$$0000001D) for __rt_lib_init_atexit_1
    libinit.o(.ARM.Collect$$libinit$$00000000) refers (Special) to libinit2.o(.ARM.Collect$$libinit$$00000023) for __rt_lib_init_clock_1
    libinit.o(.ARM.Collect$$libinit$$00000000) refers (Special) to libinit2.o(.ARM.Collect$$libinit$$00000034) for __rt_lib_init_cpp_1
    libinit.o(.ARM.Collect$$libinit$$00000000) refers (Special) to libinit2.o(.ARM.Collect$$libinit$$00000032) for __rt_lib_init_exceptions_1
    libinit.o(.ARM.Collect$$libinit$$00000000) refers (Special) to libinit2.o(.ARM.Collect$$libinit$$00000002) for __rt_lib_init_fp_1
    libinit.o(.ARM.Collect$$libinit$$00000000) refers (Special) to libinit2.o(.ARM.Collect$$libinit$$00000021) for __rt_lib_init_fp_trap_1
    libinit.o(.ARM.Collect$$libinit$$00000000) refers (Special) to libinit2.o(.ARM.Collect$$libinit$$00000025) for __rt_lib_init_getenv_1
    libinit.o(.ARM.Collect$$libinit$$00000000) refers (Special) to libinit2.o(.ARM.Collect$$libinit$$0000000C) for __rt_lib_init_heap_1
    libinit.o(.ARM.Collect$$libinit$$00000000) refers (Special) to libinit2.o(.ARM.Collect$$libinit$$00000013) for __rt_lib_init_lc_collate_1
    libinit.o(.ARM.Collect$$libinit$$00000000) refers (Special) to libinit2.o(.ARM.Collect$$libinit$$00000015) for __rt_lib_init_lc_ctype_1
    libinit.o(.ARM.Collect$$libinit$$00000000) refers (Special) to libinit2.o(.ARM.Collect$$libinit$$00000017) for __rt_lib_init_lc_monetary_1
    libinit.o(.ARM.Collect$$libinit$$00000000) refers (Special) to libinit2.o(.ARM.Collect$$libinit$$00000019) for __rt_lib_init_lc_numeric_1
    libinit.o(.ARM.Collect$$libinit$$00000000) refers (Special) to libinit2.o(.ARM.Collect$$libinit$$0000001B) for __rt_lib_init_lc_time_1
    libinit.o(.ARM.Collect$$libinit$$00000000) refers (Special) to libinit2.o(.ARM.Collect$$libinit$$00000006) for __rt_lib_init_preinit_1
    libinit.o(.ARM.Collect$$libinit$$00000000) refers (Special) to libinit2.o(.ARM.Collect$$libinit$$00000010) for __rt_lib_init_rand_1
    libinit.o(.ARM.Collect$$libinit$$00000000) refers (Special) to libinit2.o(.ARM.Collect$$libinit$$00000004) for __rt_lib_init_relocate_pie_1
    libinit.o(.ARM.Collect$$libinit$$00000000) refers (Special) to libinit2.o(.ARM.Collect$$libinit$$00000035) for __rt_lib_init_return
    libinit.o(.ARM.Collect$$libinit$$00000000) refers (Special) to libinit2.o(.ARM.Collect$$libinit$$0000001F) for __rt_lib_init_signal_1
    libinit.o(.ARM.Collect$$libinit$$00000000) refers (Special) to libinit2.o(.ARM.Collect$$libinit$$00000027) for __rt_lib_init_stdio_1
    libinit.o(.ARM.Collect$$libinit$$00000000) refers (Special) to libinit2.o(.ARM.Collect$$libinit$$0000000E) for __rt_lib_init_user_alloc_1
    libspace.o(.text) refers to libspace.o(.bss) for __libspace_start
    rtexit.o(.ARM.Collect$$rtexit$$00000000) refers (Special) to rtexit2.o(.ARM.Collect$$rtexit$$00000004) for __rt_exit_exit
    rtexit.o(.ARM.Collect$$rtexit$$00000000) refers (Special) to rtexit2.o(.ARM.Collect$$rtexit$$00000003) for __rt_exit_ls
    rtexit.o(.ARM.Collect$$rtexit$$00000000) refers (Special) to rtexit2.o(.ARM.Collect$$rtexit$$00000002) for __rt_exit_prels_1
    rtexit.o(.ARM.exidx) refers (Special) to rtexit2.o(.ARM.Collect$$rtexit$$00000004) for __rt_exit_exit
    rtexit.o(.ARM.exidx) refers (Special) to rtexit2.o(.ARM.Collect$$rtexit$$00000003) for __rt_exit_ls
    rtexit.o(.ARM.exidx) refers (Special) to rtexit2.o(.ARM.Collect$$rtexit$$00000002) for __rt_exit_prels_1
    rtexit.o(.ARM.exidx) refers to rtexit.o(.ARM.Collect$$rtexit$$00000000) for .ARM.Collect$$rtexit$$00000000
    rt_raise.o(.text) refers to __raise.o(.text) for __raise
    rt_raise.o(.text) refers to sys_exit.o(.text) for _sys_exit
    defsig_exit.o(.text) refers to sys_exit.o(.text) for _sys_exit
    defsig_fpe_inner.o(.text) refers to defsig_general.o(.text) for __default_signal_display
    libinit2.o(.ARM.Collect$$libinit$$00000012) refers to libinit2.o(.ARM.Collect$$libinit$$00000011) for .ARM.Collect$$libinit$$00000011
    libinit2.o(.ARM.Collect$$libinit$$00000014) refers to libinit2.o(.ARM.Collect$$libinit$$00000011) for .ARM.Collect$$libinit$$00000011
    libinit2.o(.ARM.Collect$$libinit$$00000016) refers to libinit2.o(.ARM.Collect$$libinit$$00000011) for .ARM.Collect$$libinit$$00000011
    libinit2.o(.ARM.Collect$$libinit$$00000018) refers to libinit2.o(.ARM.Collect$$libinit$$00000011) for .ARM.Collect$$libinit$$00000011
    libinit2.o(.ARM.Collect$$libinit$$0000001A) refers to libinit2.o(.ARM.Collect$$libinit$$00000011) for .ARM.Collect$$libinit$$00000011
    libinit2.o(.ARM.Collect$$libinit$$00000028) refers to argv_veneer.o(.emb_text) for __ARM_argv_veneer
    libinit2.o(.ARM.Collect$$libinit$$00000029) refers to argv_veneer.o(.emb_text) for __ARM_argv_veneer
    sys_exit.o(.text) refers (Special) to use_no_semi.o(.text) for __I$use$semihosting
    sys_exit.o(.text) refers (Special) to indicate_semi.o(.text) for __semihosting_library_function
    sys_exit_hlt.o(.text) refers (Special) to use_no_semi.o(.text) for __I$use$semihosting
    sys_exit_hlt.o(.text) refers (Special) to indicate_semi.o(.text) for __semihosting_library_function
    rtexit2.o(.ARM.Collect$$rtexit$$00000003) refers to libshutdown.o(.ARM.Collect$$libshutdown$$00000000) for __rt_lib_shutdown
    rtexit2.o(.ARM.Collect$$rtexit$$00000004) refers to sys_exit.o(.text) for _sys_exit
    rtexit2.o(.ARM.exidx) refers to rtexit2.o(.ARM.Collect$$rtexit$$00000001) for .ARM.Collect$$rtexit$$00000001
    rtexit2.o(.ARM.exidx) refers to rtexit2.o(.ARM.Collect$$rtexit$$00000003) for .ARM.Collect$$rtexit$$00000003
    rtexit2.o(.ARM.exidx) refers to rtexit2.o(.ARM.Collect$$rtexit$$00000004) for .ARM.Collect$$rtexit$$00000004
    __raise.o(.text) refers to defsig.o(CL$$defsig) for __default_signal_handler
    defsig_general.o(.text) refers to sys_wrch.o(.text) for _ttywrch
    argv_veneer.o(.emb_text) refers to no_argv.o(.text) for __ARM_get_argv
    sys_wrch.o(.text) refers (Special) to use_no_semi.o(.text) for __I$use$semihosting
    sys_wrch.o(.text) refers (Special) to indicate_semi.o(.text) for __semihosting_library_function
    sys_wrch_hlt.o(.text) refers (Special) to use_no_semi.o(.text) for __I$use$semihosting
    sys_wrch_hlt.o(.text) refers (Special) to indicate_semi.o(.text) for __semihosting_library_function
    defsig.o(CL$$defsig) refers to defsig_fpe_inner.o(.text) for __rt_SIGFPE_inner
    defsig.o(CL$$defsig) refers to defsig_rtmem_inner.o(.text) for __rt_SIGRTMEM_inner
    _get_argv_nomalloc.o(.text) refers (Special) to hrguard.o(.text) for __heap_region$guard
    _get_argv_nomalloc.o(.text) refers to defsig_rtmem_outer.o(.text) for __rt_SIGRTMEM
    _get_argv_nomalloc.o(.text) refers to sys_command.o(.text) for _sys_command_string
    libshutdown.o(.ARM.Collect$$libshutdown$$00000000) refers (Special) to libshutdown2.o(.ARM.Collect$$libshutdown$$00000002) for __rt_lib_shutdown_cpp_1
    libshutdown.o(.ARM.Collect$$libshutdown$$00000000) refers (Special) to libshutdown2.o(.ARM.Collect$$libshutdown$$00000007) for __rt_lib_shutdown_fp_trap_1
    libshutdown.o(.ARM.Collect$$libshutdown$$00000000) refers (Special) to libshutdown2.o(.ARM.Collect$$libshutdown$$0000000F) for __rt_lib_shutdown_heap_1
    libshutdown.o(.ARM.Collect$$libshutdown$$00000000) refers (Special) to libshutdown2.o(.ARM.Collect$$libshutdown$$00000010) for __rt_lib_shutdown_return
    libshutdown.o(.ARM.Collect$$libshutdown$$00000000) refers (Special) to libshutdown2.o(.ARM.Collect$$libshutdown$$0000000A) for __rt_lib_shutdown_signal_1
    libshutdown.o(.ARM.Collect$$libshutdown$$00000000) refers (Special) to libshutdown2.o(.ARM.Collect$$libshutdown$$00000004) for __rt_lib_shutdown_stdio_1
    libshutdown.o(.ARM.Collect$$libshutdown$$00000000) refers (Special) to libshutdown2.o(.ARM.Collect$$libshutdown$$0000000C) for __rt_lib_shutdown_user_alloc_1
    sys_command.o(.text) refers (Special) to use_no_semi.o(.text) for __I$use$semihosting
    sys_command.o(.text) refers (Special) to indicate_semi.o(.text) for __semihosting_library_function
    sys_command_hlt.o(.text) refers (Special) to use_no_semi.o(.text) for __I$use$semihosting
    sys_command_hlt.o(.text) refers (Special) to indicate_semi.o(.text) for __semihosting_library_function
    defsig_abrt_inner.o(.text) refers to defsig_general.o(.text) for __default_signal_display
    defsig_rtred_inner.o(.text) refers to defsig_general.o(.text) for __default_signal_display
    defsig_rtmem_inner.o(.text) refers to defsig_general.o(.text) for __default_signal_display
    defsig_rtmem_outer.o(.text) refers to defsig_rtmem_inner.o(.text) for __rt_SIGRTMEM_inner
    defsig_rtmem_outer.o(.text) refers to defsig_exit.o(.text) for __sig_exit
    defsig_rtmem_formal.o(.text) refers to rt_raise.o(.text) for __rt_raise
    defsig_stak_inner.o(.text) refers to defsig_general.o(.text) for __default_signal_display
    defsig_pvfn_inner.o(.text) refers to defsig_general.o(.text) for __default_signal_display
    defsig_cppl_inner.o(.text) refers to defsig_general.o(.text) for __default_signal_display
    defsig_segv_inner.o(.text) refers to defsig_general.o(.text) for __default_signal_display
    defsig_other.o(.text) refers to defsig_general.o(.text) for __default_signal_display


==============================================================================

Removing Unused input sections from the image.

    Removing adc.o(.text), (0 bytes).
    Removing adc.o(.ARM.exidx.text.adc_init_shared), (8 bytes).
    Removing adc.o(.ARM.exidx.text.adc_pin_config), (8 bytes).
    Removing adc.o(.ARM.exidx.text.adc_request_proximetre_avg), (8 bytes).
    Removing adc.o(.ARM.exidx.text.adc_is_proximetre_ready), (8 bytes).
    Removing adc.o(.ARM.exidx.text.adc_get_proximetre_value), (8 bytes).
    Removing adc.o(.ARM.exidx.text.adc_start_inductif_sequence), (8 bytes).
    Removing adc.o(.ARM.exidx.text.ADC_IRQHandler), (8 bytes).
    Removing buttons.o(.text), (0 bytes).
    Removing buttons.o(.ARM.exidx.text.init_buttons), (8 bytes).
    Removing buttons.o(.ARM.exidx.text.buttons_interrupt_routine), (8 bytes).
    Removing buttons.o(.text.test_buttons_module), (2 bytes).
    Removing buttons.o(.ARM.exidx.text.test_buttons_module), (8 bytes).
    Removing capteur_inductif.o(.text), (0 bytes).
    Removing capteur_inductif.o(.ARM.exidx.text.init_capteur_inductif), (8 bytes).
    Removing capteur_inductif.o(.ARM.exidx.text.capteur_inductif_interrupt_routine), (8 bytes).
    Removing capteur_inductif.o(.ARM.exidx.text.capteur_inductif_receive_wire_command), (8 bytes).
    Removing capteur_inductif.o(.text.get_envelope_period_us), (12 bytes).
    Removing capteur_inductif.o(.ARM.exidx.text.get_envelope_period_us), (8 bytes).
    Removing capteur_inductif.o(.ARM.exidx.text.capteur_inductif_update), (8 bytes).
    Removing capteur_inductif.o(.ARM.exidx.text.debug_inductif_send_frame), (8 bytes).
    Removing capteur_inductif.o(.text.test_capteur_inductif), (4 bytes).
    Removing capteur_inductif.o(.ARM.exidx.text.test_capteur_inductif), (8 bytes).
    Removing decode_enveloppe.o(.text), (0 bytes).
    Removing decode_enveloppe.o(.ARM.exidx.text.decode_enveloppe_commande), (8 bytes).
    Removing decode_enveloppe.o(.ARM.exidx.text.decode_enveloppe_process_command), (8 bytes).
    Removing decode_enveloppe.o(.text.decode_enveloppe_get_buffer_index), (60 bytes).
    Removing decode_enveloppe.o(.ARM.exidx.text.decode_enveloppe_get_buffer_index), (8 bytes).
    Removing decode_enveloppe.o(.text.test_print_buffer), (300 bytes).
    Removing decode_enveloppe.o(.ARM.exidx.text.test_print_buffer), (8 bytes).
    Removing decode_enveloppe.o(.rodata.str1.1), (5 bytes).
    Removing dtmf.o(.text), (0 bytes).
    Removing dtmf.o(.ARM.exidx.text.init_dtmf), (8 bytes).
    Removing dtmf.o(.ARM.exidx.text.dtmf_service), (8 bytes).
    Removing dtmf.o(.ARM.exidx.text.dtmf_interrupt_routine), (8 bytes).
    Removing dtmf.o(.text.test_dtmf_module), (4 bytes).
    Removing dtmf.o(.ARM.exidx.text.test_dtmf_module), (8 bytes).
    Removing emission_ir.o(.text), (0 bytes).
    Removing emission_ir.o(.ARM.exidx.text.init_pwm_ir), (8 bytes).
    Removing emission_ir.o(.ARM.exidx.text.init_timer_enveloppe), (8 bytes).
    Removing emission_ir.o(.ARM.exidx.text.preparer_trame), (8 bytes).
    Removing emission_ir.o(.ARM.exidx.text.emission_ir_interrupt_routine), (8 bytes).
    Removing emission_ir.o(.text.test_emission_ir), (10 bytes).
    Removing emission_ir.o(.ARM.exidx.text.test_emission_ir), (8 bytes).
    Removing interruptions.o(.text), (0 bytes).
    Removing interruptions.o(.ARM.exidx.text.SysTick_Handler), (8 bytes).
    Removing interruptions.o(.ARM.exidx.text.EINT3_IRQHandler), (8 bytes).
    Removing interruptions.o(.ARM.exidx.text.EINT1_IRQHandler), (8 bytes).
    Removing interruptions.o(.ARM.exidx.text.TIMER0_IRQHandler), (8 bytes).
    Removing interruptions.o(.ARM.exidx.text.TIMER3_IRQHandler), (8 bytes).
    Removing led_register.o(.text), (0 bytes).
    Removing led_register.o(.text.init_led_register), (106 bytes).
    Removing led_register.o(.ARM.exidx.text.init_led_register), (8 bytes).
    Removing led_register.o(.ARM.exidx.text.led_register_set), (8 bytes).
    Removing led_register.o(.ARM.exidx.text.led_register_clr), (8 bytes).
    Removing led_register.o(.text.led_register_write_all), (76 bytes).
    Removing led_register.o(.ARM.exidx.text.led_register_write_all), (8 bytes).
    Removing led_register.o(.text.led_register_get_state), (12 bytes).
    Removing led_register.o(.ARM.exidx.text.led_register_get_state), (8 bytes).
    Removing main.o(.text), (0 bytes).
    Removing main.o(.ARM.exidx.text.main), (8 bytes).
    Removing main.o(.ARM.use_no_argv), (4 bytes).
    Removing moteur.o(.text), (0 bytes).
    Removing moteur.o(.ARM.exidx.text.init_moteur_pwm), (8 bytes).
    Removing moteur.o(.text.changer_pwm_gauche), (4 bytes).
    Removing moteur.o(.ARM.exidx.text.changer_pwm_gauche), (8 bytes).
    Removing moteur.o(.text.changer_pwm_droite), (4 bytes).
    Removing moteur.o(.ARM.exidx.text.changer_pwm_droite), (8 bytes).
    Removing moteur.o(.text.changer_pwm_moteurs), (4 bytes).
    Removing moteur.o(.ARM.exidx.text.changer_pwm_moteurs), (8 bytes).
    Removing moteur.o(.ARM.exidx.text.init_moteurs_debug), (8 bytes).
    Removing moteur.o(.ARM.exidx.text.moteurs_interrupt_routine), (8 bytes).
    Removing moteur.o(.ARM.exidx.text.moteurs_receive_wire_command), (8 bytes).
    Removing moteur.o(.ARM.exidx.text.debug_moteurs_send_frame), (8 bytes).
    Removing moteur.o(.ARM.exidx.text.moteurs_send_frame), (8 bytes).
    Removing moteur.o(.text.test_moteurs_module), (8 bytes).
    Removing moteur.o(.ARM.exidx.text.test_moteurs_module), (8 bytes).
    Removing proximetre.o(.text), (0 bytes).
    Removing proximetre.o(.ARM.exidx.text.proximetre_timer_interrupt_routine), (8 bytes).
    Removing proximetre.o(.ARM.exidx.text.init_proximetre), (8 bytes).
    Removing proximetre.o(.ARM.exidx.text.proximetre_run_balayage), (8 bytes).
    Removing proximetre.o(.text.get_local_proxi_buffer), (34 bytes).
    Removing proximetre.o(.ARM.exidx.text.get_local_proxi_buffer), (8 bytes).
    Removing proximetre.o(.text.get_proxi_count), (12 bytes).
    Removing proximetre.o(.ARM.exidx.text.get_proxi_count), (8 bytes).
    Removing proximetre.o(.ARM.exidx.text.debug_proximetre_send_frame), (8 bytes).
    Removing proximetre.o(.text.test_proximetre_module), (148 bytes).
    Removing proximetre.o(.ARM.exidx.text.test_proximetre_module), (8 bytes).
    Removing pwm.o(.text), (0 bytes).
    Removing pwm.o(.ARM.exidx.text.pwm_init_moteurs), (8 bytes).
    Removing pwm.o(.text.pwm_set_moteur_gauche), (46 bytes).
    Removing pwm.o(.ARM.exidx.text.pwm_set_moteur_gauche), (8 bytes).
    Removing pwm.o(.text.pwm_set_moteur_droit), (46 bytes).
    Removing pwm.o(.ARM.exidx.text.pwm_set_moteur_droit), (8 bytes).
    Removing pwm.o(.text.pwm_set_moteurs), (70 bytes).
    Removing pwm.o(.ARM.exidx.text.pwm_set_moteurs), (8 bytes).
    Removing pwm.o(.ARM.exidx.text.pwm_init_ir), (8 bytes).
    Removing pwm.o(.ARM.exidx.text.pwm_enable_ir_output), (8 bytes).
    Removing pwm.o(.ARM.exidx.text.pwm_disable_ir_output), (8 bytes).
    Removing pwm.o(.ARM.exidx.text.pwm_reset_counter_ir), (8 bytes).
    Removing recep_spi.o(.text), (0 bytes).
    Removing recep_spi.o(.text.TOP_CLK), (64 bytes).
    Removing recep_spi.o(.ARM.exidx.text.TOP_CLK), (8 bytes).
    Removing recep_spi.o(.text.LIRE_bit), (16 bytes).
    Removing recep_spi.o(.ARM.exidx.text.LIRE_bit), (8 bytes).
    Removing recep_spi.o(.ARM.exidx.text.init_recep_spi), (8 bytes).
    Removing recep_spi.o(.ARM.exidx.text.set_spi), (8 bytes).
    Removing recep_spi.o(.ARM.exidx.text.recep_spi_interrupt_routine), (8 bytes).
    Removing robot_state.o(.text), (0 bytes).
    Removing robot_state.o(.ARM.exidx.text.init_robot_id_switches), (8 bytes).
    Removing robot_state.o(.ARM.exidx.text.update_robot_id_from_hardware), (8 bytes).
    Removing robot_state.o(.text.set_robot_number), (16 bytes).
    Removing robot_state.o(.ARM.exidx.text.set_robot_number), (8 bytes).
    Removing robot_state.o(.ARM.exidx.text.get_robot_number), (8 bytes).
    Removing robot_state.o(.ARM.exidx.text.set_vitesse_centrale), (8 bytes).
    Removing robot_state.o(.text.get_vitesse_centrale), (12 bytes).
    Removing robot_state.o(.ARM.exidx.text.get_vitesse_centrale), (8 bytes).
    Removing robot_state.o(.text.set_vitesse_commande), (12 bytes).
    Removing robot_state.o(.ARM.exidx.text.set_vitesse_commande), (8 bytes).
    Removing robot_state.o(.text.get_vitesse_commande), (12 bytes).
    Removing robot_state.o(.ARM.exidx.text.get_vitesse_commande), (8 bytes).
    Removing robot_state.o(.text.set_vitesse_reelle), (12 bytes).
    Removing robot_state.o(.ARM.exidx.text.set_vitesse_reelle), (8 bytes).
    Removing robot_state.o(.text.get_vitesse_reelle), (12 bytes).
    Removing robot_state.o(.ARM.exidx.text.get_vitesse_reelle), (8 bytes).
    Removing robot_state.o(.ARM.exidx.text.get_vitesse_code_ir), (8 bytes).
    Removing robot_state.o(.text.set_wire_measure), (28 bytes).
    Removing robot_state.o(.ARM.exidx.text.set_wire_measure), (8 bytes).
    Removing robot_state.o(.ARM.exidx.text.get_wire_measure), (8 bytes).
    Removing robot_state.o(.text.set_wheel_delta), (28 bytes).
    Removing robot_state.o(.ARM.exidx.text.set_wheel_delta), (8 bytes).
    Removing robot_state.o(.text.get_wheel_delta), (28 bytes).
    Removing robot_state.o(.ARM.exidx.text.get_wheel_delta), (8 bytes).
    Removing robot_state.o(.ARM.exidx.text.set_robot_status), (8 bytes).
    Removing robot_state.o(.ARM.exidx.text.get_robot_status), (8 bytes).
    Removing robot_state.o(.text.set_motor_pwms), (22 bytes).
    Removing robot_state.o(.ARM.exidx.text.set_motor_pwms), (8 bytes).
    Removing robot_state.o(.ARM.exidx.text.get_motor_pwms), (8 bytes).
    Removing robot_state.o(.text.set_motor_speeds), (22 bytes).
    Removing robot_state.o(.ARM.exidx.text.set_motor_speeds), (8 bytes).
    Removing robot_state.o(.ARM.exidx.text.get_motor_speeds), (8 bytes).
    Removing robot_state.o(.ARM.exidx.text.set_capteur_averages), (8 bytes).
    Removing robot_state.o(.ARM.exidx.text.get_capteur_averages), (8 bytes).
    Removing robot_state.o(.text.set_proxi_distances), (28 bytes).
    Removing robot_state.o(.ARM.exidx.text.set_proxi_distances), (8 bytes).
    Removing robot_state.o(.text.get_proxi_distances), (24 bytes).
    Removing robot_state.o(.ARM.exidx.text.get_proxi_distances), (8 bytes).
    Removing robot_state.o(.ARM.exidx.text.set_proxi_distance_at_angle), (8 bytes).
    Removing robot_state.o(.text.get_proxi_distance_at_angle), (48 bytes).
    Removing robot_state.o(.ARM.exidx.text.get_proxi_distance_at_angle), (8 bytes).
    Removing robot_state.o(.ARM.exidx.text.set_wire_trame), (8 bytes).
    Removing robot_state.o(.ARM.exidx.text.get_wire_trame), (8 bytes).
    Removing robot_state.o(.text.set_spi_variables), (44 bytes).
    Removing robot_state.o(.ARM.exidx.text.set_spi_variables), (8 bytes).
    Removing robot_state.o(.text.get_spi_variables), (66 bytes).
    Removing robot_state.o(.ARM.exidx.text.get_spi_variables), (8 bytes).
    Removing robot_state.o(.ARM.exidx.text.set_flag_50hz), (8 bytes).
    Removing robot_state.o(.ARM.exidx.text.get_flag_50hz), (8 bytes).
    Removing robot_state.o(.ARM.exidx.text.set_ir_sequence_at), (8 bytes).
    Removing robot_state.o(.ARM.exidx.text.get_ir_sequence_at), (8 bytes).
    Removing robot_state.o(.ARM.exidx.text.set_ir_seq_index), (8 bytes).
    Removing robot_state.o(.ARM.exidx.text.get_ir_seq_index), (8 bytes).
    Removing robot_state.o(.ARM.exidx.text.set_ir_seq_length), (8 bytes).
    Removing robot_state.o(.ARM.exidx.text.get_ir_seq_length), (8 bytes).
    Removing robot_state.o(.ARM.exidx.text.set_ir_frame_counter), (8 bytes).
    Removing robot_state.o(.ARM.exidx.text.get_ir_frame_counter), (8 bytes).
    Removing robot_state.o(.bss.current_vitesse_commande), (4 bytes).
    Removing robot_state.o(.bss.current_wheel_delta), (12 bytes).
    Removing robot_state.o(.bss.spi_vg), (1 bytes).
    Removing robot_state.o(.bss.spi_vd), (1 bytes).
    Removing robot_state.o(.bss.spi_pg), (1 bytes).
    Removing robot_state.o(.bss.spi_pd), (1 bytes).
    Removing status.o(.text), (0 bytes).
    Removing status.o(.ARM.exidx.text.init_status_led), (8 bytes).
    Removing status.o(.ARM.exidx.text.set_status_led), (8 bytes).
    Removing status.o(.text.test_status_module), (222 bytes).
    Removing status.o(.ARM.exidx.text.test_status_module), (8 bytes).
    Removing timers.o(.text), (0 bytes).
    Removing timers.o(.ARM.exidx.text.timer0_init), (8 bytes).
    Removing timers.o(.ARM.exidx.text.timer0_start), (8 bytes).
    Removing timers.o(.text.timer0_stop), (18 bytes).
    Removing timers.o(.ARM.exidx.text.timer0_stop), (8 bytes).
    Removing timers.o(.ARM.exidx.text.timer2_init_free_running), (8 bytes).
    Removing timers.o(.ARM.exidx.text.timer2_get_tc), (8 bytes).
    Removing timers.o(.ARM.exidx.text.timer3_init_servo), (8 bytes).
    Removing timers.o(.ARM.exidx.text.timer3_get_tc), (8 bytes).
    Removing timers.o(.ARM.exidx.text.timer3_get_match0), (8 bytes).
    Removing timers.o(.ARM.exidx.text.timer3_set_match0), (8 bytes).
    Removing timers.o(.ARM.exidx.text.timer3_set_match1), (8 bytes).
    Removing timers.o(.ARM.exidx.text.timer3_clear_interrupt), (8 bytes).
    Removing uart.o(.text), (0 bytes).
    Removing uart.o(.ARM.exidx.text.init_uart0), (8 bytes).
    Removing uart.o(.text.uart0_send_char), (18 bytes).
    Removing uart.o(.ARM.exidx.text.uart0_send_char), (8 bytes).
    Removing uart.o(.ARM.exidx.text.uart0_send_string), (8 bytes).
    Removing uart.o(.text.uart0_send_frame), (40 bytes).
    Removing uart.o(.ARM.exidx.text.uart0_send_frame), (8 bytes).
    Removing system_lpc17xx.o(.text), (0 bytes).
    Removing system_lpc17xx.o(.text.SystemCoreClockUpdate), (210 bytes).
    Removing system_lpc17xx.o(.ARM.exidx.text.SystemCoreClockUpdate), (8 bytes).
    Removing system_lpc17xx.o(.ARM.exidx.text.SystemInit), (8 bytes).

201 unused section(s) (total 3049 bytes) removed from the image.
