Component: ARM Compiler 6.14 Tool: armlink [5db06800]

==============================================================================

Section Cross References

    buttons.o(.ARM.exidx.text.buttons_init) refers to buttons.o(.text.buttons_init) for [Anonymous Symbol]
    buttons.o(.text.buttons_check) refers to robotstate.o(.text.set_robot_status) for set_robot_status
    buttons.o(.text.buttons_check) refers to status.o(.text.changementDeStatus) for changementDeStatus
    buttons.o(.ARM.exidx.text.buttons_check) refers to buttons.o(.text.buttons_check) for [Anonymous Symbol]
    capteurinductif.o(.text) refers (Special) to _printf_d.o(.ARM.Collect$$_printf_percent$$00000009) for _printf_d
    capteurinductif.o(.text) refers (Special) to _printf_dec.o(.text) for _printf_int_dec
    capteurinductif.o(.text) refers (Special) to _printf_hex_int.o(.text) for _printf_longlong_hex
    capteurinductif.o(.text) refers (Special) to _printf_percent.o(.ARM.Collect$$_printf_percent$$00000000) for _printf_percent
    capteurinductif.o(.text) refers (Special) to _printf_pad.o(.text) for _printf_pre_padding
    capteurinductif.o(.text) refers (Special) to _printf_x.o(.ARM.Collect$$_printf_percent$$0000000C) for _printf_x
    capteurinductif.o(.text.init_capteur_inductif) refers (Special) to _printf_d.o(.ARM.Collect$$_printf_percent$$00000009) for _printf_d
    capteurinductif.o(.text.init_capteur_inductif) refers (Special) to _printf_dec.o(.text) for _printf_int_dec
    capteurinductif.o(.text.init_capteur_inductif) refers (Special) to _printf_hex_int.o(.text) for _printf_longlong_hex
    capteurinductif.o(.text.init_capteur_inductif) refers (Special) to _printf_percent.o(.ARM.Collect$$_printf_percent$$00000000) for _printf_percent
    capteurinductif.o(.text.init_capteur_inductif) refers (Special) to _printf_pad.o(.text) for _printf_pre_padding
    capteurinductif.o(.text.init_capteur_inductif) refers (Special) to _printf_x.o(.ARM.Collect$$_printf_percent$$0000000C) for _printf_x
    capteurinductif.o(.text.init_capteur_inductif) refers to capteurinductif.o(.text.init_adc) for init_adc
    capteurinductif.o(.text.init_capteur_inductif) refers to capteurinductif.o(.text.init_clock) for init_clock
    capteurinductif.o(.text.init_capteur_inductif) refers to capteurinductif.o(.text.init_enveloppe) for init_enveloppe
    capteurinductif.o(.text.init_capteur_inductif) refers to capteurinductif.o(.text.init_switches) for init_switches
    capteurinductif.o(.text.init_capteur_inductif) refers to capteurinductif.o(.bss.ind_hw_mode) for ind_hw_mode
    capteurinductif.o(.text.init_capteur_inductif) refers to capteurinductif.o(.text.__NVIC_EnableIRQ) for __NVIC_EnableIRQ
    capteurinductif.o(.ARM.exidx.text.init_capteur_inductif) refers (Special) to _printf_d.o(.ARM.Collect$$_printf_percent$$00000009) for _printf_d
    capteurinductif.o(.ARM.exidx.text.init_capteur_inductif) refers (Special) to _printf_dec.o(.text) for _printf_int_dec
    capteurinductif.o(.ARM.exidx.text.init_capteur_inductif) refers (Special) to _printf_hex_int.o(.text) for _printf_longlong_hex
    capteurinductif.o(.ARM.exidx.text.init_capteur_inductif) refers (Special) to _printf_percent.o(.ARM.Collect$$_printf_percent$$00000000) for _printf_percent
    capteurinductif.o(.ARM.exidx.text.init_capteur_inductif) refers (Special) to _printf_pad.o(.text) for _printf_pre_padding
    capteurinductif.o(.ARM.exidx.text.init_capteur_inductif) refers (Special) to _printf_x.o(.ARM.Collect$$_printf_percent$$0000000C) for _printf_x
    capteurinductif.o(.ARM.exidx.text.init_capteur_inductif) refers to capteurinductif.o(.text.init_capteur_inductif) for [Anonymous Symbol]
    capteurinductif.o(.text.init_adc) refers (Special) to _printf_d.o(.ARM.Collect$$_printf_percent$$00000009) for _printf_d
    capteurinductif.o(.text.init_adc) refers (Special) to _printf_dec.o(.text) for _printf_int_dec
    capteurinductif.o(.text.init_adc) refers (Special) to _printf_hex_int.o(.text) for _printf_longlong_hex
    capteurinductif.o(.text.init_adc) refers (Special) to _printf_percent.o(.ARM.Collect$$_printf_percent$$00000000) for _printf_percent
    capteurinductif.o(.text.init_adc) refers (Special) to _printf_pad.o(.text) for _printf_pre_padding
    capteurinductif.o(.text.init_adc) refers (Special) to _printf_x.o(.ARM.Collect$$_printf_percent$$0000000C) for _printf_x
    capteurinductif.o(.ARM.exidx.text.init_adc) refers (Special) to _printf_d.o(.ARM.Collect$$_printf_percent$$00000009) for _printf_d
    capteurinductif.o(.ARM.exidx.text.init_adc) refers (Special) to _printf_dec.o(.text) for _printf_int_dec
    capteurinductif.o(.ARM.exidx.text.init_adc) refers (Special) to _printf_hex_int.o(.text) for _printf_longlong_hex
    capteurinductif.o(.ARM.exidx.text.init_adc) refers (Special) to _printf_percent.o(.ARM.Collect$$_printf_percent$$00000000) for _printf_percent
[...]
    Removing capteurinductif.o(.ARM.exidx.text.__NVIC_EnableIRQ), (8 bytes).
    Removing capteurinductif.o(.ARM.exidx.text.capteurInductif_interrupt_routine), (8 bytes).
    Removing capteurinductif.o(.ARM.exidx.text.update_switch_mode_from_gpio), (8 bytes).
    Removing capteurinductif.o(.ARM.exidx.text.adc_read), (8 bytes).
    Removing capteurinductif.o(.text.capteurInductif_receive_wire_command), (38 bytes).
    Removing capteurinductif.o(.ARM.exidx.text.capteurInductif_receive_wire_command), (8 bytes).
    Removing capteurinductif.o(.text.get_envelope_period_us), (6 bytes).
    Removing capteurinductif.o(.ARM.exidx.text.get_envelope_period_us), (8 bytes).
    Removing capteurinductif.o(.ARM.exidx.text.debug_inductif_send_frame), (8 bytes).
    Removing decode_enveloppe.o(.text), (0 bytes).
    Removing decode_enveloppe.o(.ARM.exidx.text.decode_enveloppe_commande), (8 bytes).
    Removing dtmf.o(.text), (0 bytes).
    Removing dtmf.o(.text.init_dtmf), (86 bytes).
    Removing dtmf.o(.ARM.exidx.text.init_dtmf), (8 bytes).
    Removing dtmf.o(.text.__NVIC_EnableIRQ), (16 bytes).
    Removing dtmf.o(.ARM.exidx.text.__NVIC_EnableIRQ), (8 bytes).
    Removing dtmf.o(.ARM.exidx.text.process_dtmf_commands), (8 bytes).
    Removing dtmf.o(.ARM.exidx.text.update_status_leds), (8 bytes).
    Removing dtmf.o(.ARM.exidx.text.dtmf_interrupt_routine), (8 bytes).
    Removing emissionir.o(.text), (0 bytes).
    Removing emissionir.o(.ARM.exidx.text.init_PWM_IR), (8 bytes).
    Removing emissionir.o(.ARM.exidx.text.init_Timer_Enveloppe), (8 bytes).
    Removing emissionir.o(.ARM.exidx.text.__NVIC_EnableIRQ), (8 bytes).
    Removing emissionir.o(.ARM.exidx.text.emissionIR_interrupt_routine), (8 bytes).
    Removing emissionir.o(.ARM.exidx.text.update_PWM_state), (8 bytes).
    Removing emissionir.o(.text.mainTestEmissionIR), (14 bytes).
    Removing emissionir.o(.ARM.exidx.text.mainTestEmissionIR), (8 bytes).
    Removing interruptions.o(.text), (0 bytes).
    Removing interruptions.o(.ARM.exidx.text.SysTick_Handler), (8 bytes).
    Removing interruptions.o(.ARM.exidx.text.EINT3_IRQHandler), (8 bytes).
    Removing interruptions.o(.ARM.exidx.text.EINT1_IRQHandler), (8 bytes).
    Removing interruptions.o(.ARM.exidx.text.TIMER0_IRQHandler), (8 bytes).
    Removing main.o(.text), (0 bytes).
    Removing main.o(.ARM.exidx.text.main), (8 bytes).
    Removing main.o(.ARM.exidx.text.SysTick_Config), (8 bytes).
    Removing main.o(.ARM.exidx.text.__NVIC_SetPriority), (8 bytes).
    Removing main.o(.ARM.use_no_argv), (4 bytes).
    Removing moteur.o(.text), (0 bytes).
    Removing moteur.o(.text.Init_Moteur_PWM), (98 bytes).
    Removing moteur.o(.ARM.exidx.text.Init_Moteur_PWM), (8 bytes).
    Removing moteur.o(.ARM.exidx.text.init_moteurs_debug), (8 bytes).
    Removing moteur.o(.ARM.exidx.text.init_moteurs_switches), (8 bytes).
    Removing moteur.o(.ARM.exidx.text.moteurs_update_mode_from_gpio), (8 bytes).
    Removing moteur.o(.ARM.exidx.text.__NVIC_EnableIRQ), (8 bytes).
    Removing moteur.o(.text.Changer_PWM_Gauche), (34 bytes).
    Removing moteur.o(.ARM.exidx.text.Changer_PWM_Gauche), (8 bytes).
    Removing moteur.o(.text.Changer_PWM_Droite), (34 bytes).
    Removing moteur.o(.ARM.exidx.text.Changer_PWM_Droite), (8 bytes).
    Removing moteur.o(.text.Changer_PWM_Moteurs), (52 bytes).
    Removing moteur.o(.ARM.exidx.text.Changer_PWM_Moteurs), (8 bytes).
    Removing moteur.o(.ARM.exidx.text.moteurs_interrupt_routine), (8 bytes).
    Removing moteur.o(.text.moteurs_receive_wire_command), (38 bytes).
    Removing moteur.o(.ARM.exidx.text.moteurs_receive_wire_command), (8 bytes).
    Removing moteur.o(.ARM.exidx.text.debug_moteurs_send_frame), (8 bytes).
    Removing moteur.o(.ARM.exidx.text.moteurs_send_frame), (8 bytes).
    Removing proximetre.o(.text), (0 bytes).
    Removing proximetre.o(.ARM.exidx.text.init_proximetre), (8 bytes).
    Removing proximetre.o(.ARM.exidx.text.init_proximetre_switches), (8 bytes).
    Removing proximetre.o(.ARM.exidx.text.proximetre_update_mode_from_gpio), (8 bytes).
    Removing proximetre.o(.ARM.exidx.text.__NVIC_EnableIRQ), (8 bytes).
    Removing proximetre.o(.ARM.exidx.text.proximetre_interrupt_routine), (8 bytes).
    Removing proximetre.o(.text.debug_proximetre_send_frame), (96 bytes).
    Removing proximetre.o(.ARM.exidx.text.debug_proximetre_send_frame), (8 bytes).
    Removing proximetre.o(.rodata.str1.1), (3 bytes).
    Removing recepspi.o(.text), (0 bytes).
    Removing recepspi.o(.text.initClk), (56 bytes).
    Removing recepspi.o(.ARM.exidx.text.initClk), (8 bytes).
    Removing recepspi.o(.text.__NVIC_EnableIRQ), (16 bytes).
    Removing recepspi.o(.ARM.exidx.text.__NVIC_EnableIRQ), (8 bytes).
    Removing recepspi.o(.text.initMISO), (34 bytes).
    Removing recepspi.o(.ARM.exidx.text.initMISO), (8 bytes).
    Removing recepspi.o(.text.initCS1234), (114 bytes).
    Removing recepspi.o(.ARM.exidx.text.initCS1234), (8 bytes).
    Removing recepspi.o(.text.setCSVal), (112 bytes).
    Removing recepspi.o(.ARM.exidx.text.setCSVal), (8 bytes).
    Removing recepspi.o(.ARM.exidx.text.recepSPI_interrupt_routine), (8 bytes).
    Removing robotstate.o(.text), (0 bytes).
    Removing robotstate.o(.text.set_robot_number), (16 bytes).
    Removing robotstate.o(.ARM.exidx.text.set_robot_number), (8 bytes).
    Removing robotstate.o(.ARM.exidx.text.get_robot_number), (8 bytes).
    Removing robotstate.o(.text.set_robot_vitesse), (16 bytes).
    Removing robotstate.o(.ARM.exidx.text.set_robot_vitesse), (8 bytes).
    Removing robotstate.o(.ARM.exidx.text.get_robot_vitesse), (8 bytes).
    Removing robotstate.o(.text.set_robot_status), (12 bytes).
    Removing robotstate.o(.ARM.exidx.text.set_robot_status), (8 bytes).
    Removing robotstate.o(.ARM.exidx.text.get_robot_status), (8 bytes).
    Removing robotstate.o(.text.set_motor_pwms), (2 bytes).
    Removing robotstate.o(.ARM.exidx.text.set_motor_pwms), (8 bytes).
    Removing robotstate.o(.ARM.exidx.text.get_motor_pwms), (8 bytes).
    Removing robotstate.o(.text.set_motor_speeds), (2 bytes).
    Removing robotstate.o(.ARM.exidx.text.set_motor_speeds), (8 bytes).
    Removing robotstate.o(.ARM.exidx.text.get_motor_speeds), (8 bytes).
    Removing robotstate.o(.text.set_inductif_values), (2 bytes).
    Removing robotstate.o(.ARM.exidx.text.set_inductif_values), (8 bytes).
    Removing robotstate.o(.ARM.exidx.text.get_inductif_values), (8 bytes).
    Removing robotstate.o(.ARM.exidx.text.set_capteur_averages), (8 bytes).
    Removing robotstate.o(.ARM.exidx.text.get_capteur_averages), (8 bytes).
    Removing robotstate.o(.text.set_proxi_distances), (32 bytes).
    Removing robotstate.o(.ARM.exidx.text.set_proxi_distances), (8 bytes).
    Removing robotstate.o(.text.get_proxi_distances), (60 bytes).
    Removing robotstate.o(.ARM.exidx.text.get_proxi_distances), (8 bytes).
    Removing robotstate.o(.text.set_proxi_distance_at_angle), (40 bytes).
    Removing robotstate.o(.ARM.exidx.text.set_proxi_distance_at_angle), (8 bytes).
    Removing robotstate.o(.text.normalize_angle), (38 bytes).
    Removing robotstate.o(.ARM.exidx.text.normalize_angle), (8 bytes).
    Removing robotstate.o(.text.get_proxi_distance_at_angle), (52 bytes).
    Removing robotstate.o(.ARM.exidx.text.get_proxi_distance_at_angle), (8 bytes).
    Removing robotstate.o(.ARM.exidx.text.set_debug_uart_enabled), (8 bytes).
    Removing robotstate.o(.ARM.exidx.text.get_debug_uart_enabled), (8 bytes).
    Removing robotstate.o(.bss.proxi_dists), (288 bytes).
    Removing status.o(.text), (0 bytes).
    Removing status.o(.text.delay), (44 bytes).
    Removing status.o(.ARM.exidx.text.delay), (8 bytes).
    Removing status.o(.text.initLedChangementStatus), (90 bytes).
    Removing status.o(.ARM.exidx.text.initLedChangementStatus), (8 bytes).
    Removing status.o(.text.changementDeStatus), (94 bytes).
    Removing status.o(.ARM.exidx.text.changementDeStatus), (8 bytes).
    Removing status.o(.text.mainTestStatusLED), (58 bytes).
    Removing status.o(.ARM.exidx.text.mainTestStatusLED), (8 bytes).
    Removing toolsir.o(.text), (0 bytes).
    Removing toolsir.o(.ARM.exidx.text.preparer_trame), (8 bytes).
    Removing uart.o(.text), (0 bytes).
    Removing uart.o(.ARM.exidx.text.init_uart0), (8 bytes).
    Removing uart.o(.ARM.exidx.text.uart0_send_char), (8 bytes).
    Removing uart.o(.ARM.exidx.text.uart0_send_string), (8 bytes).
    Removing system_lpc17xx.o(.text), (0 bytes).
    Removing system_lpc17xx.o(.text.SystemCoreClockUpdate), (248 bytes).
    Removing system_lpc17xx.o(.ARM.exidx.text.SystemCoreClockUpdate), (8 bytes).
    Removing system_lpc17xx.o(.ARM.exidx.text.SystemInit), (8 bytes).

140 unused section(s) (total 2749 bytes) removed from the image.

==============================================================================

Image Symbol Table

    Local Symbols

    Symbol Name                              Value     Ov Type        Size  Object(Section)

    ../clib/angel/boardlib.s                 0x00000000   Number         0  boardinit1.o ABSOLUTE
    ../clib/angel/boardlib.s                 0x00000000   Number         0  boardinit2.o ABSOLUTE
    ../clib/angel/boardlib.s                 0x00000000   Number         0  boardinit3.o ABSOLUTE
    ../clib/angel/boardlib.s                 0x00000000   Number         0  boardshut.o ABSOLUTE
    ../clib/angel/handlers.s                 0x00000000   Number         0  __scatter_copy.o ABSOLUTE
    ../clib/angel/handlers.s                 0x00000000   Number         0  __scatter_zi.o ABSOLUTE
    ../clib/angel/kernel.s                   0x00000000   Number         0  __rtentry.o ABSOLUTE
    ../clib/angel/kernel.s                   0x00000000   Number         0  __rtentry2.o ABSOLUTE
    ../clib/angel/kernel.s                   0x00000000   Number         0  __rtentry4.o ABSOLUTE
    ../clib/angel/kernel.s                   0x00000000   Number         0  rtexit.o ABSOLUTE
    ../clib/angel/kernel.s                   0x00000000   Number         0  rtexit2.o ABSOLUTE
    ../clib/angel/rt.s                       0x00000000   Number         0  aeabi_ldiv0.o ABSOLUTE
    ../clib/angel/rt.s                       0x00000000   Number         0  aeabi_ldiv0_sigfpe.o ABSOLUTE
    ../clib/angel/rt.s                       0x00000000   Number         0  rt_div0.o ABSOLUTE
    ../clib/angel/rt.s                       0x00000000   Number         0  rt_raise.o ABSOLUTE
    ../clib/angel/scatter.s                  0x00000000   Number         0  __scatter.o ABSOLUTE
    ../clib/angel/startup.s                  0x00000000   Number         0  __main.o ABSOLUTE
    ../clib/angel/sys.s                      0x00000000   Number         0  sys_stackheap_outer.o ABSOLUTE
    ../clib/angel/sys.s                      0x00000000   Number         0  libspace.o ABSOLUTE
    ../clib/angel/sys.s                      0x00000000   Number         0  use_no_semi.o ABSOLUTE
    ../clib/angel/sys.s                      0x00000000   Number         0  indicate_semi.o ABSOLUTE
    ../clib/angel/sysapp.c                   0x00000000   Number         0  sys_exit.o ABSOLUTE
    ../clib/angel/sysapp.c                   0x00000000   Number         0  sys_exit_hlt.o ABSOLUTE
    ../clib/angel/sysapp.c                   0x00000000   Number         0  sys_wrch.o ABSOLUTE
    ../clib/angel/sysapp.c                   0x00000000   Number         0  sys_wrch_hlt.o ABSOLUTE
    ../clib/angel/sysapp.c                   0x00000000   Number         0  sys_command.o ABSOLUTE
    ../clib/angel/sysapp.c                   0x00000000   Number         0  sys_command_hlt.o ABSOLUTE
    ../clib/armsys.c                         0x00000000   Number         0  argv_veneer.o ABSOLUTE
    ../clib/armsys.c                         0x00000000   Number         0  argv_veneer.o ABSOLUTE
    ../clib/armsys.c                         0x00000000   Number         0  _get_argv_nomalloc.o ABSOLUTE
    ../clib/armsys.c                         0x00000000   Number         0  no_argv.o ABSOLUTE
    ../clib/heapalloc.c                      0x00000000   Number         0  hrguard.o ABSOLUTE
    ../clib/heapaux.c                        0x00000000   Number         0  heapauxi.o ABSOLUTE
    ../clib/libinit.s                        0x00000000   Number         0  libinit.o ABSOLUTE
    ../clib/libinit.s                        0x00000000   Number         0  libinit2.o ABSOLUTE
    ../clib/libinit.s                        0x00000000   Number         0  libshutdown.o ABSOLUTE
    ../clib/libinit.s                        0x00000000   Number         0  libshutdown2.o ABSOLUTE
    ../clib/longlong.s                       0x00000000   Number         0  lludivv7m.o ABSOLUTE
    ../clib/memcpset.s                       0x00000000   Number         0  rt_memcpy_v6.o ABSOLUTE
    ../clib/memcpset.s                       0x00000000   Number         0  rt_memcpy_w.o ABSOLUTE
    ../clib/misc.s                           0x00000000   Number         0  printf_stubs.o ABSOLUTE
    ../clib/printf.c                         0x00000000   Number         0  __2sprintf.o ABSOLUTE
    ../clib/printf.c                         0x00000000   Number         0  noretval__2sprintf.o ABSOLUTE
    ../clib/printf.c                         0x00000000   Number         0  __printf.o ABSOLUTE
    ../clib/printf.c                         0x00000000   Number         0  _printf_pad.o ABSOLUTE
    ../clib/printf.c                         0x00000000   Number         0  _printf_str.o ABSOLUTE
    ../clib/printf.c                         0x00000000   Number         0  _printf_dec.o ABSOLUTE
    ../clib/printf.c                         0x00000000   Number         0  _printf_hex_ll.o ABSOLUTE
    ../clib/printf.c                         0x00000000   Number         0  _printf_hex_int.o ABSOLUTE
    ../clib/printf.c                         0x00000000   Number         0  _printf_hex_int_ll.o ABSOLUTE
    ../clib/printf.c                         0x00000000   Number         0  _printf_hex_ptr.o ABSOLUTE
    ../clib/printf.c                         0x00000000   Number         0  _printf_hex_int_ptr.o ABSOLUTE
    ../clib/printf.c                         0x00000000   Number         0  _printf_hex_ll_ptr.o ABSOLUTE
    ../clib/printf.c                         0x00000000   Number         0  _printf_hex_int_ll_ptr.o ABSOLUTE
    ../clib/printf.c                         0x00000000   Number         0  __printf_flags.o ABSOLUTE
    ../clib/printf.c                         0x00000000   Number         0  __printf_ss.o ABSOLUTE
    ../clib/printf.c                         0x00000000   Number         0  __printf_flags_ss.o ABSOLUTE
    ../clib/printf.c                         0x00000000   Number         0  __printf_wp.o ABSOLUTE
    ../clib/printf.c                         0x00000000   Number         0  __printf_flags_wp.o ABSOLUTE
    ../clib/printf.c                         0x00000000   Number         0  __printf_ss_wp.o ABSOLUTE
    ../clib/printf.c                         0x00000000   Number         0  __printf_flags_ss_wp.o ABSOLUTE
    ../clib/printf.c                         0x00000000   Number         0  _printf_intcommon.o ABSOLUTE
    ../clib/printf.c                         0x00000000   Number         0  _printf_char_common.o ABSOLUTE
    ../clib/printf.c                         0x00000000   Number         0  _sputc.o ABSOLUTE
    ../clib/printf.c                         0x00000000   Number         0  _printf_char.o ABSOLUTE
    ../clib/printf.c                         0x00000000   Number         0  __printf_nopercent.o ABSOLUTE
    ../clib/printf_percent.s                 0x00000000   Number         0  _printf_c.o ABSOLUTE
    ../clib/printf_percent.s                 0x00000000   Number         0  _printf_x.o ABSOLUTE
    ../clib/printf_percent.s                 0x00000000   Number         0  _printf_d.o ABSOLUTE
    ../clib/printf_percent.s                 0x00000000   Number         0  _printf_percent.o ABSOLUTE
    ../clib/printf_percent.s                 0x00000000   Number         0  _printf_percent_end.o ABSOLUTE
    ../clib/signal.c                         0x00000000   Number         0  defsig_fpe_outer.o ABSOLUTE
    ../clib/signal.c                         0x00000000   Number         0  defsig_fpe_formal.o ABSOLUTE
    ../clib/signal.c                         0x00000000   Number         0  defsig_exit.o ABSOLUTE
    ../clib/signal.c                         0x00000000   Number         0  defsig_fpe_inner.o ABSOLUTE
    ../clib/signal.c                         0x00000000   Number         0  __raise.o ABSOLUTE
    ../clib/signal.c                         0x00000000   Number         0  defsig_general.o ABSOLUTE
    ../clib/signal.c                         0x00000000   Number         0  defsig_abrt_inner.o ABSOLUTE
    ../clib/signal.c                         0x00000000   Number         0  defsig_rtred_inner.o ABSOLUTE
    ../clib/signal.c                         0x00000000   Number         0  defsig_rtmem_inner.o ABSOLUTE
    ../clib/signal.c                         0x00000000   Number         0  defsig_rtmem_outer.o ABSOLUTE
    ../clib/signal.c                         0x00000000   Number         0  defsig_rtmem_formal.o ABSOLUTE
    ../clib/signal.c                         0x00000000   Number         0  defsig_stak_inner.o ABSOLUTE
    ../clib/signal.c                         0x00000000   Number         0  defsig_pvfn_inner.o ABSOLUTE
    ../clib/signal.c                         0x00000000   Number         0  defsig_cppl_inner.o ABSOLUTE
    ../clib/signal.c                         0x00000000   Number         0  defsig_segv_inner.o ABSOLUTE
    ../clib/signal.c                         0x00000000   Number         0  defsig_other.o ABSOLUTE
    ../clib/signal.s                         0x00000000   Number         0  defsig.o ABSOLUTE
    ../clib/stdlib.c                         0x00000000   Number         0  exit.o ABSOLUTE
    ../clib/string.c                         0x00000000   Number         0  strlen.o ABSOLUTE
    ../fplib/fpinit.s                        0x00000000   Number         0  fpinit.o ABSOLUTE
    ../fplib/fpinit_empty.s                  0x00000000   Number         0  fpinit_empty.o ABSOLUTE
    RTE/Device/LPC1769/startup_LPC17xx.s     0x00000000   Number         0  startup_lpc17xx.o ABSOLUTE
    buttons.c                                0x00000000   Number         0  buttons.o ABSOLUTE
    capteurInductif.c                        0x00000000   Number         0  capteurinductif.o ABSOLUTE
    dc.s                                     0x00000000   Number         0  dc.o ABSOLUTE
    decode_enveloppe.c                       0x00000000   Number         0  decode_enveloppe.o ABSOLUTE
    dtmf.c                                   0x00000000   Number         0  dtmf.o ABSOLUTE
    emissionIR.c                             0x00000000   Number         0  emissionir.o ABSOLUTE
    interruptions.c                          0x00000000   Number         0  interruptions.o ABSOLUTE
    main.c                                   0x00000000   Number         0  main.o ABSOLUTE
    moteur.c                                 0x00000000   Number         0  moteur.o ABSOLUTE
    proximetre.c                             0x00000000   Number         0  proximetre.o ABSOLUTE
    recepSPI.c                               0x00000000   Number         0  recepspi.o ABSOLUTE
    robotState.c                             0x00000000   Number         0  robotstate.o ABSOLUTE
    status.c                                 0x00000000   Number         0  status.o ABSOLUTE
    system_LPC17xx.c                         0x00000000   Number         0  system_lpc17xx.o ABSOLUTE
    toolsIR.c                                0x00000000   Number         0  toolsir.o ABSOLUTE
    uart.c                                   0x00000000   Number         0  uart.o ABSOLUTE
    RESET                                    0x00000000   Section      204  startup_lpc17xx.o(RESET)
    !!!main                                  0x000000cc   Section        8  __main.o(!!!main)
    !!!scatter                               0x000000d4   Section       52  __scatter.o(!!!scatter)
    !!handler_copy                           0x00000108   Section       26  __scatter_copy.o(!!handler_copy)
    !!handler_zi                             0x00000124   Section       28  __scatter_zi.o(!!handler_zi)
    .ARM.Collect$$_printf_percent$$00000000  0x00000140   Section        0  _printf_percent.o(.ARM.Collect$$_printf_percent$$00000000)
    .ARM.Collect$$_printf_percent$$00000009  0x00000140   Section        6  _printf_d.o(.ARM.Collect$$_printf_percent$$00000009)
    .ARM.Collect$$_printf_percent$$0000000C  0x00000146   Section        6  _printf_x.o(.ARM.Collect$$_printf_percent$$0000000C)
    .ARM.Collect$$_printf_percent$$00000013  0x0000014c   Section        6  _printf_c.o(.ARM.Collect$$_printf_percent$$00000013)
    .ARM.Collect$$_printf_percent$$00000017  0x00000152   Section        4  _printf_percent_end.o(.ARM.Collect$$_printf_percent$$00000017)
    .ARM.Collect$$libinit$$00000000          0x00000156   Section        2  libinit.o(.ARM.Collect$$libinit$$00000000)
    .ARM.Collect$$libinit$$00000002          0x00000158   Section        0  libinit2.o(.ARM.Collect$$libinit$$00000002)
    .ARM.Collect$$libinit$$00000004          0x00000158   Section        0  libinit2.o(.ARM.Collect$$libinit$$00000004)
    .ARM.Collect$$libinit$$0000000A          0x00000158   Section        0  libinit2.o(.ARM.Collect$$libinit$$0000000A)
    .ARM.Collect$$libinit$$0000000C          0x00000158   Section        0  libinit2.o(.ARM.Collect$$libinit$$0000000C)
    .ARM.Collect$$libinit$$0000000E          0x00000158   Section        0  libinit2.o(.ARM.Collect$$libinit$$0000000E)
    .ARM.Collect$$libinit$$00000011          0x00000158   Section        0  libinit2.o(.ARM.Collect$$libinit$$00000011)
    .ARM.Collect$$libinit$$00000013          0x00000158   Section        0  libinit2.o(.ARM.Collect$$libinit$$00000013)
    .ARM.Collect$$libinit$$00000015          0x00000158   Section        0  libinit2.o(.ARM.Collect$$libinit$$00000015)
    .ARM.Collect$$libinit$$00000017          0x00000158   Section        0  libinit2.o(.ARM.Collect$$libinit$$00000017)
    .ARM.Collect$$libinit$$00000019          0x00000158   Section        0  libinit2.o(.ARM.Collect$$libinit$$00000019)
    .ARM.Collect$$libinit$$0000001B          0x00000158   Section        0  libinit2.o(.ARM.Collect$$libinit$$0000001B)
    .ARM.Collect$$libinit$$0000001D          0x00000158   Section        0  libinit2.o(.ARM.Collect$$libinit$$0000001D)
    .ARM.Collect$$libinit$$0000001F          0x00000158   Section        0  libinit2.o(.ARM.Collect$$libinit$$0000001F)
    .ARM.Collect$$libinit$$00000021          0x00000158   Section        0  libinit2.o(.ARM.Collect$$libinit$$00000021)
    .ARM.Collect$$libinit$$00000023          0x00000158   Section        0  libinit2.o(.ARM.Collect$$libinit$$00000023)
    .ARM.Collect$$libinit$$00000025          0x00000158   Section        0  libinit2.o(.ARM.Collect$$libinit$$00000025)
    .ARM.Collect$$libinit$$0000002C          0x00000158   Section        0  libinit2.o(.ARM.Collect$$libinit$$0000002C)
    .ARM.Collect$$libinit$$0000002E          0x00000158   Section        0  libinit2.o(.ARM.Collect$$libinit$$0000002E)
    .ARM.Collect$$libinit$$00000030          0x00000158   Section        0  libinit2.o(.ARM.Collect$$libinit$$00000030)
    .ARM.Collect$$libinit$$00000032          0x00000158   Section        0  libinit2.o(.ARM.Collect$$libinit$$00000032)
    .ARM.Collect$$libinit$$00000033          0x00000158   Section        2  libinit2.o(.ARM.Collect$$libinit$$00000033)
    .ARM.Collect$$libshutdown$$00000000      0x0000015a   Section        2  libshutdown.o(.ARM.Collect$$libshutdown$$00000000)
    .ARM.Collect$$libshutdown$$00000002      0x0000015c   Section        0  libshutdown2.o(.ARM.Collect$$libshutdown$$00000002)
    .ARM.Collect$$libshutdown$$00000004      0x0000015c   Section        0  libshutdown2.o(.ARM.Collect$$libshutdown$$00000004)
    .ARM.Collect$$libshutdown$$00000007      0x0000015c   Section        0  libshutdown2.o(.ARM.Collect$$libshutdown$$00000007)
    .ARM.Collect$$libshutdown$$0000000A      0x0000015c   Section        0  libshutdown2.o(.ARM.Collect$$libshutdown$$0000000A)
    .ARM.Collect$$libshutdown$$0000000C      0x0000015c   Section        0  libshutdown2.o(.ARM.Collect$$libshutdown$$0000000C)
    .ARM.Collect$$libshutdown$$0000000F      0x0000015c   Section        0  libshutdown2.o(.ARM.Collect$$libshutdown$$0000000F)
    .ARM.Collect$$libshutdown$$00000010      0x0000015c   Section        2  libshutdown2.o(.ARM.Collect$$libshutdown$$00000010)
    .ARM.Collect$$rtentry$$00000000          0x0000015e   Section        0  __rtentry.o(.ARM.Collect$$rtentry$$00000000)
    .ARM.Collect$$rtentry$$00000002          0x0000015e   Section        0  __rtentry2.o(.ARM.Collect$$rtentry$$00000002)
    .ARM.Collect$$rtentry$$00000004          0x0000015e   Section        6  __rtentry4.o(.ARM.Collect$$rtentry$$00000004)
    .ARM.Collect$$rtentry$$00000009          0x00000164   Section        0  __rtentry2.o(.ARM.Collect$$rtentry$$00000009)
    .ARM.Collect$$rtentry$$0000000A          0x00000164   Section        4  __rtentry2.o(.ARM.Collect$$rtentry$$0000000A)
    .ARM.Collect$$rtentry$$0000000C          0x00000168   Section        0  __rtentry2.o(.ARM.Collect$$rtentry$$0000000C)
    .ARM.Collect$$rtentry$$0000000D          0x00000168   Section        8  __rtentry2.o(.ARM.Collect$$rtentry$$0000000D)
    .ARM.Collect$$rtexit$$00000000           0x00000170   Section        2  rtexit.o(.ARM.Collect$$rtexit$$00000000)
    .ARM.Collect$$rtexit$$00000002           0x00000172   Section        0  rtexit2.o(.ARM.Collect$$rtexit$$00000002)
    .ARM.Collect$$rtexit$$00000003           0x00000172   Section        4  rtexit2.o(.ARM.Collect$$rtexit$$00000003)
    .ARM.Collect$$rtexit$$00000004           0x00000176   Section        6  rtexit2.o(.ARM.Collect$$rtexit$$00000004)
    .text                                    0x0000017c   Section       60  startup_lpc17xx.o(.text)
    .text                                    0x000001b8   Section        0  __2sprintf.o(.text)
    .text                                    0x000001e4   Section        0  _printf_pad.o(.text)
    .text                                    0x00000232   Section        0  _printf_str.o(.text)
    .text                                    0x00000284   Section        0  _printf_dec.o(.text)
    .ARM.__at_0x02FC                         0x000002fc   Section        4  startup_lpc17xx.o(.ARM.__at_0x02FC)
    .text                                    0x00000300   Section        0  _printf_hex_int.o(.text)
    .text                                    0x00000358   Section        0  __printf_flags_ss_wp.o(.text)
    .text                                    0x000004e0   Section        0  strlen.o(.text)
    .text                                    0x0000051e   Section      138  rt_memcpy_v6.o(.text)
    .text                                    0x000005a8   Section      100  rt_memcpy_w.o(.text)
    .text                                    0x0000060c   Section        0  heapauxi.o(.text)
    .text                                    0x00000612   Section        0  _printf_intcommon.o(.text)
    _printf_input_char                       0x000006c5   Thumb Code    10  _printf_char_common.o(.text)
    .text                                    0x000006c4   Section        0  _printf_char_common.o(.text)
    .text                                    0x000006f4   Section        0  _sputc.o(.text)
    .text                                    0x000006fe   Section        0  _printf_char.o(.text)
    .text                                    0x0000072a   Section       74  sys_stackheap_outer.o(.text)
    .text                                    0x00000774   Section        0  exit.o(.text)
    .text                                    0x00000788   Section        8  libspace.o(.text)
    .text                                    0x00000790   Section        0  sys_exit.o(.text)
    .text                                    0x0000079c   Section        2  use_no_semi.o(.text)
    .text                                    0x0000079e   Section        0  indicate_semi.o(.text)
    [Anonymous Symbol]                       0x000007a0   Section        0  interruptions.o(.text.EINT1_IRQHandler)
    [Anonymous Symbol]                       0x000007a8   Section        0  interruptions.o(.text.EINT3_IRQHandler)
    SysTick_Config                           0x000007bd   Thumb Code    36  main.o(.text.SysTick_Config)
    [Anonymous Symbol]                       0x000007bc   Section        0  main.o(.text.SysTick_Config)
    [Anonymous Symbol]                       0x000007e0   Section        0  interruptions.o(.text.SysTick_Handler)
    [Anonymous Symbol]                       0x000007f0   Section        0  system_lpc17xx.o(.text.SystemInit)
    [Anonymous Symbol]                       0x000008bc   Section        0  interruptions.o(.text.TIMER0_IRQHandler)
    __NVIC_EnableIRQ                         0x000008c5   Thumb Code    16  capteurinductif.o(.text.__NVIC_EnableIRQ)
    [Anonymous Symbol]                       0x000008c4   Section        0  capteurinductif.o(.text.__NVIC_EnableIRQ)
    __NVIC_EnableIRQ                         0x000008d5   Thumb Code    14  emissionir.o(.text.__NVIC_EnableIRQ)
    [Anonymous Symbol]                       0x000008d4   Section        0  emissionir.o(.text.__NVIC_EnableIRQ)
    __NVIC_EnableIRQ                         0x000008e5   Thumb Code    16  moteur.o(.text.__NVIC_EnableIRQ)
    [Anonymous Symbol]                       0x000008e4   Section        0  moteur.o(.text.__NVIC_EnableIRQ)
    __NVIC_EnableIRQ                         0x000008f5   Thumb Code    16  proximetre.o(.text.__NVIC_EnableIRQ)
    [Anonymous Symbol]                       0x000008f4   Section        0  proximetre.o(.text.__NVIC_EnableIRQ)
    __NVIC_SetPriority                       0x00000905   Thumb Code    14  main.o(.text.__NVIC_SetPriority)
    [Anonymous Symbol]                       0x00000904   Section        0  main.o(.text.__NVIC_SetPriority)
    adc_read                                 0x00000915   Thumb Code    60  capteurinductif.o(.text.adc_read)
    [Anonymous Symbol]                       0x00000914   Section        0  capteurinductif.o(.text.adc_read)
    [Anonymous Symbol]                       0x00000950   Section        0  capteurinductif.o(.text.capteurInductif_interrupt_routine)
    [Anonymous Symbol]                       0x00000a98   Section        0  capteurinductif.o(.text.debug_inductif_send_frame)
    [Anonymous Symbol]                       0x00000bec   Section        0  moteur.o(.text.debug_moteurs_send_frame)
    [Anonymous Symbol]                       0x00000c3c   Section        0  decode_enveloppe.o(.text.decode_enveloppe_commande)
    [Anonymous Symbol]                       0x00000c40   Section        0  dtmf.o(.text.dtmf_interrupt_routine)
    [Anonymous Symbol]                       0x00000c9c   Section        0  emissionir.o(.text.emissionIR_interrupt_routine)
    [Anonymous Symbol]                       0x00000cac   Section        0  robotstate.o(.text.get_capteur_averages)
    [Anonymous Symbol]                       0x00000ccc   Section        0  robotstate.o(.text.get_debug_uart_enabled)
    [Anonymous Symbol]                       0x00000cd8   Section        0  robotstate.o(.text.get_inductif_values)
    [Anonymous Symbol]                       0x00000d04   Section        0  robotstate.o(.text.get_motor_pwms)
    [Anonymous Symbol]                       0x00000d1c   Section        0  robotstate.o(.text.get_motor_speeds)
    [Anonymous Symbol]                       0x00000d30   Section        0  robotstate.o(.text.get_robot_number)
    [Anonymous Symbol]                       0x00000d3c   Section        0  robotstate.o(.text.get_robot_status)
    [Anonymous Symbol]                       0x00000d48   Section        0  robotstate.o(.text.get_robot_vitesse)
    [Anonymous Symbol]                       0x00000d54   Section        0  emissionir.o(.text.init_PWM_IR)
    [Anonymous Symbol]                       0x00000dc4   Section        0  emissionir.o(.text.init_Timer_Enveloppe)
    init_adc                                 0x00000e09   Thumb Code    76  capteurinductif.o(.text.init_adc)
    [Anonymous Symbol]                       0x00000e08   Section        0  capteurinductif.o(.text.init_adc)
    [Anonymous Symbol]                       0x00000e54   Section        0  capteurinductif.o(.text.init_capteur_inductif)
    init_clock                               0x00000e89   Thumb Code    50  capteurinductif.o(.text.init_clock)
    [Anonymous Symbol]                       0x00000e88   Section        0  capteurinductif.o(.text.init_clock)
    init_enveloppe                           0x00000ebd   Thumb Code    92  capteurinductif.o(.text.init_enveloppe)
    [Anonymous Symbol]                       0x00000ebc   Section        0  capteurinductif.o(.text.init_enveloppe)
    [Anonymous Symbol]                       0x00000f18   Section        0  moteur.o(.text.init_moteurs_debug)
    init_moteurs_switches                    0x00000f29   Thumb Code    58  moteur.o(.text.init_moteurs_switches)
    [Anonymous Symbol]                       0x00000f28   Section        0  moteur.o(.text.init_moteurs_switches)
    [Anonymous Symbol]                       0x00000f64   Section        0  proximetre.o(.text.init_proximetre)
    init_proximetre_switches                 0x00000f75   Thumb Code    58  proximetre.o(.text.init_proximetre_switches)
    [Anonymous Symbol]                       0x00000f74   Section        0  proximetre.o(.text.init_proximetre_switches)
    init_switches                            0x00000fb1   Thumb Code    58  capteurinductif.o(.text.init_switches)
    [Anonymous Symbol]                       0x00000fb0   Section        0  capteurinductif.o(.text.init_switches)
    [Anonymous Symbol]                       0x00000fec   Section        0  uart.o(.text.init_uart0)
    [Anonymous Symbol]                       0x00001068   Section        0  main.o(.text.main)
    [Anonymous Symbol]                       0x000010d0   Section        0  moteur.o(.text.moteurs_interrupt_routine)
    moteurs_send_frame                       0x000010f9   Thumb Code   180  moteur.o(.text.moteurs_send_frame)
    [Anonymous Symbol]                       0x000010f8   Section        0  moteur.o(.text.moteurs_send_frame)
    moteurs_update_mode_from_gpio            0x000011ad   Thumb Code    26  moteur.o(.text.moteurs_update_mode_from_gpio)
    [Anonymous Symbol]                       0x000011ac   Section        0  moteur.o(.text.moteurs_update_mode_from_gpio)
    [Anonymous Symbol]                       0x000011c8   Section        0  toolsir.o(.text.preparer_trame)
    [Anonymous Symbol]                       0x0000125c   Section        0  dtmf.o(.text.process_dtmf_commands)
    [Anonymous Symbol]                       0x00001348   Section        0  proximetre.o(.text.proximetre_interrupt_routine)
    proximetre_update_mode_from_gpio         0x00001371   Thumb Code    14  proximetre.o(.text.proximetre_update_mode_from_gpio)
    [Anonymous Symbol]                       0x00001370   Section        0  proximetre.o(.text.proximetre_update_mode_from_gpio)
    [Anonymous Symbol]                       0x00001380   Section        0  recepspi.o(.text.recepSPI_interrupt_routine)
    [Anonymous Symbol]                       0x00001468   Section        0  robotstate.o(.text.set_capteur_averages)
    [Anonymous Symbol]                       0x0000146c   Section        0  robotstate.o(.text.set_debug_uart_enabled)
    [Anonymous Symbol]                       0x00001478   Section        0  uart.o(.text.uart0_send_char)
    [Anonymous Symbol]                       0x0000148c   Section        0  uart.o(.text.uart0_send_string)
    [Anonymous Symbol]                       0x000014b4   Section        0  emissionir.o(.text.update_PWM_state)
    [Anonymous Symbol]                       0x00001594   Section        0  dtmf.o(.text.update_status_leds)
    update_switch_mode_from_gpio             0x000015f1   Thumb Code    28  capteurinductif.o(.text.update_switch_mode_from_gpio)
    [Anonymous Symbol]                       0x000015f0   Section        0  capteurinductif.o(.text.update_switch_mode_from_gpio)
    i._is_digit                              0x0000160c   Section        0  __printf_wp.o(i._is_digit)
    uc_hextab                                0x0000161a   Data          20  _printf_hex_int.o(.constdata)
    .constdata                               0x0000161a   Section       40  _printf_hex_int.o(.constdata)
    lc_hextab                                0x0000162e   Data          20  _printf_hex_int.o(.constdata)
    maptable                                 0x00001642   Data          17  __printf_flags_ss_wp.o(.constdata)
    .constdata                               0x00001642   Section       17  __printf_flags_ss_wp.o(.constdata)
    current_status                           0x10000014   Data           1  robotstate.o(.data.current_status)
    [Anonymous Symbol]                       0x10000014   Section        0  robotstate.o(.data.current_status)
    process_dtmf_commands.parsed_action      0x1000001e   Data           1  dtmf.o(.data.process_dtmf_commands.parsed_action)
    [Anonymous Symbol]                       0x1000001e   Section        0  dtmf.o(.data.process_dtmf_commands.parsed_action)
    .bss                                     0x10000020   Section       96  libspace.o(.bss)
    blink_counter                            0x10000084   Data           4  dtmf.o(.bss.blink_counter)
    [Anonymous Symbol]                       0x10000084   Section        0  dtmf.o(.bss.blink_counter)
    current_robot_number                     0x100000ac   Data           1  robotstate.o(.bss.current_robot_number)
    [Anonymous Symbol]                       0x100000ac   Section        0  robotstate.o(.bss.current_robot_number)
    current_vitesse                          0x100000ad   Data           1  robotstate.o(.bss.current_vitesse)
    [Anonymous Symbol]                       0x100000ad   Section        0  robotstate.o(.bss.current_vitesse)
    ind_hw_mode                              0x100000b1   Data           1  capteurinductif.o(.bss.ind_hw_mode)
    [Anonymous Symbol]                       0x100000b1   Section        0  capteurinductif.o(.bss.ind_hw_mode)
    ind_wire_mode                            0x100000b2   Data           1  capteurinductif.o(.bss.ind_wire_mode)
    [Anonymous Symbol]                       0x100000b2   Section        0  capteurinductif.o(.bss.ind_wire_mode)
    ind_wire_pending                         0x100000b3   Data           1  capteurinductif.o(.bss.ind_wire_pending)
    [Anonymous Symbol]                       0x100000b3   Section        0  capteurinductif.o(.bss.ind_wire_pending)
    last_capture_time                        0x100000e8   Data           4  capteurinductif.o(.bss.last_capture_time)
    [Anonymous Symbol]                       0x100000e8   Section        0  capteurinductif.o(.bss.last_capture_time)
    mot_hw_mode                              0x100000ec   Data           1  moteur.o(.bss.mot_hw_mode)
    [Anonymous Symbol]                       0x100000ec   Section        0  moteur.o(.bss.mot_hw_mode)
    mot_wire_mode                            0x100000ed   Data           1  moteur.o(.bss.mot_wire_mode)
    [Anonymous Symbol]                       0x100000ed   Section        0  moteur.o(.bss.mot_wire_mode)
    mot_wire_pending                         0x100000ee   Data           1  moteur.o(.bss.mot_wire_pending)
    [Anonymous Symbol]                       0x100000ee   Section        0  moteur.o(.bss.mot_wire_pending)
    process_dtmf_commands.current_state      0x100000f4   Data           1  dtmf.o(.bss.process_dtmf_commands.current_state)
    [Anonymous Symbol]                       0x100000f4   Section        0  dtmf.o(.bss.process_dtmf_commands.current_state)
    process_dtmf_commands.parsed_robot_id    0x100000f5   Data           1  dtmf.o(.bss.process_dtmf_commands.parsed_robot_id)
    [Anonymous Symbol]                       0x100000f5   Section        0  dtmf.o(.bss.process_dtmf_commands.parsed_robot_id)
    sample_count                             0x100000f6   Data           2  capteurinductif.o(.bss.sample_count)
    [Anonymous Symbol]                       0x100000f6   Section        0  capteurinductif.o(.bss.sample_count)
    sum_sin1                                 0x100000fc   Data           4  capteurinductif.o(.bss.sum_sin1)
    [Anonymous Symbol]                       0x100000fc   Section        0  capteurinductif.o(.bss.sum_sin1)
    sum_sin2                                 0x10000100   Data           4  capteurinductif.o(.bss.sum_sin2)
    [Anonymous Symbol]                       0x10000100   Section        0  capteurinductif.o(.bss.sum_sin2)
    sum_sin3                                 0x10000104   Data           4  capteurinductif.o(.bss.sum_sin3)
    [Anonymous Symbol]                       0x10000104   Section        0  capteurinductif.o(.bss.sum_sin3)
    uart_debug_enabled                       0x10000108   Data           1  robotstate.o(.bss.uart_debug_enabled)
    [Anonymous Symbol]                       0x10000108   Section        0  robotstate.o(.bss.uart_debug_enabled)
    Heap_Mem                                 0x10000110   Data           0  startup_lpc17xx.o(HEAP)
    Stack_Mem                                0x10000110   Data         512  startup_lpc17xx.o(STACK)
    HEAP                                     0x10000110   Section        0  startup_lpc17xx.o(HEAP)
    STACK                                    0x10000110   Section      512  startup_lpc17xx.o(STACK)
    __initial_sp                             0x10000310   Data           0  startup_lpc17xx.o(STACK)

    Global Symbols

    Symbol Name                              Value     Ov Type        Size  Object(Section)

    BuildAttributes$$THM_ISAv4$P$D$K$B$S$PE$A:L22UL41UL21$X:L11$S22US41US21$IEEE1$IW$~IW$USESV6$~STKCKD$USESV7$~SHL$OTIME$ROPI$EBA8$UX$STANDARDLIB$REQ8$PRES8$EABIv2 0x00000000   Number         0  anon$$obj.o ABSOLUTE
    __Vectors                                0x00000000   Data           4  startup_lpc17xx.o(RESET)
    __fp_init_empty                          0x00000000   Number         0  fpinit_empty.o ABSOLUTE
    _printf_flags                            0x00000000   Number         0  printf_stubs.o ABSOLUTE
    _printf_return_value                     0x00000000   Number         0  printf_stubs.o ABSOLUTE
    _printf_sizespec                         0x00000000   Number         0  printf_stubs.o ABSOLUTE
    _printf_widthprec                        0x00000000   Number         0  printf_stubs.o ABSOLUTE
    __ARM_exceptions_init                     - Undefined Weak Reference
    __alloca_initialize                       - Undefined Weak Reference
    __arm_preinit_                            - Undefined Weak Reference
    __cpp_initialize__aeabi_                  - Undefined Weak Reference
    __cxa_finalize                            - Undefined Weak Reference
    __rt_locale                               - Undefined Weak Reference
    __sigvec_lookup                           - Undefined Weak Reference
    _atexit_init                              - Undefined Weak Reference
    _call_atexit_fns                          - Undefined Weak Reference
    _clock_init                               - Undefined Weak Reference
    _fp_trap_init                             - Undefined Weak Reference
    _fp_trap_shutdown                         - Undefined Weak Reference
    _get_lc_collate                           - Undefined Weak Reference
    _get_lc_ctype                             - Undefined Weak Reference
    _get_lc_monetary                          - Undefined Weak Reference
    _get_lc_numeric                           - Undefined Weak Reference
    _get_lc_time                              - Undefined Weak Reference
    _getenv_init                              - Undefined Weak Reference
    _handle_redirection                       - Undefined Weak Reference
    _init_alloc                               - Undefined Weak Reference
    _init_user_alloc                          - Undefined Weak Reference
    _initio                                   - Undefined Weak Reference
    _printf_mbtowc                            - Undefined Weak Reference
    _printf_truncate_signed                   - Undefined Weak Reference
    _printf_truncate_unsigned                 - Undefined Weak Reference
    _rand_init                                - Undefined Weak Reference
    _signal_finish                            - Undefined Weak Reference
    _signal_init                              - Undefined Weak Reference
    _terminate_alloc                          - Undefined Weak Reference
    _terminate_user_alloc                     - Undefined Weak Reference
    _terminateio                              - Undefined Weak Reference
    __main                                   0x000000cd   Thumb Code     8  __main.o(!!!main)
    __scatterload                            0x000000d5   Thumb Code     0  __scatter.o(!!!scatter)
    __scatterload_rt2                        0x000000d5   Thumb Code    44  __scatter.o(!!!scatter)
    __scatterload_rt2_thumb_only             0x000000d5   Thumb Code     0  __scatter.o(!!!scatter)
    __scatterload_null                       0x000000e3   Thumb Code     0  __scatter.o(!!!scatter)
    __scatterload_copy                       0x00000109   Thumb Code    26  __scatter_copy.o(!!handler_copy)
    __scatterload_zeroinit                   0x00000125   Thumb Code    28  __scatter_zi.o(!!handler_zi)
    _printf_d                                0x00000141   Thumb Code     0  _printf_d.o(.ARM.Collect$$_printf_percent$$00000009)
    _printf_percent                          0x00000141   Thumb Code     0  _printf_percent.o(.ARM.Collect$$_printf_percent$$00000000)
    _printf_x                                0x00000147   Thumb Code     0  _printf_x.o(.ARM.Collect$$_printf_percent$$0000000C)
    _printf_c                                0x0000014d   Thumb Code     0  _printf_c.o(.ARM.Collect$$_printf_percent$$00000013)
    _printf_percent_end                      0x00000153   Thumb Code     0  _printf_percent_end.o(.ARM.Collect$$_printf_percent$$00000017)
    __rt_lib_init                            0x00000157   Thumb Code     0  libinit.o(.ARM.Collect$$libinit$$00000000)
    __rt_lib_init_alloca_1                   0x00000159   Thumb Code     0  libinit2.o(.ARM.Collect$$libinit$$0000002E)
    __rt_lib_init_argv_1                     0x00000159   Thumb Code     0  libinit2.o(.ARM.Collect$$libinit$$0000002C)
    __rt_lib_init_atexit_1                   0x00000159   Thumb Code     0  libinit2.o(.ARM.Collect$$libinit$$0000001B)
    __rt_lib_init_clock_1                    0x00000159   Thumb Code     0  libinit2.o(.ARM.Collect$$libinit$$00000021)
    __rt_lib_init_cpp_1                      0x00000159   Thumb Code     0  libinit2.o(.ARM.Collect$$libinit$$00000032)
    __rt_lib_init_exceptions_1               0x00000159   Thumb Code     0  libinit2.o(.ARM.Collect$$libinit$$00000030)
    __rt_lib_init_fp_1                       0x00000159   Thumb Code     0  libinit2.o(.ARM.Collect$$libinit$$00000002)
    __rt_lib_init_fp_trap_1                  0x00000159   Thumb Code     0  libinit2.o(.ARM.Collect$$libinit$$0000001F)
    __rt_lib_init_getenv_1                   0x00000159   Thumb Code     0  libinit2.o(.ARM.Collect$$libinit$$00000023)
    __rt_lib_init_heap_1                     0x00000159   Thumb Code     0  libinit2.o(.ARM.Collect$$libinit$$0000000A)
    __rt_lib_init_lc_collate_1               0x00000159   Thumb Code     0  libinit2.o(.ARM.Collect$$libinit$$00000011)
    __rt_lib_init_lc_ctype_1                 0x00000159   Thumb Code     0  libinit2.o(.ARM.Collect$$libinit$$00000013)
    __rt_lib_init_lc_monetary_1              0x00000159   Thumb Code     0  libinit2.o(.ARM.Collect$$libinit$$00000015)
    __rt_lib_init_lc_numeric_1               0x00000159   Thumb Code     0  libinit2.o(.ARM.Collect$$libinit$$00000017)
    __rt_lib_init_lc_time_1                  0x00000159   Thumb Code     0  libinit2.o(.ARM.Collect$$libinit$$00000019)
    __rt_lib_init_preinit_1                  0x00000159   Thumb Code     0  libinit2.o(.ARM.Collect$$libinit$$00000004)
    __rt_lib_init_rand_1                     0x00000159   Thumb Code     0  libinit2.o(.ARM.Collect$$libinit$$0000000E)
    __rt_lib_init_return                     0x00000159   Thumb Code     0  libinit2.o(.ARM.Collect$$libinit$$00000033)
    __rt_lib_init_signal_1                   0x00000159   Thumb Code     0  libinit2.o(.ARM.Collect$$libinit$$0000001D)
    __rt_lib_init_stdio_1                    0x00000159   Thumb Code     0  libinit2.o(.ARM.Collect$$libinit$$00000025)
    __rt_lib_init_user_alloc_1               0x00000159   Thumb Code     0  libinit2.o(.ARM.Collect$$libinit$$0000000C)
    __rt_lib_shutdown                        0x0000015b   Thumb Code     0  libshutdown.o(.ARM.Collect$$libshutdown$$00000000)
    __rt_lib_shutdown_cpp_1                  0x0000015d   Thumb Code     0  libshutdown2.o(.ARM.Collect$$libshutdown$$00000002)
    __rt_lib_shutdown_fp_trap_1              0x0000015d   Thumb Code     0  libshutdown2.o(.ARM.Collect$$libshutdown$$00000007)
    __rt_lib_shutdown_heap_1                 0x0000015d   Thumb Code     0  libshutdown2.o(.ARM.Collect$$libshutdown$$0000000F)
    __rt_lib_shutdown_return                 0x0000015d   Thumb Code     0  libshutdown2.o(.ARM.Collect$$libshutdown$$00000010)
    __rt_lib_shutdown_signal_1               0x0000015d   Thumb Code     0  libshutdown2.o(.ARM.Collect$$libshutdown$$0000000A)
    __rt_lib_shutdown_stdio_1                0x0000015d   Thumb Code     0  libshutdown2.o(.ARM.Collect$$libshutdown$$00000004)
    __rt_lib_shutdown_user_alloc_1           0x0000015d   Thumb Code     0  libshutdown2.o(.ARM.Collect$$libshutdown$$0000000C)
    __rt_entry                               0x0000015f   Thumb Code     0  __rtentry.o(.ARM.Collect$$rtentry$$00000000)
    __rt_entry_presh_1                       0x0000015f   Thumb Code     0  __rtentry2.o(.ARM.Collect$$rtentry$$00000002)
    __rt_entry_sh                            0x0000015f   Thumb Code     0  __rtentry4.o(.ARM.Collect$$rtentry$$00000004)
    __rt_entry_li                            0x00000165   Thumb Code     0  __rtentry2.o(.ARM.Collect$$rtentry$$0000000A)
    __rt_entry_postsh_1                      0x00000165   Thumb Code     0  __rtentry2.o(.ARM.Collect$$rtentry$$00000009)
    __rt_entry_main                          0x00000169   Thumb Code     0  __rtentry2.o(.ARM.Collect$$rtentry$$0000000D)
    __rt_entry_postli_1                      0x00000169   Thumb Code     0  __rtentry2.o(.ARM.Collect$$rtentry$$0000000C)
    __rt_exit                                0x00000171   Thumb Code     0  rtexit.o(.ARM.Collect$$rtexit$$00000000)
    __rt_exit_ls                             0x00000173   Thumb Code     0  rtexit2.o(.ARM.Collect$$rtexit$$00000003)
    __rt_exit_prels_1                        0x00000173   Thumb Code     0  rtexit2.o(.ARM.Collect$$rtexit$$00000002)
    __rt_exit_exit                           0x00000177   Thumb Code     0  rtexit2.o(.ARM.Collect$$rtexit$$00000004)
    Reset_Handler                            0x0000017d   Thumb Code     8  startup_lpc17xx.o(.text)
    NMI_Handler                              0x00000185   Thumb Code     2  startup_lpc17xx.o(.text)
    HardFault_Handler                        0x00000187   Thumb Code     2  startup_lpc17xx.o(.text)
    MemManage_Handler                        0x00000189   Thumb Code     2  startup_lpc17xx.o(.text)
    BusFault_Handler                         0x0000018b   Thumb Code     2  startup_lpc17xx.o(.text)
    UsageFault_Handler                       0x0000018d   Thumb Code     2  startup_lpc17xx.o(.text)
    SVC_Handler                              0x0000018f   Thumb Code     2  startup_lpc17xx.o(.text)
    DebugMon_Handler                         0x00000191   Thumb Code     2  startup_lpc17xx.o(.text)
    PendSV_Handler                           0x00000193   Thumb Code     2  startup_lpc17xx.o(.text)
    ADC_IRQHandler                           0x00000197   Thumb Code     0  startup_lpc17xx.o(.text)
    BOD_IRQHandler                           0x00000197   Thumb Code     0  startup_lpc17xx.o(.text)
    CANActivity_IRQHandler                   0x00000197   Thumb Code     0  startup_lpc17xx.o(.text)
    CAN_IRQHandler                           0x00000197   Thumb Code     0  startup_lpc17xx.o(.text)
    DMA_IRQHandler                           0x00000197   Thumb Code     0  startup_lpc17xx.o(.text)
    EINT0_IRQHandler                         0x00000197   Thumb Code     0  startup_lpc17xx.o(.text)
    EINT2_IRQHandler                         0x00000197   Thumb Code     0  startup_lpc17xx.o(.text)
    ENET_IRQHandler                          0x00000197   Thumb Code     0  startup_lpc17xx.o(.text)
    I2C0_IRQHandler                          0x00000197   Thumb Code     0  startup_lpc17xx.o(.text)
    I2C1_IRQHandler                          0x00000197   Thumb Code     0  startup_lpc17xx.o(.text)
    I2C2_IRQHandler                          0x00000197   Thumb Code     0  startup_lpc17xx.o(.text)
    I2S_IRQHandler                           0x00000197   Thumb Code     0  startup_lpc17xx.o(.text)
    MCPWM_IRQHandler                         0x00000197   Thumb Code     0  startup_lpc17xx.o(.text)
    PLL0_IRQHandler                          0x00000197   Thumb Code     0  startup_lpc17xx.o(.text)
    PLL1_IRQHandler                          0x00000197   Thumb Code     0  startup_lpc17xx.o(.text)
    PWM1_IRQHandler                          0x00000197   Thumb Code     0  startup_lpc17xx.o(.text)
    QEI_IRQHandler                           0x00000197   Thumb Code     0  startup_lpc17xx.o(.text)
    RIT_IRQHandler                           0x00000197   Thumb Code     0  startup_lpc17xx.o(.text)
    RTC_IRQHandler                           0x00000197   Thumb Code     0  startup_lpc17xx.o(.text)
    SPI_IRQHandler                           0x00000197   Thumb Code     0  startup_lpc17xx.o(.text)
    SSP0_IRQHandler                          0x00000197   Thumb Code     0  startup_lpc17xx.o(.text)
    SSP1_IRQHandler                          0x00000197   Thumb Code     0  startup_lpc17xx.o(.text)
    TIMER1_IRQHandler                        0x00000197   Thumb Code     0  startup_lpc17xx.o(.text)
    TIMER2_IRQHandler                        0x00000197   Thumb Code     0  startup_lpc17xx.o(.text)
    TIMER3_IRQHandler                        0x00000197   Thumb Code     0  startup_lpc17xx.o(.text)
    UART0_IRQHandler                         0x00000197   Thumb Code     0  startup_lpc17xx.o(.text)
    UART1_IRQHandler                         0x00000197   Thumb Code     0  startup_lpc17xx.o(.text)
    UART2_IRQHandler                         0x00000197   Thumb Code     0  startup_lpc17xx.o(.text)
    UART3_IRQHandler                         0x00000197   Thumb Code     0  startup_lpc17xx.o(.text)
    USBActivity_IRQHandler                   0x00000197   Thumb Code     0  startup_lpc17xx.o(.text)
    USB_IRQHandler                           0x00000197   Thumb Code     0  startup_lpc17xx.o(.text)
    WDT_IRQHandler                           0x00000197   Thumb Code     0  startup_lpc17xx.o(.text)
    __user_initial_stackheap                 0x00000199   Thumb Code     0  startup_lpc17xx.o(.text)
    __2sprintf                               0x000001b9   Thumb Code    38  __2sprintf.o(.text)
    _printf_pre_padding                      0x000001e5   Thumb Code    44  _printf_pad.o(.text)
    _printf_post_padding                     0x00000211   Thumb Code    34  _printf_pad.o(.text)
    _printf_str                              0x00000233   Thumb Code    82  _printf_str.o(.text)
    _printf_int_dec                          0x00000285   Thumb Code   104  _printf_dec.o(.text)
    _printf_int_hex                          0x00000301   Thumb Code    84  _printf_hex_int.o(.text)
    _printf_longlong_hex                     0x00000301   Thumb Code     0  _printf_hex_int.o(.text)
    __printf                                 0x00000359   Thumb Code   388  __printf_flags_ss_wp.o(.text)
    strlen                                   0x000004e1   Thumb Code    62  strlen.o(.text)
    __aeabi_memcpy                           0x0000051f   Thumb Code     0  rt_memcpy_v6.o(.text)
    __rt_memcpy                              0x0000051f   Thumb Code   138  rt_memcpy_v6.o(.text)
    _memcpy_lastbytes                        0x00000585   Thumb Code     0  rt_memcpy_v6.o(.text)
    __aeabi_memcpy4                          0x000005a9   Thumb Code     0  rt_memcpy_w.o(.text)
    __aeabi_memcpy8                          0x000005a9   Thumb Code     0  rt_memcpy_w.o(.text)
    __rt_memcpy_w                            0x000005a9   Thumb Code   100  rt_memcpy_w.o(.text)
    _memcpy_lastbytes_aligned                0x000005f1   Thumb Code     0  rt_memcpy_w.o(.text)
    __use_two_region_memory                  0x0000060d   Thumb Code     2  heapauxi.o(.text)
    __rt_heap_escrow$2region                 0x0000060f   Thumb Code     2  heapauxi.o(.text)
    __rt_heap_expand$2region                 0x00000611   Thumb Code     2  heapauxi.o(.text)
    _printf_int_common                       0x00000613   Thumb Code   178  _printf_intcommon.o(.text)
    _printf_char_common                      0x000006cf   Thumb Code    32  _printf_char_common.o(.text)
    _sputc                                   0x000006f5   Thumb Code    10  _sputc.o(.text)
    _printf_cs_common                        0x000006ff   Thumb Code    20  _printf_char.o(.text)
    _printf_char                             0x00000713   Thumb Code    16  _printf_char.o(.text)
    _printf_string                           0x00000723   Thumb Code     8  _printf_char.o(.text)
    __user_setup_stackheap                   0x0000072b   Thumb Code    74  sys_stackheap_outer.o(.text)
    exit                                     0x00000775   Thumb Code    18  exit.o(.text)
    __user_libspace                          0x00000789   Thumb Code     8  libspace.o(.text)
    __user_perproc_libspace                  0x00000789   Thumb Code     0  libspace.o(.text)
    __user_perthread_libspace                0x00000789   Thumb Code     0  libspace.o(.text)
    _sys_exit                                0x00000791   Thumb Code     8  sys_exit.o(.text)
    __I$use$semihosting                      0x0000079d   Thumb Code     0  use_no_semi.o(.text)
    __use_no_semihosting_swi                 0x0000079d   Thumb Code     2  use_no_semi.o(.text)
    __semihosting_library_function           0x0000079f   Thumb Code     0  indicate_semi.o(.text)
    EINT1_IRQHandler                         0x000007a1   Thumb Code     8  interruptions.o(.text.EINT1_IRQHandler)
    EINT3_IRQHandler                         0x000007a9   Thumb Code    20  interruptions.o(.text.EINT3_IRQHandler)
    SysTick_Handler                          0x000007e1   Thumb Code    14  interruptions.o(.text.SysTick_Handler)
    SystemInit                               0x000007f1   Thumb Code   204  system_lpc17xx.o(.text.SystemInit)
    TIMER0_IRQHandler                        0x000008bd   Thumb Code     8  interruptions.o(.text.TIMER0_IRQHandler)
    capteurInductif_interrupt_routine        0x00000951   Thumb Code   326  capteurinductif.o(.text.capteurInductif_interrupt_routine)
    debug_inductif_send_frame                0x00000a99   Thumb Code   340  capteurinductif.o(.text.debug_inductif_send_frame)
    debug_moteurs_send_frame                 0x00000bed   Thumb Code    80  moteur.o(.text.debug_moteurs_send_frame)
    decode_enveloppe_commande                0x00000c3d   Thumb Code     2  decode_enveloppe.o(.text.decode_enveloppe_commande)
    dtmf_interrupt_routine                   0x00000c41   Thumb Code    92  dtmf.o(.text.dtmf_interrupt_routine)
    emissionIR_interrupt_routine             0x00000c9d   Thumb Code    16  emissionir.o(.text.emissionIR_interrupt_routine)
    get_capteur_averages                     0x00000cad   Thumb Code    32  robotstate.o(.text.get_capteur_averages)
    get_debug_uart_enabled                   0x00000ccd   Thumb Code    12  robotstate.o(.text.get_debug_uart_enabled)
    get_inductif_values                      0x00000cd9   Thumb Code    44  robotstate.o(.text.get_inductif_values)
    get_motor_pwms                           0x00000d05   Thumb Code    22  robotstate.o(.text.get_motor_pwms)
    get_motor_speeds                         0x00000d1d   Thumb Code    20  robotstate.o(.text.get_motor_speeds)
    get_robot_number                         0x00000d31   Thumb Code    12  robotstate.o(.text.get_robot_number)
    get_robot_status                         0x00000d3d   Thumb Code    12  robotstate.o(.text.get_robot_status)
    get_robot_vitesse                        0x00000d49   Thumb Code    12  robotstate.o(.text.get_robot_vitesse)
    init_PWM_IR                              0x00000d55   Thumb Code   112  emissionir.o(.text.init_PWM_IR)
    init_Timer_Enveloppe                     0x00000dc5   Thumb Code    68  emissionir.o(.text.init_Timer_Enveloppe)
    init_capteur_inductif                    0x00000e55   Thumb Code    50  capteurinductif.o(.text.init_capteur_inductif)
    init_moteurs_debug                       0x00000f19   Thumb Code    16  moteur.o(.text.init_moteurs_debug)
    init_proximetre                          0x00000f65   Thumb Code    16  proximetre.o(.text.init_proximetre)
    init_uart0                               0x00000fed   Thumb Code   122  uart.o(.text.init_uart0)
    main                                     0x00001069   Thumb Code   102  main.o(.text.main)
    moteurs_interrupt_routine                0x000010d1   Thumb Code    40  moteur.o(.text.moteurs_interrupt_routine)
    preparer_trame                           0x000011c9   Thumb Code   146  toolsir.o(.text.preparer_trame)
    process_dtmf_commands                    0x0000125d   Thumb Code   234  dtmf.o(.text.process_dtmf_commands)
    proximetre_interrupt_routine             0x00001349   Thumb Code    40  proximetre.o(.text.proximetre_interrupt_routine)
    recepSPI_interrupt_routine               0x00001381   Thumb Code   232  recepspi.o(.text.recepSPI_interrupt_routine)
    set_capteur_averages                     0x00001469   Thumb Code     2  robotstate.o(.text.set_capteur_averages)
    set_debug_uart_enabled                   0x0000146d   Thumb Code    12  robotstate.o(.text.set_debug_uart_enabled)
    uart0_send_char                          0x00001479   Thumb Code    18  uart.o(.text.uart0_send_char)
    uart0_send_string                        0x0000148d   Thumb Code    40  uart.o(.text.uart0_send_string)
    update_PWM_state                         0x000014b5   Thumb Code   224  emissionir.o(.text.update_PWM_state)
    update_status_leds                       0x00001595   Thumb Code    92  dtmf.o(.text.update_status_leds)
    _is_digit                                0x0000160d   Thumb Code    14  __printf_wp.o(i._is_digit)
    Region$$Table$$Base                      0x00001654   Number         0  anon$$obj.o(Region$$Table)
    Region$$Table$$Limit                     0x00001674   Number         0  anon$$obj.o(Region$$Table)
    DTMF_TABLE                               0x10000000   Data          16  dtmf.o(.data.DTMF_TABLE)
    SystemCoreClock                          0x10000010   Data           4  system_lpc17xx.o(.data.SystemCoreClock)
    dtmf_char                                0x10000015   Data           1  dtmf.o(.data.dtmf_char)
    lastCS                                   0x10000016   Data           8  recepspi.o(.data.lastCS)
    robot_status                             0x1000001f   Data           1  dtmf.o(.data.robot_status)
    __libspace_start                         0x10000020   Data          96  libspace.o(.bss)
    Pd                                       0x10000080   Data           1  recepspi.o(.bss.Pd)
    __temporary_stack_top$libspace           0x10000080   Data           0  libspace.o(.bss)
    Pg                                       0x10000081   Data           1  recepspi.o(.bss.Pg)
    Vd                                       0x10000082   Data           1  recepspi.o(.bss.Vd)
    Vg                                       0x10000083   Data           1  recepspi.o(.bss.Vg)
    bufferPos                                0x10000088   Data           4  recepspi.o(.bss.bufferPos)
    bufferVal                                0x1000008c   Data          32  recepspi.o(.bss.bufferVal)
    dtmf_tone                                0x100000ae   Data           1  dtmf.o(.bss.dtmf_tone)
    flag_50hz                                0x100000af   Data           1  main.o(.bss.flag_50hz)
    frame_counter                            0x100000b0   Data           1  toolsir.o(.bss.frame_counter)
    ir_sequence                              0x100000b4   Data          50  toolsir.o(.bss.ir_sequence)
    new_dtmf_flag                            0x100000ef   Data           1  dtmf.o(.bss.new_dtmf_flag)
    payload                                  0x100000f0   Data           2  toolsir.o(.bss.payload)
    posReadCS                                0x100000f2   Data           1  recepspi.o(.bss.posReadCS)
    posWriteCS                               0x100000f3   Data           1  recepspi.o(.bss.posWriteCS)
    seq_index                                0x100000f8   Data           1  toolsir.o(.bss.seq_index)
    seq_length                               0x100000f9   Data           1  toolsir.o(.bss.seq_length)



==============================================================================

Memory Map of the image

  Image Entry point : 0x0000017d

  Load Region LR_1 (Base: 0x00000000, Size: 0x00001694, Max: 0xffffffff, ABSOLUTE)

    Execution Region ER_RO (Exec base: 0x00000000, Load base: 0x00000000, Size: 0x00001674, Max: 0xffffffff, ABSOLUTE)

    Exec Addr    Load Addr    Size         Type   Attr      Idx    E Section Name        Object

    0x00000000   0x00000000   0x000000cc   Data   RO          324    RESET               startup_lpc17xx.o
    0x000000cc   0x000000cc   0x00000008   Code   RO          415  * !!!main             c_w.l(__main.o)
    0x000000d4   0x000000d4   0x00000034   Code   RO          599    !!!scatter          c_w.l(__scatter.o)
    0x00000108   0x00000108   0x0000001a   Code   RO          601    !!handler_copy      c_w.l(__scatter_copy.o)
    0x00000122   0x00000122   0x00000002   PAD
    0x00000124   0x00000124   0x0000001c   Code   RO          603    !!handler_zi        c_w.l(__scatter_zi.o)
    0x00000140   0x00000140   0x00000000   Code   RO          406    .ARM.Collect$$_printf_percent$$00000000  c_w.l(_printf_percent.o)
    0x00000140   0x00000140   0x00000006   Code   RO          405    .ARM.Collect$$_printf_percent$$00000009  c_w.l(_printf_d.o)
    0x00000146   0x00000146   0x00000006   Code   RO          404    .ARM.Collect$$_printf_percent$$0000000C  c_w.l(_printf_x.o)
    0x0000014c   0x0000014c   0x00000006   Code   RO          403    .ARM.Collect$$_printf_percent$$00000013  c_w.l(_printf_c.o)
    0x00000152   0x00000152   0x00000004   Code   RO          430    .ARM.Collect$$_printf_percent$$00000017  c_w.l(_printf_percent_end.o)
    0x00000156   0x00000156   0x00000002   Code   RO          463    .ARM.Collect$$libinit$$00000000  c_w.l(libinit.o)
    0x00000158   0x00000158   0x00000000   Code   RO          476    .ARM.Collect$$libinit$$00000002  c_w.l(libinit2.o)
    0x00000158   0x00000158   0x00000000   Code   RO          478    .ARM.Collect$$libinit$$00000004  c_w.l(libinit2.o)
    0x00000158   0x00000158   0x00000000   Code   RO          481    .ARM.Collect$$libinit$$0000000A  c_w.l(libinit2.o)
    0x00000158   0x00000158   0x00000000   Code   RO          483    .ARM.Collect$$libinit$$0000000C  c_w.l(libinit2.o)
    0x00000158   0x00000158   0x00000000   Code   RO          485    .ARM.Collect$$libinit$$0000000E  c_w.l(libinit2.o)
    0x00000158   0x00000158   0x00000000   Code   RO          488    .ARM.Collect$$libinit$$00000011  c_w.l(libinit2.o)
    0x00000158   0x00000158   0x00000000   Code   RO          490    .ARM.Collect$$libinit$$00000013  c_w.l(libinit2.o)
    0x00000158   0x00000158   0x00000000   Code   RO          492    .ARM.Collect$$libinit$$00000015  c_w.l(libinit2.o)
    0x00000158   0x00000158   0x00000000   Code   RO          494    .ARM.Collect$$libinit$$00000017  c_w.l(libinit2.o)
    0x00000158   0x00000158   0x00000000   Code   RO          496    .ARM.Collect$$libinit$$00000019  c_w.l(libinit2.o)
    0x00000158   0x00000158   0x00000000   Code   RO          498    .ARM.Collect$$libinit$$0000001B  c_w.l(libinit2.o)
    0x00000158   0x00000158   0x00000000   Code   RO          500    .ARM.Collect$$libinit$$0000001D  c_w.l(libinit2.o)
    0x00000158   0x00000158   0x00000000   Code   RO          502    .ARM.Collect$$libinit$$0000001F  c_w.l(libinit2.o)
    0x00000158   0x00000158   0x00000000   Code   RO          504    .ARM.Collect$$libinit$$00000021  c_w.l(libinit2.o)
    0x00000158   0x00000158   0x00000000   Code   RO          506    .ARM.Collect$$libinit$$00000023  c_w.l(libinit2.o)
    0x00000158   0x00000158   0x00000000   Code   RO          508    .ARM.Collect$$libinit$$00000025  c_w.l(libinit2.o)
    0x00000158   0x00000158   0x00000000   Code   RO          512    .ARM.Collect$$libinit$$0000002C  c_w.l(libinit2.o)
    0x00000158   0x00000158   0x00000000   Code   RO          514    .ARM.Collect$$libinit$$0000002E  c_w.l(libinit2.o)
    0x00000158   0x00000158   0x00000000   Code   RO          516    .ARM.Collect$$libinit$$00000030  c_w.l(libinit2.o)
    0x00000158   0x00000158   0x00000000   Code   RO          518    .ARM.Collect$$libinit$$00000032  c_w.l(libinit2.o)
    0x00000158   0x00000158   0x00000002   Code   RO          519    .ARM.Collect$$libinit$$00000033  c_w.l(libinit2.o)
    0x0000015a   0x0000015a   0x00000002   Code   RO          554    .ARM.Collect$$libshutdown$$00000000  c_w.l(libshutdown.o)
    0x0000015c   0x0000015c   0x00000000   Code   RO          582    .ARM.Collect$$libshutdown$$00000002  c_w.l(libshutdown2.o)
    0x0000015c   0x0000015c   0x00000000   Code   RO          584    .ARM.Collect$$libshutdown$$00000004  c_w.l(libshutdown2.o)
    0x0000015c   0x0000015c   0x00000000   Code   RO          587    .ARM.Collect$$libshutdown$$00000007  c_w.l(libshutdown2.o)
    0x0000015c   0x0000015c   0x00000000   Code   RO          590    .ARM.Collect$$libshutdown$$0000000A  c_w.l(libshutdown2.o)
    0x0000015c   0x0000015c   0x00000000   Code   RO          592    .ARM.Collect$$libshutdown$$0000000C  c_w.l(libshutdown2.o)
    0x0000015c   0x0000015c   0x00000000   Code   RO          595    .ARM.Collect$$libshutdown$$0000000F  c_w.l(libshutdown2.o)
    0x0000015c   0x0000015c   0x00000002   Code   RO          596    .ARM.Collect$$libshutdown$$00000010  c_w.l(libshutdown2.o)
    0x0000015e   0x0000015e   0x00000000   Code   RO          417    .ARM.Collect$$rtentry$$00000000  c_w.l(__rtentry.o)
    0x0000015e   0x0000015e   0x00000000   Code   RO          432    .ARM.Collect$$rtentry$$00000002  c_w.l(__rtentry2.o)
    0x0000015e   0x0000015e   0x00000006   Code   RO          444    .ARM.Collect$$rtentry$$00000004  c_w.l(__rtentry4.o)
    0x00000164   0x00000164   0x00000000   Code   RO          434    .ARM.Collect$$rtentry$$00000009  c_w.l(__rtentry2.o)
    0x00000164   0x00000164   0x00000004   Code   RO          435    .ARM.Collect$$rtentry$$0000000A  c_w.l(__rtentry2.o)
    0x00000168   0x00000168   0x00000000   Code   RO          437    .ARM.Collect$$rtentry$$0000000C  c_w.l(__rtentry2.o)
    0x00000168   0x00000168   0x00000008   Code   RO          438    .ARM.Collect$$rtentry$$0000000D  c_w.l(__rtentry2.o)
    0x00000170   0x00000170   0x00000002   Code   RO          467    .ARM.Collect$$rtexit$$00000000  c_w.l(rtexit.o)
    0x00000172   0x00000172   0x00000000   Code   RO          525    .ARM.Collect$$rtexit$$00000002  c_w.l(rtexit2.o)
    0x00000172   0x00000172   0x00000004   Code   RO          526    .ARM.Collect$$rtexit$$00000003  c_w.l(rtexit2.o)
    0x00000176   0x00000176   0x00000006   Code   RO          527    .ARM.Collect$$rtexit$$00000004  c_w.l(rtexit2.o)
    0x0000017c   0x0000017c   0x0000003c   Code   RO          326  * .text               startup_lpc17xx.o
    0x000001b8   0x000001b8   0x0000002c   Code   RO          350    .text               c_w.l(__2sprintf.o)
    0x000001e4   0x000001e4   0x0000004e   Code   RO          356    .text               c_w.l(_printf_pad.o)
    0x00000232   0x00000232   0x00000052   Code   RO          358    .text               c_w.l(_printf_str.o)
    0x00000284   0x00000284   0x00000078   Code   RO          360    .text               c_w.l(_printf_dec.o)
    0x000002fc   0x000002fc   0x00000004   Code   RO          325    .ARM.__at_0x02FC    startup_lpc17xx.o
    0x00000300   0x00000300   0x00000058   Code   RO          365    .text               c_w.l(_printf_hex_int.o)
    0x00000358   0x00000358   0x00000188   Code   RO          400    .text               c_w.l(__printf_flags_ss_wp.o)
    0x000004e0   0x000004e0   0x0000003e   Code   RO          407    .text               c_w.l(strlen.o)
    0x0000051e   0x0000051e   0x0000008a   Code   RO          409    .text               c_w.l(rt_memcpy_v6.o)
    0x000005a8   0x000005a8   0x00000064   Code   RO          411    .text               c_w.l(rt_memcpy_w.o)
    0x0000060c   0x0000060c   0x00000006   Code   RO          413    .text               c_w.l(heapauxi.o)
    0x00000612   0x00000612   0x000000b2   Code   RO          422    .text               c_w.l(_printf_intcommon.o)
    0x000006c4   0x000006c4   0x00000030   Code   RO          424    .text               c_w.l(_printf_char_common.o)
    0x000006f4   0x000006f4   0x0000000a   Code   RO          426    .text               c_w.l(_sputc.o)
    0x000006fe   0x000006fe   0x0000002c   Code   RO          428    .text               c_w.l(_printf_char.o)
    0x0000072a   0x0000072a   0x0000004a   Code   RO          450    .text               c_w.l(sys_stackheap_outer.o)
    0x00000774   0x00000774   0x00000012   Code   RO          452    .text               c_w.l(exit.o)
    0x00000786   0x00000786   0x00000002   PAD
    0x00000788   0x00000788   0x00000008   Code   RO          464    .text               c_w.l(libspace.o)
    0x00000790   0x00000790   0x0000000c   Code   RO          520    .text               c_w.l(sys_exit.o)
    0x0000079c   0x0000079c   0x00000002   Code   RO          543    .text               c_w.l(use_no_semi.o)
    0x0000079e   0x0000079e   0x00000000   Code   RO          545    .text               c_w.l(indicate_semi.o)
    0x0000079e   0x0000079e   0x00000002   PAD
    0x000007a0   0x000007a0   0x00000008   Code   RO          111    .text.EINT1_IRQHandler  interruptions.o
    0x000007a8   0x000007a8   0x00000014   Code   RO          109    .text.EINT3_IRQHandler  interruptions.o
    0x000007bc   0x000007bc   0x00000024   Code   RO          124    .text.SysTick_Config  main.o
    0x000007e0   0x000007e0   0x0000000e   Code   RO          107    .text.SysTick_Handler  interruptions.o
    0x000007ee   0x000007ee   0x00000002   PAD
    0x000007f0   0x000007f0   0x000000cc   Code   RO          337    .text.SystemInit    system_lpc17xx.o
    0x000008bc   0x000008bc   0x00000008   Code   RO          113    .text.TIMER0_IRQHandler  interruptions.o
    0x000008c4   0x000008c4   0x00000010   Code   RO           23    .text.__NVIC_EnableIRQ  capteurinductif.o
    0x000008d4   0x000008d4   0x0000000e   Code   RO           91    .text.__NVIC_EnableIRQ  emissionir.o
    0x000008e2   0x000008e2   0x00000002   PAD
    0x000008e4   0x000008e4   0x00000010   Code   RO          146    .text.__NVIC_EnableIRQ  moteur.o
    0x000008f4   0x000008f4   0x00000010   Code   RO          179    .text.__NVIC_EnableIRQ  proximetre.o
    0x00000904   0x00000904   0x0000000e   Code   RO          126    .text.__NVIC_SetPriority  main.o
    0x00000912   0x00000912   0x00000002   PAD
    0x00000914   0x00000914   0x0000003c   Code   RO           29    .text.adc_read      capteurinductif.o
    0x00000950   0x00000950   0x00000146   Code   RO           25    .text.capteurInductif_interrupt_routine  capteurinductif.o
    0x00000a96   0x00000a96   0x00000002   PAD
    0x00000a98   0x00000a98   0x00000154   Code   RO           35    .text.debug_inductif_send_frame  capteurinductif.o
    0x00000bec   0x00000bec   0x00000050   Code   RO          158    .text.debug_moteurs_send_frame  moteur.o
    0x00000c3c   0x00000c3c   0x00000002   Code   RO           53    .text.decode_enveloppe_commande  decode_enveloppe.o
    0x00000c3e   0x00000c3e   0x00000002   PAD
    0x00000c40   0x00000c40   0x0000005c   Code   RO           69    .text.dtmf_interrupt_routine  dtmf.o
    0x00000c9c   0x00000c9c   0x00000010   Code   RO           93    .text.emissionIR_interrupt_routine  emissionir.o
    0x00000cac   0x00000cac   0x00000020   Code   RO          249    .text.get_capteur_averages  robotstate.o
    0x00000ccc   0x00000ccc   0x0000000c   Code   RO          263    .text.get_debug_uart_enabled  robotstate.o
    0x00000cd8   0x00000cd8   0x0000002c   Code   RO          245    .text.get_inductif_values  robotstate.o
    0x00000d04   0x00000d04   0x00000016   Code   RO          237    .text.get_motor_pwms  robotstate.o
    0x00000d1a   0x00000d1a   0x00000002   PAD
    0x00000d1c   0x00000d1c   0x00000014   Code   RO          241    .text.get_motor_speeds  robotstate.o
    0x00000d30   0x00000d30   0x0000000c   Code   RO          225    .text.get_robot_number  robotstate.o
    0x00000d3c   0x00000d3c   0x0000000c   Code   RO          233    .text.get_robot_status  robotstate.o
    0x00000d48   0x00000d48   0x0000000c   Code   RO          229    .text.get_robot_vitesse  robotstate.o
    0x00000d54   0x00000d54   0x00000070   Code   RO           87    .text.init_PWM_IR   emissionir.o
    0x00000dc4   0x00000dc4   0x00000044   Code   RO           89    .text.init_Timer_Enveloppe  emissionir.o
    0x00000e08   0x00000e08   0x0000004c   Code   RO           15    .text.init_adc      capteurinductif.o
    0x00000e54   0x00000e54   0x00000032   Code   RO           13    .text.init_capteur_inductif  capteurinductif.o
    0x00000e86   0x00000e86   0x00000002   PAD
    0x00000e88   0x00000e88   0x00000032   Code   RO           17    .text.init_clock    capteurinductif.o
    0x00000eba   0x00000eba   0x00000002   PAD
    0x00000ebc   0x00000ebc   0x0000005c   Code   RO           19    .text.init_enveloppe  capteurinductif.o
    0x00000f18   0x00000f18   0x00000010   Code   RO          140    .text.init_moteurs_debug  moteur.o
    0x00000f28   0x00000f28   0x0000003a   Code   RO          142    .text.init_moteurs_switches  moteur.o
    0x00000f62   0x00000f62   0x00000002   PAD
    0x00000f64   0x00000f64   0x00000010   Code   RO          173    .text.init_proximetre  proximetre.o
    0x00000f74   0x00000f74   0x0000003a   Code   RO          175    .text.init_proximetre_switches  proximetre.o
    0x00000fae   0x00000fae   0x00000002   PAD
    0x00000fb0   0x00000fb0   0x0000003a   Code   RO           21    .text.init_switches  capteurinductif.o
    0x00000fea   0x00000fea   0x00000002   PAD
    0x00000fec   0x00000fec   0x0000007a   Code   RO          309    .text.init_uart0    uart.o
    0x00001066   0x00001066   0x00000002   PAD
    0x00001068   0x00001068   0x00000066   Code   RO          122    .text.main          main.o
    0x000010ce   0x000010ce   0x00000002   PAD
    0x000010d0   0x000010d0   0x00000028   Code   RO          154    .text.moteurs_interrupt_routine  moteur.o
    0x000010f8   0x000010f8   0x000000b4   Code   RO          160    .text.moteurs_send_frame  moteur.o
    0x000011ac   0x000011ac   0x0000001a   Code   RO          144    .text.moteurs_update_mode_from_gpio  moteur.o
    0x000011c6   0x000011c6   0x00000002   PAD
    0x000011c8   0x000011c8   0x00000092   Code   RO          294    .text.preparer_trame  toolsir.o
    0x0000125a   0x0000125a   0x00000002   PAD
    0x0000125c   0x0000125c   0x000000ea   Code   RO           65    .text.process_dtmf_commands  dtmf.o
    0x00001346   0x00001346   0x00000002   PAD
    0x00001348   0x00001348   0x00000028   Code   RO          181    .text.proximetre_interrupt_routine  proximetre.o
    0x00001370   0x00001370   0x0000000e   Code   RO          177    .text.proximetre_update_mode_from_gpio  proximetre.o
    0x0000137e   0x0000137e   0x00000002   PAD
    0x00001380   0x00001380   0x000000e8   Code   RO          204    .text.recepSPI_interrupt_routine  recepspi.o
    0x00001468   0x00001468   0x00000002   Code   RO          247    .text.set_capteur_averages  robotstate.o
    0x0000146a   0x0000146a   0x00000002   PAD
    0x0000146c   0x0000146c   0x0000000c   Code   RO          261    .text.set_debug_uart_enabled  robotstate.o
    0x00001478   0x00001478   0x00000012   Code   RO          311    .text.uart0_send_char  uart.o
    0x0000148a   0x0000148a   0x00000002   PAD
    0x0000148c   0x0000148c   0x00000028   Code   RO          313    .text.uart0_send_string  uart.o
    0x000014b4   0x000014b4   0x000000e0   Code   RO           95    .text.update_PWM_state  emissionir.o
    0x00001594   0x00001594   0x0000005c   Code   RO           67    .text.update_status_leds  dtmf.o
    0x000015f0   0x000015f0   0x0000001c   Code   RO           27    .text.update_switch_mode_from_gpio  capteurinductif.o
    0x0000160c   0x0000160c   0x0000000e   Code   RO          393    i._is_digit         c_w.l(__printf_wp.o)
    0x0000161a   0x0000161a   0x00000028   Data   RO          366    .constdata          c_w.l(_printf_hex_int.o)
    0x00001642   0x00001642   0x00000011   Data   RO          401    .constdata          c_w.l(__printf_flags_ss_wp.o)
    0x00001653   0x00001653   0x00000001   PAD
    0x00001654   0x00001654   0x00000020   Data   RO          598    Region$$Table       anon$$obj.o


    Execution Region ER_RW (Exec base: 0x10000000, Load base: 0x00001674, Size: 0x00000020, Max: 0xffffffff, ABSOLUTE)

    Exec Addr    Load Addr    Size         Type   Attr      Idx    E Section Name        Object

    0x10000000   0x00001674   0x00000010   Data   RW           75    .data.DTMF_TABLE    dtmf.o
    0x10000010   0x00001684   0x00000004   Data   RW          339    .data.SystemCoreClock  system_lpc17xx.o
    0x10000014   0x00001688   0x00000001   Data   RW          267    .data.current_status  robotstate.o
    0x10000015   0x00001689   0x00000001   Data   RW           72    .data.dtmf_char     dtmf.o
    0x10000016   0x0000168a   0x00000008   Data   RW          207    .data.lastCS        recepspi.o
    0x1000001e   0x00001692   0x00000001   Data   RW           78    .data.process_dtmf_commands.parsed_action  dtmf.o
    0x1000001f   0x00001693   0x00000001   Data   RW           74    .data.robot_status  dtmf.o


    Execution Region ER_ZI (Exec base: 0x10000020, Load base: 0x00001694, Size: 0x000002f0, Max: 0xffffffff, ABSOLUTE)

    Exec Addr    Load Addr    Size         Type   Attr      Idx    E Section Name        Object

    0x10000020        -       0x00000060   Zero   RW          465    .bss                c_w.l(libspace.o)
    0x10000080        -       0x00000001   Zero   RW          214    .bss.Pd             recepspi.o
    0x10000081        -       0x00000001   Zero   RW          213    .bss.Pg             recepspi.o
    0x10000082        -       0x00000001   Zero   RW          212    .bss.Vd             recepspi.o
    0x10000083        -       0x00000001   Zero   RW          211    .bss.Vg             recepspi.o
    0x10000084        -       0x00000004   Zero   RW           79    .bss.blink_counter  dtmf.o
    0x10000088        -       0x00000004   Zero   RW          206    .bss.bufferPos      recepspi.o
    0x1000008c        -       0x00000020   Zero   RW          210    .bss.bufferVal      recepspi.o
    0x100000ac        -       0x00000001   Zero   RW          265    .bss.current_robot_number  robotstate.o
    0x100000ad        -       0x00000001   Zero   RW          266    .bss.current_vitesse  robotstate.o
    0x100000ae        -       0x00000001   Zero   RW           71    .bss.dtmf_tone      dtmf.o
    0x100000af        -       0x00000001   Zero   RW          128    .bss.flag_50hz      main.o
    0x100000b0        -       0x00000001   Zero   RW          298    .bss.frame_counter  toolsir.o
    0x100000b1        -       0x00000001   Zero   RW           37    .bss.ind_hw_mode    capteurinductif.o
    0x100000b2        -       0x00000001   Zero   RW           43    .bss.ind_wire_mode  capteurinductif.o
    0x100000b3        -       0x00000001   Zero   RW           44    .bss.ind_wire_pending  capteurinductif.o
    0x100000b4        -       0x00000032   Zero   RW          300    .bss.ir_sequence    toolsir.o
    0x100000e6   0x00001694   0x00000002   PAD
    0x100000e8        -       0x00000004   Zero   RW           42    .bss.last_capture_time  capteurinductif.o
    0x100000ec        -       0x00000001   Zero   RW          164    .bss.mot_hw_mode    moteur.o
    0x100000ed        -       0x00000001   Zero   RW          162    .bss.mot_wire_mode  moteur.o
    0x100000ee        -       0x00000001   Zero   RW          163    .bss.mot_wire_pending  moteur.o
    0x100000ef        -       0x00000001   Zero   RW           73    .bss.new_dtmf_flag  dtmf.o
    0x100000f0        -       0x00000002   Zero   RW          299    .bss.payload        toolsir.o
    0x100000f2        -       0x00000001   Zero   RW          209    .bss.posReadCS      recepspi.o
    0x100000f3        -       0x00000001   Zero   RW          208    .bss.posWriteCS     recepspi.o
    0x100000f4        -       0x00000001   Zero   RW           76    .bss.process_dtmf_commands.current_state  dtmf.o
    0x100000f5        -       0x00000001   Zero   RW           77    .bss.process_dtmf_commands.parsed_robot_id  dtmf.o
    0x100000f6        -       0x00000002   Zero   RW           41    .bss.sample_count   capteurinductif.o
    0x100000f8        -       0x00000001   Zero   RW          296    .bss.seq_index      toolsir.o
    0x100000f9        -       0x00000001   Zero   RW          297    .bss.seq_length     toolsir.o
    0x100000fa   0x00001694   0x00000002   PAD
    0x100000fc        -       0x00000004   Zero   RW           38    .bss.sum_sin1       capteurinductif.o
    0x10000100        -       0x00000004   Zero   RW           39    .bss.sum_sin2       capteurinductif.o
    0x10000104        -       0x00000004   Zero   RW           40    .bss.sum_sin3       capteurinductif.o
    0x10000108        -       0x00000001   Zero   RW          269    .bss.uart_debug_enabled  robotstate.o
    0x10000109   0x00001694   0x00000007   PAD
    0x10000110        -       0x00000000   Zero   RW          323    HEAP                startup_lpc17xx.o
    0x10000110        -       0x00000200   Zero   RW          322    STACK               startup_lpc17xx.o


==============================================================================

Image component sizes


      Code (inc. data)   RO Data    RW Data    ZI Data      Debug   Object Name

      1096        104          0          0         21       9143   capteurinductif.o
         2          0          0          0          0        543   decode_enveloppe.o
       418          0          0         19          8       5560   dtmf.o
       434          0          0          0          0       5226   emissionir.o
        50          0          0          0          0        665   interruptions.o
       152          0          0          0          1       3172   main.o
       416         64          0          0          3       8036   moteur.o
       144          0          0          0          0       5316   proximetre.o
       232         16          0          8         42       5887   recepspi.o
       180          0          0          1          3       4548   robotstate.o
        64         26        204          0        512       1068   startup_lpc17xx.o
       204          0          0          4          0       2146   system_lpc17xx.o
       146          0          0          0         55       1846   toolsir.o
       180          0          0          0          0       3281   uart.o

    ----------------------------------------------------------------------
      3756        210        236         32        656      56437   Object Totals
         0          0         32          0          0          0   (incl. Generated)
        38          0          0          0         11          0   (incl. Padding)

    ----------------------------------------------------------------------

      Code (inc. data)   RO Data    RW Data    ZI Data      Debug   Library Member Name

        44          6          0          0          0         84   __2sprintf.o
         8          0          0          0          0         68   __main.o
       392          4         17          0          0         92   __printf_flags_ss_wp.o
        14          0          0          0          0         68   __printf_wp.o
         0          0          0          0          0          0   __rtentry.o
        12          0          0          0          0          0   __rtentry2.o
         6          0          0          0          0          0   __rtentry4.o
        52          8          0          0          0          0   __scatter.o
        26          0          0          0          0          0   __scatter_copy.o
        28          0          0          0          0          0   __scatter_zi.o
         6          0          0          0          0          0   _printf_c.o
        44          0          0          0          0        108   _printf_char.o
        48          6          0          0          0         96   _printf_char_common.o
         6          0          0          0          0          0   _printf_d.o
       120         16          0          0          0         92   _printf_dec.o
        88          4         40          0          0         88   _printf_hex_int.o
       178          0          0          0          0         88   _printf_intcommon.o
        78          0          0          0          0        108   _printf_pad.o
         0          0          0          0          0          0   _printf_percent.o
         4          0          0          0          0          0   _printf_percent_end.o
        82          0          0          0          0         80   _printf_str.o
         6          0          0          0          0          0   _printf_x.o
        10          0          0          0          0         68   _sputc.o
        18          0          0          0          0         80   exit.o
         6          0          0          0          0        152   heapauxi.o
         0          0          0          0          0          0   indicate_semi.o
         2          0          0          0          0          0   libinit.o
         2          0          0          0          0          0   libinit2.o
         2          0          0          0          0          0   libshutdown.o
         2          0          0          0          0          0   libshutdown2.o
         8          4          0          0         96         68   libspace.o
       138          0          0          0          0         68   rt_memcpy_v6.o
       100          0          0          0          0         80   rt_memcpy_w.o
         2          0          0          0          0          0   rtexit.o
        10          0          0          0          0          0   rtexit2.o
        62          0          0          0          0         76   strlen.o
        12          4          0          0          0         68   sys_exit.o
        74          0          0          0          0         80   sys_stackheap_outer.o
         2          0          0          0          0         68   use_no_semi.o

    ----------------------------------------------------------------------
      1698         52         58          0         96       1780   Library Totals
         6          0          1          0          0          0   (incl. Padding)

    ----------------------------------------------------------------------

      Code (inc. data)   RO Data    RW Data    ZI Data      Debug   Library Name

      1692         52         57          0         96       1780   c_w.l

    ----------------------------------------------------------------------
      1698         52         58          0         96       1780   Library Totals

    ----------------------------------------------------------------------

==============================================================================


      Code (inc. data)   RO Data    RW Data    ZI Data      Debug   

      5454        262        294         32        752      57189   Grand Totals
      5454        262        294         32        752      57189   ELF Image Totals
      5454        262        294         32          0          0   ROM Totals

==============================================================================

    Total RO  Size (Code + RO Data)                 5748 (   5.61kB)
    Total RW  Size (RW Data + ZI Data)               784 (   0.77kB)
    Total ROM Size (Code + RO Data + RW Data)       5780 (   5.64kB)

==============================================================================

