Component: ARM Compiler 6.14 Tool: armlink [5db06800]

==============================================================================

Section Cross References

    buttons.o(.ARM.exidx.text.buttons_init) refers to buttons.o(.text.buttons_init) for [Anonymous Symbol]
    buttons.o(.text.buttons_check) refers to robotstate.o(.text.set_robot_status) for set_robot_status
    buttons.o(.text.buttons_check) refers to status.o(.text.changementDeStatus) for changementDeStatus
    buttons.o(.ARM.exidx.text.buttons_check) refers to buttons.o(.text.buttons_check) for [Anonymous Symbol]
    capteurinductif.o(.text) refers (Special) to _printf_d.o(.ARM.Collect$$_printf_percent$$00000009) for _printf_d
    capteurinductif.o(.text) refers (Special) to _printf_dec.o(.text) for _printf_int_dec
    capteurinductif.o(.text) refers (Special) to _printf_hex_int.o(.text) for _printf_longlong_hex
    capteurinductif.o(.text) refers (Special) to _printf_percent.o(.ARM.Collect$$_printf_percent$$00000000) for _printf_percent
    capteurinductif.o(.text) refers (Special) to _printf_pad.o(.text) for _printf_pre_padding
    capteurinductif.o(.text) refers (Special) to _printf_x.o(.ARM.Collect$$_printf_percent$$0000000C) for _printf_x
    capteurinductif.o(.text.init_capteur_inductif) refers (Special) to _printf_d.o(.ARM.Collect$$_printf_percent$$00000009) for _printf_d
    capteurinductif.o(.text.init_capteur_inductif) refers (Special) to _printf_dec.o(.text) for _printf_int_dec
    capteurinductif.o(.text.init_capteur_inductif) refers (Special) to _printf_hex_int.o(.text) for _printf_longlong_hex
    capteurinductif.o(.text.init_capteur_inductif) refers (Special) to _printf_percent.o(.ARM.Collect$$_printf_percent$$00000000) for _printf_percent
    capteurinductif.o(.text.init_capteur_inductif) refers (Special) to _printf_pad.o(.text) for _printf_pre_padding
    capteurinductif.o(.text.init_capteur_inductif) refers (Special) to _printf_x.o(.ARM.Collect$$_printf_percent$$0000000C) for _printf_x
    capteurinductif.o(.text.init_capteur_inductif) refers to capteurinductif.o(.text.init_adc) for init_adc
    capteurinductif.o(.text.init_capteur_inductif) refers to capteurinductif.o(.text.init_clock) for init_clock
    capteurinductif.o(.text.init_capteur_inductif) refers to capteurinductif.o(.text.init_enveloppe) for init_enveloppe
    capteurinductif.o(.text.init_capteur_inductif) refers to capteurinductif.o(.text.init_switches) for init_switches
    capteurinductif.o(.text.init_capteur_inductif) refers to capteurinductif.o(.bss.ind_hw_mode) for ind_hw_mode
    capteurinductif.o(.text.init_capteur_inductif) refers to capteurinductif.o(.text.__NVIC_EnableIRQ) for __NVIC_EnableIRQ
    capteurinductif.o(.ARM.exidx.text.init_capteur_inductif) refers (Special) to _printf_d.o(.ARM.Collect$$_printf_percent$$00000009) for _printf_d
    capteurinductif.o(.ARM.exidx.text.init_capteur_inductif) refers (Special) to _printf_dec.o(.text) for _printf_int_dec
    capteurinductif.o(.ARM.exidx.text.init_capteur_inductif) refers (Special) to _printf_hex_int.o(.text) for _printf_longlong_hex
    capteurinductif.o(.ARM.exidx.text.init_capteur_inductif) refers (Special) to _printf_percent.o(.ARM.Collect$$_printf_percent$$00000000) for _printf_percent
    capteurinductif.o(.ARM.exidx.text.init_capteur_inductif) refers (Special) to _printf_pad.o(.text) for _printf_pre_padding
    capteurinductif.o(.ARM.exidx.text.init_capteur_inductif) refers (Special) to _printf_x.o(.ARM.Collect$$_printf_percent$$0000000C) for _printf_x
    capteurinductif.o(.ARM.exidx.text.init_capteur_inductif) refers to capteurinductif.o(.text.init_capteur_inductif) for [Anonymous Symbol]
    capteurinductif.o(.text.init_adc) refers (Special) to _printf_d.o(.ARM.Collect$$_printf_percent$$00000009) for _printf_d
    capteurinductif.o(.text.init_adc) refers (Special) to _printf_dec.o(.text) for _printf_int_dec
    capteurinductif.o(.text.init_adc) refers (Special) to _printf_hex_int.o(.text) for _printf_longlong_hex
    capteurinductif.o(.text.init_adc) refers (Special) to _printf_percent.o(.ARM.Collect$$_printf_percent$$00000000) for _printf_percent
    capteurinductif.o(.text.init_adc) refers (Special) to _printf_pad.o(.text) for _printf_pre_padding
    capteurinductif.o(.text.init_adc) refers (Special) to _printf_x.o(.ARM.Collect$$_printf_percent$$0000000C) for _printf_x
    capteurinductif.o(.ARM.exidx.text.init_adc) refers (Special) to _printf_d.o(.ARM.Collect$$_printf_percent$$00000009) for _printf_d
    capteurinductif.o(.ARM.exidx.text.init_adc) refers (Special) to _printf_dec.o(.text) for _printf_int_dec
    capteurinductif.o(.ARM.exidx.text.init_adc) refers (Special) to _printf_hex_int.o(.text) for _printf_longlong_hex
    capteurinductif.o(.ARM.exidx.text.init_adc) refers (Special) to _printf_percent.o(.ARM.Collect$$_printf_percent$$00000000) for _printf_percent
[...]
    ../clib/signal.c                         0x00000000   Number         0  defsig_pvfn_inner.o ABSOLUTE
    ../clib/signal.c                         0x00000000   Number         0  defsig_cppl_inner.o ABSOLUTE
    ../clib/signal.c                         0x00000000   Number         0  defsig_segv_inner.o ABSOLUTE
    ../clib/signal.c                         0x00000000   Number         0  defsig_other.o ABSOLUTE
    ../clib/signal.s                         0x00000000   Number         0  defsig.o ABSOLUTE
    ../clib/stdlib.c                         0x00000000   Number         0  exit.o ABSOLUTE
    ../clib/string.c                         0x00000000   Number         0  strlen.o ABSOLUTE
    ../fplib/faddsub.s                       0x00000000   Number         0  faddsub_clz.o ABSOLUTE
    ../fplib/fcmp.s                          0x00000000   Number         0  fcmp.o ABSOLUTE
    ../fplib/fcmpi.s                         0x00000000   Number         0  fcmpi.o ABSOLUTE
    ../fplib/fdiv.s                          0x00000000   Number         0  fdiv.o ABSOLUTE
    ../fplib/feqf.s                          0x00000000   Number         0  feqf.o ABSOLUTE
    ../fplib/ffix.s                          0x00000000   Number         0  ffix.o ABSOLUTE
    ../fplib/ffixu.s                         0x00000000   Number         0  ffixu.o ABSOLUTE
    ../fplib/fflt.s                          0x00000000   Number         0  fflt_clz.o ABSOLUTE
    ../fplib/fgeqf.s                         0x00000000   Number         0  fgeqf.o ABSOLUTE
    ../fplib/fleqf.s                         0x00000000   Number         0  fleqf.o ABSOLUTE
    ../fplib/fmul.s                          0x00000000   Number         0  fmul.o ABSOLUTE
    ../fplib/fnaninf.s                       0x00000000   Number         0  fnaninf.o ABSOLUTE
    ../fplib/fpinit.s                        0x00000000   Number         0  fpinit.o ABSOLUTE
    ../fplib/fpinit_empty.s                  0x00000000   Number         0  fpinit_empty.o ABSOLUTE
    ../fplib/fretinf.s                       0x00000000   Number         0  fretinf.o ABSOLUTE
    ../fplib/usenofp.s                       0x00000000   Number         0  usenofp.o ABSOLUTE
    RTE/Device/LPC1769/startup_LPC17xx.s     0x00000000   Number         0  startup_lpc17xx.o ABSOLUTE
    buttons.c                                0x00000000   Number         0  buttons.o ABSOLUTE
    capteurInductif.c                        0x00000000   Number         0  capteurinductif.o ABSOLUTE
    dc.s                                     0x00000000   Number         0  dc.o ABSOLUTE
    decode_enveloppe.c                       0x00000000   Number         0  decode_enveloppe.o ABSOLUTE
    dtmf.c                                   0x00000000   Number         0  dtmf.o ABSOLUTE
    emissionIR.c                             0x00000000   Number         0  emissionir.o ABSOLUTE
    interruptions.c                          0x00000000   Number         0  interruptions.o ABSOLUTE
    main.c                                   0x00000000   Number         0  main.o ABSOLUTE
    moteur.c                                 0x00000000   Number         0  moteur.o ABSOLUTE
    proximetre.c                             0x00000000   Number         0  proximetre.o ABSOLUTE
    recepSPI.c                               0x00000000   Number         0  recepspi.o ABSOLUTE
    robotState.c                             0x00000000   Number         0  robotstate.o ABSOLUTE
    status.c                                 0x00000000   Number         0  status.o ABSOLUTE
    system_LPC17xx.c                         0x00000000   Number         0  system_lpc17xx.o ABSOLUTE
    toolsIR.c                                0x00000000   Number         0  toolsir.o ABSOLUTE
    uart.c                                   0x00000000   Number         0  uart.o ABSOLUTE
    RESET                                    0x00000000   Section      204  startup_lpc17xx.o(RESET)
    !!!main                                  0x000000cc   Section        8  __main.o(!!!main)
    !!!scatter                               0x000000d4   Section       52  __scatter.o(!!!scatter)
    !!handler_copy                           0x00000108   Section       26  __scatter_copy.o(!!handler_copy)
    !!handler_zi                             0x00000124   Section       28  __scatter_zi.o(!!handler_zi)
    .ARM.Collect$$_printf_percent$$00000000  0x00000140   Section        0  _printf_percent.o(.ARM.Collect$$_printf_percent$$00000000)
    .ARM.Collect$$_printf_percent$$00000009  0x00000140   Section        6  _printf_d.o(.ARM.Collect$$_printf_percent$$00000009)
    .ARM.Collect$$_printf_percent$$0000000A  0x00000146   Section        6  _printf_u.o(.ARM.Collect$$_printf_percent$$0000000A)
    .ARM.Collect$$_printf_percent$$0000000C  0x0000014c   Section        6  _printf_x.o(.ARM.Collect$$_printf_percent$$0000000C)
    .ARM.Collect$$_printf_percent$$00000017  0x00000152   Section        4  _printf_percent_end.o(.ARM.Collect$$_printf_percent$$00000017)
    .ARM.Collect$$libinit$$00000000          0x00000156   Section        2  libinit.o(.ARM.Collect$$libinit$$00000000)
    .ARM.Collect$$libinit$$00000002          0x00000158   Section        0  libinit2.o(.ARM.Collect$$libinit$$00000002)
    .ARM.Collect$$libinit$$00000004          0x00000158   Section        0  libinit2.o(.ARM.Collect$$libinit$$00000004)
    .ARM.Collect$$libinit$$0000000A          0x00000158   Section        0  libinit2.o(.ARM.Collect$$libinit$$0000000A)
    .ARM.Collect$$libinit$$0000000C          0x00000158   Section        0  libinit2.o(.ARM.Collect$$libinit$$0000000C)
    .ARM.Collect$$libinit$$0000000E          0x00000158   Section        0  libinit2.o(.ARM.Collect$$libinit$$0000000E)
    .ARM.Collect$$libinit$$00000011          0x00000158   Section        0  libinit2.o(.ARM.Collect$$libinit$$00000011)
    .ARM.Collect$$libinit$$00000013          0x00000158   Section        0  libinit2.o(.ARM.Collect$$libinit$$00000013)
    .ARM.Collect$$libinit$$00000015          0x00000158   Section        0  libinit2.o(.ARM.Collect$$libinit$$00000015)
    .ARM.Collect$$libinit$$00000017          0x00000158   Section        0  libinit2.o(.ARM.Collect$$libinit$$00000017)
    .ARM.Collect$$libinit$$00000019          0x00000158   Section        0  libinit2.o(.ARM.Collect$$libinit$$00000019)
    .ARM.Collect$$libinit$$0000001B          0x00000158   Section        0  libinit2.o(.ARM.Collect$$libinit$$0000001B)
    .ARM.Collect$$libinit$$0000001D          0x00000158   Section        0  libinit2.o(.ARM.Collect$$libinit$$0000001D)
    .ARM.Collect$$libinit$$0000001F          0x00000158   Section        0  libinit2.o(.ARM.Collect$$libinit$$0000001F)
    .ARM.Collect$$libinit$$00000021          0x00000158   Section        0  libinit2.o(.ARM.Collect$$libinit$$00000021)
    .ARM.Collect$$libinit$$00000023          0x00000158   Section        0  libinit2.o(.ARM.Collect$$libinit$$00000023)
    .ARM.Collect$$libinit$$00000025          0x00000158   Section        0  libinit2.o(.ARM.Collect$$libinit$$00000025)
    .ARM.Collect$$libinit$$0000002C          0x00000158   Section        0  libinit2.o(.ARM.Collect$$libinit$$0000002C)
    .ARM.Collect$$libinit$$0000002E          0x00000158   Section        0  libinit2.o(.ARM.Collect$$libinit$$0000002E)
    .ARM.Collect$$libinit$$00000030          0x00000158   Section        0  libinit2.o(.ARM.Collect$$libinit$$00000030)
    .ARM.Collect$$libinit$$00000032          0x00000158   Section        0  libinit2.o(.ARM.Collect$$libinit$$00000032)
    .ARM.Collect$$libinit$$00000033          0x00000158   Section        2  libinit2.o(.ARM.Collect$$libinit$$00000033)
    .ARM.Collect$$libshutdown$$00000000      0x0000015a   Section        2  libshutdown.o(.ARM.Collect$$libshutdown$$00000000)
    .ARM.Collect$$libshutdown$$00000002      0x0000015c   Section        0  libshutdown2.o(.ARM.Collect$$libshutdown$$00000002)
    .ARM.Collect$$libshutdown$$00000004      0x0000015c   Section        0  libshutdown2.o(.ARM.Collect$$libshutdown$$00000004)
    .ARM.Collect$$libshutdown$$00000007      0x0000015c   Section        0  libshutdown2.o(.ARM.Collect$$libshutdown$$00000007)
    .ARM.Collect$$libshutdown$$0000000A      0x0000015c   Section        0  libshutdown2.o(.ARM.Collect$$libshutdown$$0000000A)
    .ARM.Collect$$libshutdown$$0000000C      0x0000015c   Section        0  libshutdown2.o(.ARM.Collect$$libshutdown$$0000000C)
    .ARM.Collect$$libshutdown$$0000000F      0x0000015c   Section        0  libshutdown2.o(.ARM.Collect$$libshutdown$$0000000F)
    .ARM.Collect$$libshutdown$$00000010      0x0000015c   Section        2  libshutdown2.o(.ARM.Collect$$libshutdown$$00000010)
    .ARM.Collect$$rtentry$$00000000          0x0000015e   Section        0  __rtentry.o(.ARM.Collect$$rtentry$$00000000)
    .ARM.Collect$$rtentry$$00000002          0x0000015e   Section        0  __rtentry2.o(.ARM.Collect$$rtentry$$00000002)
    .ARM.Collect$$rtentry$$00000004          0x0000015e   Section        6  __rtentry4.o(.ARM.Collect$$rtentry$$00000004)
    .ARM.Collect$$rtentry$$00000009          0x00000164   Section        0  __rtentry2.o(.ARM.Collect$$rtentry$$00000009)
    .ARM.Collect$$rtentry$$0000000A          0x00000164   Section        4  __rtentry2.o(.ARM.Collect$$rtentry$$0000000A)
    .ARM.Collect$$rtentry$$0000000C          0x00000168   Section        0  __rtentry2.o(.ARM.Collect$$rtentry$$0000000C)
    .ARM.Collect$$rtentry$$0000000D          0x00000168   Section        8  __rtentry2.o(.ARM.Collect$$rtentry$$0000000D)
    .ARM.Collect$$rtexit$$00000000           0x00000170   Section        2  rtexit.o(.ARM.Collect$$rtexit$$00000000)
    .ARM.Collect$$rtexit$$00000002           0x00000172   Section        0  rtexit2.o(.ARM.Collect$$rtexit$$00000002)
    .ARM.Collect$$rtexit$$00000003           0x00000172   Section        4  rtexit2.o(.ARM.Collect$$rtexit$$00000003)
    .ARM.Collect$$rtexit$$00000004           0x00000176   Section        6  rtexit2.o(.ARM.Collect$$rtexit$$00000004)
    .text                                    0x0000017c   Section       60  startup_lpc17xx.o(.text)
    .text                                    0x000001b8   Section        0  __2sprintf.o(.text)
    .text                                    0x000001e4   Section        0  _printf_pad.o(.text)
    .text                                    0x00000234   Section        0  _printf_dec.o(.text)
    .text                                    0x000002ac   Section        0  strlen.o(.text)
    .text                                    0x000002ea   Section        0  heapauxi.o(.text)
    .text                                    0x000002f0   Section        0  _sputc.o(.text)
    .text                                    0x000002fa   Section        2  use_no_semi.o(.text)
    .ARM.__at_0x02FC                         0x000002fc   Section        4  startup_lpc17xx.o(.ARM.__at_0x02FC)
    .text                                    0x00000300   Section        0  _printf_hex_int.o(.text)
    .text                                    0x00000358   Section        0  __printf_flags_ss_wp.o(.text)
    .text                                    0x000004e0   Section      138  rt_memcpy_v6.o(.text)
    .text                                    0x0000056a   Section      100  rt_memcpy_w.o(.text)
    .text                                    0x000005ce   Section        0  _printf_intcommon.o(.text)
    _printf_input_char                       0x00000681   Thumb Code    10  _printf_char_common.o(.text)
    .text                                    0x00000680   Section        0  _printf_char_common.o(.text)
    .text                                    0x000006b0   Section       74  sys_stackheap_outer.o(.text)
    .text                                    0x000006fa   Section        0  exit.o(.text)
    .text                                    0x0000070c   Section        8  libspace.o(.text)
    .text                                    0x00000714   Section        0  sys_exit.o(.text)
    ADC_Init                                 0x00000721   Thumb Code    60  proximetre.o(.text.ADC_Init)
    [Anonymous Symbol]                       0x00000720   Section        0  proximetre.o(.text.ADC_Init)
    .text                                    0x00000720   Section        0  indicate_semi.o(.text)
    Buzzer_Init                              0x0000075d   Thumb Code    40  proximetre.o(.text.Buzzer_Init)
    [Anonymous Symbol]                       0x0000075c   Section        0  proximetre.o(.text.Buzzer_Init)
    Buzzer_Service                           0x00000785   Thumb Code   166  proximetre.o(.text.Buzzer_Service)
    [Anonymous Symbol]                       0x00000784   Section        0  proximetre.o(.text.Buzzer_Service)
    [Anonymous Symbol]                       0x0000082c   Section        0  interruptions.o(.text.EINT1_IRQHandler)
    [Anonymous Symbol]                       0x00000834   Section        0  interruptions.o(.text.EINT3_IRQHandler)
    Servo_SetAngle                           0x00000849   Thumb Code    46  proximetre.o(.text.Servo_SetAngle)
    [Anonymous Symbol]                       0x00000848   Section        0  proximetre.o(.text.Servo_SetAngle)
    SysTick_Config                           0x00000879   Thumb Code    36  main.o(.text.SysTick_Config)
    [Anonymous Symbol]                       0x00000878   Section        0  main.o(.text.SysTick_Config)
    [Anonymous Symbol]                       0x0000089c   Section        0  interruptions.o(.text.SysTick_Handler)
    [Anonymous Symbol]                       0x000008ac   Section        0  system_lpc17xx.o(.text.SystemInit)
    [Anonymous Symbol]                       0x00000978   Section        0  interruptions.o(.text.TIMER0_IRQHandler)
    [Anonymous Symbol]                       0x00000980   Section        0  interruptions.o(.text.TIMER3_IRQHandler)
    Timer3_Init                              0x00000989   Thumb Code   104  proximetre.o(.text.Timer3_Init)
    [Anonymous Symbol]                       0x00000988   Section        0  proximetre.o(.text.Timer3_Init)
    __NVIC_EnableIRQ                         0x000009f1   Thumb Code    16  capteurinductif.o(.text.__NVIC_EnableIRQ)
    [Anonymous Symbol]                       0x000009f0   Section        0  capteurinductif.o(.text.__NVIC_EnableIRQ)
    __NVIC_EnableIRQ                         0x00000a01   Thumb Code    14  emissionir.o(.text.__NVIC_EnableIRQ)
    [Anonymous Symbol]                       0x00000a00   Section        0  emissionir.o(.text.__NVIC_EnableIRQ)
    __NVIC_EnableIRQ                         0x00000a11   Thumb Code    16  moteur.o(.text.__NVIC_EnableIRQ)
    [Anonymous Symbol]                       0x00000a10   Section        0  moteur.o(.text.__NVIC_EnableIRQ)
    __NVIC_EnableIRQ                         0x00000a21   Thumb Code    32  proximetre.o(.text.__NVIC_EnableIRQ)
    [Anonymous Symbol]                       0x00000a20   Section        0  proximetre.o(.text.__NVIC_EnableIRQ)
    __NVIC_SetPriority                       0x00000a41   Thumb Code    14  main.o(.text.__NVIC_SetPriority)
    [Anonymous Symbol]                       0x00000a40   Section        0  main.o(.text.__NVIC_SetPriority)
    adc_read                                 0x00000a51   Thumb Code    60  capteurinductif.o(.text.adc_read)
    [Anonymous Symbol]                       0x00000a50   Section        0  capteurinductif.o(.text.adc_read)
    add_symbol_to_buffers                    0x00000a8d   Thumb Code    64  decode_enveloppe.o(.text.add_symbol_to_buffers)
    [Anonymous Symbol]                       0x00000a8c   Section        0  decode_enveloppe.o(.text.add_symbol_to_buffers)
    [Anonymous Symbol]                       0x00000acc   Section        0  capteurinductif.o(.text.capteurInductif_interrupt_routine)
    [Anonymous Symbol]                       0x00000c58   Section        0  capteurinductif.o(.text.debug_inductif_send_frame)
    [Anonymous Symbol]                       0x00000dac   Section        0  moteur.o(.text.debug_moteurs_send_frame)
    [Anonymous Symbol]                       0x00000dfc   Section        0  decode_enveloppe.o(.text.decode_enveloppe_commande)
    decode_message                           0x00000e81   Thumb Code   154  decode_enveloppe.o(.text.decode_message)
    [Anonymous Symbol]                       0x00000e80   Section        0  decode_enveloppe.o(.text.decode_message)
    delay_ms                                 0x00000f1d   Thumb Code    46  proximetre.o(.text.delay_ms)
    [Anonymous Symbol]                       0x00000f1c   Section        0  proximetre.o(.text.delay_ms)
    detect_message_type                      0x00000f4d   Thumb Code   156  decode_enveloppe.o(.text.detect_message_type)
    [Anonymous Symbol]                       0x00000f4c   Section        0  decode_enveloppe.o(.text.detect_message_type)
    [Anonymous Symbol]                       0x00000fe8   Section        0  dtmf.o(.text.dtmf_interrupt_routine)
    [Anonymous Symbol]                       0x00001044   Section        0  emissionir.o(.text.emissionIR_interrupt_routine)
    extract_data_bits                        0x00001055   Thumb Code    28  decode_enveloppe.o(.text.extract_data_bits)
    [Anonymous Symbol]                       0x00001054   Section        0  decode_enveloppe.o(.text.extract_data_bits)
    [Anonymous Symbol]                       0x00001070   Section        0  robotstate.o(.text.get_capteur_averages)
    [Anonymous Symbol]                       0x000010a0   Section        0  robotstate.o(.text.get_debug_uart_enabled)
    [Anonymous Symbol]                       0x000010ac   Section        0  capteurinductif.o(.text.get_envelope_period_us)
    [Anonymous Symbol]                       0x000010b8   Section        0  robotstate.o(.text.get_inductif_values)
    [Anonymous Symbol]                       0x000010fc   Section        0  robotstate.o(.text.get_motor_pwms)
    [Anonymous Symbol]                       0x00001120   Section        0  robotstate.o(.text.get_motor_speeds)
    [Anonymous Symbol]                       0x00001144   Section        0  robotstate.o(.text.get_robot_number)
    [Anonymous Symbol]                       0x00001150   Section        0  robotstate.o(.text.get_robot_status)
    [Anonymous Symbol]                       0x0000115c   Section        0  robotstate.o(.text.get_robot_vitesse)
    [Anonymous Symbol]                       0x00001168   Section        0  emissionir.o(.text.init_PWM_IR)
    [Anonymous Symbol]                       0x000011d8   Section        0  emissionir.o(.text.init_Timer_Enveloppe)
    init_adc                                 0x0000121d   Thumb Code    76  capteurinductif.o(.text.init_adc)
    [Anonymous Symbol]                       0x0000121c   Section        0  capteurinductif.o(.text.init_adc)
    [Anonymous Symbol]                       0x00001268   Section        0  capteurinductif.o(.text.init_capteur_inductif)
    init_clock                               0x0000129d   Thumb Code    50  capteurinductif.o(.text.init_clock)
    [Anonymous Symbol]                       0x0000129c   Section        0  capteurinductif.o(.text.init_clock)
    init_enveloppe                           0x000012d1   Thumb Code    92  capteurinductif.o(.text.init_enveloppe)
    [Anonymous Symbol]                       0x000012d0   Section        0  capteurinductif.o(.text.init_enveloppe)
    [Anonymous Symbol]                       0x0000132c   Section        0  moteur.o(.text.init_moteurs_debug)
    init_moteurs_switches                    0x0000133d   Thumb Code    58  moteur.o(.text.init_moteurs_switches)
    [Anonymous Symbol]                       0x0000133c   Section        0  moteur.o(.text.init_moteurs_switches)
    [Anonymous Symbol]                       0x00001378   Section        0  proximetre.o(.text.init_proximetre)
    init_proximetre_switches                 0x000013a5   Thumb Code    58  proximetre.o(.text.init_proximetre_switches)
    [Anonymous Symbol]                       0x000013a4   Section        0  proximetre.o(.text.init_proximetre_switches)
    init_switches                            0x000013e1   Thumb Code    58  capteurinductif.o(.text.init_switches)
    [Anonymous Symbol]                       0x000013e0   Section        0  capteurinductif.o(.text.init_switches)
    [Anonymous Symbol]                       0x0000141c   Section        0  uart.o(.text.init_uart0)
    invalidate_buffers                       0x00001499   Thumb Code    70  decode_enveloppe.o(.text.invalidate_buffers)
    [Anonymous Symbol]                       0x00001498   Section        0  decode_enveloppe.o(.text.invalidate_buffers)
    is_header_symbol                         0x000014e1   Thumb Code    12  decode_enveloppe.o(.text.is_header_symbol)
    [Anonymous Symbol]                       0x000014e0   Section        0  decode_enveloppe.o(.text.is_header_symbol)
    is_rest_duration_valid                   0x000014ed   Thumb Code    14  decode_enveloppe.o(.text.is_rest_duration_valid)
    [Anonymous Symbol]                       0x000014ec   Section        0  decode_enveloppe.o(.text.is_rest_duration_valid)
    is_uppercase_symbol                      0x000014fd   Thumb Code    22  decode_enveloppe.o(.text.is_uppercase_symbol)
    [Anonymous Symbol]                       0x000014fc   Section        0  decode_enveloppe.o(.text.is_uppercase_symbol)
    lowercase_to_uppercase                   0x00001515   Thumb Code    26  decode_enveloppe.o(.text.lowercase_to_uppercase)
    [Anonymous Symbol]                       0x00001514   Section        0  decode_enveloppe.o(.text.lowercase_to_uppercase)
    [Anonymous Symbol]                       0x00001530   Section        0  main.o(.text.main)
    [Anonymous Symbol]                       0x00001598   Section        0  moteur.o(.text.moteurs_interrupt_routine)
    moteurs_send_frame                       0x000015c1   Thumb Code   180  moteur.o(.text.moteurs_send_frame)
    [Anonymous Symbol]                       0x000015c0   Section        0  moteur.o(.text.moteurs_send_frame)
    moteurs_update_mode_from_gpio            0x00001675   Thumb Code    26  moteur.o(.text.moteurs_update_mode_from_gpio)
    [Anonymous Symbol]                       0x00001674   Section        0  moteur.o(.text.moteurs_update_mode_from_gpio)
    period_us_to_symbol                      0x00001691   Thumb Code    86  decode_enveloppe.o(.text.period_us_to_symbol)
    [Anonymous Symbol]                       0x00001690   Section        0  decode_enveloppe.o(.text.period_us_to_symbol)
    [Anonymous Symbol]                       0x000016e8   Section        0  toolsir.o(.text.preparer_trame)
    [Anonymous Symbol]                       0x0000177c   Section        0  dtmf.o(.text.process_dtmf_commands)
    [Anonymous Symbol]                       0x00001868   Section        0  proximetre.o(.text.proximetre_interrupt_routine)
    [Anonymous Symbol]                       0x00001890   Section        0  proximetre.o(.text.proximetre_timer_interrupt_routine)
    proximetre_update_mode_from_gpio         0x000018dd   Thumb Code    36  proximetre.o(.text.proximetre_update_mode_from_gpio)
    [Anonymous Symbol]                       0x000018dc   Section        0  proximetre.o(.text.proximetre_update_mode_from_gpio)
    [Anonymous Symbol]                       0x00001900   Section        0  recepspi.o(.text.recepSPI_interrupt_routine)
    [Anonymous Symbol]                       0x000019e8   Section        0  robotstate.o(.text.set_capteur_averages)
    [Anonymous Symbol]                       0x00001a08   Section        0  robotstate.o(.text.set_debug_uart_enabled)
    [Anonymous Symbol]                       0x00001a14   Section        0  robotstate.o(.text.set_new_wire_trame)
    [Anonymous Symbol]                       0x00001a20   Section        0  robotstate.o(.text.set_wire_trame)
    symbol_to_bit                            0x00001a59   Thumb Code    20  decode_enveloppe.o(.text.symbol_to_bit)
    [Anonymous Symbol]                       0x00001a58   Section        0  decode_enveloppe.o(.text.symbol_to_bit)
    [Anonymous Symbol]                       0x00001a6c   Section        0  uart.o(.text.uart0_send_char)
    [Anonymous Symbol]                       0x00001a80   Section        0  uart.o(.text.uart0_send_string)
    [Anonymous Symbol]                       0x00001aa8   Section        0  emissionir.o(.text.update_PWM_state)
    [Anonymous Symbol]                       0x00001b88   Section        0  dtmf.o(.text.update_status_leds)
    update_switch_mode_from_gpio             0x00001be5   Thumb Code    28  capteurinductif.o(.text.update_switch_mode_from_gpio)
    [Anonymous Symbol]                       0x00001be4   Section        0  capteurinductif.o(.text.update_switch_mode_from_gpio)
    i._is_digit                              0x00001c00   Section        0  __printf_wp.o(i._is_digit)
    uc_hextab                                0x00001c0e   Data          20  _printf_hex_int.o(.constdata)
    .constdata                               0x00001c0e   Section       40  _printf_hex_int.o(.constdata)
    lc_hextab                                0x00001c22   Data          20  _printf_hex_int.o(.constdata)
    maptable                                 0x00001c36   Data          17  __printf_flags_ss_wp.o(.constdata)
    .constdata                               0x00001c36   Section       17  __printf_flags_ss_wp.o(.constdata)
    current_angle                            0x10000014   Data           4  robotstate.o(.data.current_angle)
    [Anonymous Symbol]                       0x10000014   Section        0  robotstate.o(.data.current_angle)
    current_dist_ar                          0x10000018   Data           4  robotstate.o(.data.current_dist_ar)
    [Anonymous Symbol]                       0x10000018   Section        0  robotstate.o(.data.current_dist_ar)
    current_dist_av                          0x1000001c   Data           4  robotstate.o(.data.current_dist_av)
    [Anonymous Symbol]                       0x1000001c   Section        0  robotstate.o(.data.current_dist_av)
    current_dist_mil                         0x10000020   Data           4  robotstate.o(.data.current_dist_mil)
    [Anonymous Symbol]                       0x10000020   Section        0  robotstate.o(.data.current_dist_mil)
    current_pwm_d                            0x10000024   Data           4  robotstate.o(.data.current_pwm_d)
    [Anonymous Symbol]                       0x10000024   Section        0  robotstate.o(.data.current_pwm_d)
    current_pwm_g                            0x10000028   Data           4  robotstate.o(.data.current_pwm_g)
    [Anonymous Symbol]                       0x10000028   Section        0  robotstate.o(.data.current_pwm_g)
    current_status                           0x1000002c   Data           1  robotstate.o(.data.current_status)
    [Anonymous Symbol]                       0x1000002c   Section        0  robotstate.o(.data.current_status)
    current_v_moy                            0x10000030   Data           4  robotstate.o(.data.current_v_moy)
    [Anonymous Symbol]                       0x10000030   Section        0  robotstate.o(.data.current_v_moy)
    current_w_ang                            0x10000034   Data           4  robotstate.o(.data.current_w_ang)
    [Anonymous Symbol]                       0x10000034   Section        0  robotstate.o(.data.current_w_ang)
    last_rest_duration_us                    0x10000042   Data           2  capteurinductif.o(.data.last_rest_duration_us)
    [Anonymous Symbol]                       0x10000042   Section        0  capteurinductif.o(.data.last_rest_duration_us)
    process_dtmf_commands.parsed_action      0x10000044   Data           1  dtmf.o(.data.process_dtmf_commands.parsed_action)
    [Anonymous Symbol]                       0x10000044   Section        0  dtmf.o(.data.process_dtmf_commands.parsed_action)
    servo_pulse_us                           0x10000048   Data           4  proximetre.o(.data.servo_pulse_us)
    [Anonymous Symbol]                       0x10000048   Section        0  proximetre.o(.data.servo_pulse_us)
    .bss                                     0x10000050   Section       96  libspace.o(.bss)
    blink_counter                            0x100000b4   Data           4  dtmf.o(.bss.blink_counter)
    [Anonymous Symbol]                       0x100000b4   Section        0  dtmf.o(.bss.blink_counter)
    buffer_index                             0x100000dc   Data           2  decode_enveloppe.o(.bss.buffer_index)
    [Anonymous Symbol]                       0x100000dc   Section        0  decode_enveloppe.o(.bss.buffer_index)
    buffer_nord                              0x100000e0   Data          30  decode_enveloppe.o(.bss.buffer_nord)
    [Anonymous Symbol]                       0x100000e0   Section        0  decode_enveloppe.o(.bss.buffer_nord)
    buffer_sud                               0x10000100   Data          30  decode_enveloppe.o(.bss.buffer_sud)
    [Anonymous Symbol]                       0x10000100   Section        0  decode_enveloppe.o(.bss.buffer_sud)
    buzz_on                                  0x1000011e   Data           1  proximetre.o(.bss.buzz_on)
    [Anonymous Symbol]                       0x1000011e   Section        0  proximetre.o(.bss.buzz_on)
    buzz_period_us                           0x10000120   Data           4  proximetre.o(.bss.buzz_period_us)
    [Anonymous Symbol]                       0x10000120   Section        0  proximetre.o(.bss.buzz_period_us)
    buzz_t0                                  0x10000124   Data           4  proximetre.o(.bss.buzz_t0)
    [Anonymous Symbol]                       0x10000124   Section        0  proximetre.o(.bss.buzz_t0)
    current_avg_ar                           0x10000128   Data           2  robotstate.o(.bss.current_avg_ar)
    [Anonymous Symbol]                       0x10000128   Section        0  robotstate.o(.bss.current_avg_ar)
    current_avg_av                           0x1000012a   Data           2  robotstate.o(.bss.current_avg_av)
    [Anonymous Symbol]                       0x1000012a   Section        0  robotstate.o(.bss.current_avg_av)
    current_avg_hor                          0x1000012c   Data           2  robotstate.o(.bss.current_avg_hor)
    [Anonymous Symbol]                       0x1000012c   Section        0  robotstate.o(.bss.current_avg_hor)
    current_period_us                        0x1000012e   Data           2  capteurinductif.o(.bss.current_period_us)
    [Anonymous Symbol]                       0x1000012e   Section        0  capteurinductif.o(.bss.current_period_us)
    current_robot_number                     0x10000130   Data           1  robotstate.o(.bss.current_robot_number)
    [Anonymous Symbol]                       0x10000130   Section        0  robotstate.o(.bss.current_robot_number)
    current_vitesse                          0x10000131   Data           1  robotstate.o(.bss.current_vitesse)
    [Anonymous Symbol]                       0x10000131   Section        0  robotstate.o(.bss.current_vitesse)
    current_wire_trame.0                     0x10000132   Data           1  robotstate.o(.bss.current_wire_trame.0)
    [Anonymous Symbol]                       0x10000132   Section        0  robotstate.o(.bss.current_wire_trame.0)
    current_wire_trame.1                     0x10000134   Data           1  robotstate.o(.bss.current_wire_trame.1)
    [Anonymous Symbol]                       0x10000134   Section        0  robotstate.o(.bss.current_wire_trame.1)
    current_wire_trame.2                     0x10000136   Data           2  robotstate.o(.bss.current_wire_trame.2)
    [Anonymous Symbol]                       0x10000136   Section        0  robotstate.o(.bss.current_wire_trame.2)
    ind_hw_mode                              0x1000013b   Data           1  capteurinductif.o(.bss.ind_hw_mode)
    [Anonymous Symbol]                       0x1000013b   Section        0  capteurinductif.o(.bss.ind_hw_mode)
    ind_wire_mode                            0x1000013c   Data           1  capteurinductif.o(.bss.ind_wire_mode)
    [Anonymous Symbol]                       0x1000013c   Section        0  capteurinductif.o(.bss.ind_wire_mode)
    ind_wire_pending                         0x1000013d   Data           1  capteurinductif.o(.bss.ind_wire_pending)
    [Anonymous Symbol]                       0x1000013d   Section        0  capteurinductif.o(.bss.ind_wire_pending)
    last_fall_time                           0x10000170   Data           4  capteurinductif.o(.bss.last_fall_time)
    [Anonymous Symbol]                       0x10000170   Section        0  capteurinductif.o(.bss.last_fall_time)
    last_rise_time                           0x10000174   Data           4  capteurinductif.o(.bss.last_rise_time)
    [Anonymous Symbol]                       0x10000174   Section        0  capteurinductif.o(.bss.last_rise_time)
    mot_hw_mode                              0x10000178   Data           1  moteur.o(.bss.mot_hw_mode)
    [Anonymous Symbol]                       0x10000178   Section        0  moteur.o(.bss.mot_hw_mode)
    mot_wire_mode                            0x10000179   Data           1  moteur.o(.bss.mot_wire_mode)
    [Anonymous Symbol]                       0x10000179   Section        0  moteur.o(.bss.mot_wire_mode)
    mot_wire_pending                         0x1000017a   Data           1  moteur.o(.bss.mot_wire_pending)
    [Anonymous Symbol]                       0x1000017a   Section        0  moteur.o(.bss.mot_wire_pending)
    new_wire_trame                           0x1000017c   Data           1  robotstate.o(.bss.new_wire_trame)
    [Anonymous Symbol]                       0x1000017c   Section        0  robotstate.o(.bss.new_wire_trame)
    process_dtmf_commands.current_state      0x10000182   Data           1  dtmf.o(.bss.process_dtmf_commands.current_state)
    [Anonymous Symbol]                       0x10000182   Section        0  dtmf.o(.bss.process_dtmf_commands.current_state)
    process_dtmf_commands.parsed_robot_id    0x10000183   Data           1  dtmf.o(.bss.process_dtmf_commands.parsed_robot_id)
    [Anonymous Symbol]                       0x10000183   Section        0  dtmf.o(.bss.process_dtmf_commands.parsed_robot_id)
    prox_mode                                0x10000184   Data           1  proximetre.o(.bss.prox_mode)
    [Anonymous Symbol]                       0x10000184   Section        0  proximetre.o(.bss.prox_mode)
    sample_count                             0x10000186   Data           2  capteurinductif.o(.bss.sample_count)
    [Anonymous Symbol]                       0x10000186   Section        0  capteurinductif.o(.bss.sample_count)
    sum_sin1                                 0x1000018c   Data           4  capteurinductif.o(.bss.sum_sin1)
    [Anonymous Symbol]                       0x1000018c   Section        0  capteurinductif.o(.bss.sum_sin1)
    sum_sin2                                 0x10000190   Data           4  capteurinductif.o(.bss.sum_sin2)
    [Anonymous Symbol]                       0x10000190   Section        0  capteurinductif.o(.bss.sum_sin2)
    sum_sin3                                 0x10000194   Data           4  capteurinductif.o(.bss.sum_sin3)
    [Anonymous Symbol]                       0x10000194   Section        0  capteurinductif.o(.bss.sum_sin3)
    uart_debug_enabled                       0x10000198   Data           1  robotstate.o(.bss.uart_debug_enabled)
    [Anonymous Symbol]                       0x10000198   Section        0  robotstate.o(.bss.uart_debug_enabled)
    wire_trame_is_valid                      0x10000199   Data           1  robotstate.o(.bss.wire_trame_is_valid)
    [Anonymous Symbol]                       0x10000199   Section        0  robotstate.o(.bss.wire_trame_is_valid)
    Heap_Mem                                 0x100001a0   Data           0  startup_lpc17xx.o(HEAP)
    Stack_Mem                                0x100001a0   Data         512  startup_lpc17xx.o(STACK)
    HEAP                                     0x100001a0   Section        0  startup_lpc17xx.o(HEAP)
    STACK                                    0x100001a0   Section      512  startup_lpc17xx.o(STACK)
    __initial_sp                             0x100003a0   Data           0  startup_lpc17xx.o(STACK)

    Global Symbols

    Symbol Name                              Value     Ov Type        Size  Object(Section)

    BuildAttributes$$THM_ISAv4$P$D$K$B$S$PE$A:L22UL41UL21$X:L11$S22US41US21$IEEE1$IW$~IW$USESV6$~STKCKD$USESV7$~SHL$OTIME$ROPI$EBA8$UX$STANDARDLIB$REQ8$PRES8$EABIv2 0x00000000   Number         0  anon$$obj.o ABSOLUTE
    __Vectors                                0x00000000   Data           4  startup_lpc17xx.o(RESET)
    __fp_init_empty                          0x00000000   Number         0  fpinit_empty.o ABSOLUTE
    _printf_flags                            0x00000000   Number         0  printf_stubs.o ABSOLUTE
    _printf_return_value                     0x00000000   Number         0  printf_stubs.o ABSOLUTE
    _printf_sizespec                         0x00000000   Number         0  printf_stubs.o ABSOLUTE
    _printf_widthprec                        0x00000000   Number         0  printf_stubs.o ABSOLUTE
    __ARM_exceptions_init                     - Undefined Weak Reference
    __alloca_initialize                       - Undefined Weak Reference
    __arm_preinit_                            - Undefined Weak Reference
    __cpp_initialize__aeabi_                  - Undefined Weak Reference
    __cxa_finalize                            - Undefined Weak Reference
    __rt_locale                               - Undefined Weak Reference
    __sigvec_lookup                           - Undefined Weak Reference
    _atexit_init                              - Undefined Weak Reference
    _call_atexit_fns                          - Undefined Weak Reference
    _clock_init                               - Undefined Weak Reference
    _fp_trap_init                             - Undefined Weak Reference
    _fp_trap_shutdown                         - Undefined Weak Reference
    _get_lc_collate                           - Undefined Weak Reference
    _get_lc_ctype                             - Undefined Weak Reference
    _get_lc_monetary                          - Undefined Weak Reference
    _get_lc_numeric                           - Undefined Weak Reference
    _get_lc_time                              - Undefined Weak Reference
    _getenv_init                              - Undefined Weak Reference
    _handle_redirection                       - Undefined Weak Reference
    _init_alloc                               - Undefined Weak Reference
    _init_user_alloc                          - Undefined Weak Reference
    _initio                                   - Undefined Weak Reference
    _printf_truncate_signed                   - Undefined Weak Reference
    _printf_truncate_unsigned                 - Undefined Weak Reference
    _rand_init                                - Undefined Weak Reference
    _signal_finish                            - Undefined Weak Reference
    _signal_init                              - Undefined Weak Reference
    _terminate_alloc                          - Undefined Weak Reference
    _terminate_user_alloc                     - Undefined Weak Reference
    _terminateio                              - Undefined Weak Reference
    __main                                   0x000000cd   Thumb Code     8  __main.o(!!!main)
    __scatterload                            0x000000d5   Thumb Code     0  __scatter.o(!!!scatter)
    __scatterload_rt2                        0x000000d5   Thumb Code    44  __scatter.o(!!!scatter)
    __scatterload_rt2_thumb_only             0x000000d5   Thumb Code     0  __scatter.o(!!!scatter)
    __scatterload_null                       0x000000e3   Thumb Code     0  __scatter.o(!!!scatter)
    __scatterload_copy                       0x00000109   Thumb Code    26  __scatter_copy.o(!!handler_copy)
    __scatterload_zeroinit                   0x00000125   Thumb Code    28  __scatter_zi.o(!!handler_zi)
    _printf_d                                0x00000141   Thumb Code     0  _printf_d.o(.ARM.Collect$$_printf_percent$$00000009)
    _printf_percent                          0x00000141   Thumb Code     0  _printf_percent.o(.ARM.Collect$$_printf_percent$$00000000)
    _printf_u                                0x00000147   Thumb Code     0  _printf_u.o(.ARM.Collect$$_printf_percent$$0000000A)
    _printf_x                                0x0000014d   Thumb Code     0  _printf_x.o(.ARM.Collect$$_printf_percent$$0000000C)
    _printf_percent_end                      0x00000153   Thumb Code     0  _printf_percent_end.o(.ARM.Collect$$_printf_percent$$00000017)
    __rt_lib_init                            0x00000157   Thumb Code     0  libinit.o(.ARM.Collect$$libinit$$00000000)
    __rt_lib_init_alloca_1                   0x00000159   Thumb Code     0  libinit2.o(.ARM.Collect$$libinit$$0000002E)
    __rt_lib_init_argv_1                     0x00000159   Thumb Code     0  libinit2.o(.ARM.Collect$$libinit$$0000002C)
    __rt_lib_init_atexit_1                   0x00000159   Thumb Code     0  libinit2.o(.ARM.Collect$$libinit$$0000001B)
    __rt_lib_init_clock_1                    0x00000159   Thumb Code     0  libinit2.o(.ARM.Collect$$libinit$$00000021)
    __rt_lib_init_cpp_1                      0x00000159   Thumb Code     0  libinit2.o(.ARM.Collect$$libinit$$00000032)
    __rt_lib_init_exceptions_1               0x00000159   Thumb Code     0  libinit2.o(.ARM.Collect$$libinit$$00000030)
    __rt_lib_init_fp_1                       0x00000159   Thumb Code     0  libinit2.o(.ARM.Collect$$libinit$$00000002)
    __rt_lib_init_fp_trap_1                  0x00000159   Thumb Code     0  libinit2.o(.ARM.Collect$$libinit$$0000001F)
    __rt_lib_init_getenv_1                   0x00000159   Thumb Code     0  libinit2.o(.ARM.Collect$$libinit$$00000023)
    __rt_lib_init_heap_1                     0x00000159   Thumb Code     0  libinit2.o(.ARM.Collect$$libinit$$0000000A)
    __rt_lib_init_lc_collate_1               0x00000159   Thumb Code     0  libinit2.o(.ARM.Collect$$libinit$$00000011)
    __rt_lib_init_lc_ctype_1                 0x00000159   Thumb Code     0  libinit2.o(.ARM.Collect$$libinit$$00000013)
    __rt_lib_init_lc_monetary_1              0x00000159   Thumb Code     0  libinit2.o(.ARM.Collect$$libinit$$00000015)
    __rt_lib_init_lc_numeric_1               0x00000159   Thumb Code     0  libinit2.o(.ARM.Collect$$libinit$$00000017)
    __rt_lib_init_lc_time_1                  0x00000159   Thumb Code     0  libinit2.o(.ARM.Collect$$libinit$$00000019)
    __rt_lib_init_preinit_1                  0x00000159   Thumb Code     0  libinit2.o(.ARM.Collect$$libinit$$00000004)
    __rt_lib_init_rand_1                     0x00000159   Thumb Code     0  libinit2.o(.ARM.Collect$$libinit$$0000000E)
    __rt_lib_init_return                     0x00000159   Thumb Code     0  libinit2.o(.ARM.Collect$$libinit$$00000033)
    __rt_lib_init_signal_1                   0x00000159   Thumb Code     0  libinit2.o(.ARM.Collect$$libinit$$0000001D)
    __rt_lib_init_stdio_1                    0x00000159   Thumb Code     0  libinit2.o(.ARM.Collect$$libinit$$00000025)
    __rt_lib_init_user_alloc_1               0x00000159   Thumb Code     0  libinit2.o(.ARM.Collect$$libinit$$0000000C)
    __rt_lib_shutdown                        0x0000015b   Thumb Code     0  libshutdown.o(.ARM.Collect$$libshutdown$$00000000)
    __rt_lib_shutdown_cpp_1                  0x0000015d   Thumb Code     0  libshutdown2.o(.ARM.Collect$$libshutdown$$00000002)
    __rt_lib_shutdown_fp_trap_1              0x0000015d   Thumb Code     0  libshutdown2.o(.ARM.Collect$$libshutdown$$00000007)
    __rt_lib_shutdown_heap_1                 0x0000015d   Thumb Code     0  libshutdown2.o(.ARM.Collect$$libshutdown$$0000000F)
    __rt_lib_shutdown_return                 0x0000015d   Thumb Code     0  libshutdown2.o(.ARM.Collect$$libshutdown$$00000010)
    __rt_lib_shutdown_signal_1               0x0000015d   Thumb Code     0  libshutdown2.o(.ARM.Collect$$libshutdown$$0000000A)
    __rt_lib_shutdown_stdio_1                0x0000015d   Thumb Code     0  libshutdown2.o(.ARM.Collect$$libshutdown$$00000004)
    __rt_lib_shutdown_user_alloc_1           0x0000015d   Thumb Code     0  libshutdown2.o(.ARM.Collect$$libshutdown$$0000000C)
    __rt_entry                               0x0000015f   Thumb Code     0  __rtentry.o(.ARM.Collect$$rtentry$$00000000)
    __rt_entry_presh_1                       0x0000015f   Thumb Code     0  __rtentry2.o(.ARM.Collect$$rtentry$$00000002)
    __rt_entry_sh                            0x0000015f   Thumb Code     0  __rtentry4.o(.ARM.Collect$$rtentry$$00000004)
    __rt_entry_li                            0x00000165   Thumb Code     0  __rtentry2.o(.ARM.Collect$$rtentry$$0000000A)
    __rt_entry_postsh_1                      0x00000165   Thumb Code     0  __rtentry2.o(.ARM.Collect$$rtentry$$00000009)
    __rt_entry_main                          0x00000169   Thumb Code     0  __rtentry2.o(.ARM.Collect$$rtentry$$0000000D)
    __rt_entry_postli_1                      0x00000169   Thumb Code     0  __rtentry2.o(.ARM.Collect$$rtentry$$0000000C)
    __rt_exit                                0x00000171   Thumb Code     0  rtexit.o(.ARM.Collect$$rtexit$$00000000)
    __rt_exit_ls                             0x00000173   Thumb Code     0  rtexit2.o(.ARM.Collect$$rtexit$$00000003)
    __rt_exit_prels_1                        0x00000173   Thumb Code     0  rtexit2.o(.ARM.Collect$$rtexit$$00000002)
    __rt_exit_exit                           0x00000177   Thumb Code     0  rtexit2.o(.ARM.Collect$$rtexit$$00000004)
    Reset_Handler                            0x0000017d   Thumb Code     8  startup_lpc17xx.o(.text)
    NMI_Handler                              0x00000185   Thumb Code     2  startup_lpc17xx.o(.text)
    HardFault_Handler                        0x00000187   Thumb Code     2  startup_lpc17xx.o(.text)
    MemManage_Handler                        0x00000189   Thumb Code     2  startup_lpc17xx.o(.text)
    BusFault_Handler                         0x0000018b   Thumb Code     2  startup_lpc17xx.o(.text)
    UsageFault_Handler                       0x0000018d   Thumb Code     2  startup_lpc17xx.o(.text)
    SVC_Handler                              0x0000018f   Thumb Code     2  startup_lpc17xx.o(.text)
    DebugMon_Handler                         0x00000191   Thumb Code     2  startup_lpc17xx.o(.text)
    PendSV_Handler                           0x00000193   Thumb Code     2  startup_lpc17xx.o(.text)
    ADC_IRQHandler                           0x00000197   Thumb Code     0  startup_lpc17xx.o(.text)
    BOD_IRQHandler                           0x00000197   Thumb Code     0  startup_lpc17xx.o(.text)
    CANActivity_IRQHandler                   0x00000197   Thumb Code     0  startup_lpc17xx.o(.text)
    CAN_IRQHandler                           0x00000197   Thumb Code     0  startup_lpc17xx.o(.text)
    DMA_IRQHandler                           0x00000197   Thumb Code     0  startup_lpc17xx.o(.text)
    EINT0_IRQHandler                         0x00000197   Thumb Code     0  startup_lpc17xx.o(.text)
    EINT2_IRQHandler                         0x00000197   Thumb Code     0  startup_lpc17xx.o(.text)
    ENET_IRQHandler                          0x00000197   Thumb Code     0  startup_lpc17xx.o(.text)
    I2C0_IRQHandler                          0x00000197   Thumb Code     0  startup_lpc17xx.o(.text)
    I2C1_IRQHandler                          0x00000197   Thumb Code     0  startup_lpc17xx.o(.text)
    I2C2_IRQHandler                          0x00000197   Thumb Code     0  startup_lpc17xx.o(.text)
    I2S_IRQHandler                           0x00000197   Thumb Code     0  startup_lpc17xx.o(.text)
    MCPWM_IRQHandler                         0x00000197   Thumb Code     0  startup_lpc17xx.o(.text)
    PLL0_IRQHandler                          0x00000197   Thumb Code     0  startup_lpc17xx.o(.text)
    PLL1_IRQHandler                          0x00000197   Thumb Code     0  startup_lpc17xx.o(.text)
    PWM1_IRQHandler                          0x00000197   Thumb Code     0  startup_lpc17xx.o(.text)
    QEI_IRQHandler                           0x00000197   Thumb Code     0  startup_lpc17xx.o(.text)
    RIT_IRQHandler                           0x00000197   Thumb Code     0  startup_lpc17xx.o(.text)
    RTC_IRQHandler                           0x00000197   Thumb Code     0  startup_lpc17xx.o(.text)
    SPI_IRQHandler                           0x00000197   Thumb Code     0  startup_lpc17xx.o(.text)
    SSP0_IRQHandler                          0x00000197   Thumb Code     0  startup_lpc17xx.o(.text)
    SSP1_IRQHandler                          0x00000197   Thumb Code     0  startup_lpc17xx.o(.text)
    TIMER1_IRQHandler                        0x00000197   Thumb Code     0  startup_lpc17xx.o(.text)
    TIMER2_IRQHandler                        0x00000197   Thumb Code     0  startup_lpc17xx.o(.text)
    UART0_IRQHandler                         0x00000197   Thumb Code     0  startup_lpc17xx.o(.text)
    UART1_IRQHandler                         0x00000197   Thumb Code     0  startup_lpc17xx.o(.text)
    UART2_IRQHandler                         0x00000197   Thumb Code     0  startup_lpc17xx.o(.text)
    UART3_IRQHandler                         0x00000197   Thumb Code     0  startup_lpc17xx.o(.text)
    USBActivity_IRQHandler                   0x00000197   Thumb Code     0  startup_lpc17xx.o(.text)
    USB_IRQHandler                           0x00000197   Thumb Code     0  startup_lpc17xx.o(.text)
    WDT_IRQHandler                           0x00000197   Thumb Code     0  startup_lpc17xx.o(.text)
    __user_initial_stackheap                 0x00000199   Thumb Code     0  startup_lpc17xx.o(.text)
    __2sprintf                               0x000001b9   Thumb Code    38  __2sprintf.o(.text)
    _printf_pre_padding                      0x000001e5   Thumb Code    44  _printf_pad.o(.text)
    _printf_post_padding                     0x00000211   Thumb Code    34  _printf_pad.o(.text)
    _printf_int_dec                          0x00000235   Thumb Code   104  _printf_dec.o(.text)
    strlen                                   0x000002ad   Thumb Code    62  strlen.o(.text)
    __use_two_region_memory                  0x000002eb   Thumb Code     2  heapauxi.o(.text)
    __rt_heap_escrow$2region                 0x000002ed   Thumb Code     2  heapauxi.o(.text)
    __rt_heap_expand$2region                 0x000002ef   Thumb Code     2  heapauxi.o(.text)
    _sputc                                   0x000002f1   Thumb Code    10  _sputc.o(.text)
    __I$use$semihosting                      0x000002fb   Thumb Code     0  use_no_semi.o(.text)
    __use_no_semihosting_swi                 0x000002fb   Thumb Code     2  use_no_semi.o(.text)
    _printf_int_hex                          0x00000301   Thumb Code    84  _printf_hex_int.o(.text)
    _printf_longlong_hex                     0x00000301   Thumb Code     0  _printf_hex_int.o(.text)
    __printf                                 0x00000359   Thumb Code   388  __printf_flags_ss_wp.o(.text)
    __aeabi_memcpy                           0x000004e1   Thumb Code     0  rt_memcpy_v6.o(.text)
    __rt_memcpy                              0x000004e1   Thumb Code   138  rt_memcpy_v6.o(.text)
    _memcpy_lastbytes                        0x00000547   Thumb Code     0  rt_memcpy_v6.o(.text)
    __aeabi_memcpy4                          0x0000056b   Thumb Code     0  rt_memcpy_w.o(.text)
    __aeabi_memcpy8                          0x0000056b   Thumb Code     0  rt_memcpy_w.o(.text)
    __rt_memcpy_w                            0x0000056b   Thumb Code   100  rt_memcpy_w.o(.text)
    _memcpy_lastbytes_aligned                0x000005b3   Thumb Code     0  rt_memcpy_w.o(.text)
    _printf_int_common                       0x000005cf   Thumb Code   178  _printf_intcommon.o(.text)
    _printf_char_common                      0x0000068b   Thumb Code    32  _printf_char_common.o(.text)
    __user_setup_stackheap                   0x000006b1   Thumb Code    74  sys_stackheap_outer.o(.text)
    exit                                     0x000006fb   Thumb Code    18  exit.o(.text)
    __user_libspace                          0x0000070d   Thumb Code     8  libspace.o(.text)
    __user_perproc_libspace                  0x0000070d   Thumb Code     0  libspace.o(.text)
    __user_perthread_libspace                0x0000070d   Thumb Code     0  libspace.o(.text)
    _sys_exit                                0x00000715   Thumb Code     8  sys_exit.o(.text)
    __semihosting_library_function           0x00000721   Thumb Code     0  indicate_semi.o(.text)
    EINT1_IRQHandler                         0x0000082d   Thumb Code     8  interruptions.o(.text.EINT1_IRQHandler)
    EINT3_IRQHandler                         0x00000835   Thumb Code    20  interruptions.o(.text.EINT3_IRQHandler)
    SysTick_Handler                          0x0000089d   Thumb Code    14  interruptions.o(.text.SysTick_Handler)
    SystemInit                               0x000008ad   Thumb Code   204  system_lpc17xx.o(.text.SystemInit)
    TIMER0_IRQHandler                        0x00000979   Thumb Code     8  interruptions.o(.text.TIMER0_IRQHandler)
    TIMER3_IRQHandler                        0x00000981   Thumb Code     8  interruptions.o(.text.TIMER3_IRQHandler)
    capteurInductif_interrupt_routine        0x00000acd   Thumb Code   394  capteurinductif.o(.text.capteurInductif_interrupt_routine)
    debug_inductif_send_frame                0x00000c59   Thumb Code   340  capteurinductif.o(.text.debug_inductif_send_frame)
    debug_moteurs_send_frame                 0x00000dad   Thumb Code    80  moteur.o(.text.debug_moteurs_send_frame)
    decode_enveloppe_commande                0x00000dfd   Thumb Code   132  decode_enveloppe.o(.text.decode_enveloppe_commande)
    dtmf_interrupt_routine                   0x00000fe9   Thumb Code    92  dtmf.o(.text.dtmf_interrupt_routine)
    emissionIR_interrupt_routine             0x00001045   Thumb Code    16  emissionir.o(.text.emissionIR_interrupt_routine)
    get_capteur_averages                     0x00001071   Thumb Code    48  robotstate.o(.text.get_capteur_averages)
    get_debug_uart_enabled                   0x000010a1   Thumb Code    12  robotstate.o(.text.get_debug_uart_enabled)
    get_envelope_period_us                   0x000010ad   Thumb Code    12  capteurinductif.o(.text.get_envelope_period_us)
    get_inductif_values                      0x000010b9   Thumb Code    66  robotstate.o(.text.get_inductif_values)
    get_motor_pwms                           0x000010fd   Thumb Code    34  robotstate.o(.text.get_motor_pwms)
    get_motor_speeds                         0x00001121   Thumb Code    34  robotstate.o(.text.get_motor_speeds)
    get_robot_number                         0x00001145   Thumb Code    12  robotstate.o(.text.get_robot_number)
    get_robot_status                         0x00001151   Thumb Code    12  robotstate.o(.text.get_robot_status)
    get_robot_vitesse                        0x0000115d   Thumb Code    12  robotstate.o(.text.get_robot_vitesse)
    init_PWM_IR                              0x00001169   Thumb Code   112  emissionir.o(.text.init_PWM_IR)
    init_Timer_Enveloppe                     0x000011d9   Thumb Code    68  emissionir.o(.text.init_Timer_Enveloppe)
    init_capteur_inductif                    0x00001269   Thumb Code    50  capteurinductif.o(.text.init_capteur_inductif)
    init_moteurs_debug                       0x0000132d   Thumb Code    16  moteur.o(.text.init_moteurs_debug)
    init_proximetre                          0x00001379   Thumb Code    44  proximetre.o(.text.init_proximetre)
    init_uart0                               0x0000141d   Thumb Code   122  uart.o(.text.init_uart0)
    main                                     0x00001531   Thumb Code   102  main.o(.text.main)
    moteurs_interrupt_routine                0x00001599   Thumb Code    40  moteur.o(.text.moteurs_interrupt_routine)
    preparer_trame                           0x000016e9   Thumb Code   146  toolsir.o(.text.preparer_trame)
    process_dtmf_commands                    0x0000177d   Thumb Code   234  dtmf.o(.text.process_dtmf_commands)
    proximetre_interrupt_routine             0x00001869   Thumb Code    40  proximetre.o(.text.proximetre_interrupt_routine)
    proximetre_timer_interrupt_routine       0x00001891   Thumb Code    74  proximetre.o(.text.proximetre_timer_interrupt_routine)
    recepSPI_interrupt_routine               0x00001901   Thumb Code   232  recepspi.o(.text.recepSPI_interrupt_routine)
    set_capteur_averages                     0x000019e9   Thumb Code    32  robotstate.o(.text.set_capteur_averages)
    set_debug_uart_enabled                   0x00001a09   Thumb Code    12  robotstate.o(.text.set_debug_uart_enabled)
    set_new_wire_trame                       0x00001a15   Thumb Code    12  robotstate.o(.text.set_new_wire_trame)
    set_wire_trame                           0x00001a21   Thumb Code    56  robotstate.o(.text.set_wire_trame)
    uart0_send_char                          0x00001a6d   Thumb Code    18  uart.o(.text.uart0_send_char)
    uart0_send_string                        0x00001a81   Thumb Code    40  uart.o(.text.uart0_send_string)
    update_PWM_state                         0x00001aa9   Thumb Code   224  emissionir.o(.text.update_PWM_state)
    update_status_leds                       0x00001b89   Thumb Code    92  dtmf.o(.text.update_status_leds)
    _is_digit                                0x00001c01   Thumb Code    14  __printf_wp.o(i._is_digit)
    Region$$Table$$Base                      0x00001c48   Number         0  anon$$obj.o(Region$$Table)
    Region$$Table$$Limit                     0x00001c68   Number         0  anon$$obj.o(Region$$Table)
    DTMF_TABLE                               0x10000000   Data          16  dtmf.o(.data.DTMF_TABLE)
    SystemCoreClock                          0x10000010   Data           4  system_lpc17xx.o(.data.SystemCoreClock)
    dtmf_char                                0x10000038   Data           1  dtmf.o(.data.dtmf_char)
    lastCS                                   0x10000039   Data           8  recepspi.o(.data.lastCS)
    robot_status                             0x10000045   Data           1  dtmf.o(.data.robot_status)
    __libspace_start                         0x10000050   Data          96  libspace.o(.bss)
    Pd                                       0x100000b0   Data           1  recepspi.o(.bss.Pd)
    __temporary_stack_top$libspace           0x100000b0   Data           0  libspace.o(.bss)
    Pg                                       0x100000b1   Data           1  recepspi.o(.bss.Pg)
    Vd                                       0x100000b2   Data           1  recepspi.o(.bss.Vd)
    Vg                                       0x100000b3   Data           1  recepspi.o(.bss.Vg)
    bufferPos                                0x100000b8   Data           4  recepspi.o(.bss.bufferPos)
    bufferVal                                0x100000bc   Data          32  recepspi.o(.bss.bufferVal)
    dtmf_tone                                0x10000138   Data           1  dtmf.o(.bss.dtmf_tone)
    flag_50hz                                0x10000139   Data           1  main.o(.bss.flag_50hz)
    frame_counter                            0x1000013a   Data           1  toolsir.o(.bss.frame_counter)
    ir_sequence                              0x1000013e   Data          50  toolsir.o(.bss.ir_sequence)
    new_dtmf_flag                            0x1000017b   Data           1  dtmf.o(.bss.new_dtmf_flag)
    payload                                  0x1000017e   Data           2  toolsir.o(.bss.payload)
    posReadCS                                0x10000180   Data           1  recepspi.o(.bss.posReadCS)
    posWriteCS                               0x10000181   Data           1  recepspi.o(.bss.posWriteCS)
    seq_index                                0x10000188   Data           1  toolsir.o(.bss.seq_index)
    seq_length                               0x10000189   Data           1  toolsir.o(.bss.seq_length)



==============================================================================

Memory Map of the image

  Image Entry point : 0x0000017d

  Load Region LR_1 (Base: 0x00000000, Size: 0x00001cb4, Max: 0xffffffff, ABSOLUTE)

    Execution Region ER_RO (Exec base: 0x00000000, Load base: 0x00000000, Size: 0x00001c68, Max: 0xffffffff, ABSOLUTE)

    Exec Addr    Load Addr    Size         Type   Attr      Idx    E Section Name        Object

    0x00000000   0x00000000   0x000000cc   Data   RO          427    RESET               startup_lpc17xx.o
    0x000000cc   0x000000cc   0x00000008   Code   RO          516  * !!!main             c_w.l(__main.o)
    0x000000d4   0x000000d4   0x00000034   Code   RO          739    !!!scatter          c_w.l(__scatter.o)
    0x00000108   0x00000108   0x0000001a   Code   RO          741    !!handler_copy      c_w.l(__scatter_copy.o)
    0x00000122   0x00000122   0x00000002   PAD
    0x00000124   0x00000124   0x0000001c   Code   RO          743    !!handler_zi        c_w.l(__scatter_zi.o)
    0x00000140   0x00000140   0x00000000   Code   RO          507    .ARM.Collect$$_printf_percent$$00000000  c_w.l(_printf_percent.o)
    0x00000140   0x00000140   0x00000006   Code   RO          505    .ARM.Collect$$_printf_percent$$00000009  c_w.l(_printf_d.o)
    0x00000146   0x00000146   0x00000006   Code   RO          506    .ARM.Collect$$_printf_percent$$0000000A  c_w.l(_printf_u.o)
    0x0000014c   0x0000014c   0x00000006   Code   RO          504    .ARM.Collect$$_printf_percent$$0000000C  c_w.l(_printf_x.o)
    0x00000152   0x00000152   0x00000004   Code   RO          557    .ARM.Collect$$_printf_percent$$00000017  c_w.l(_printf_percent_end.o)
    0x00000156   0x00000156   0x00000002   Code   RO          603    .ARM.Collect$$libinit$$00000000  c_w.l(libinit.o)
    0x00000158   0x00000158   0x00000000   Code   RO          616    .ARM.Collect$$libinit$$00000002  c_w.l(libinit2.o)
    0x00000158   0x00000158   0x00000000   Code   RO          618    .ARM.Collect$$libinit$$00000004  c_w.l(libinit2.o)
    0x00000158   0x00000158   0x00000000   Code   RO          621    .ARM.Collect$$libinit$$0000000A  c_w.l(libinit2.o)
    0x00000158   0x00000158   0x00000000   Code   RO          623    .ARM.Collect$$libinit$$0000000C  c_w.l(libinit2.o)
    0x00000158   0x00000158   0x00000000   Code   RO          625    .ARM.Collect$$libinit$$0000000E  c_w.l(libinit2.o)
    0x00000158   0x00000158   0x00000000   Code   RO          628    .ARM.Collect$$libinit$$00000011  c_w.l(libinit2.o)
    0x00000158   0x00000158   0x00000000   Code   RO          630    .ARM.Collect$$libinit$$00000013  c_w.l(libinit2.o)
    0x00000158   0x00000158   0x00000000   Code   RO          632    .ARM.Collect$$libinit$$00000015  c_w.l(libinit2.o)
    0x00000158   0x00000158   0x00000000   Code   RO          634    .ARM.Collect$$libinit$$00000017  c_w.l(libinit2.o)
    0x00000158   0x00000158   0x00000000   Code   RO          636    .ARM.Collect$$libinit$$00000019  c_w.l(libinit2.o)
    0x00000158   0x00000158   0x00000000   Code   RO          638    .ARM.Collect$$libinit$$0000001B  c_w.l(libinit2.o)
    0x00000158   0x00000158   0x00000000   Code   RO          640    .ARM.Collect$$libinit$$0000001D  c_w.l(libinit2.o)
    0x00000158   0x00000158   0x00000000   Code   RO          642    .ARM.Collect$$libinit$$0000001F  c_w.l(libinit2.o)
    0x00000158   0x00000158   0x00000000   Code   RO          644    .ARM.Collect$$libinit$$00000021  c_w.l(libinit2.o)
    0x00000158   0x00000158   0x00000000   Code   RO          646    .ARM.Collect$$libinit$$00000023  c_w.l(libinit2.o)
    0x00000158   0x00000158   0x00000000   Code   RO          648    .ARM.Collect$$libinit$$00000025  c_w.l(libinit2.o)
    0x00000158   0x00000158   0x00000000   Code   RO          652    .ARM.Collect$$libinit$$0000002C  c_w.l(libinit2.o)
    0x00000158   0x00000158   0x00000000   Code   RO          654    .ARM.Collect$$libinit$$0000002E  c_w.l(libinit2.o)
    0x00000158   0x00000158   0x00000000   Code   RO          656    .ARM.Collect$$libinit$$00000030  c_w.l(libinit2.o)
    0x00000158   0x00000158   0x00000000   Code   RO          658    .ARM.Collect$$libinit$$00000032  c_w.l(libinit2.o)
    0x00000158   0x00000158   0x00000002   Code   RO          659    .ARM.Collect$$libinit$$00000033  c_w.l(libinit2.o)
    0x0000015a   0x0000015a   0x00000002   Code   RO          694    .ARM.Collect$$libshutdown$$00000000  c_w.l(libshutdown.o)
    0x0000015c   0x0000015c   0x00000000   Code   RO          722    .ARM.Collect$$libshutdown$$00000002  c_w.l(libshutdown2.o)
    0x0000015c   0x0000015c   0x00000000   Code   RO          724    .ARM.Collect$$libshutdown$$00000004  c_w.l(libshutdown2.o)
    0x0000015c   0x0000015c   0x00000000   Code   RO          727    .ARM.Collect$$libshutdown$$00000007  c_w.l(libshutdown2.o)
    0x0000015c   0x0000015c   0x00000000   Code   RO          730    .ARM.Collect$$libshutdown$$0000000A  c_w.l(libshutdown2.o)
    0x0000015c   0x0000015c   0x00000000   Code   RO          732    .ARM.Collect$$libshutdown$$0000000C  c_w.l(libshutdown2.o)
    0x0000015c   0x0000015c   0x00000000   Code   RO          735    .ARM.Collect$$libshutdown$$0000000F  c_w.l(libshutdown2.o)
    0x0000015c   0x0000015c   0x00000002   Code   RO          736    .ARM.Collect$$libshutdown$$00000010  c_w.l(libshutdown2.o)
    0x0000015e   0x0000015e   0x00000000   Code   RO          546    .ARM.Collect$$rtentry$$00000000  c_w.l(__rtentry.o)
    0x0000015e   0x0000015e   0x00000000   Code   RO          570    .ARM.Collect$$rtentry$$00000002  c_w.l(__rtentry2.o)
    0x0000015e   0x0000015e   0x00000006   Code   RO          582    .ARM.Collect$$rtentry$$00000004  c_w.l(__rtentry4.o)
    0x00000164   0x00000164   0x00000000   Code   RO          572    .ARM.Collect$$rtentry$$00000009  c_w.l(__rtentry2.o)
    0x00000164   0x00000164   0x00000004   Code   RO          573    .ARM.Collect$$rtentry$$0000000A  c_w.l(__rtentry2.o)
    0x00000168   0x00000168   0x00000000   Code   RO          575    .ARM.Collect$$rtentry$$0000000C  c_w.l(__rtentry2.o)
    0x00000168   0x00000168   0x00000008   Code   RO          576    .ARM.Collect$$rtentry$$0000000D  c_w.l(__rtentry2.o)
    0x00000170   0x00000170   0x00000002   Code   RO          607    .ARM.Collect$$rtexit$$00000000  c_w.l(rtexit.o)
    0x00000172   0x00000172   0x00000000   Code   RO          665    .ARM.Collect$$rtexit$$00000002  c_w.l(rtexit2.o)
    0x00000172   0x00000172   0x00000004   Code   RO          666    .ARM.Collect$$rtexit$$00000003  c_w.l(rtexit2.o)
    0x00000176   0x00000176   0x00000006   Code   RO          667    .ARM.Collect$$rtexit$$00000004  c_w.l(rtexit2.o)
    0x0000017c   0x0000017c   0x0000003c   Code   RO          429  * .text               startup_lpc17xx.o
    0x000001b8   0x000001b8   0x0000002c   Code   RO          453    .text               c_w.l(__2sprintf.o)
    0x000001e4   0x000001e4   0x0000004e   Code   RO          459    .text               c_w.l(_printf_pad.o)
    0x00000232   0x00000232   0x00000002   PAD
    0x00000234   0x00000234   0x00000078   Code   RO          461    .text               c_w.l(_printf_dec.o)
    0x000002ac   0x000002ac   0x0000003e   Code   RO          508    .text               c_w.l(strlen.o)
    0x000002ea   0x000002ea   0x00000006   Code   RO          514    .text               c_w.l(heapauxi.o)
    0x000002f0   0x000002f0   0x0000000a   Code   RO          555    .text               c_w.l(_sputc.o)
    0x000002fa   0x000002fa   0x00000002   Code   RO          683    .text               c_w.l(use_no_semi.o)
    0x000002fc   0x000002fc   0x00000004   Code   RO          428    .ARM.__at_0x02FC    startup_lpc17xx.o
    0x00000300   0x00000300   0x00000058   Code   RO          466    .text               c_w.l(_printf_hex_int.o)
    0x00000358   0x00000358   0x00000188   Code   RO          501    .text               c_w.l(__printf_flags_ss_wp.o)
    0x000004e0   0x000004e0   0x0000008a   Code   RO          510    .text               c_w.l(rt_memcpy_v6.o)
    0x0000056a   0x0000056a   0x00000064   Code   RO          512    .text               c_w.l(rt_memcpy_w.o)
    0x000005ce   0x000005ce   0x000000b2   Code   RO          551    .text               c_w.l(_printf_intcommon.o)
    0x00000680   0x00000680   0x00000030   Code   RO          553    .text               c_w.l(_printf_char_common.o)
    0x000006b0   0x000006b0   0x0000004a   Code   RO          590    .text               c_w.l(sys_stackheap_outer.o)
    0x000006fa   0x000006fa   0x00000012   Code   RO          592    .text               c_w.l(exit.o)
    0x0000070c   0x0000070c   0x00000008   Code   RO          604    .text               c_w.l(libspace.o)
    0x00000714   0x00000714   0x0000000c   Code   RO          660    .text               c_w.l(sys_exit.o)
    0x00000720   0x00000720   0x00000000   Code   RO          685    .text               c_w.l(indicate_semi.o)
    0x00000720   0x00000720   0x0000003c   Code   RO          216    .text.ADC_Init      proximetre.o
    0x0000075c   0x0000075c   0x00000028   Code   RO          218    .text.Buzzer_Init   proximetre.o
    0x00000784   0x00000784   0x000000a6   Code   RO          246    .text.Buzzer_Service  proximetre.o
    0x0000082a   0x0000082a   0x00000002   PAD
    0x0000082c   0x0000082c   0x00000008   Code   RO          146    .text.EINT1_IRQHandler  interruptions.o
    0x00000834   0x00000834   0x00000014   Code   RO          144    .text.EINT3_IRQHandler  interruptions.o
    0x00000848   0x00000848   0x0000002e   Code   RO          224    .text.Servo_SetAngle  proximetre.o
    0x00000876   0x00000876   0x00000002   PAD
    0x00000878   0x00000878   0x00000024   Code   RO          161    .text.SysTick_Config  main.o
    0x0000089c   0x0000089c   0x0000000e   Code   RO          142    .text.SysTick_Handler  interruptions.o
    0x000008aa   0x000008aa   0x00000002   PAD
    0x000008ac   0x000008ac   0x000000cc   Code   RO          440    .text.SystemInit    system_lpc17xx.o
    0x00000978   0x00000978   0x00000008   Code   RO          148    .text.TIMER0_IRQHandler  interruptions.o
    0x00000980   0x00000980   0x00000008   Code   RO          150    .text.TIMER3_IRQHandler  interruptions.o
    0x00000988   0x00000988   0x00000068   Code   RO          214    .text.Timer3_Init   proximetre.o
    0x000009f0   0x000009f0   0x00000010   Code   RO           23    .text.__NVIC_EnableIRQ  capteurinductif.o
    0x00000a00   0x00000a00   0x0000000e   Code   RO          126    .text.__NVIC_EnableIRQ  emissionir.o
    0x00000a0e   0x00000a0e   0x00000002   PAD
    0x00000a10   0x00000a10   0x00000010   Code   RO          183    .text.__NVIC_EnableIRQ  moteur.o
    0x00000a20   0x00000a20   0x00000020   Code   RO          228    .text.__NVIC_EnableIRQ  proximetre.o
    0x00000a40   0x00000a40   0x0000000e   Code   RO          163    .text.__NVIC_SetPriority  main.o
    0x00000a4e   0x00000a4e   0x00000002   PAD
    0x00000a50   0x00000a50   0x0000003c   Code   RO           29    .text.adc_read      capteurinductif.o
    0x00000a8c   0x00000a8c   0x00000040   Code   RO           66    .text.add_symbol_to_buffers  decode_enveloppe.o
    0x00000acc   0x00000acc   0x0000018a   Code   RO           25    .text.capteurInductif_interrupt_routine  capteurinductif.o
    0x00000c56   0x00000c56   0x00000002   PAD
    0x00000c58   0x00000c58   0x00000154   Code   RO           35    .text.debug_inductif_send_frame  capteurinductif.o
    0x00000dac   0x00000dac   0x00000050   Code   RO          195    .text.debug_moteurs_send_frame  moteur.o
    0x00000dfc   0x00000dfc   0x00000084   Code   RO           56    .text.decode_enveloppe_commande  decode_enveloppe.o
    0x00000e80   0x00000e80   0x0000009a   Code   RO           68    .text.decode_message  decode_enveloppe.o
    0x00000f1a   0x00000f1a   0x00000002   PAD
    0x00000f1c   0x00000f1c   0x0000002e   Code   RO          226    .text.delay_ms      proximetre.o
    0x00000f4a   0x00000f4a   0x00000002   PAD
    0x00000f4c   0x00000f4c   0x0000009c   Code   RO           76    .text.detect_message_type  decode_enveloppe.o
    0x00000fe8   0x00000fe8   0x0000005c   Code   RO          104    .text.dtmf_interrupt_routine  dtmf.o
    0x00001044   0x00001044   0x00000010   Code   RO          128    .text.emissionIR_interrupt_routine  emissionir.o
    0x00001054   0x00001054   0x0000001c   Code   RO           80    .text.extract_data_bits  decode_enveloppe.o
    0x00001070   0x00001070   0x00000030   Code   RO          326    .text.get_capteur_averages  robotstate.o
    0x000010a0   0x000010a0   0x0000000c   Code   RO          340    .text.get_debug_uart_enabled  robotstate.o
    0x000010ac   0x000010ac   0x0000000c   Code   RO           33    .text.get_envelope_period_us  capteurinductif.o
    0x000010b8   0x000010b8   0x00000042   Code   RO          322    .text.get_inductif_values  robotstate.o
    0x000010fa   0x000010fa   0x00000002   PAD
    0x000010fc   0x000010fc   0x00000022   Code   RO          314    .text.get_motor_pwms  robotstate.o
    0x0000111e   0x0000111e   0x00000002   PAD
    0x00001120   0x00001120   0x00000022   Code   RO          318    .text.get_motor_speeds  robotstate.o
    0x00001142   0x00001142   0x00000002   PAD
    0x00001144   0x00001144   0x0000000c   Code   RO          302    .text.get_robot_number  robotstate.o
    0x00001150   0x00001150   0x0000000c   Code   RO          310    .text.get_robot_status  robotstate.o
    0x0000115c   0x0000115c   0x0000000c   Code   RO          306    .text.get_robot_vitesse  robotstate.o
    0x00001168   0x00001168   0x00000070   Code   RO          122    .text.init_PWM_IR   emissionir.o
    0x000011d8   0x000011d8   0x00000044   Code   RO          124    .text.init_Timer_Enveloppe  emissionir.o
    0x0000121c   0x0000121c   0x0000004c   Code   RO           15    .text.init_adc      capteurinductif.o
    0x00001268   0x00001268   0x00000032   Code   RO           13    .text.init_capteur_inductif  capteurinductif.o
    0x0000129a   0x0000129a   0x00000002   PAD
    0x0000129c   0x0000129c   0x00000032   Code   RO           17    .text.init_clock    capteurinductif.o
    0x000012ce   0x000012ce   0x00000002   PAD
    0x000012d0   0x000012d0   0x0000005c   Code   RO           19    .text.init_enveloppe  capteurinductif.o
    0x0000132c   0x0000132c   0x00000010   Code   RO          177    .text.init_moteurs_debug  moteur.o
    0x0000133c   0x0000133c   0x0000003a   Code   RO          179    .text.init_moteurs_switches  moteur.o
    0x00001376   0x00001376   0x00000002   PAD
    0x00001378   0x00001378   0x0000002c   Code   RO          212    .text.init_proximetre  proximetre.o
    0x000013a4   0x000013a4   0x0000003a   Code   RO          220    .text.init_proximetre_switches  proximetre.o
    0x000013de   0x000013de   0x00000002   PAD
    0x000013e0   0x000013e0   0x0000003a   Code   RO           21    .text.init_switches  capteurinductif.o
    0x0000141a   0x0000141a   0x00000002   PAD
    0x0000141c   0x0000141c   0x0000007a   Code   RO          412    .text.init_uart0    uart.o
    0x00001496   0x00001496   0x00000002   PAD
    0x00001498   0x00001498   0x00000046   Code   RO           60    .text.invalidate_buffers  decode_enveloppe.o
    0x000014de   0x000014de   0x00000002   PAD
    0x000014e0   0x000014e0   0x0000000c   Code   RO           64    .text.is_header_symbol  decode_enveloppe.o
    0x000014ec   0x000014ec   0x0000000e   Code   RO           58    .text.is_rest_duration_valid  decode_enveloppe.o
    0x000014fa   0x000014fa   0x00000002   PAD
    0x000014fc   0x000014fc   0x00000016   Code   RO           74    .text.is_uppercase_symbol  decode_enveloppe.o
    0x00001512   0x00001512   0x00000002   PAD
    0x00001514   0x00001514   0x0000001a   Code   RO           78    .text.lowercase_to_uppercase  decode_enveloppe.o
    0x0000152e   0x0000152e   0x00000002   PAD
    0x00001530   0x00001530   0x00000066   Code   RO          159    .text.main          main.o
    0x00001596   0x00001596   0x00000002   PAD
    0x00001598   0x00001598   0x00000028   Code   RO          191    .text.moteurs_interrupt_routine  moteur.o
    0x000015c0   0x000015c0   0x000000b4   Code   RO          197    .text.moteurs_send_frame  moteur.o
    0x00001674   0x00001674   0x0000001a   Code   RO          181    .text.moteurs_update_mode_from_gpio  moteur.o
    0x0000168e   0x0000168e   0x00000002   PAD
    0x00001690   0x00001690   0x00000056   Code   RO           62    .text.period_us_to_symbol  decode_enveloppe.o
    0x000016e6   0x000016e6   0x00000002   PAD
    0x000016e8   0x000016e8   0x00000092   Code   RO          397    .text.preparer_trame  toolsir.o
    0x0000177a   0x0000177a   0x00000002   PAD
    0x0000177c   0x0000177c   0x000000ea   Code   RO          100    .text.process_dtmf_commands  dtmf.o
    0x00001866   0x00001866   0x00000002   PAD
    0x00001868   0x00001868   0x00000028   Code   RO          230    .text.proximetre_interrupt_routine  proximetre.o
    0x00001890   0x00001890   0x0000004a   Code   RO          210    .text.proximetre_timer_interrupt_routine  proximetre.o
    0x000018da   0x000018da   0x00000002   PAD
    0x000018dc   0x000018dc   0x00000024   Code   RO          222    .text.proximetre_update_mode_from_gpio  proximetre.o
    0x00001900   0x00001900   0x000000e8   Code   RO          281    .text.recepSPI_interrupt_routine  recepspi.o
    0x000019e8   0x000019e8   0x00000020   Code   RO          324    .text.set_capteur_averages  robotstate.o
    0x00001a08   0x00001a08   0x0000000c   Code   RO          338    .text.set_debug_uart_enabled  robotstate.o
    0x00001a14   0x00001a14   0x0000000c   Code   RO          350    .text.set_new_wire_trame  robotstate.o
    0x00001a20   0x00001a20   0x00000038   Code   RO          342    .text.set_wire_trame  robotstate.o
    0x00001a58   0x00001a58   0x00000014   Code   RO           82    .text.symbol_to_bit  decode_enveloppe.o
    0x00001a6c   0x00001a6c   0x00000012   Code   RO          414    .text.uart0_send_char  uart.o
    0x00001a7e   0x00001a7e   0x00000002   PAD
    0x00001a80   0x00001a80   0x00000028   Code   RO          416    .text.uart0_send_string  uart.o
    0x00001aa8   0x00001aa8   0x000000e0   Code   RO          130    .text.update_PWM_state  emissionir.o
    0x00001b88   0x00001b88   0x0000005c   Code   RO          102    .text.update_status_leds  dtmf.o
    0x00001be4   0x00001be4   0x0000001c   Code   RO           27    .text.update_switch_mode_from_gpio  capteurinductif.o
    0x00001c00   0x00001c00   0x0000000e   Code   RO          494    i._is_digit         c_w.l(__printf_wp.o)
    0x00001c0e   0x00001c0e   0x00000028   Data   RO          467    .constdata          c_w.l(_printf_hex_int.o)
    0x00001c36   0x00001c36   0x00000011   Data   RO          502    .constdata          c_w.l(__printf_flags_ss_wp.o)
    0x00001c47   0x00001c47   0x00000001   PAD
    0x00001c48   0x00001c48   0x00000020   Data   RO          738    Region$$Table       anon$$obj.o


    Execution Region ER_RW (Exec base: 0x10000000, Load base: 0x00001c68, Size: 0x0000004c, Max: 0xffffffff, ABSOLUTE)

    Exec Addr    Load Addr    Size         Type   Attr      Idx    E Section Name        Object

    0x10000000   0x00001c68   0x00000010   Data   RW          110    .data.DTMF_TABLE    dtmf.o
    0x10000010   0x00001c78   0x00000004   Data   RW          442    .data.SystemCoreClock  system_lpc17xx.o
    0x10000014   0x00001c7c   0x00000004   Data   RW          362    .data.current_angle  robotstate.o
    0x10000018   0x00001c80   0x00000004   Data   RW          360    .data.current_dist_ar  robotstate.o
    0x1000001c   0x00001c84   0x00000004   Data   RW          359    .data.current_dist_av  robotstate.o
    0x10000020   0x00001c88   0x00000004   Data   RW          361    .data.current_dist_mil  robotstate.o
    0x10000024   0x00001c8c   0x00000004   Data   RW          356    .data.current_pwm_d  robotstate.o
    0x10000028   0x00001c90   0x00000004   Data   RW          355    .data.current_pwm_g  robotstate.o
    0x1000002c   0x00001c94   0x00000001   Data   RW          354    .data.current_status  robotstate.o
    0x1000002d   0x00001c95   0x00000003   PAD
    0x10000030   0x00001c98   0x00000004   Data   RW          357    .data.current_v_moy  robotstate.o
    0x10000034   0x00001c9c   0x00000004   Data   RW          358    .data.current_w_ang  robotstate.o
    0x10000038   0x00001ca0   0x00000001   Data   RW          107    .data.dtmf_char     dtmf.o
    0x10000039   0x00001ca1   0x00000008   Data   RW          284    .data.lastCS        recepspi.o
    0x10000041   0x00001ca9   0x00000001   PAD
    0x10000042   0x00001caa   0x00000002   Data   RW           43    .data.last_rest_duration_us  capteurinductif.o
    0x10000044   0x00001cac   0x00000001   Data   RW          113    .data.process_dtmf_commands.parsed_action  dtmf.o
    0x10000045   0x00001cad   0x00000001   Data   RW          109    .data.robot_status  dtmf.o
    0x10000046   0x00001cae   0x00000002   PAD
    0x10000048   0x00001cb0   0x00000004   Data   RW          250    .data.servo_pulse_us  proximetre.o


    Execution Region ER_ZI (Exec base: 0x10000050, Load base: 0x00001cb4, Size: 0x00000350, Max: 0xffffffff, ABSOLUTE)

    Exec Addr    Load Addr    Size         Type   Attr      Idx    E Section Name        Object

    0x10000050        -       0x00000060   Zero   RW          605    .bss                c_w.l(libspace.o)
    0x100000b0        -       0x00000001   Zero   RW          291    .bss.Pd             recepspi.o
    0x100000b1        -       0x00000001   Zero   RW          290    .bss.Pg             recepspi.o
    0x100000b2        -       0x00000001   Zero   RW          289    .bss.Vd             recepspi.o
    0x100000b3        -       0x00000001   Zero   RW          288    .bss.Vg             recepspi.o
    0x100000b4        -       0x00000004   Zero   RW          114    .bss.blink_counter  dtmf.o
    0x100000b8        -       0x00000004   Zero   RW          283    .bss.bufferPos      recepspi.o
    0x100000bc        -       0x00000020   Zero   RW          287    .bss.bufferVal      recepspi.o
    0x100000dc        -       0x00000002   Zero   RW           84    .bss.buffer_index   decode_enveloppe.o
    0x100000de   0x00001cb4   0x00000002   PAD
    0x100000e0        -       0x0000001e   Zero   RW           85    .bss.buffer_nord    decode_enveloppe.o
    0x100000fe   0x00001cb4   0x00000002   PAD
    0x10000100        -       0x0000001e   Zero   RW           86    .bss.buffer_sud     decode_enveloppe.o
    0x1000011e        -       0x00000001   Zero   RW          259    .bss.buzz_on        proximetre.o
    0x1000011f   0x00001cb4   0x00000001   PAD
    0x10000120        -       0x00000004   Zero   RW          258    .bss.buzz_period_us  proximetre.o
    0x10000124        -       0x00000004   Zero   RW          260    .bss.buzz_t0        proximetre.o
    0x10000128        -       0x00000002   Zero   RW          364    .bss.current_avg_ar  robotstate.o
    0x1000012a        -       0x00000002   Zero   RW          363    .bss.current_avg_av  robotstate.o
    0x1000012c        -       0x00000002   Zero   RW          365    .bss.current_avg_hor  robotstate.o
    0x1000012e        -       0x00000002   Zero   RW           45    .bss.current_period_us  capteurinductif.o
    0x10000130        -       0x00000001   Zero   RW          352    .bss.current_robot_number  robotstate.o
    0x10000131        -       0x00000001   Zero   RW          353    .bss.current_vitesse  robotstate.o
    0x10000132        -       0x00000001   Zero   RW          370    .bss.current_wire_trame.0  robotstate.o
    0x10000133   0x00001cb4   0x00000001   PAD
    0x10000134        -       0x00000001   Zero   RW          371    .bss.current_wire_trame.1  robotstate.o
    0x10000135   0x00001cb4   0x00000001   PAD
    0x10000136        -       0x00000002   Zero   RW          372    .bss.current_wire_trame.2  robotstate.o
    0x10000138        -       0x00000001   Zero   RW          106    .bss.dtmf_tone      dtmf.o
    0x10000139        -       0x00000001   Zero   RW          165    .bss.flag_50hz      main.o
    0x1000013a        -       0x00000001   Zero   RW          401    .bss.frame_counter  toolsir.o
    0x1000013b        -       0x00000001   Zero   RW           37    .bss.ind_hw_mode    capteurinductif.o
    0x1000013c        -       0x00000001   Zero   RW           46    .bss.ind_wire_mode  capteurinductif.o
    0x1000013d        -       0x00000001   Zero   RW           47    .bss.ind_wire_pending  capteurinductif.o
    0x1000013e        -       0x00000032   Zero   RW          403    .bss.ir_sequence    toolsir.o
    0x10000170        -       0x00000004   Zero   RW           42    .bss.last_fall_time  capteurinductif.o
    0x10000174        -       0x00000004   Zero   RW           44    .bss.last_rise_time  capteurinductif.o
    0x10000178        -       0x00000001   Zero   RW          201    .bss.mot_hw_mode    moteur.o
    0x10000179        -       0x00000001   Zero   RW          199    .bss.mot_wire_mode  moteur.o
    0x1000017a        -       0x00000001   Zero   RW          200    .bss.mot_wire_pending  moteur.o
    0x1000017b        -       0x00000001   Zero   RW          108    .bss.new_dtmf_flag  dtmf.o
    0x1000017c        -       0x00000001   Zero   RW          369    .bss.new_wire_trame  robotstate.o
    0x1000017d   0x00001cb4   0x00000001   PAD
    0x1000017e        -       0x00000002   Zero   RW          402    .bss.payload        toolsir.o
    0x10000180        -       0x00000001   Zero   RW          286    .bss.posReadCS      recepspi.o
    0x10000181        -       0x00000001   Zero   RW          285    .bss.posWriteCS     recepspi.o
    0x10000182        -       0x00000001   Zero   RW          111    .bss.process_dtmf_commands.current_state  dtmf.o
    0x10000183        -       0x00000001   Zero   RW          112    .bss.process_dtmf_commands.parsed_robot_id  dtmf.o
    0x10000184        -       0x00000001   Zero   RW          253    .bss.prox_mode      proximetre.o
    0x10000185   0x00001cb4   0x00000001   PAD
    0x10000186        -       0x00000002   Zero   RW           41    .bss.sample_count   capteurinductif.o
    0x10000188        -       0x00000001   Zero   RW          399    .bss.seq_index      toolsir.o
    0x10000189        -       0x00000001   Zero   RW          400    .bss.seq_length     toolsir.o
    0x1000018a   0x00001cb4   0x00000002   PAD
    0x1000018c        -       0x00000004   Zero   RW           38    .bss.sum_sin1       capteurinductif.o
    0x10000190        -       0x00000004   Zero   RW           39    .bss.sum_sin2       capteurinductif.o
    0x10000194        -       0x00000004   Zero   RW           40    .bss.sum_sin3       capteurinductif.o
    0x10000198        -       0x00000001   Zero   RW          367    .bss.uart_debug_enabled  robotstate.o
    0x10000199        -       0x00000001   Zero   RW          368    .bss.wire_trame_is_valid  robotstate.o
    0x1000019a   0x00001cb4   0x00000006   PAD
    0x100001a0        -       0x00000000   Zero   RW          426    HEAP                startup_lpc17xx.o
    0x100001a0        -       0x00000200   Zero   RW          425    STACK               startup_lpc17xx.o


==============================================================================

Image component sizes


      Code (inc. data)   RO Data    RW Data    ZI Data      Debug   Object Name

      1176        104          0          2         27       9336   capteurinductif.o
       784          0          0          0         62       5316   decode_enveloppe.o
       418          0          0         19          8       5560   dtmf.o
       434          0          0          0          0       5226   emissionir.o
        58          0          0          0          0        756   interruptions.o
       152          0          0          0          1       3172   main.o
       416         64          0          0          3       8036   moteur.o
       746          0          0          4         10      10961   proximetre.o
       232         16          0          8         42       5887   recepspi.o
       342          0          0         33         15       5714   robotstate.o
        64         26        204          0        512       1068   startup_lpc17xx.o
       204          0          0          4          0       2146   system_lpc17xx.o
       146          0          0          0         55       1846   toolsir.o
       180          0          0          0          0       3281   uart.o

    ----------------------------------------------------------------------
      5408        210        236         76        752      68305   Object Totals
         0          0         32          0          0          0   (incl. Generated)
        56          0          0          6         17          0   (incl. Padding)

    ----------------------------------------------------------------------

      Code (inc. data)   RO Data    RW Data    ZI Data      Debug   Library Member Name

        44          6          0          0          0         84   __2sprintf.o
         8          0          0          0          0         68   __main.o
       392          4         17          0          0         92   __printf_flags_ss_wp.o
        14          0          0          0          0         68   __printf_wp.o
         0          0          0          0          0          0   __rtentry.o
        12          0          0          0          0          0   __rtentry2.o
         6          0          0          0          0          0   __rtentry4.o
        52          8          0          0          0          0   __scatter.o
        26          0          0          0          0          0   __scatter_copy.o
        28          0          0          0          0          0   __scatter_zi.o
        48          6          0          0          0         96   _printf_char_common.o
         6          0          0          0          0          0   _printf_d.o
       120         16          0          0          0         92   _printf_dec.o
        88          4         40          0          0         88   _printf_hex_int.o
       178          0          0          0          0         88   _printf_intcommon.o
        78          0          0          0          0        108   _printf_pad.o
         0          0          0          0          0          0   _printf_percent.o
         4          0          0          0          0          0   _printf_percent_end.o
         6          0          0          0          0          0   _printf_u.o
         6          0          0          0          0          0   _printf_x.o
        10          0          0          0          0         68   _sputc.o
        18          0          0          0          0         80   exit.o
         6          0          0          0          0        152   heapauxi.o
         0          0          0          0          0          0   indicate_semi.o
         2          0          0          0          0          0   libinit.o
         2          0          0          0          0          0   libinit2.o
         2          0          0          0          0          0   libshutdown.o
         2          0          0          0          0          0   libshutdown2.o
         8          4          0          0         96         68   libspace.o
       138          0          0          0          0         68   rt_memcpy_v6.o
       100          0          0          0          0         80   rt_memcpy_w.o
         2          0          0          0          0          0   rtexit.o
        10          0          0          0          0          0   rtexit2.o
        62          0          0          0          0         76   strlen.o
        12          4          0          0          0         68   sys_exit.o
        74          0          0          0          0         80   sys_stackheap_outer.o
         2          0          0          0          0         68   use_no_semi.o

    ----------------------------------------------------------------------
      1570         52         58          0         96       1592   Library Totals
         4          0          1          0          0          0   (incl. Padding)

    ----------------------------------------------------------------------

      Code (inc. data)   RO Data    RW Data    ZI Data      Debug   Library Name

      1566         52         57          0         96       1592   c_w.l

    ----------------------------------------------------------------------
      1570         52         58          0         96       1592   Library Totals

    ----------------------------------------------------------------------

==============================================================================


      Code (inc. data)   RO Data    RW Data    ZI Data      Debug   

      6978        262        294         76        848      68973   Grand Totals
      6978        262        294         76        848      68973   ELF Image Totals
      6978        262        294         76          0          0   ROM Totals

==============================================================================

    Total RO  Size (Code + RO Data)                 7272 (   7.10kB)
    Total RW  Size (RW Data + ZI Data)               924 (   0.90kB)
    Total ROM Size (Code + RO Data + RW Data)       7348 (   7.18kB)

==============================================================================

