Component: ARM Compiler 6.14 Tool: armlink [5db06800]

==============================================================================

Section Cross References

    adc.o(.text.adc_init_shared) refers to adc.o(.text.__NVIC_SetPriority) for __NVIC_SetPriority
    adc.o(.text.adc_init_shared) refers to adc.o(.text.__NVIC_EnableIRQ) for __NVIC_EnableIRQ
    adc.o(.ARM.exidx.text.adc_init_shared) refers to adc.o(.text.adc_init_shared) for [Anonymous Symbol]
    adc.o(.ARM.exidx.text.__NVIC_SetPriority) refers to adc.o(.text.__NVIC_SetPriority) for [Anonymous Symbol]
    adc.o(.ARM.exidx.text.__NVIC_EnableIRQ) refers to adc.o(.text.__NVIC_EnableIRQ) for [Anonymous Symbol]
    adc.o(.ARM.exidx.text.adc_pin_config) refers to adc.o(.text.adc_pin_config) for [Anonymous Symbol]
    adc.o(.text.adc_request_proximetre_avg) refers to adc.o(.text.__NVIC_DisableIRQ) for __NVIC_DisableIRQ
    adc.o(.text.adc_request_proximetre_avg) refers to adc.o(.bss.prox_samples_remaining) for prox_samples_remaining
    adc.o(.text.adc_request_proximetre_avg) refers to adc.o(.bss.prox_samples_total) for prox_samples_total
    adc.o(.text.adc_request_proximetre_avg) refers to adc.o(.bss.prox_accumulator) for prox_accumulator
    adc.o(.text.adc_request_proximetre_avg) refers to adc.o(.bss.prox_is_ready) for prox_is_ready
    adc.o(.text.adc_request_proximetre_avg) refers to adc.o(.bss.adc_state) for adc_state
    adc.o(.text.adc_request_proximetre_avg) refers to adc.o(.text.__NVIC_EnableIRQ) for __NVIC_EnableIRQ
    adc.o(.ARM.exidx.text.adc_request_proximetre_avg) refers to adc.o(.text.adc_request_proximetre_avg) for [Anonymous Symbol]
    adc.o(.ARM.exidx.text.__NVIC_DisableIRQ) refers to adc.o(.text.__NVIC_DisableIRQ) for [Anonymous Symbol]
    adc.o(.text.adc_is_proximetre_ready) refers to adc.o(.bss.prox_is_ready) for prox_is_ready
    adc.o(.ARM.exidx.text.adc_is_proximetre_ready) refers to adc.o(.text.adc_is_proximetre_ready) for [Anonymous Symbol]
    adc.o(.text.adc_get_proximetre_value) refers to adc.o(.text.__NVIC_DisableIRQ) for __NVIC_DisableIRQ
    adc.o(.text.adc_get_proximetre_value) refers to adc.o(.bss.prox_final_value) for prox_final_value
    adc.o(.text.adc_get_proximetre_value) refers to adc.o(.bss.prox_is_ready) for prox_is_ready
    adc.o(.text.adc_get_proximetre_value) refers to adc.o(.text.__NVIC_EnableIRQ) for __NVIC_EnableIRQ
    adc.o(.ARM.exidx.text.adc_get_proximetre_value) refers to adc.o(.text.adc_get_proximetre_value) for [Anonymous Symbol]
    adc.o(.text.adc_start_inductif_sequence) refers to adc.o(.bss.adc_state) for adc_state
    adc.o(.ARM.exidx.text.adc_start_inductif_sequence) refers to adc.o(.text.adc_start_inductif_sequence) for [Anonymous Symbol]
    adc.o(.text.ADC_IRQHandler) refers to adc.o(.bss.adc_state) for adc_state
    adc.o(.text.ADC_IRQHandler) refers to adc.o(.text.__NVIC_DisableIRQ) for __NVIC_DisableIRQ
    adc.o(.text.ADC_IRQHandler) refers to capteur_inductif.o(.bss.volatile_adc_sum1) for volatile_adc_sum1
    adc.o(.text.ADC_IRQHandler) refers to capteur_inductif.o(.bss.volatile_adc_sum2) for volatile_adc_sum2
    adc.o(.text.ADC_IRQHandler) refers to capteur_inductif.o(.bss.volatile_adc_sum3) for volatile_adc_sum3
    adc.o(.text.ADC_IRQHandler) refers to capteur_inductif.o(.bss.volatile_adc_sample_count) for volatile_adc_sample_count
    adc.o(.text.ADC_IRQHandler) refers to adc.o(.bss.prox_samples_remaining) for prox_samples_remaining
    adc.o(.text.ADC_IRQHandler) refers to adc.o(.bss.prox_accumulator) for prox_accumulator
    adc.o(.text.ADC_IRQHandler) refers to adc.o(.bss.prox_samples_total) for prox_samples_total
    adc.o(.text.ADC_IRQHandler) refers to adc.o(.bss.prox_final_value) for prox_final_value
    adc.o(.text.ADC_IRQHandler) refers to adc.o(.bss.prox_is_ready) for prox_is_ready
    adc.o(.text.ADC_IRQHandler) refers to adc.o(.text.__NVIC_EnableIRQ) for __NVIC_EnableIRQ
    adc.o(.ARM.exidx.text.ADC_IRQHandler) refers to adc.o(.text.ADC_IRQHandler) for [Anonymous Symbol]
    buttons.o(.text.init_buttons) refers to buttons.o(.text.__NVIC_EnableIRQ) for __NVIC_EnableIRQ
    buttons.o(.ARM.exidx.text.init_buttons) refers to buttons.o(.text.init_buttons) for [Anonymous Symbol]
    buttons.o(.ARM.exidx.text.__NVIC_EnableIRQ) refers to buttons.o(.text.__NVIC_EnableIRQ) for [Anonymous Symbol]
    buttons.o(.text.buttons_interrupt_routine) refers to robot_state.o(.text.set_robot_status) for set_robot_status
    buttons.o(.ARM.exidx.text.buttons_interrupt_routine) refers to buttons.o(.text.buttons_interrupt_routine) for [Anonymous Symbol]
    buttons.o(.ARM.exidx.text.test_buttons_module) refers to buttons.o(.text.test_buttons_module) for [Anonymous Symbol]
    capteur_inductif.o(.text) refers (Special) to _printf_d.o(.ARM.Collect$$_printf_percent$$00000009) for _printf_d
    capteur_inductif.o(.text) refers (Special) to _printf_dec.o(.text) for _printf_int_dec
[...]
    [Anonymous Symbol]                       0x1000032c   Section        0  proximetre.o(.bss.proximetre_run_balayage.step_index)
    res_nouveau                              0x10000330   Data           1  ultrason_recep.o(.bss.res_nouveau)
    [Anonymous Symbol]                       0x10000330   Section        0  ultrason_recep.o(.bss.res_nouveau)
    res_poste                                0x10000331   Data           1  ultrason_recep.o(.bss.res_poste)
    [Anonymous Symbol]                       0x10000331   Section        0  ultrason_recep.o(.bss.res_poste)
    st                                       0x10000332   Data           1  ultrason_recep.o(.bss.st)
    [Anonymous Symbol]                       0x10000332   Section        0  ultrason_recep.o(.bss.st)
    t_last                                   0x10000334   Data           4  ultrason_recep.o(.bss.t_last)
    [Anonymous Symbol]                       0x10000334   Section        0  ultrason_recep.o(.bss.t_last)
    Heap_Mem                                 0x10000348   Data           0  startup_lpc17xx.o(HEAP)
    Stack_Mem                                0x10000348   Data         512  startup_lpc17xx.o(STACK)
    HEAP                                     0x10000348   Section        0  startup_lpc17xx.o(HEAP)
    STACK                                    0x10000348   Section      512  startup_lpc17xx.o(STACK)
    __initial_sp                             0x10000548   Data           0  startup_lpc17xx.o(STACK)

    Global Symbols

    Symbol Name                              Value     Ov Type        Size  Object(Section)

    BuildAttributes$$THM_ISAv4$P$D$K$B$S$PE$A:L22UL41UL21$X:L11$S22US41US21$IEEE1$IW$~IW$USESV6$~STKCKD$USESV7$~SHL$OTIME$ROPI$IEEEX$EBA8$UX$STANDARDLIB$REQ8$PRES8$EABIv2 0x00000000   Number         0  anon$$obj.o ABSOLUTE
    __Vectors                                0x00000000   Data           4  startup_lpc17xx.o(RESET)
    __fp_init_empty                          0x00000000   Number         0  fpinit_empty.o ABSOLUTE
    _printf_flags                            0x00000000   Number         0  printf_stubs.o ABSOLUTE
    _printf_return_value                     0x00000000   Number         0  printf_stubs.o ABSOLUTE
    _printf_sizespec                         0x00000000   Number         0  printf_stubs.o ABSOLUTE
    _printf_widthprec                        0x00000000   Number         0  printf_stubs.o ABSOLUTE
    __ARM_exceptions_init                     - Undefined Weak Reference
    __alloca_initialize                       - Undefined Weak Reference
    __arm_preinit_                            - Undefined Weak Reference
    __cpp_initialize__aeabi_                  - Undefined Weak Reference
    __cxa_finalize                            - Undefined Weak Reference
    __rt_locale                               - Undefined Weak Reference
    __sigvec_lookup                           - Undefined Weak Reference
    _atexit_init                              - Undefined Weak Reference
    _call_atexit_fns                          - Undefined Weak Reference
    _clock_init                               - Undefined Weak Reference
    _fp_trap_init                             - Undefined Weak Reference
    _fp_trap_shutdown                         - Undefined Weak Reference
    _get_lc_collate                           - Undefined Weak Reference
    _get_lc_ctype                             - Undefined Weak Reference
    _get_lc_monetary                          - Undefined Weak Reference
    _get_lc_numeric                           - Undefined Weak Reference
    _get_lc_time                              - Undefined Weak Reference
    _getenv_init                              - Undefined Weak Reference
    _handle_redirection                       - Undefined Weak Reference
    _init_alloc                               - Undefined Weak Reference
    _init_user_alloc                          - Undefined Weak Reference
    _initio                                   - Undefined Weak Reference
    _printf_mbtowc                            - Undefined Weak Reference
    _printf_truncate_signed                   - Undefined Weak Reference
    _printf_truncate_unsigned                 - Undefined Weak Reference
    _rand_init                                - Undefined Weak Reference
    _signal_finish                            - Undefined Weak Reference
    _signal_init                              - Undefined Weak Reference
    _terminate_alloc                          - Undefined Weak Reference
    _terminate_user_alloc                     - Undefined Weak Reference
    _terminateio                              - Undefined Weak Reference
    __main                                   0x000000cd   Thumb Code     8  __main.o(!!!main)
    __scatterload                            0x000000d5   Thumb Code     0  __scatter.o(!!!scatter)
    __scatterload_rt2                        0x000000d5   Thumb Code    44  __scatter.o(!!!scatter)
    __scatterload_rt2_thumb_only             0x000000d5   Thumb Code     0  __scatter.o(!!!scatter)
    __scatterload_null                       0x000000e3   Thumb Code     0  __scatter.o(!!!scatter)
    __scatterload_copy                       0x00000109   Thumb Code    26  __scatter_copy.o(!!handler_copy)
    __scatterload_zeroinit                   0x00000125   Thumb Code    28  __scatter_zi.o(!!handler_zi)
    _printf_d                                0x00000141   Thumb Code     0  _printf_d.o(.ARM.Collect$$_printf_percent$$00000009)
    _printf_percent                          0x00000141   Thumb Code     0  _printf_percent.o(.ARM.Collect$$_printf_percent$$00000000)
    _printf_u                                0x00000147   Thumb Code     0  _printf_u.o(.ARM.Collect$$_printf_percent$$0000000A)
    _printf_x                                0x0000014d   Thumb Code     0  _printf_x.o(.ARM.Collect$$_printf_percent$$0000000C)
    _printf_c                                0x00000153   Thumb Code     0  _printf_c.o(.ARM.Collect$$_printf_percent$$00000013)
    _printf_percent_end                      0x00000159   Thumb Code     0  _printf_percent_end.o(.ARM.Collect$$_printf_percent$$00000017)
    __rt_lib_init                            0x0000015d   Thumb Code     0  libinit.o(.ARM.Collect$$libinit$$00000000)
    __rt_lib_init_alloca_1                   0x0000015f   Thumb Code     0  libinit2.o(.ARM.Collect$$libinit$$0000002E)
    __rt_lib_init_argv_1                     0x0000015f   Thumb Code     0  libinit2.o(.ARM.Collect$$libinit$$0000002C)
    __rt_lib_init_atexit_1                   0x0000015f   Thumb Code     0  libinit2.o(.ARM.Collect$$libinit$$0000001B)
    __rt_lib_init_clock_1                    0x0000015f   Thumb Code     0  libinit2.o(.ARM.Collect$$libinit$$00000021)
    __rt_lib_init_cpp_1                      0x0000015f   Thumb Code     0  libinit2.o(.ARM.Collect$$libinit$$00000032)
    __rt_lib_init_exceptions_1               0x0000015f   Thumb Code     0  libinit2.o(.ARM.Collect$$libinit$$00000030)
    __rt_lib_init_fp_1                       0x0000015f   Thumb Code     0  libinit2.o(.ARM.Collect$$libinit$$00000002)
    __rt_lib_init_fp_trap_1                  0x0000015f   Thumb Code     0  libinit2.o(.ARM.Collect$$libinit$$0000001F)
    __rt_lib_init_getenv_1                   0x0000015f   Thumb Code     0  libinit2.o(.ARM.Collect$$libinit$$00000023)
    __rt_lib_init_heap_1                     0x0000015f   Thumb Code     0  libinit2.o(.ARM.Collect$$libinit$$0000000A)
    __rt_lib_init_lc_collate_1               0x0000015f   Thumb Code     0  libinit2.o(.ARM.Collect$$libinit$$00000011)
    __rt_lib_init_lc_ctype_1                 0x0000015f   Thumb Code     0  libinit2.o(.ARM.Collect$$libinit$$00000013)
    __rt_lib_init_lc_monetary_1              0x0000015f   Thumb Code     0  libinit2.o(.ARM.Collect$$libinit$$00000015)
    __rt_lib_init_lc_numeric_1               0x0000015f   Thumb Code     0  libinit2.o(.ARM.Collect$$libinit$$00000017)
    __rt_lib_init_lc_time_1                  0x0000015f   Thumb Code     0  libinit2.o(.ARM.Collect$$libinit$$00000019)
    __rt_lib_init_preinit_1                  0x0000015f   Thumb Code     0  libinit2.o(.ARM.Collect$$libinit$$00000004)
    __rt_lib_init_rand_1                     0x0000015f   Thumb Code     0  libinit2.o(.ARM.Collect$$libinit$$0000000E)
    __rt_lib_init_return                     0x0000015f   Thumb Code     0  libinit2.o(.ARM.Collect$$libinit$$00000033)
    __rt_lib_init_signal_1                   0x0000015f   Thumb Code     0  libinit2.o(.ARM.Collect$$libinit$$0000001D)
    __rt_lib_init_stdio_1                    0x0000015f   Thumb Code     0  libinit2.o(.ARM.Collect$$libinit$$00000025)
    __rt_lib_init_user_alloc_1               0x0000015f   Thumb Code     0  libinit2.o(.ARM.Collect$$libinit$$0000000C)
    __rt_lib_shutdown                        0x00000161   Thumb Code     0  libshutdown.o(.ARM.Collect$$libshutdown$$00000000)
    __rt_lib_shutdown_cpp_1                  0x00000163   Thumb Code     0  libshutdown2.o(.ARM.Collect$$libshutdown$$00000002)
    __rt_lib_shutdown_fp_trap_1              0x00000163   Thumb Code     0  libshutdown2.o(.ARM.Collect$$libshutdown$$00000007)
    __rt_lib_shutdown_heap_1                 0x00000163   Thumb Code     0  libshutdown2.o(.ARM.Collect$$libshutdown$$0000000F)
    __rt_lib_shutdown_return                 0x00000163   Thumb Code     0  libshutdown2.o(.ARM.Collect$$libshutdown$$00000010)
    __rt_lib_shutdown_signal_1               0x00000163   Thumb Code     0  libshutdown2.o(.ARM.Collect$$libshutdown$$0000000A)
    __rt_lib_shutdown_stdio_1                0x00000163   Thumb Code     0  libshutdown2.o(.ARM.Collect$$libshutdown$$00000004)
    __rt_lib_shutdown_user_alloc_1           0x00000163   Thumb Code     0  libshutdown2.o(.ARM.Collect$$libshutdown$$0000000C)
    __rt_entry                               0x00000165   Thumb Code     0  __rtentry.o(.ARM.Collect$$rtentry$$00000000)
    __rt_entry_presh_1                       0x00000165   Thumb Code     0  __rtentry2.o(.ARM.Collect$$rtentry$$00000002)
    __rt_entry_sh                            0x00000165   Thumb Code     0  __rtentry4.o(.ARM.Collect$$rtentry$$00000004)
    __rt_entry_li                            0x0000016b   Thumb Code     0  __rtentry2.o(.ARM.Collect$$rtentry$$0000000A)
    __rt_entry_postsh_1                      0x0000016b   Thumb Code     0  __rtentry2.o(.ARM.Collect$$rtentry$$00000009)
    __rt_entry_main                          0x0000016f   Thumb Code     0  __rtentry2.o(.ARM.Collect$$rtentry$$0000000D)
    __rt_entry_postli_1                      0x0000016f   Thumb Code     0  __rtentry2.o(.ARM.Collect$$rtentry$$0000000C)
    __rt_exit                                0x00000177   Thumb Code     0  rtexit.o(.ARM.Collect$$rtexit$$00000000)
    __rt_exit_ls                             0x00000179   Thumb Code     0  rtexit2.o(.ARM.Collect$$rtexit$$00000003)
    __rt_exit_prels_1                        0x00000179   Thumb Code     0  rtexit2.o(.ARM.Collect$$rtexit$$00000002)
    __rt_exit_exit                           0x0000017d   Thumb Code     0  rtexit2.o(.ARM.Collect$$rtexit$$00000004)
    Reset_Handler                            0x00000185   Thumb Code     8  startup_lpc17xx.o(.text)
    NMI_Handler                              0x0000018d   Thumb Code     2  startup_lpc17xx.o(.text)
    HardFault_Handler                        0x0000018f   Thumb Code     2  startup_lpc17xx.o(.text)
    MemManage_Handler                        0x00000191   Thumb Code     2  startup_lpc17xx.o(.text)
    BusFault_Handler                         0x00000193   Thumb Code     2  startup_lpc17xx.o(.text)
    UsageFault_Handler                       0x00000195   Thumb Code     2  startup_lpc17xx.o(.text)
    SVC_Handler                              0x00000197   Thumb Code     2  startup_lpc17xx.o(.text)
    DebugMon_Handler                         0x00000199   Thumb Code     2  startup_lpc17xx.o(.text)
    PendSV_Handler                           0x0000019b   Thumb Code     2  startup_lpc17xx.o(.text)
    BOD_IRQHandler                           0x0000019f   Thumb Code     0  startup_lpc17xx.o(.text)
    CANActivity_IRQHandler                   0x0000019f   Thumb Code     0  startup_lpc17xx.o(.text)
    CAN_IRQHandler                           0x0000019f   Thumb Code     0  startup_lpc17xx.o(.text)
    DMA_IRQHandler                           0x0000019f   Thumb Code     0  startup_lpc17xx.o(.text)
    EINT0_IRQHandler                         0x0000019f   Thumb Code     0  startup_lpc17xx.o(.text)
    EINT2_IRQHandler                         0x0000019f   Thumb Code     0  startup_lpc17xx.o(.text)
    ENET_IRQHandler                          0x0000019f   Thumb Code     0  startup_lpc17xx.o(.text)
    I2C0_IRQHandler                          0x0000019f   Thumb Code     0  startup_lpc17xx.o(.text)
    I2C1_IRQHandler                          0x0000019f   Thumb Code     0  startup_lpc17xx.o(.text)
    I2C2_IRQHandler                          0x0000019f   Thumb Code     0  startup_lpc17xx.o(.text)
    I2S_IRQHandler                           0x0000019f   Thumb Code     0  startup_lpc17xx.o(.text)
    MCPWM_IRQHandler                         0x0000019f   Thumb Code     0  startup_lpc17xx.o(.text)
    PLL0_IRQHandler                          0x0000019f   Thumb Code     0  startup_lpc17xx.o(.text)
    PLL1_IRQHandler                          0x0000019f   Thumb Code     0  startup_lpc17xx.o(.text)
    PWM1_IRQHandler                          0x0000019f   Thumb Code     0  startup_lpc17xx.o(.text)
    QEI_IRQHandler                           0x0000019f   Thumb Code     0  startup_lpc17xx.o(.text)
    RIT_IRQHandler                           0x0000019f   Thumb Code     0  startup_lpc17xx.o(.text)
    RTC_IRQHandler                           0x0000019f   Thumb Code     0  startup_lpc17xx.o(.text)
    SPI_IRQHandler                           0x0000019f   Thumb Code     0  startup_lpc17xx.o(.text)
    SSP0_IRQHandler                          0x0000019f   Thumb Code     0  startup_lpc17xx.o(.text)
    SSP1_IRQHandler                          0x0000019f   Thumb Code     0  startup_lpc17xx.o(.text)
    TIMER2_IRQHandler                        0x0000019f   Thumb Code     0  startup_lpc17xx.o(.text)
    UART0_IRQHandler                         0x0000019f   Thumb Code     0  startup_lpc17xx.o(.text)
    UART1_IRQHandler                         0x0000019f   Thumb Code     0  startup_lpc17xx.o(.text)
    UART2_IRQHandler                         0x0000019f   Thumb Code     0  startup_lpc17xx.o(.text)
    UART3_IRQHandler                         0x0000019f   Thumb Code     0  startup_lpc17xx.o(.text)
    USBActivity_IRQHandler                   0x0000019f   Thumb Code     0  startup_lpc17xx.o(.text)
    USB_IRQHandler                           0x0000019f   Thumb Code     0  startup_lpc17xx.o(.text)
    WDT_IRQHandler                           0x0000019f   Thumb Code     0  startup_lpc17xx.o(.text)
    __user_initial_stackheap                 0x000001a1   Thumb Code     0  startup_lpc17xx.o(.text)
    __2sprintf                               0x000001c1   Thumb Code    38  __2sprintf.o(.text)
    _printf_pre_padding                      0x000001ed   Thumb Code    44  _printf_pad.o(.text)
    _printf_post_padding                     0x00000219   Thumb Code    34  _printf_pad.o(.text)
    _printf_str                              0x0000023b   Thumb Code    82  _printf_str.o(.text)
    _printf_int_hex                          0x0000028d   Thumb Code    84  _printf_hex_int.o(.text)
    _printf_longlong_hex                     0x0000028d   Thumb Code     0  _printf_hex_int.o(.text)
    __use_two_region_memory                  0x000002e5   Thumb Code     2  heapauxi.o(.text)
    __rt_heap_escrow$2region                 0x000002e7   Thumb Code     2  heapauxi.o(.text)
    __rt_heap_expand$2region                 0x000002e9   Thumb Code     2  heapauxi.o(.text)
    _sputc                                   0x000002eb   Thumb Code    10  _sputc.o(.text)
    __aeabi_errno_addr                       0x000002f5   Thumb Code     8  rt_errno_addr_intlibspace.o(.text)
    __errno$intlibspace                      0x000002f5   Thumb Code     0  rt_errno_addr_intlibspace.o(.text)
    __rt_errno_addr$intlibspace              0x000002f5   Thumb Code     0  rt_errno_addr_intlibspace.o(.text)
    _printf_int_dec                          0x00000301   Thumb Code   104  _printf_dec.o(.text)
    __printf                                 0x00000379   Thumb Code   388  __printf_flags_ss_wp.o(.text)
    strlen                                   0x00000501   Thumb Code    62  strlen.o(.text)
    __aeabi_memcpy                           0x0000053f   Thumb Code     0  rt_memcpy_v6.o(.text)
    __rt_memcpy                              0x0000053f   Thumb Code   138  rt_memcpy_v6.o(.text)
    _memcpy_lastbytes                        0x000005a5   Thumb Code     0  rt_memcpy_v6.o(.text)
    __aeabi_memcpy4                          0x000005c9   Thumb Code     0  rt_memcpy_w.o(.text)
    __aeabi_memcpy8                          0x000005c9   Thumb Code     0  rt_memcpy_w.o(.text)
    __rt_memcpy_w                            0x000005c9   Thumb Code   100  rt_memcpy_w.o(.text)
    _memcpy_lastbytes_aligned                0x00000611   Thumb Code     0  rt_memcpy_w.o(.text)
    __read_errno                             0x0000062d   Thumb Code    10  _rserrno.o(.text)
    __set_errno                              0x00000637   Thumb Code    12  _rserrno.o(.text)
    _printf_int_common                       0x00000643   Thumb Code   178  _printf_intcommon.o(.text)
    _printf_char_common                      0x000006ff   Thumb Code    32  _printf_char_common.o(.text)
    _printf_cs_common                        0x00000725   Thumb Code    20  _printf_char.o(.text)
    _printf_char                             0x00000739   Thumb Code    16  _printf_char.o(.text)
    _printf_string                           0x00000749   Thumb Code     8  _printf_char.o(.text)
    __user_libspace                          0x00000751   Thumb Code     8  libspace.o(.text)
    __user_perproc_libspace                  0x00000751   Thumb Code     0  libspace.o(.text)
    __user_perthread_libspace                0x00000751   Thumb Code     0  libspace.o(.text)
    __user_setup_stackheap                   0x00000759   Thumb Code    74  sys_stackheap_outer.o(.text)
    exit                                     0x000007a3   Thumb Code    18  exit.o(.text)
    _sys_exit                                0x000007b5   Thumb Code     8  sys_exit.o(.text)
    __I$use$semihosting                      0x000007c1   Thumb Code     0  use_no_semi.o(.text)
    __use_no_semihosting_swi                 0x000007c1   Thumb Code     2  use_no_semi.o(.text)
    __semihosting_library_function           0x000007c3   Thumb Code     0  indicate_semi.o(.text)
    ADC_IRQHandler                           0x000007c5   Thumb Code   462  adc.o(.text.ADC_IRQHandler)
    EINT1_IRQHandler                         0x00000995   Thumb Code    28  interruptions.o(.text.EINT1_IRQHandler)
    EINT3_IRQHandler                         0x000009b1   Thumb Code    20  interruptions.o(.text.EINT3_IRQHandler)
    LIRE_bit                                 0x000009c5   Thumb Code    16  recep_spi.o(.text.LIRE_bit)
    SysTick_Handler                          0x000009f9   Thumb Code    10  interruptions.o(.text.SysTick_Handler)
    SystemInit                               0x00000a05   Thumb Code   204  system_lpc17xx.o(.text.SystemInit)
    TIMER0_IRQHandler                        0x00000ad1   Thumb Code     8  interruptions.o(.text.TIMER0_IRQHandler)
    TIMER1_IRQHandler                        0x00000ad9   Thumb Code   118  beepermethods.o(.text.TIMER1_IRQHandler)
    TIMER3_IRQHandler                        0x00000b51   Thumb Code     8  interruptions.o(.text.TIMER3_IRQHandler)
    TOP_CLK                                  0x00000b59   Thumb Code    26  recep_spi.o(.text.TOP_CLK)
    adc_get_proximetre_value                 0x00000cc9   Thumb Code    40  adc.o(.text.adc_get_proximetre_value)
    adc_init_shared                          0x00000cfd   Thumb Code    70  adc.o(.text.adc_init_shared)
    adc_is_proximetre_ready                  0x00000d45   Thumb Code    12  adc.o(.text.adc_is_proximetre_ready)
    adc_pin_config                           0x00000d51   Thumb Code   116  adc.o(.text.adc_pin_config)
    adc_request_proximetre_avg               0x00000ddd   Thumb Code   134  adc.o(.text.adc_request_proximetre_avg)
    adc_start_inductif_sequence              0x00000e65   Thumb Code    78  adc.o(.text.adc_start_inductif_sequence)
    asservissement_update                    0x00000eb5   Thumb Code   556  asservissement.o(.text.asservissement_update)
    buttons_interrupt_routine                0x000010e1   Thumb Code    46  buttons.o(.text.buttons_interrupt_routine)
    capteur_inductif_interrupt_routine       0x00001225   Thumb Code   290  capteur_inductif.o(.text.capteur_inductif_interrupt_routine)
    capteur_inductif_receive_wire_command    0x00001349   Thumb Code    38  capteur_inductif.o(.text.capteur_inductif_receive_wire_command)
    capteur_inductif_update                  0x00001371   Thumb Code   416  capteur_inductif.o(.text.capteur_inductif_update)
    changer_pwm_moteurs                      0x00001511   Thumb Code     8  moteur.o(.text.changer_pwm_moteurs)
    debug_inductif_send_frame                0x00001545   Thumb Code   360  capteur_inductif.o(.text.debug_inductif_send_frame)
    debug_moteurs_send_frame                 0x000016ad   Thumb Code    80  moteur.o(.text.debug_moteurs_send_frame)
    debug_proximetre_send_frame              0x000016fd   Thumb Code   112  proximetre.o(.text.debug_proximetre_send_frame)
    decode_enveloppe_commande                0x0000176d   Thumb Code   304  decode_enveloppe.o(.text.decode_enveloppe_commande)
    decode_enveloppe_process_command         0x0000189d   Thumb Code   144  decode_enveloppe.o(.text.decode_enveloppe_process_command)
    dtmf_interrupt_routine                   0x00001a35   Thumb Code    92  dtmf.o(.text.dtmf_interrupt_routine)
    dtmf_service                             0x00001a91   Thumb Code    12  dtmf.o(.text.dtmf_service)
    emission_ir_interrupt_routine            0x00001aa9   Thumb Code    16  emission_ir.o(.text.emission_ir_interrupt_routine)
    freqChanged                              0x00001ab9   Thumb Code    28  beepermethods.o(.text.freqChanged)
    get_capteur_averages                     0x00001ad5   Thumb Code    48  robot_state.o(.text.get_capteur_averages)
    get_envelope_period_us                   0x00001b05   Thumb Code    12  capteur_inductif.o(.text.get_envelope_period_us)
    get_flag_50hz                            0x00001b11   Thumb Code    12  robot_state.o(.text.get_flag_50hz)
    get_ir_frame_counter                     0x00001b1d   Thumb Code    12  robot_state.o(.text.get_ir_frame_counter)
    get_ir_seq_index                         0x00001b29   Thumb Code    12  robot_state.o(.text.get_ir_seq_index)
    get_ir_seq_length                        0x00001b35   Thumb Code    12  robot_state.o(.text.get_ir_seq_length)
    get_ir_sequence_at                       0x00001b41   Thumb Code    18  robot_state.o(.text.get_ir_sequence_at)
    get_local_proxi_buffer                   0x00001b55   Thumb Code    42  proximetre.o(.text.get_local_proxi_buffer)
    get_motor_pwms                           0x00001b81   Thumb Code    34  robot_state.o(.text.get_motor_pwms)
    get_motor_speeds                         0x00001ba5   Thumb Code    34  robot_state.o(.text.get_motor_speeds)
    get_proxi_count                          0x00001bc9   Thumb Code    12  proximetre.o(.text.get_proxi_count)
    get_robot_number                         0x00001bd5   Thumb Code    12  robot_state.o(.text.get_robot_number)
    get_robot_status                         0x00001be1   Thumb Code    12  robot_state.o(.text.get_robot_status)
    get_vitesse_centrale                     0x00001bed   Thumb Code    12  robot_state.o(.text.get_vitesse_centrale)
    get_vitesse_code_ir                      0x00001bf9   Thumb Code    54  robot_state.o(.text.get_vitesse_code_ir)
    get_wheel_delta                          0x00001c31   Thumb Code    28  robot_state.o(.text.get_wheel_delta)
    get_wire_measure                         0x00001c4d   Thumb Code    34  robot_state.o(.text.get_wire_measure)
    get_wire_trame                           0x00001c71   Thumb Code    64  robot_state.o(.text.get_wire_trame)
    init_buttons                             0x00001ccd   Thumb Code    72  buttons.o(.text.init_buttons)
    init_capteur_inductif                    0x00001d15   Thumb Code    68  capteur_inductif.o(.text.init_capteur_inductif)
    init_dtmf                                0x00001d8d   Thumb Code    80  dtmf.o(.text.init_dtmf)
    init_moteur_pwm                          0x00001e21   Thumb Code     8  moteur.o(.text.init_moteur_pwm)
    init_moteurs_debug                       0x00001e29   Thumb Code    16  moteur.o(.text.init_moteurs_debug)
    init_proximetre                          0x00001e75   Thumb Code    38  proximetre.o(.text.init_proximetre)
    init_pwm_ir                              0x00001ec9   Thumb Code    46  emission_ir.o(.text.init_pwm_ir)
    init_recep_spi                           0x00001ef9   Thumb Code   102  recep_spi.o(.text.init_recep_spi)
    init_robot_id_switches                   0x00001f61   Thumb Code    34  robot_state.o(.text.init_robot_id_switches)
    init_status_led                          0x00001fb9   Thumb Code    74  status.o(.text.init_status_led)
    init_timer_enveloppe                     0x0000204d   Thumb Code     8  emission_ir.o(.text.init_timer_enveloppe)
    init_uart0                               0x00002055   Thumb Code   122  uart.o(.text.init_uart0)
    init_ultrason_recep                      0x000020d1   Thumb Code    94  ultrason_recep.o(.text.init_ultrason_recep)
    led_register_clr                         0x00002175   Thumb Code    24  led_register.o(.text.led_register_clr)
    led_register_set                         0x0000218d   Thumb Code    22  led_register.o(.text.led_register_set)
    main                                     0x000021a5   Thumb Code   316  main.o(.text.main)
    moteurs_interrupt_routine                0x000022e1   Thumb Code    38  moteur.o(.text.moteurs_interrupt_routine)
    moteurs_receive_wire_command             0x00002309   Thumb Code    38  moteur.o(.text.moteurs_receive_wire_command)
    preparer_trame                           0x00002461   Thumb Code   146  emission_ir.o(.text.preparer_trame)
    proximetre_run_balayage                  0x000025e9   Thumb Code   368  proximetre.o(.text.proximetre_run_balayage)
    proximetre_timer_interrupt_routine       0x00002759   Thumb Code    84  proximetre.o(.text.proximetre_timer_interrupt_routine)
    pwm_disable_ir_output                    0x000027d1   Thumb Code    18  pwm.o(.text.pwm_disable_ir_output)
    pwm_enable_ir_output                     0x000027e5   Thumb Code    18  pwm.o(.text.pwm_enable_ir_output)
    pwm_init_ir                              0x000027f9   Thumb Code   110  pwm.o(.text.pwm_init_ir)
    pwm_init_moteurs                         0x00002869   Thumb Code   124  pwm.o(.text.pwm_init_moteurs)
    pwm_reset_counter_ir                     0x000028e5   Thumb Code    26  pwm.o(.text.pwm_reset_counter_ir)
    pwm_set_moteurs                          0x00002901   Thumb Code    72  pwm.o(.text.pwm_set_moteurs)
    recep_spi_interrupt_routine              0x00002965   Thumb Code    28  recep_spi.o(.text.recep_spi_interrupt_routine)
    set_flag_50hz                            0x000029b1   Thumb Code    12  robot_state.o(.text.set_flag_50hz)
    set_ir_frame_counter                     0x000029bd   Thumb Code    12  robot_state.o(.text.set_ir_frame_counter)
    set_ir_seq_index                         0x000029c9   Thumb Code    12  robot_state.o(.text.set_ir_seq_index)
    set_ir_seq_length                        0x000029d5   Thumb Code    12  robot_state.o(.text.set_ir_seq_length)
    set_ir_sequence_at                       0x000029e1   Thumb Code    16  robot_state.o(.text.set_ir_sequence_at)
    set_motor_pwms                           0x000029f1   Thumb Code    22  robot_state.o(.text.set_motor_pwms)
    set_motor_speeds                         0x00002a09   Thumb Code    22  robot_state.o(.text.set_motor_speeds)
    set_proxi_distance_at_angle              0x00002a21   Thumb Code    44  robot_state.o(.text.set_proxi_distance_at_angle)
    set_robot_number                         0x00002a4d   Thumb Code    16  robot_state.o(.text.set_robot_number)
    set_robot_status                         0x00002a5d   Thumb Code    12  robot_state.o(.text.set_robot_status)
    set_spi                                  0x00002a69   Thumb Code   176  recep_spi.o(.text.set_spi)
    set_status_led                           0x00002b19   Thumb Code    84  status.o(.text.set_status_led)
    set_vitesse_centrale                     0x00002b6d   Thumb Code    12  robot_state.o(.text.set_vitesse_centrale)
    set_vitesse_commande                     0x00002b79   Thumb Code    12  robot_state.o(.text.set_vitesse_commande)
    set_wheel_delta                          0x00002b85   Thumb Code    28  robot_state.o(.text.set_wheel_delta)
    set_wire_measure                         0x00002ba1   Thumb Code    30  robot_state.o(.text.set_wire_measure)
    set_wire_trame                           0x00002bc1   Thumb Code    56  robot_state.o(.text.set_wire_trame)
    timer0_init                              0x00002c15   Thumb Code    70  timers.o(.text.timer0_init)
    timer0_start                             0x00002c5d   Thumb Code    18  timers.o(.text.timer0_start)
    timer2_get_tc                            0x00002c71   Thumb Code    10  timers.o(.text.timer2_get_tc)
    timer2_init_free_running                 0x00002c7d   Thumb Code    46  timers.o(.text.timer2_init_free_running)
    timer3_clear_interrupt                   0x00002cad   Thumb Code    12  timers.o(.text.timer3_clear_interrupt)
    timer3_get_match0                        0x00002cb9   Thumb Code    12  timers.o(.text.timer3_get_match0)
    timer3_get_tc                            0x00002cc5   Thumb Code    12  timers.o(.text.timer3_get_tc)
    timer3_init_servo                        0x00002cd1   Thumb Code    80  timers.o(.text.timer3_init_servo)
    timer3_set_match0                        0x00002d21   Thumb Code    12  timers.o(.text.timer3_set_match0)
    timer3_set_match1                        0x00002d2d   Thumb Code    12  timers.o(.text.timer3_set_match1)
    uart0_send_char                          0x00002d39   Thumb Code    18  uart.o(.text.uart0_send_char)
    uart0_send_string                        0x00002d4d   Thumb Code    40  uart.o(.text.uart0_send_string)
    ultrason_decode_timeout                  0x00002d75   Thumb Code    48  ultrason_recep.o(.text.ultrason_decode_timeout)
    ultrason_recep_lire                      0x00002da5   Thumb Code    54  ultrason_recep.o(.text.ultrason_recep_lire)
    ultrason_recep_tick                      0x00002ddd   Thumb Code    12  ultrason_recep.o(.text.ultrason_recep_tick)
    update_robot_id_from_hardware            0x00002e89   Thumb Code    56  robot_state.o(.text.update_robot_id_from_hardware)
    __ARM_fpclassifyf                        0x00002f81   Thumb Code    38  fpclassifyf.o(i.__ARM_fpclassifyf)
    __mathlib_flt_infnan                     0x00002fa7   Thumb Code     6  funder.o(i.__mathlib_flt_infnan)
    __mathlib_flt_invalid                    0x00002fad   Thumb Code     8  funder.o(i.__mathlib_flt_invalid)
    __mathlib_flt_underflow                  0x00002fb5   Thumb Code    10  funder.o(i.__mathlib_flt_underflow)
    __mathlib_rredf2                         0x00002fc1   Thumb Code   344  rredf.o(i.__mathlib_rredf2)
    _is_digit                                0x00003129   Thumb Code    14  __printf_wp.o(i._is_digit)
    sinf                                     0x00003139   Thumb Code   338  sinf.o(i.sinf)
    __aeabi_fadd                             0x000032c1   Thumb Code     0  faddsub_clz.o(x$fpl$fadd)
    _fadd                                    0x000032c1   Thumb Code   196  faddsub_clz.o(x$fpl$fadd)
    __fpl_fcheck_NaN1                        0x00003385   Thumb Code     6  fcheck1.o(x$fpl$fcheck1)
    __aeabi_fcmpeq                           0x00003391   Thumb Code     0  fcmp.o(x$fpl$fcmp)
    _feq                                     0x00003391   Thumb Code    14  fcmp.o(x$fpl$fcmp)
    _fneq                                    0x0000339f   Thumb Code    14  fcmp.o(x$fpl$fcmp)
    __aeabi_fcmpgt                           0x000033ad   Thumb Code     0  fcmp.o(x$fpl$fcmp)
    _fgr                                     0x000033ad   Thumb Code    14  fcmp.o(x$fpl$fcmp)
    __aeabi_fcmpge                           0x000033bb   Thumb Code     0  fcmp.o(x$fpl$fcmp)
    _fgeq                                    0x000033bb   Thumb Code    14  fcmp.o(x$fpl$fcmp)
    __aeabi_fcmple                           0x000033c9   Thumb Code     0  fcmp.o(x$fpl$fcmp)
    _fleq                                    0x000033c9   Thumb Code    14  fcmp.o(x$fpl$fcmp)
    __aeabi_fcmplt                           0x000033d7   Thumb Code     0  fcmp.o(x$fpl$fcmp)
    _fls                                     0x000033d7   Thumb Code    14  fcmp.o(x$fpl$fcmp)
    __fpl_fcmp_Inf                           0x000033e5   Thumb Code    24  fcmpi.o(x$fpl$fcmpinf)
    __aeabi_fdiv                             0x000033fd   Thumb Code     0  fdiv.o(x$fpl$fdiv)
    _fdiv                                    0x000033fd   Thumb Code   384  fdiv.o(x$fpl$fdiv)
    __aeabi_cfcmpeq                          0x00003581   Thumb Code     0  feqf.o(x$fpl$feqf)
    _fcmpeq                                  0x00003581   Thumb Code   104  feqf.o(x$fpl$feqf)
    __aeabi_f2iz                             0x000035e9   Thumb Code     0  ffix.o(x$fpl$ffix)
    _ffix                                    0x000035e9   Thumb Code    54  ffix.o(x$fpl$ffix)
    __aeabi_f2uiz                            0x00003621   Thumb Code     0  ffixu.o(x$fpl$ffixu)
    _ffixu                                   0x00003621   Thumb Code    62  ffixu.o(x$fpl$ffixu)
    __aeabi_i2f                              0x00003661   Thumb Code     0  fflt_clz.o(x$fpl$fflt)
    _fflt                                    0x00003661   Thumb Code    48  fflt_clz.o(x$fpl$fflt)
    __aeabi_ui2f                             0x00003691   Thumb Code     0  fflt_clz.o(x$fpl$ffltu)
    _ffltu                                   0x00003691   Thumb Code    38  fflt_clz.o(x$fpl$ffltu)
    _fcmpge                                  0x000036b9   Thumb Code   104  fgeqf.o(x$fpl$fgeqf)
    __aeabi_cfcmple                          0x00003721   Thumb Code     0  fleqf.o(x$fpl$fleqf)
    _fcmple                                  0x00003721   Thumb Code   104  fleqf.o(x$fpl$fleqf)
    __fpl_fcmple_InfNaN                      0x00003773   Thumb Code     0  fleqf.o(x$fpl$fleqf)
    __aeabi_fmul                             0x00003789   Thumb Code     0  fmul.o(x$fpl$fmul)
    _fmul                                    0x00003789   Thumb Code   258  fmul.o(x$fpl$fmul)
    __fpl_fnaninf                            0x0000388b   Thumb Code   140  fnaninf.o(x$fpl$fnaninf)
    __fpl_fretinf                            0x00003917   Thumb Code    10  fretinf.o(x$fpl$fretinf)
    _frnd                                    0x00003921   Thumb Code    96  frnd.o(x$fpl$frnd)
    __aeabi_frsub                            0x00003981   Thumb Code     0  faddsub_clz.o(x$fpl$frsb)
    _frsb                                    0x00003981   Thumb Code    20  faddsub_clz.o(x$fpl$frsb)
    __aeabi_fsub                             0x00003995   Thumb Code     0  faddsub_clz.o(x$fpl$fsub)
    _fsub                                    0x00003995   Thumb Code   234  faddsub_clz.o(x$fpl$fsub)
    __fpl_return_NaN                         0x00003a7f   Thumb Code   100  retnan.o(x$fpl$retnan)
    __ARM_scalbnf                            0x00003ae3   Thumb Code    76  scalbnf.o(x$fpl$scalbnf)
    __fpl_cmpreturn                          0x00003b2f   Thumb Code    48  trapv.o(x$fpl$trapveneer)
    __I$use$fp                               0x00003b5e   Number         0  usenofp.o(x$fpl$usenofp)
    Region$$Table$$Base                      0x00003c48   Number         0  anon$$obj.o(Region$$Table)
    Region$$Table$$Limit                     0x00003c68   Number         0  anon$$obj.o(Region$$Table)
    SystemCoreClock                          0x10000000   Data           4  system_lpc17xx.o(.data.SystemCoreClock)
    asserv_K_corr_alpha                      0x10000004   Data           4  asservissement.o(.data.asserv_K_corr_alpha)
    asserv_K_corr_y                          0x10000008   Data           4  asservissement.o(.data.asserv_K_corr_y)
    asserv_Kp_alpha                          0x1000000c   Data           4  asservissement.o(.data.asserv_Kp_alpha)
    asserv_Kp_y                              0x10000010   Data           4  asservissement.o(.data.asserv_Kp_y)
    mSec                                     0x1000002c   Data           4  beepermethods.o(.data.mSec)
    __libspace_start                         0x10000048   Data          96  libspace.o(.bss)
    __temporary_stack_top$libspace           0x100000a8   Data           0  libspace.o(.bss)
    c                                        0x100000c0   Data           1  dtmf.o(.bss.c)
    flag_compute_inductif                    0x100001ab   Data           1  capteur_inductif.o(.bss.flag_compute_inductif)
    freqAsChanged                            0x100001ac   Data           4  beepermethods.o(.bss.freqAsChanged)
    g_Pd                                     0x100001b0   Data           4  recep_spi.o(.bss.g_Pd)
    g_Pg                                     0x100001b4   Data           4  recep_spi.o(.bss.g_Pg)
    g_Vd                                     0x100001b8   Data           4  recep_spi.o(.bss.g_Vd)
    g_Vg                                     0x100001bc   Data           4  recep_spi.o(.bss.g_Vg)
    nbFoisGlo                                0x10000238   Data           4  beepermethods.o(.bss.nbFoisGlo)
    volatile_adc_sample_count                0x10000338   Data           2  capteur_inductif.o(.bss.volatile_adc_sample_count)
    volatile_adc_sum1                        0x1000033c   Data           4  capteur_inductif.o(.bss.volatile_adc_sum1)
    volatile_adc_sum2                        0x10000340   Data           4  capteur_inductif.o(.bss.volatile_adc_sum2)
    volatile_adc_sum3                        0x10000344   Data           4  capteur_inductif.o(.bss.volatile_adc_sum3)



==============================================================================

Memory Map of the image

  Image Entry point : 0x00000185

  Load Region LR_1 (Base: 0x00000000, Size: 0x00003cac, Max: 0xffffffff, ABSOLUTE)

    Execution Region ER_RO (Exec base: 0x00000000, Load base: 0x00000000, Size: 0x00003c68, Max: 0xffffffff, ABSOLUTE)

    Exec Addr    Load Addr    Size         Type   Attr      Idx    E Section Name        Object

    0x00000000   0x00000000   0x000000cc   Data   RO          656    RESET               startup_lpc17xx.o
    0x000000cc   0x000000cc   0x00000008   Code   RO          748  * !!!main             c_w.l(__main.o)
    0x000000d4   0x000000d4   0x00000034   Code   RO         1017    !!!scatter          c_w.l(__scatter.o)
    0x00000108   0x00000108   0x0000001a   Code   RO         1019    !!handler_copy      c_w.l(__scatter_copy.o)
    0x00000122   0x00000122   0x00000002   PAD
    0x00000124   0x00000124   0x0000001c   Code   RO         1021    !!handler_zi        c_w.l(__scatter_zi.o)
    0x00000140   0x00000140   0x00000000   Code   RO          739    .ARM.Collect$$_printf_percent$$00000000  c_w.l(_printf_percent.o)
    0x00000140   0x00000140   0x00000006   Code   RO          737    .ARM.Collect$$_printf_percent$$00000009  c_w.l(_printf_d.o)
    0x00000146   0x00000146   0x00000006   Code   RO          738    .ARM.Collect$$_printf_percent$$0000000A  c_w.l(_printf_u.o)
    0x0000014c   0x0000014c   0x00000006   Code   RO          736    .ARM.Collect$$_printf_percent$$0000000C  c_w.l(_printf_x.o)
    0x00000152   0x00000152   0x00000006   Code   RO          735    .ARM.Collect$$_printf_percent$$00000013  c_w.l(_printf_c.o)
    0x00000158   0x00000158   0x00000004   Code   RO          801    .ARM.Collect$$_printf_percent$$00000017  c_w.l(_printf_percent_end.o)
    0x0000015c   0x0000015c   0x00000002   Code   RO          878    .ARM.Collect$$libinit$$00000000  c_w.l(libinit.o)
    0x0000015e   0x0000015e   0x00000000   Code   RO          890    .ARM.Collect$$libinit$$00000002  c_w.l(libinit2.o)
    0x0000015e   0x0000015e   0x00000000   Code   RO          892    .ARM.Collect$$libinit$$00000004  c_w.l(libinit2.o)
    0x0000015e   0x0000015e   0x00000000   Code   RO          895    .ARM.Collect$$libinit$$0000000A  c_w.l(libinit2.o)
    0x0000015e   0x0000015e   0x00000000   Code   RO          897    .ARM.Collect$$libinit$$0000000C  c_w.l(libinit2.o)
    0x0000015e   0x0000015e   0x00000000   Code   RO          899    .ARM.Collect$$libinit$$0000000E  c_w.l(libinit2.o)
    0x0000015e   0x0000015e   0x00000000   Code   RO          902    .ARM.Collect$$libinit$$00000011  c_w.l(libinit2.o)
    0x0000015e   0x0000015e   0x00000000   Code   RO          904    .ARM.Collect$$libinit$$00000013  c_w.l(libinit2.o)
    0x0000015e   0x0000015e   0x00000000   Code   RO          906    .ARM.Collect$$libinit$$00000015  c_w.l(libinit2.o)
    0x0000015e   0x0000015e   0x00000000   Code   RO          908    .ARM.Collect$$libinit$$00000017  c_w.l(libinit2.o)
    0x0000015e   0x0000015e   0x00000000   Code   RO          910    .ARM.Collect$$libinit$$00000019  c_w.l(libinit2.o)
    0x0000015e   0x0000015e   0x00000000   Code   RO          912    .ARM.Collect$$libinit$$0000001B  c_w.l(libinit2.o)
    0x0000015e   0x0000015e   0x00000000   Code   RO          914    .ARM.Collect$$libinit$$0000001D  c_w.l(libinit2.o)
    0x0000015e   0x0000015e   0x00000000   Code   RO          916    .ARM.Collect$$libinit$$0000001F  c_w.l(libinit2.o)
    0x0000015e   0x0000015e   0x00000000   Code   RO          918    .ARM.Collect$$libinit$$00000021  c_w.l(libinit2.o)
    0x0000015e   0x0000015e   0x00000000   Code   RO          920    .ARM.Collect$$libinit$$00000023  c_w.l(libinit2.o)
    0x0000015e   0x0000015e   0x00000000   Code   RO          922    .ARM.Collect$$libinit$$00000025  c_w.l(libinit2.o)
    0x0000015e   0x0000015e   0x00000000   Code   RO          926    .ARM.Collect$$libinit$$0000002C  c_w.l(libinit2.o)
    0x0000015e   0x0000015e   0x00000000   Code   RO          928    .ARM.Collect$$libinit$$0000002E  c_w.l(libinit2.o)
    0x0000015e   0x0000015e   0x00000000   Code   RO          930    .ARM.Collect$$libinit$$00000030  c_w.l(libinit2.o)
    0x0000015e   0x0000015e   0x00000000   Code   RO          932    .ARM.Collect$$libinit$$00000032  c_w.l(libinit2.o)
    0x0000015e   0x0000015e   0x00000002   Code   RO          933    .ARM.Collect$$libinit$$00000033  c_w.l(libinit2.o)
    0x00000160   0x00000160   0x00000002   Code   RO          972    .ARM.Collect$$libshutdown$$00000000  c_w.l(libshutdown.o)
    0x00000162   0x00000162   0x00000000   Code   RO         1000    .ARM.Collect$$libshutdown$$00000002  c_w.l(libshutdown2.o)
    0x00000162   0x00000162   0x00000000   Code   RO         1002    .ARM.Collect$$libshutdown$$00000004  c_w.l(libshutdown2.o)
    0x00000162   0x00000162   0x00000000   Code   RO         1005    .ARM.Collect$$libshutdown$$00000007  c_w.l(libshutdown2.o)
    0x00000162   0x00000162   0x00000000   Code   RO         1008    .ARM.Collect$$libshutdown$$0000000A  c_w.l(libshutdown2.o)
    0x00000162   0x00000162   0x00000000   Code   RO         1010    .ARM.Collect$$libshutdown$$0000000C  c_w.l(libshutdown2.o)
    0x00000162   0x00000162   0x00000000   Code   RO         1013    .ARM.Collect$$libshutdown$$0000000F  c_w.l(libshutdown2.o)
    0x00000162   0x00000162   0x00000002   Code   RO         1014    .ARM.Collect$$libshutdown$$00000010  c_w.l(libshutdown2.o)
    0x00000164   0x00000164   0x00000000   Code   RO          786    .ARM.Collect$$rtentry$$00000000  c_w.l(__rtentry.o)
    0x00000164   0x00000164   0x00000000   Code   RO          835    .ARM.Collect$$rtentry$$00000002  c_w.l(__rtentry2.o)
    0x00000164   0x00000164   0x00000006   Code   RO          847    .ARM.Collect$$rtentry$$00000004  c_w.l(__rtentry4.o)
    0x0000016a   0x0000016a   0x00000000   Code   RO          837    .ARM.Collect$$rtentry$$00000009  c_w.l(__rtentry2.o)
    0x0000016a   0x0000016a   0x00000004   Code   RO          838    .ARM.Collect$$rtentry$$0000000A  c_w.l(__rtentry2.o)
    0x0000016e   0x0000016e   0x00000000   Code   RO          840    .ARM.Collect$$rtentry$$0000000C  c_w.l(__rtentry2.o)
    0x0000016e   0x0000016e   0x00000008   Code   RO          841    .ARM.Collect$$rtentry$$0000000D  c_w.l(__rtentry2.o)
    0x00000176   0x00000176   0x00000002   Code   RO          881    .ARM.Collect$$rtexit$$00000000  c_w.l(rtexit.o)
    0x00000178   0x00000178   0x00000000   Code   RO          941    .ARM.Collect$$rtexit$$00000002  c_w.l(rtexit2.o)
    0x00000178   0x00000178   0x00000004   Code   RO          942    .ARM.Collect$$rtexit$$00000003  c_w.l(rtexit2.o)
    0x0000017c   0x0000017c   0x00000006   Code   RO          943    .ARM.Collect$$rtexit$$00000004  c_w.l(rtexit2.o)
    0x00000182   0x00000182   0x00000002   PAD
    0x00000184   0x00000184   0x0000003c   Code   RO          658  * .text               startup_lpc17xx.o
    0x000001c0   0x000001c0   0x0000002c   Code   RO          682    .text               c_w.l(__2sprintf.o)
    0x000001ec   0x000001ec   0x0000004e   Code   RO          688    .text               c_w.l(_printf_pad.o)
    0x0000023a   0x0000023a   0x00000052   Code   RO          690    .text               c_w.l(_printf_str.o)
    0x0000028c   0x0000028c   0x00000058   Code   RO          697    .text               c_w.l(_printf_hex_int.o)
    0x000002e4   0x000002e4   0x00000006   Code   RO          746    .text               c_w.l(heapauxi.o)
    0x000002ea   0x000002ea   0x0000000a   Code   RO          797    .text               c_w.l(_sputc.o)
    0x000002f4   0x000002f4   0x00000008   Code   RO          854    .text               c_w.l(rt_errno_addr_intlibspace.o)
    0x000002fc   0x000002fc   0x00000004   Code   RO          657    .ARM.__at_0x02FC    startup_lpc17xx.o
    0x00000300   0x00000300   0x00000078   Code   RO          692    .text               c_w.l(_printf_dec.o)
    0x00000378   0x00000378   0x00000188   Code   RO          732    .text               c_w.l(__printf_flags_ss_wp.o)
    0x00000500   0x00000500   0x0000003e   Code   RO          740    .text               c_w.l(strlen.o)
    0x0000053e   0x0000053e   0x0000008a   Code   RO          742    .text               c_w.l(rt_memcpy_v6.o)
    0x000005c8   0x000005c8   0x00000064   Code   RO          744    .text               c_w.l(rt_memcpy_w.o)
    0x0000062c   0x0000062c   0x00000016   Code   RO          791    .text               c_w.l(_rserrno.o)
    0x00000642   0x00000642   0x000000b2   Code   RO          793    .text               c_w.l(_printf_intcommon.o)
    0x000006f4   0x000006f4   0x00000030   Code   RO          795    .text               c_w.l(_printf_char_common.o)
    0x00000724   0x00000724   0x0000002c   Code   RO          799    .text               c_w.l(_printf_char.o)
    0x00000750   0x00000750   0x00000008   Code   RO          862    .text               c_w.l(libspace.o)
    0x00000758   0x00000758   0x0000004a   Code   RO          865    .text               c_w.l(sys_stackheap_outer.o)
    0x000007a2   0x000007a2   0x00000012   Code   RO          867    .text               c_w.l(exit.o)
    0x000007b4   0x000007b4   0x0000000c   Code   RO          936    .text               c_w.l(sys_exit.o)
    0x000007c0   0x000007c0   0x00000002   Code   RO          961    .text               c_w.l(use_no_semi.o)
    0x000007c2   0x000007c2   0x00000000   Code   RO          963    .text               c_w.l(indicate_semi.o)
    0x000007c2   0x000007c2   0x00000002   PAD
    0x000007c4   0x000007c4   0x000001ce   Code   RO           20    .text.ADC_IRQHandler  adc.o
    0x00000992   0x00000992   0x00000002   PAD
    0x00000994   0x00000994   0x0000001c   Code   RO          187    .text.EINT1_IRQHandler  interruptions.o
    0x000009b0   0x000009b0   0x00000014   Code   RO          185    .text.EINT3_IRQHandler  interruptions.o
    0x000009c4   0x000009c4   0x00000010   Code   RO          367    .text.LIRE_bit      recep_spi.o
    0x000009d4   0x000009d4   0x00000024   Code   RO          225    .text.SysTick_Config  main.o
    0x000009f8   0x000009f8   0x0000000a   Code   RO          183    .text.SysTick_Handler  interruptions.o
    0x00000a02   0x00000a02   0x00000002   PAD
    0x00000a04   0x00000a04   0x000000cc   Code   RO          669    .text.SystemInit    system_lpc17xx.o
    0x00000ad0   0x00000ad0   0x00000008   Code   RO          189    .text.TIMER0_IRQHandler  interruptions.o
    0x00000ad8   0x00000ad8   0x00000076   Code   RO          608    .text.TIMER1_IRQHandler  beepermethods.o
    0x00000b4e   0x00000b4e   0x00000002   PAD
    0x00000b50   0x00000b50   0x00000008   Code   RO          191    .text.TIMER3_IRQHandler  interruptions.o
    0x00000b58   0x00000b58   0x0000001a   Code   RO          363    .text.TOP_CLK       recep_spi.o
    0x00000b72   0x00000b72   0x00000002   PAD
    0x00000b74   0x00000b74   0x00000028   Code   RO           12    .text.__NVIC_DisableIRQ  adc.o
    0x00000b9c   0x00000b9c   0x00000028   Code   RO           73    .text.__NVIC_DisableIRQ  capteur_inductif.o
    0x00000bc4   0x00000bc4   0x00000020   Code   RO            6    .text.__NVIC_EnableIRQ  adc.o
    0x00000be4   0x00000be4   0x00000010   Code   RO           38    .text.__NVIC_EnableIRQ  buttons.o
    0x00000bf4   0x00000bf4   0x00000020   Code   RO           61    .text.__NVIC_EnableIRQ  capteur_inductif.o
    0x00000c14   0x00000c14   0x00000010   Code   RO          135    .text.__NVIC_EnableIRQ  dtmf.o
    0x00000c24   0x00000c24   0x00000010   Code   RO          252    .text.__NVIC_EnableIRQ  moteur.o
    0x00000c34   0x00000c34   0x00000010   Code   RO          293    .text.__NVIC_EnableIRQ  proximetre.o
    0x00000c44   0x00000c44   0x00000010   Code   RO          373    .text.__NVIC_EnableIRQ  recep_spi.o
    0x00000c54   0x00000c54   0x00000020   Code   RO          527    .text.__NVIC_EnableIRQ  timers.o
    0x00000c74   0x00000c74   0x00000010   Code   RO          631    .text.__NVIC_EnableIRQ  ultrason_recep.o
    0x00000c84   0x00000c84   0x00000022   Code   RO            4    .text.__NVIC_SetPriority  adc.o
    0x00000ca6   0x00000ca6   0x00000002   PAD
    0x00000ca8   0x00000ca8   0x0000000e   Code   RO          227    .text.__NVIC_SetPriority  main.o
    0x00000cb6   0x00000cb6   0x00000002   PAD
    0x00000cb8   0x00000cb8   0x0000000e   Code   RO          371    .text.__NVIC_SetPriority  recep_spi.o
    0x00000cc6   0x00000cc6   0x00000002   PAD
    0x00000cc8   0x00000cc8   0x00000028   Code   RO           16    .text.adc_get_proximetre_value  adc.o
    0x00000cf0   0x00000cf0   0x0000000a   Code   RO          281    .text.adc_init      proximetre.o
    0x00000cfa   0x00000cfa   0x00000002   PAD
    0x00000cfc   0x00000cfc   0x00000046   Code   RO            2    .text.adc_init_shared  adc.o
    0x00000d42   0x00000d42   0x00000002   PAD
    0x00000d44   0x00000d44   0x0000000c   Code   RO           14    .text.adc_is_proximetre_ready  adc.o
    0x00000d50   0x00000d50   0x00000074   Code   RO            8    .text.adc_pin_config  adc.o
    0x00000dc4   0x00000dc4   0x00000016   Code   RO          301    .text.adc_read_avg  proximetre.o
    0x00000dda   0x00000dda   0x00000002   PAD
    0x00000ddc   0x00000ddc   0x00000086   Code   RO           10    .text.adc_request_proximetre_avg  adc.o
    0x00000e62   0x00000e62   0x00000002   PAD
    0x00000e64   0x00000e64   0x0000004e   Code   RO           18    .text.adc_start_inductif_sequence  adc.o
    0x00000eb2   0x00000eb2   0x00000002   PAD
    0x00000eb4   0x00000eb4   0x0000022c   Code   RO          573    .text.asservissement_update  asservissement.o
    0x000010e0   0x000010e0   0x0000002e   Code   RO           40    .text.buttons_interrupt_routine  buttons.o
    0x0000110e   0x0000110e   0x00000002   PAD
    0x00001110   0x00001110   0x00000026   Code   RO          283    .text.buzzer_init   proximetre.o
    0x00001136   0x00001136   0x00000002   PAD
    0x00001138   0x00001138   0x0000009c   Code   RO          297    .text.buzzer_service  proximetre.o
    0x000011d4   0x000011d4   0x00000050   Code   RO          303    .text.buzzer_set_from_distance  proximetre.o
    0x00001224   0x00001224   0x00000122   Code   RO           63    .text.capteur_inductif_interrupt_routine  capteur_inductif.o
    0x00001346   0x00001346   0x00000002   PAD
    0x00001348   0x00001348   0x00000026   Code   RO           67    .text.capteur_inductif_receive_wire_command  capteur_inductif.o
    0x0000136e   0x0000136e   0x00000002   PAD
    0x00001370   0x00001370   0x000001a0   Code   RO           71    .text.capteur_inductif_update  capteur_inductif.o
    0x00001510   0x00001510   0x00000008   Code   RO          244    .text.changer_pwm_moteurs  moteur.o
    0x00001518   0x00001518   0x0000002a   Code   RO          575    .text.clampf        asservissement.o
    0x00001542   0x00001542   0x00000002   PAD
    0x00001544   0x00001544   0x00000168   Code   RO           75    .text.debug_inductif_send_frame  capteur_inductif.o
    0x000016ac   0x000016ac   0x00000050   Code   RO          258    .text.debug_moteurs_send_frame  moteur.o
    0x000016fc   0x000016fc   0x00000070   Code   RO          309    .text.debug_proximetre_send_frame  proximetre.o
    0x0000176c   0x0000176c   0x00000130   Code   RO          102    .text.decode_enveloppe_commande  decode_enveloppe.o
    0x0000189c   0x0000189c   0x00000090   Code   RO          112    .text.decode_enveloppe_process_command  decode_enveloppe.o
    0x0000192c   0x0000192c   0x0000001c   Code   RO          212    .text.delay_cd4015  led_register.o
    0x00001948   0x00001948   0x0000002c   Code   RO          291    .text.delay_ms      proximetre.o
    0x00001974   0x00001974   0x000000c0   Code   RO          299    .text.distance_cm   proximetre.o
    0x00001a34   0x00001a34   0x0000005c   Code   RO          143    .text.dtmf_interrupt_routine  dtmf.o
    0x00001a90   0x00001a90   0x0000000c   Code   RO          137    .text.dtmf_service  dtmf.o
    0x00001a9c   0x00001a9c   0x0000000a   Code   RO          623    .text.duree_us      ultrason_recep.o
    0x00001aa6   0x00001aa6   0x00000002   PAD
    0x00001aa8   0x00001aa8   0x00000010   Code   RO          169    .text.emission_ir_interrupt_routine  emission_ir.o
    0x00001ab8   0x00001ab8   0x0000001c   Code   RO          598    .text.freqChanged   beepermethods.o
    0x00001ad4   0x00001ad4   0x00000030   Code   RO          435    .text.get_capteur_averages  robot_state.o
    0x00001b04   0x00001b04   0x0000000c   Code   RO           69    .text.get_envelope_period_us  capteur_inductif.o
    0x00001b10   0x00001b10   0x0000000c   Code   RO          455    .text.get_flag_50hz  robot_state.o
    0x00001b1c   0x00001b1c   0x0000000c   Code   RO          471    .text.get_ir_frame_counter  robot_state.o
    0x00001b28   0x00001b28   0x0000000c   Code   RO          463    .text.get_ir_seq_index  robot_state.o
    0x00001b34   0x00001b34   0x0000000c   Code   RO          467    .text.get_ir_seq_length  robot_state.o
    0x00001b40   0x00001b40   0x00000012   Code   RO          459    .text.get_ir_sequence_at  robot_state.o
    0x00001b52   0x00001b52   0x00000002   PAD
    0x00001b54   0x00001b54   0x0000002a   Code   RO          305    .text.get_local_proxi_buffer  proximetre.o
    0x00001b7e   0x00001b7e   0x00000002   PAD
    0x00001b80   0x00001b80   0x00000022   Code   RO          427    .text.get_motor_pwms  robot_state.o
    0x00001ba2   0x00001ba2   0x00000002   PAD
    0x00001ba4   0x00001ba4   0x00000022   Code   RO          431    .text.get_motor_speeds  robot_state.o
    0x00001bc6   0x00001bc6   0x00000002   PAD
    0x00001bc8   0x00001bc8   0x0000000c   Code   RO          307    .text.get_proxi_count  proximetre.o
    0x00001bd4   0x00001bd4   0x0000000c   Code   RO          397    .text.get_robot_number  robot_state.o
    0x00001be0   0x00001be0   0x0000000c   Code   RO          423    .text.get_robot_status  robot_state.o
    0x00001bec   0x00001bec   0x0000000c   Code   RO          401    .text.get_vitesse_centrale  robot_state.o
    0x00001bf8   0x00001bf8   0x00000036   Code   RO          411    .text.get_vitesse_code_ir  robot_state.o
    0x00001c2e   0x00001c2e   0x00000002   PAD
    0x00001c30   0x00001c30   0x0000001c   Code   RO          419    .text.get_wheel_delta  robot_state.o
    0x00001c4c   0x00001c4c   0x00000022   Code   RO          415    .text.get_wire_measure  robot_state.o
    0x00001c6e   0x00001c6e   0x00000002   PAD
    0x00001c70   0x00001c70   0x00000040   Code   RO          447    .text.get_wire_trame  robot_state.o
    0x00001cb0   0x00001cb0   0x0000001c   Code   RO           53    .text.init_adc      capteur_inductif.o
    0x00001ccc   0x00001ccc   0x00000048   Code   RO           36    .text.init_buttons  buttons.o
    0x00001d14   0x00001d14   0x00000044   Code   RO           51    .text.init_capteur_inductif  capteur_inductif.o
    0x00001d58   0x00001d58   0x00000032   Code   RO           55    .text.init_clock    capteur_inductif.o
    0x00001d8a   0x00001d8a   0x00000002   PAD
    0x00001d8c   0x00001d8c   0x00000050   Code   RO          133    .text.init_dtmf     dtmf.o
    0x00001ddc   0x00001ddc   0x00000042   Code   RO           57    .text.init_enveloppe  capteur_inductif.o
    0x00001e1e   0x00001e1e   0x00000002   PAD
    0x00001e20   0x00001e20   0x00000008   Code   RO          238    .text.init_moteur_pwm  moteur.o
    0x00001e28   0x00001e28   0x00000010   Code   RO          246    .text.init_moteurs_debug  moteur.o
    0x00001e38   0x00001e38   0x0000003a   Code   RO          248    .text.init_moteurs_switches  moteur.o
    0x00001e72   0x00001e72   0x00000002   PAD
    0x00001e74   0x00001e74   0x00000026   Code   RO          277    .text.init_proximetre  proximetre.o
    0x00001e9a   0x00001e9a   0x00000002   PAD
    0x00001e9c   0x00001e9c   0x0000002a   Code   RO          285    .text.init_proximetre_switches  proximetre.o
    0x00001ec6   0x00001ec6   0x00000002   PAD
    0x00001ec8   0x00001ec8   0x0000002e   Code   RO          163    .text.init_pwm_ir   emission_ir.o
    0x00001ef6   0x00001ef6   0x00000002   PAD
    0x00001ef8   0x00001ef8   0x00000066   Code   RO          369    .text.init_recep_spi  recep_spi.o
    0x00001f5e   0x00001f5e   0x00000002   PAD
    0x00001f60   0x00001f60   0x00000022   Code   RO          391    .text.init_robot_id_switches  robot_state.o
    0x00001f82   0x00001f82   0x00000002   PAD
    0x00001f84   0x00001f84   0x00000034   Code   RO          279    .text.init_servo_hardware  proximetre.o
    0x00001fb8   0x00001fb8   0x0000004a   Code   RO          509    .text.init_status_led  status.o
    0x00002002   0x00002002   0x00000002   PAD
    0x00002004   0x00002004   0x00000046   Code   RO           59    .text.init_switches  capteur_inductif.o
    0x0000204a   0x0000204a   0x00000002   PAD
    0x0000204c   0x0000204c   0x00000008   Code   RO          165    .text.init_timer_enveloppe  emission_ir.o
    0x00002054   0x00002054   0x0000007a   Code   RO          557    .text.init_uart0    uart.o
    0x000020ce   0x000020ce   0x00000002   PAD
    0x000020d0   0x000020d0   0x0000005e   Code   RO          629    .text.init_ultrason_recep  ultrason_recep.o
    0x0000212e   0x0000212e   0x00000002   PAD
    0x00002130   0x00002130   0x00000016   Code   RO          108    .text.is_nord_symbol  decode_enveloppe.o
    0x00002146   0x00002146   0x00000002   PAD
    0x00002148   0x00002148   0x00000012   Code   RO          106    .text.is_rest_duration_valid  decode_enveloppe.o
    0x0000215a   0x0000215a   0x00000002   PAD
    0x0000215c   0x0000215c   0x00000016   Code   RO          110    .text.is_sud_symbol  decode_enveloppe.o
    0x00002172   0x00002172   0x00000002   PAD
    0x00002174   0x00002174   0x00000018   Code   RO          206    .text.led_register_clr  led_register.o
    0x0000218c   0x0000218c   0x00000016   Code   RO          204    .text.led_register_set  led_register.o
    0x000021a2   0x000021a2   0x00000002   PAD
    0x000021a4   0x000021a4   0x0000013c   Code   RO          223    .text.main          main.o
    0x000022e0   0x000022e0   0x00000026   Code   RO          254    .text.moteurs_interrupt_routine  moteur.o
    0x00002306   0x00002306   0x00000002   PAD
    0x00002308   0x00002308   0x00000026   Code   RO          256    .text.moteurs_receive_wire_command  moteur.o
    0x0000232e   0x0000232e   0x00000002   PAD
    0x00002330   0x00002330   0x000000b4   Code   RO          260    .text.moteurs_send_frame  moteur.o
    0x000023e4   0x000023e4   0x00000024   Code   RO          250    .text.moteurs_update_mode_from_gpio  moteur.o
    0x00002408   0x00002408   0x00000058   Code   RO          104    .text.period_us_to_symbol  decode_enveloppe.o
    0x00002460   0x00002460   0x00000092   Code   RO          167    .text.preparer_trame  emission_ir.o
    0x000024f2   0x000024f2   0x00000002   PAD
    0x000024f4   0x000024f4   0x000000f4   Code   RO          139    .text.process_dtmf_commands  dtmf.o
    0x000025e8   0x000025e8   0x00000170   Code   RO          295    .text.proximetre_run_balayage  proximetre.o
    0x00002758   0x00002758   0x00000054   Code   RO          275    .text.proximetre_timer_interrupt_routine  proximetre.o
    0x000027ac   0x000027ac   0x00000024   Code   RO          287    .text.proximetre_update_mode_from_gpio  proximetre.o
    0x000027d0   0x000027d0   0x00000012   Code   RO          351    .text.pwm_disable_ir_output  pwm.o
    0x000027e2   0x000027e2   0x00000002   PAD
    0x000027e4   0x000027e4   0x00000012   Code   RO          349    .text.pwm_enable_ir_output  pwm.o
    0x000027f6   0x000027f6   0x00000002   PAD
    0x000027f8   0x000027f8   0x0000006e   Code   RO          347    .text.pwm_init_ir   pwm.o
    0x00002866   0x00002866   0x00000002   PAD
    0x00002868   0x00002868   0x0000007c   Code   RO          339    .text.pwm_init_moteurs  pwm.o
    0x000028e4   0x000028e4   0x0000001a   Code   RO          353    .text.pwm_reset_counter_ir  pwm.o
    0x000028fe   0x000028fe   0x00000002   PAD
    0x00002900   0x00002900   0x00000048   Code   RO          345    .text.pwm_set_moteurs  pwm.o
    0x00002948   0x00002948   0x0000001c   Code   RO          577    .text.pwm_to_u8     asservissement.o
    0x00002964   0x00002964   0x0000001c   Code   RO          377    .text.recep_spi_interrupt_routine  recep_spi.o
    0x00002980   0x00002980   0x0000002e   Code   RO          289    .text.servo_set_angle  proximetre.o
    0x000029ae   0x000029ae   0x00000002   PAD
    0x000029b0   0x000029b0   0x0000000c   Code   RO          453    .text.set_flag_50hz  robot_state.o
    0x000029bc   0x000029bc   0x0000000c   Code   RO          469    .text.set_ir_frame_counter  robot_state.o
    0x000029c8   0x000029c8   0x0000000c   Code   RO          461    .text.set_ir_seq_index  robot_state.o
    0x000029d4   0x000029d4   0x0000000c   Code   RO          465    .text.set_ir_seq_length  robot_state.o
    0x000029e0   0x000029e0   0x00000010   Code   RO          457    .text.set_ir_sequence_at  robot_state.o
    0x000029f0   0x000029f0   0x00000016   Code   RO          425    .text.set_motor_pwms  robot_state.o
    0x00002a06   0x00002a06   0x00000002   PAD
    0x00002a08   0x00002a08   0x00000016   Code   RO          429    .text.set_motor_speeds  robot_state.o
    0x00002a1e   0x00002a1e   0x00000002   PAD
    0x00002a20   0x00002a20   0x0000002c   Code   RO          441    .text.set_proxi_distance_at_angle  robot_state.o
    0x00002a4c   0x00002a4c   0x00000010   Code   RO          395    .text.set_robot_number  robot_state.o
    0x00002a5c   0x00002a5c   0x0000000c   Code   RO          421    .text.set_robot_status  robot_state.o
    0x00002a68   0x00002a68   0x000000b0   Code   RO          375    .text.set_spi       recep_spi.o
    0x00002b18   0x00002b18   0x00000054   Code   RO          511    .text.set_status_led  status.o
    0x00002b6c   0x00002b6c   0x0000000c   Code   RO          399    .text.set_vitesse_centrale  robot_state.o
    0x00002b78   0x00002b78   0x0000000c   Code   RO          403    .text.set_vitesse_commande  robot_state.o
    0x00002b84   0x00002b84   0x0000001c   Code   RO          417    .text.set_wheel_delta  robot_state.o
    0x00002ba0   0x00002ba0   0x0000001e   Code   RO          413    .text.set_wire_measure  robot_state.o
    0x00002bbe   0x00002bbe   0x00000002   PAD
    0x00002bc0   0x00002bc0   0x00000038   Code   RO          445    .text.set_wire_trame  robot_state.o
    0x00002bf8   0x00002bf8   0x0000001c   Code   RO          365    .text.spi_delay     recep_spi.o
    0x00002c14   0x00002c14   0x00000046   Code   RO          525    .text.timer0_init   timers.o
    0x00002c5a   0x00002c5a   0x00000002   PAD
    0x00002c5c   0x00002c5c   0x00000012   Code   RO          529    .text.timer0_start  timers.o
    0x00002c6e   0x00002c6e   0x00000002   PAD
    0x00002c70   0x00002c70   0x0000000a   Code   RO          535    .text.timer2_get_tc  timers.o
    0x00002c7a   0x00002c7a   0x00000002   PAD
    0x00002c7c   0x00002c7c   0x0000002e   Code   RO          533    .text.timer2_init_free_running  timers.o
    0x00002caa   0x00002caa   0x00000002   PAD
    0x00002cac   0x00002cac   0x0000000c   Code   RO          547    .text.timer3_clear_interrupt  timers.o
    0x00002cb8   0x00002cb8   0x0000000c   Code   RO          541    .text.timer3_get_match0  timers.o
    0x00002cc4   0x00002cc4   0x0000000c   Code   RO          539    .text.timer3_get_tc  timers.o
    0x00002cd0   0x00002cd0   0x00000050   Code   RO          537    .text.timer3_init_servo  timers.o
    0x00002d20   0x00002d20   0x0000000c   Code   RO          543    .text.timer3_set_match0  timers.o
    0x00002d2c   0x00002d2c   0x0000000c   Code   RO          545    .text.timer3_set_match1  timers.o
    0x00002d38   0x00002d38   0x00000012   Code   RO          559    .text.uart0_send_char  uart.o
    0x00002d4a   0x00002d4a   0x00000002   PAD
    0x00002d4c   0x00002d4c   0x00000028   Code   RO          561    .text.uart0_send_string  uart.o
    0x00002d74   0x00002d74   0x00000030   Code   RO          627    .text.ultrason_decode_timeout  ultrason_recep.o
    0x00002da4   0x00002da4   0x00000036   Code   RO          637    .text.ultrason_recep_lire  ultrason_recep.o
    0x00002dda   0x00002dda   0x00000002   PAD
    0x00002ddc   0x00002ddc   0x0000000c   Code   RO          635    .text.ultrason_recep_tick  ultrason_recep.o
    0x00002de8   0x00002de8   0x000000a0   Code   RO          171    .text.update_pwm_state  emission_ir.o
    0x00002e88   0x00002e88   0x00000038   Code   RO          393    .text.update_robot_id_from_hardware  robot_state.o
    0x00002ec0   0x00002ec0   0x00000048   Code   RO          202    .text.update_shift_register  led_register.o
    0x00002f08   0x00002f08   0x0000004c   Code   RO          141    .text.update_status_leds  dtmf.o
    0x00002f54   0x00002f54   0x0000002c   Code   RO           65    .text.update_switch_mode_from_gpio  capteur_inductif.o
    0x00002f80   0x00002f80   0x00000026   Code   RO          815    i.__ARM_fpclassifyf  m_ws.l(fpclassifyf.o)
    0x00002fa6   0x00002fa6   0x00000006   Code   RO          818    i.__mathlib_flt_infnan  m_ws.l(funder.o)
    0x00002fac   0x00002fac   0x00000008   Code   RO          820    i.__mathlib_flt_invalid  m_ws.l(funder.o)
    0x00002fb4   0x00002fb4   0x0000000a   Code   RO          823    i.__mathlib_flt_underflow  m_ws.l(funder.o)
    0x00002fbe   0x00002fbe   0x00000002   PAD
    0x00002fc0   0x00002fc0   0x00000168   Code   RO          831    i.__mathlib_rredf2  m_ws.l(rredf.o)
    0x00003128   0x00003128   0x0000000e   Code   RO          725    i._is_digit         c_w.l(__printf_wp.o)
    0x00003136   0x00003136   0x00000002   PAD
    0x00003138   0x00003138   0x00000188   Code   RO          779    i.sinf              m_ws.l(sinf.o)
    0x000032c0   0x000032c0   0x000000c4   Code   RO          750    x$fpl$fadd          fz_ws.l(faddsub_clz.o)
    0x00003384   0x00003384   0x0000000c   Code   RO          879    x$fpl$fcheck1       fz_ws.l(fcheck1.o)
    0x00003390   0x00003390   0x00000054   Code   RO          756    x$fpl$fcmp          fz_ws.l(fcmp.o)
    0x000033e4   0x000033e4   0x00000018   Code   RO          858    x$fpl$fcmpinf       fz_ws.l(fcmpi.o)
    0x000033fc   0x000033fc   0x00000184   Code   RO          759    x$fpl$fdiv          fz_ws.l(fdiv.o)
    0x00003580   0x00003580   0x00000068   Code   RO          802    x$fpl$feqf          fz_ws.l(feqf.o)
    0x000035e8   0x000035e8   0x00000036   Code   RO          762    x$fpl$ffix          fz_ws.l(ffix.o)
    0x0000361e   0x0000361e   0x00000002   PAD
    0x00003620   0x00003620   0x0000003e   Code   RO          766    x$fpl$ffixu         fz_ws.l(ffixu.o)
    0x0000365e   0x0000365e   0x00000002   PAD
    0x00003660   0x00003660   0x00000030   Code   RO          771    x$fpl$fflt          fz_ws.l(fflt_clz.o)
    0x00003690   0x00003690   0x00000026   Code   RO          770    x$fpl$ffltu         fz_ws.l(fflt_clz.o)
    0x000036b6   0x000036b6   0x00000002   PAD
    0x000036b8   0x000036b8   0x00000068   Code   RO          804    x$fpl$fgeqf         fz_ws.l(fgeqf.o)
    0x00003720   0x00003720   0x00000068   Code   RO          806    x$fpl$fleqf         fz_ws.l(fleqf.o)
    0x00003788   0x00003788   0x00000102   Code   RO          776    x$fpl$fmul          fz_ws.l(fmul.o)
    0x0000388a   0x0000388a   0x0000008c   Code   RO          808    x$fpl$fnaninf       fz_ws.l(fnaninf.o)
    0x00003916   0x00003916   0x0000000a   Code   RO          810    x$fpl$fretinf       fz_ws.l(fretinf.o)
    0x00003920   0x00003920   0x00000060   Code   RO          812    x$fpl$frnd          fz_ws.l(frnd.o)
    0x00003980   0x00003980   0x00000014   Code   RO          751    x$fpl$frsb          fz_ws.l(faddsub_clz.o)
    0x00003994   0x00003994   0x000000ea   Code   RO          752    x$fpl$fsub          fz_ws.l(faddsub_clz.o)
    0x00003a7e   0x00003a7e   0x00000064   Code   RO          934    x$fpl$retnan        fz_ws.l(retnan.o)
    0x00003ae2   0x00003ae2   0x0000004c   Code   RO          860    x$fpl$scalbnf       fz_ws.l(scalbnf.o)
    0x00003b2e   0x00003b2e   0x00000030   Code   RO          955    x$fpl$trapveneer    fz_ws.l(trapv.o)
    0x00003b5e   0x00003b5e   0x00000000   Code   RO          814    x$fpl$usenofp       fz_ws.l(usenofp.o)
    0x00003b5e   0x00003b5e   0x00000028   Data   RO          698    .constdata          c_w.l(_printf_hex_int.o)
    0x00003b86   0x00003b86   0x00000011   Data   RO          733    .constdata          c_w.l(__printf_flags_ss_wp.o)
    0x00003b97   0x00003b97   0x00000001   PAD
    0x00003b98   0x00003b98   0x00000020   Data   RO          832    .constdata          m_ws.l(rredf.o)
    0x00003bb8   0x00003bb8   0x00000038   Data   RO          330    .rodata.LUT_CM      proximetre.o
    0x00003bf0   0x00003bf0   0x00000038   Data   RO          329    .rodata.LUT_V       proximetre.o
    0x00003c28   0x00003c28   0x00000020   Data   RO          320    .rodata.cst32       proximetre.o
    0x00003c48   0x00003c48   0x00000020   Data   RO         1016    Region$$Table       anon$$obj.o


    Execution Region ER_RW (Exec base: 0x10000000, Load base: 0x00003c68, Size: 0x00000044, Max: 0xffffffff, ABSOLUTE)

    Exec Addr    Load Addr    Size         Type   Attr      Idx    E Section Name        Object

    0x10000000   0x00003c68   0x00000004   Data   RW          671    .data.SystemCoreClock  system_lpc17xx.o
    0x10000004   0x00003c6c   0x00000004   Data   RW          582    .data.asserv_K_corr_alpha  asservissement.o
    0x10000008   0x00003c70   0x00000004   Data   RW          581    .data.asserv_K_corr_y  asservissement.o
    0x1000000c   0x00003c74   0x00000004   Data   RW          580    .data.asserv_Kp_alpha  asservissement.o
    0x10000010   0x00003c78   0x00000004   Data   RW          579    .data.asserv_Kp_y   asservissement.o
    0x10000014   0x00003c7c   0x00000004   Data   RW          481    .data.current_pwm_d  robot_state.o
    0x10000018   0x00003c80   0x00000004   Data   RW          480    .data.current_pwm_g  robot_state.o
    0x1000001c   0x00003c84   0x00000001   Data   RW          479    .data.current_status  robot_state.o
    0x1000001d   0x00003c85   0x00000003   PAD
    0x10000020   0x00003c88   0x00000004   Data   RW          482    .data.current_v_moy  robot_state.o
    0x10000024   0x00003c8c   0x00000004   Data   RW          483    .data.current_w_ang  robot_state.o
    0x10000028   0x00003c90   0x00000001   Data   RW          148    .data.dtmf_char     dtmf.o
    0x10000029   0x00003c91   0x00000001   Data   RW           84    .data.ind_hw_mode   capteur_inductif.o
    0x1000002a   0x00003c92   0x00000002   Data   RW           86    .data.last_rest_duration_us  capteur_inductif.o
    0x1000002c   0x00003c94   0x00000004   Data   RW          610    .data.mSec          beepermethods.o
    0x10000030   0x00003c98   0x00000001   Data   RW          266    .data.mot_hw_mode   moteur.o
    0x10000031   0x00003c99   0x00000001   Data   RW          153    .data.process_dtmf_commands.parsed_action  dtmf.o
    0x10000032   0x00003c9a   0x00000001   Data   RW          324    .data.prox_dir      proximetre.o
    0x10000033   0x00003c9b   0x00000001   PAD
    0x10000034   0x00003c9c   0x00000004   Data   RW          317    .data.proximetre_run_balayage.front_dist  proximetre.o
    0x10000038   0x00003ca0   0x00000004   Data   RW          314    .data.proximetre_run_balayage.going_fwd  proximetre.o
    0x1000003c   0x00003ca4   0x00000001   Data   RW          646    .data.res_cote      ultrason_recep.o
    0x1000003d   0x00003ca5   0x00000001   Data   RW          154    .data.robot_status  dtmf.o
    0x1000003e   0x00003ca6   0x00000002   PAD
    0x10000040   0x00003ca8   0x00000004   Data   RW          313    .data.servo_pulse_us  proximetre.o


    Execution Region ER_ZI (Exec base: 0x10000048, Load base: 0x00003cac, Size: 0x00000500, Max: 0xffffffff, ABSOLUTE)

    Exec Addr    Load Addr    Size         Type   Attr      Idx    E Section Name        Object

    0x10000048        -       0x00000060   Zero   RW          863    .bss                c_w.l(libspace.o)
    0x100000a8        -       0x00000001   Zero   RW           26    .bss.adc_state      adc.o
    0x100000a9   0x00003cac   0x00000003   PAD
    0x100000ac        -       0x00000004   Zero   RW          585    .bss.base_pwm       asservissement.o
    0x100000b0        -       0x00000004   Zero   RW          155    .bss.blink_counter  dtmf.o
    0x100000b4        -       0x00000001   Zero   RW          327    .bss.buzz_on        proximetre.o
    0x100000b5   0x00003cac   0x00000003   PAD
    0x100000b8        -       0x00000004   Zero   RW          326    .bss.buzz_period_us  proximetre.o
    0x100000bc        -       0x00000004   Zero   RW          328    .bss.buzz_t0        proximetre.o
    0x100000c0        -       0x00000001   Zero   RW          150    .bss.c              dtmf.o
    0x100000c1   0x00003cac   0x00000001   PAD
    0x100000c2        -       0x00000002   Zero   RW          485    .bss.current_avg_ar  robot_state.o
    0x100000c4        -       0x00000002   Zero   RW          484    .bss.current_avg_av  robot_state.o
    0x100000c6        -       0x00000002   Zero   RW          486    .bss.current_avg_hor  robot_state.o
    0x100000c8        -       0x00000002   Zero   RW          214    .bss.current_led_state  led_register.o
    0x100000ca        -       0x00000002   Zero   RW           88    .bss.current_period_us  capteur_inductif.o
    0x100000cc        -       0x00000001   Zero   RW          473    .bss.current_robot_number  robot_state.o
    0x100000cd   0x00003cac   0x00000003   PAD
    0x100000d0        -       0x00000004   Zero   RW          474    .bss.current_vitesse_centrale  robot_state.o
    0x100000d4        -       0x00000004   Zero   RW          475    .bss.current_vitesse_commande  robot_state.o
    0x100000d8        -       0x00000004   Zero   RW          476    .bss.current_vitesse_reelle  robot_state.o
    0x100000dc        -       0x0000000c   Zero   RW          478    .bss.current_wheel_delta  robot_state.o
    0x100000e8        -       0x00000014   Zero   RW          477    .bss.current_wire_measure  robot_state.o
    0x100000fc        -       0x00000001   Zero   RW          498    .bss.current_wire_trame.0  robot_state.o
    0x100000fd   0x00003cac   0x00000001   PAD
    0x100000fe        -       0x00000001   Zero   RW          499    .bss.current_wire_trame.1  robot_state.o
    0x100000ff   0x00003cac   0x00000001   PAD
    0x10000100        -       0x00000002   Zero   RW          500    .bss.current_wire_trame.2  robot_state.o
    0x10000102   0x00003cac   0x00000002   PAD
    0x10000104        -       0x00000001   Zero   RW          119    .bss.decoder_nord.0  decode_enveloppe.o
    0x10000105   0x00003cac   0x00000003   PAD
    0x10000108        -       0x00000001   Zero   RW          120    .bss.decoder_nord.1  decode_enveloppe.o
    0x10000109   0x00003cac   0x00000003   PAD
    0x1000010c        -       0x00000004   Zero   RW          121    .bss.decoder_nord.2  decode_enveloppe.o
    0x10000110        -       0x00000001   Zero   RW          122    .bss.decoder_sud.0  decode_enveloppe.o
    0x10000111   0x00003cac   0x00000003   PAD
    0x10000114        -       0x00000001   Zero   RW          123    .bss.decoder_sud.1  decode_enveloppe.o
    0x10000115   0x00003cac   0x00000003   PAD
    0x10000118        -       0x00000004   Zero   RW          124    .bss.decoder_sud.2  decode_enveloppe.o
    0x1000011c        -       0x00000001   Zero   RW          147    .bss.dtmf_tone      dtmf.o
    0x1000011d   0x00003cac   0x00000001   PAD
    0x1000011e        -       0x00000080   Zero   RW           91    .bss.env_fifo       capteur_inductif.o
    0x1000019e   0x00003cac   0x00000002   PAD
    0x100001a0        -       0x00000004   Zero   RW          584    .bss.est_alpha      asservissement.o
    0x100001a4        -       0x00000004   Zero   RW          583    .bss.est_y          asservissement.o
    0x100001a8        -       0x00000001   Zero   RW           89    .bss.fifo_head      capteur_inductif.o
    0x100001a9        -       0x00000001   Zero   RW           90    .bss.fifo_tail      capteur_inductif.o
    0x100001aa        -       0x00000001   Zero   RW          493    .bss.flag_50hz      robot_state.o
    0x100001ab        -       0x00000001   Zero   RW           83    .bss.flag_compute_inductif  capteur_inductif.o
    0x100001ac        -       0x00000004   Zero   RW          611    .bss.freqAsChanged  beepermethods.o
    0x100001b0        -       0x00000004   Zero   RW          382    .bss.g_Pd           recep_spi.o
    0x100001b4        -       0x00000004   Zero   RW          381    .bss.g_Pg           recep_spi.o
    0x100001b8        -       0x00000004   Zero   RW          380    .bss.g_Vd           recep_spi.o
    0x100001bc        -       0x00000004   Zero   RW          379    .bss.g_Vg           recep_spi.o
    0x100001c0        -       0x00000001   Zero   RW           92    .bss.ind_wire_mode  capteur_inductif.o
    0x100001c1        -       0x00000001   Zero   RW           93    .bss.ind_wire_pending  capteur_inductif.o
    0x100001c2        -       0x00000001   Zero   RW          497    .bss.ir_frame_counter  robot_state.o
    0x100001c3        -       0x00000001   Zero   RW          495    .bss.ir_seq_index   robot_state.o
    0x100001c4        -       0x00000001   Zero   RW          496    .bss.ir_seq_length  robot_state.o
    0x100001c5        -       0x00000064   Zero   RW          494    .bss.ir_sequence    robot_state.o
    0x10000229   0x00003cac   0x00000003   PAD
    0x1000022c        -       0x00000004   Zero   RW           85    .bss.last_fall_time  capteur_inductif.o
    0x10000230        -       0x00000004   Zero   RW           87    .bss.last_rise_time  capteur_inductif.o
    0x10000234        -       0x00000001   Zero   RW          264    .bss.mot_wire_mode  moteur.o
    0x10000235        -       0x00000001   Zero   RW          265    .bss.mot_wire_pending  moteur.o
    0x10000236   0x00003cac   0x00000002   PAD
    0x10000238        -       0x00000004   Zero   RW          612    .bss.nbFoisGlo      beepermethods.o
    0x1000023c        -       0x00000001   Zero   RW          149    .bss.new_dtmf_flag  dtmf.o
    0x1000023d        -       0x00000001   Zero   RW          488    .bss.new_wire_trame  robot_state.o
    0x1000023e        -       0x00000001   Zero   RW          151    .bss.process_dtmf_commands.current_state  dtmf.o
    0x1000023f        -       0x00000001   Zero   RW          152    .bss.process_dtmf_commands.parsed_robot_id  dtmf.o
    0x10000240        -       0x00000004   Zero   RW           24    .bss.prox_accumulator  adc.o
    0x10000244        -       0x00000064   Zero   RW          322    .bss.prox_buf       proximetre.o
    0x100002a8        -       0x00000004   Zero   RW          323    .bss.prox_count     proximetre.o
    0x100002ac        -       0x00000002   Zero   RW           27    .bss.prox_final_value  adc.o
    0x100002ae   0x00003cac   0x00000002   PAD
    0x100002b0        -       0x00000004   Zero   RW           25    .bss.prox_is_ready  adc.o
    0x100002b4        -       0x00000001   Zero   RW          321    .bss.prox_mode      proximetre.o
    0x100002b5   0x00003cac   0x00000001   PAD
    0x100002b6        -       0x00000002   Zero   RW           22    .bss.prox_samples_remaining  adc.o
    0x100002b8        -       0x00000002   Zero   RW           23    .bss.prox_samples_total  adc.o
    0x100002ba   0x00003cac   0x00000002   PAD
    0x100002bc        -       0x00000064   Zero   RW          487    .bss.proxi_dists    robot_state.o
    0x10000320        -       0x00000004   Zero   RW          316    .bss.proximetre_run_balayage.current_angle  proximetre.o
    0x10000324        -       0x00000001   Zero   RW          319    .bss.proximetre_run_balayage.initialized  proximetre.o
    0x10000325   0x00003cac   0x00000003   PAD
    0x10000328        -       0x00000004   Zero   RW          318    .bss.proximetre_run_balayage.ms_accumulated  proximetre.o
    0x1000032c        -       0x00000004   Zero   RW          315    .bss.proximetre_run_balayage.step_index  proximetre.o
    0x10000330        -       0x00000001   Zero   RW          644    .bss.res_nouveau    ultrason_recep.o
    0x10000331        -       0x00000001   Zero   RW          645    .bss.res_poste      ultrason_recep.o
    0x10000332        -       0x00000001   Zero   RW          640    .bss.st             ultrason_recep.o
    0x10000333   0x00003cac   0x00000001   PAD
    0x10000334        -       0x00000004   Zero   RW          639    .bss.t_last         ultrason_recep.o
    0x10000338        -       0x00000002   Zero   RW           82    .bss.volatile_adc_sample_count  capteur_inductif.o
    0x1000033a   0x00003cac   0x00000002   PAD
    0x1000033c        -       0x00000004   Zero   RW           79    .bss.volatile_adc_sum1  capteur_inductif.o
    0x10000340        -       0x00000004   Zero   RW           80    .bss.volatile_adc_sum2  capteur_inductif.o
    0x10000344        -       0x00000004   Zero   RW           81    .bss.volatile_adc_sum3  capteur_inductif.o
    0x10000348        -       0x00000000   Zero   RW          655    HEAP                startup_lpc17xx.o
    0x10000348        -       0x00000200   Zero   RW          654    STACK               startup_lpc17xx.o


==============================================================================

Image component sizes


      Code (inc. data)   RO Data    RW Data    ZI Data      Debug   Object Name

      1018         52          0          0         15       6958   adc.o
       626          0          0         16         12       2384   asservissement.o
       146          0          0          4          8       4626   beepermethods.o
       134          0          0          0          0       4664   buttons.o
      1514         92          0          3        157       9281   capteur_inductif.o
       598         52          0          0         12       3606   decode_enveloppe.o
       520         16          0          3          9       5705   dtmf.o
       376          0          0          0          0       4330   emission_ir.o
        74          0          0          0          0       1978   interruptions.o
       146          0          0          0          2       2883   led_register.o
       366         24          0          0          0       3693   main.o
       478         64          0          1          2       6721   moteur.o
      1390          8        144         13        127       8903   proximetre.o
       368          0          0          0          0       3717   pwm.o
       406         20          0          0         16       6609   recep_spi.o
       806          0          0         17        260       9835   robot_state.o
        64         26        204          0        512       1020   startup_lpc17xx.o
       158          8          0          0          0       3189   status.o
       204          0          0          4          0       2122   system_lpc17xx.o
       316          0          0          0          0       4846   timers.o
       180          0          0          0          0       3396   uart.o
       234          0          0          1          7       6802   ultrason_recep.o

    ----------------------------------------------------------------------
     10236        362        380         68       1184     107268   Object Totals
         0          0         32          0          0          0   (incl. Generated)
       114          0          0          6         45          0   (incl. Padding)

    ----------------------------------------------------------------------

      Code (inc. data)   RO Data    RW Data    ZI Data      Debug   Library Member Name

        44          6          0          0          0         84   __2sprintf.o
         8          0          0          0          0         68   __main.o
       392          4         17          0          0         92   __printf_flags_ss_wp.o
        14          0          0          0          0         68   __printf_wp.o
         0          0          0          0          0          0   __rtentry.o
        12          0          0          0          0          0   __rtentry2.o
         6          0          0          0          0          0   __rtentry4.o
        52          8          0          0          0          0   __scatter.o
        26          0          0          0          0          0   __scatter_copy.o
        28          0          0          0          0          0   __scatter_zi.o
         6          0          0          0          0          0   _printf_c.o
        44          0          0          0          0        108   _printf_char.o
        48          6          0          0          0         96   _printf_char_common.o
         6          0          0          0          0          0   _printf_d.o
       120         16          0          0          0         92   _printf_dec.o
        88          4         40          0          0         88   _printf_hex_int.o
       178          0          0          0          0         88   _printf_intcommon.o
        78          0          0          0          0        108   _printf_pad.o
         0          0          0          0          0          0   _printf_percent.o
         4          0          0          0          0          0   _printf_percent_end.o
        82          0          0          0          0         80   _printf_str.o
         6          0          0          0          0          0   _printf_u.o
         6          0          0          0          0          0   _printf_x.o
        22          0          0          0          0        100   _rserrno.o
        10          0          0          0          0         68   _sputc.o
        18          0          0          0          0         80   exit.o
         6          0          0          0          0        152   heapauxi.o
         0          0          0          0          0          0   indicate_semi.o
         2          0          0          0          0          0   libinit.o
         2          0          0          0          0          0   libinit2.o
         2          0          0          0          0          0   libshutdown.o
         2          0          0          0          0          0   libshutdown2.o
         8          4          0          0         96         68   libspace.o
         8          4          0          0          0         68   rt_errno_addr_intlibspace.o
       138          0          0          0          0         68   rt_memcpy_v6.o
       100          0          0          0          0         80   rt_memcpy_w.o
         2          0          0          0          0          0   rtexit.o
        10          0          0          0          0          0   rtexit2.o
        62          0          0          0          0         76   strlen.o
        12          4          0          0          0         68   sys_exit.o
        74          0          0          0          0         80   sys_stackheap_outer.o
         2          0          0          0          0         68   use_no_semi.o
       450          8          0          0          0        236   faddsub_clz.o
        12          4          0          0          0         68   fcheck1.o
        84          0          0          0          0        196   fcmp.o
        24          0          0          0          0         68   fcmpi.o
       388         76          0          0          0         96   fdiv.o
       104          4          0          0          0         84   feqf.o
        54          4          0          0          0         84   ffix.o
        62          4          0          0          0         84   ffixu.o
        86          0          0          0          0        136   fflt_clz.o
       104          4          0          0          0         84   fgeqf.o
       104          4          0          0          0         84   fleqf.o
       258          4          0          0          0         84   fmul.o
       140          4          0          0          0         84   fnaninf.o
        10          0          0          0          0         68   fretinf.o
        96          4          0          0          0         76   frnd.o
       100          0          0          0          0         68   retnan.o
        76          0          0          0          0         68   scalbnf.o
        48          0          0          0          0         68   trapv.o
         0          0          0          0          0          0   usenofp.o
        38          0          0          0          0         68   fpclassifyf.o
        24          0          0          0          0        204   funder.o
       360         16         32          0          0         88   rredf.o
       392         54          0          0          0        124   sinf.o

    ----------------------------------------------------------------------
      4758        246         90          0         96       4168   Library Totals
        16          0          1          0          0          0   (incl. Padding)

    ----------------------------------------------------------------------

      Code (inc. data)   RO Data    RW Data    ZI Data      Debug   Library Name

      1728         56         57          0         96       1948   c_w.l
      2200        120          0          0          0       1736   fz_ws.l
       814         70         32          0          0        484   m_ws.l

    ----------------------------------------------------------------------
      4758        246         90          0         96       4168   Library Totals

    ----------------------------------------------------------------------

==============================================================================


      Code (inc. data)   RO Data    RW Data    ZI Data      Debug   

     14994        608        470         68       1280     108772   Grand Totals
     14994        608        470         68       1280     108772   ELF Image Totals
     14994        608        470         68          0          0   ROM Totals

==============================================================================

    Total RO  Size (Code + RO Data)                15464 (  15.10kB)
    Total RW  Size (RW Data + ZI Data)              1348 (   1.32kB)
    Total ROM Size (Code + RO Data + RW Data)      15532 (  15.17kB)

==============================================================================

